================================================================================
COLUMN GENERATION - PRICING SUBPROBLEM LOGS
================================================================================
Instance: ../Facility_Location/instances/cap91.txt
K: 2, S: 25
Pricing Type: 2
Started: 2025-12-03T02:21:58.688
================================================================================

================================================================================
PRICING SUBPROBLEM TYPE 2 - ITERATION 1
================================================================================
Timestamp: 2025-12-03T02:22:00.762
Problem size: 25 scenarios, 25 facilities, 50 customers
================================================================================

Gurobi 12.0.3 (mac64[arm]) logging started Wed Dec  3 02:22:00 2025

Set parameter LogFile to value "/Users/arnav/projects/Candidate-Selection-via-Stochastic-IP/CCG/logs/CG_AF_FL_cap91_K2_S25_pricing_20251203_022158.log"
Set parameter MIPFocus to value 1
Set parameter WorkLimit to value 300

Gurobi 12.0.3 (mac64[arm]) logging started Wed Dec  3 02:22:00 2025

Set parameter LogFile to value "/Users/arnav/projects/Candidate-Selection-via-Stochastic-IP/CCG/logs/CG_AF_FL_cap91_K2_S25_pricing_20251203_022158.log"
Gurobi Optimizer version 12.0.3 build v12.0.3rc0 (mac64[arm] - Darwin 24.6.0 24G84)

CPU model: Apple M4
Thread count: 10 physical cores, 10 logical processors, using up to 10 threads

Non-default parameters:
WorkLimit  300
MIPFocus  1
PoolSearchMode  2

Optimize a model with 3775 rows, 33175 columns and 103096 nonzeros
Model fingerprint: 0x769b0c6b
Variable types: 32500 continuous, 675 integer (675 binary)
Coefficient statistics:
  Matrix range     [3e-01, 2e+05]
  Objective range  [3e-01, 2e+05]
  Bounds range     [0e+00, 0e+00]
  RHS range        [1e+00, 1e+00]
Found heuristic solution: objective -0.0000000
Presolve removed 629 rows and 16354 columns
Presolve time: 0.04s
Presolved: 3146 rows, 16821 columns, 53442 nonzeros
Variable types: 16146 continuous, 675 integer (675 binary)

Root relaxation: objective 4.422958e+05, 3025 iterations, 0.05 seconds (0.14 work units)

    Nodes    |    Current Node    |     Objective Bounds      |     Work
 Expl Unexpl |  Obj  Depth IntInf | Incumbent    BestBd   Gap | It/Node Time

     0     0 442295.804    0  536   -0.00000 442295.804      -     -    0s
H    0     0                    2219.3724378 442295.804      -     -    0s
H    0     0                    2228.7585119 442295.804      -     -    0s
     0     0 301227.641    0  503 2228.75851 301227.641      -     -    0s
H    0     0                    3115.5308409 301227.641  9569%     -    0s
H    0     0                    9536.6072477 301227.641  3059%     -    0s
H    0     0                    15200.864209 301227.641  1882%     -    0s
H    0     0                    17664.705783 301227.641  1605%     -    0s
     0     0 291190.909    0  482 17664.7058 291190.909  1548%     -    0s
     0     0 290373.458    0  483 17664.7058 290373.458  1544%     -    0s
     0     0 290271.474    0  483 17664.7058 290271.474  1543%     -    0s
     0     0 259166.209    0  472 17664.7058 259166.209  1367%     -    0s
H    0     0                    19008.780479 259166.209  1263%     -    0s
H    0     0                    24515.343119 259166.209   957%     -    0s
H    0     0                    25605.146452 259166.209   912%     -    0s
     0     0 248798.551    0  469 25605.1465 248798.551   872%     -    1s
     0     0 246123.688    0  474 25605.1465 246123.688   861%     -    1s
     0     0 245162.816    0  466 25605.1465 245162.816   857%     -    1s
     0     0 245162.816    0  472 25605.1465 245162.816   857%     -    1s
     0     0 245162.816    0  471 25605.1465 245162.816   857%     -    1s
     0     0 228781.339    0  464 25605.1465 228781.339   793%     -    1s
H    0     0                    26582.278361 224500.040   745%     -    1s
     0     0 224500.040    0  452 26582.2784 224500.040   745%     -    1s
     0     0 222801.186    0  451 26582.2784 222801.186   738%     -    1s
     0     0 222343.403    0  452 26582.2784 222343.403   736%     -    1s
     0     0 222168.309    0  456 26582.2784 222168.309   736%     -    1s
     0     0 222136.886    0  459 26582.2784 222136.886   736%     -    1s
     0     0 222130.140    0  457 26582.2784 222130.140   736%     -    1s
H    0     0                    28833.290388 212385.369   637%     -    2s
     0     0 212385.369    0  444 28833.2904 212385.369   637%     -    2s
H    0     0                    33846.226078 212385.369   528%     -    2s
     0     0 210407.735    0  444 33846.2261 210407.735   522%     -    2s
     0     0 209662.164    0  433 33846.2261 209662.164   519%     -    2s
     0     0 209463.056    0  428 33846.2261 209463.056   519%     -    2s
     0     0 209366.531    0  423 33846.2261 209366.531   519%     -    2s
     0     0 209300.954    0  427 33846.2261 209300.954   518%     -    2s
     0     0 209271.144    0  427 33846.2261 209271.144   518%     -    2s
     0     0 209259.422    0  427 33846.2261 209259.422   518%     -    2s
     0     0 205428.549    0  408 33846.2261 205428.549   507%     -    3s
H    0     0                    43169.951077 205428.549   376%     -    5s
H    0     0                    43474.884253 205428.549   373%     -    5s
H    0     0                    44278.853778 205428.549   364%     -    7s
H    0     0                    44874.725852 205428.549   358%     -    9s
H    0     0                    45181.754711 205428.549   355%     -    9s
H    0     0                    51192.146955 205428.549   301%     -   10s
H    0     0                    53226.092720 205428.549   286%     -   10s
H    0     0                    62164.472867 205428.549   230%     -   10s
     0     2 205428.549    0  408 62164.4729 205428.549   230%     -   11s
    83    89 142292.018    8  263 62164.4729 172264.969   177%  1062   15s
   289   277 105183.320   19  160 62164.4729 159997.526   157%   740   20s
H  306   277                    63922.884313 159997.526   150%   718   20s
   625   497     cutoff   11      63922.8843 144762.905   126%   579   25s
   997   594 104391.463    8  283 63922.8843 134788.063   111%   528   30s
  1411   736 56408.2187   12  205 63922.8843 127310.790  99.2%   506   35s
H 1605   801                    66118.417827 126272.394  91.0%   504   38s
  1854   932 71550.7840   20  170 66118.4178 120402.809  82.1%   488   40s
  2231  1056 101285.875   10  213 66118.4178 115973.111  75.4%   476   45s
  2687  1165 79491.4974    7  308 66118.4178 109373.260  65.4%   462   50s
  2787   735 88047.3836   16  408 66118.4178 109373.260  65.4%   462   61s
  2804   746 70163.4288   24  399 66118.4178 109373.260  65.4%   459   65s
  2809   750 66118.4178   22  398 66118.4178 109373.260  65.4%   459   76s
  2858   793 109373.260   21  298 66118.4178 109373.260  65.4%   482   80s
  3012   843 109373.260   28  176 66118.4178 109373.260  65.4%   507   85s
  3330   776     cutoff   24      66118.4178 109373.260  65.4%   511   90s
  3637   791 66970.4161   34  144 66118.4178 109373.260  65.4%   518   95s
  3942   727     cutoff   26      66118.4178 109373.260  65.4%   518  100s
  4213   763 82698.6943   25  249 66118.4178 109373.260  65.4%   526  105s

Cutting planes:
  Implied bound: 1792
  MIR: 190
  Flow cover: 89
  Zero half: 126
  RLT: 1
  Relax-and-lift: 55

Explored 4503 nodes (2372051 simplex iterations) in 108.89 seconds (300.84 work units)
Thread count was 10 (of 10 available processors)

Solution count 10: 66118.4 63922.9 63164.8 ... 56866.9

Work limit reached
Best objective 6.611841782736e+04, best bound 1.093732596599e+05, gap 65.4203%

User-callback calls 37809, time in user-callback 0.02 sec

================================================================================
PRICING SUBPROBLEM TYPE 2 - ITERATION 2
================================================================================
Timestamp: 2025-12-03T02:23:50.642
Problem size: 25 scenarios, 25 facilities, 50 customers
================================================================================

Gurobi 12.0.3 (mac64[arm]) logging started Wed Dec  3 02:23:50 2025

Set parameter LogFile to value "/Users/arnav/projects/Candidate-Selection-via-Stochastic-IP/CCG/logs/CG_AF_FL_cap91_K2_S25_pricing_20251203_022158.log"
Set parameter MIPFocus to value 1
Set parameter WorkLimit to value 300

Gurobi 12.0.3 (mac64[arm]) logging started Wed Dec  3 02:23:50 2025

Set parameter LogFile to value "/Users/arnav/projects/Candidate-Selection-via-Stochastic-IP/CCG/logs/CG_AF_FL_cap91_K2_S25_pricing_20251203_022158.log"
Gurobi Optimizer version 12.0.3 build v12.0.3rc0 (mac64[arm] - Darwin 24.6.0 24G84)

CPU model: Apple M4
Thread count: 10 physical cores, 10 logical processors, using up to 10 threads

Non-default parameters:
WorkLimit  300
MIPFocus  1
PoolSearchMode  2

Optimize a model with 3775 rows, 33175 columns and 103096 nonzeros
Model fingerprint: 0x81cd5d88
Variable types: 32500 continuous, 675 integer (675 binary)
Coefficient statistics:
  Matrix range     [3e-01, 3e+05]
  Objective range  [3e-01, 3e+05]
  Bounds range     [0e+00, 0e+00]
  RHS range        [1e+00, 1e+00]
Found heuristic solution: objective -0.0000000
Presolve removed 629 rows and 16354 columns
Presolve time: 0.04s
Presolved: 3146 rows, 16821 columns, 53442 nonzeros
Variable types: 16146 continuous, 675 integer (675 binary)

Root relaxation: objective 5.240270e+05, 3057 iterations, 0.05 seconds (0.13 work units)

    Nodes    |    Current Node    |     Objective Bounds      |     Work
 Expl Unexpl |  Obj  Depth IntInf | Incumbent    BestBd   Gap | It/Node Time

     0     0 524026.953    0  522   -0.00000 524026.953      -     -    0s
H    0     0                    52606.015088 524026.953   896%     -    0s
H    0     0                    75106.015088 524026.953   598%     -    0s
H    0     0                    88605.126539 524026.953   491%     -    0s
H    0     0                    104111.53826 524026.953   403%     -    0s
H    0     0                    109251.72655 524026.953   380%     -    0s
H    0     0                    109866.31831 524026.953   377%     -    0s
H    0     0                    109957.24137 524026.953   377%     -    0s
H    0     0                    110366.55957 524026.953   375%     -    0s
H    0     0                    110439.77149 524026.953   374%     -    0s
     0     0 383224.163    0  503 110439.771 383224.163   247%     -    0s
     0     0 374612.811    0  501 110439.771 374612.811   239%     -    0s
     0     0 373696.820    0  500 110439.771 373696.820   238%     -    0s
     0     0 373519.357    0  496 110439.771 373519.357   238%     -    0s
     0     0 373498.920    0  502 110439.771 373498.920   238%     -    0s
     0     0 373497.703    0  497 110439.771 373497.703   238%     -    0s
     0     0 334316.418    0  476 110439.771 334316.418   203%     -    1s
H    0     0                    111716.54966 334316.418   199%     -    1s
     0     0 328333.914    0  478 111716.550 328333.914   194%     -    1s
     0     0 325675.301    0  482 111716.550 325675.301   192%     -    1s
     0     0 325136.510    0  478 111716.550 325136.510   191%     -    1s
     0     0 325030.289    0  484 111716.550 325030.289   191%     -    1s
     0     0 325028.214    0  483 111716.550 325028.214   191%     -    1s
     0     0 306614.018    0  484 111716.550 306614.018   174%     -    1s
     0     0 303189.604    0  472 111716.550 303189.604   171%     -    1s
     0     0 301197.072    0  478 111716.550 301197.072   170%     -    2s
     0     0 300641.990    0  471 111716.550 300641.990   169%     -    2s
     0     0 300505.720    0  473 111716.550 300505.720   169%     -    2s
     0     0 300426.359    0  473 111716.550 300426.359   169%     -    2s
     0     0 300403.275    0  477 111716.550 300403.275   169%     -    2s
     0     0 300398.550    0  476 111716.550 300398.550   169%     -    2s
     0     0 292092.830    0  454 111716.550 292092.830   161%     -    2s
     0     0 290111.985    0  445 111716.550 290111.985   160%     -    2s
     0     0 289041.215    0  450 111716.550 289041.215   159%     -    3s
     0     0 288704.690    0  444 111716.550 288704.690   158%     -    3s
     0     0 288528.620    0  447 111716.550 288528.620   158%     -    3s
     0     0 288418.381    0  440 111716.550 288418.381   158%     -    3s
     0     0 288400.843    0  439 111716.550 288400.843   158%     -    3s
H    0     0                    112206.59933 288400.843   157%     -    3s
H    0     0                    117209.89195 288400.843   146%     -    3s
H    0     0                    117427.64967 288400.843   146%     -    3s
     0     0 283604.282    0  436 117427.650 283604.282   142%     -    4s
H    0     0                    118414.50923 283604.282   140%     -    6s
     0     2 283604.282    0  436 118414.509 283604.282   140%     -   14s
     3     8 222181.812    2  389 118414.509 273426.392   131%  2090   15s
H   41    50                    119409.83388 245620.607   106%  1595   17s
H  103   104                    119446.38561 245620.607   106%  1267   19s
   140   129 113099.684   11  229 119446.386 245620.607   106%  1209   20s
   394   313     cutoff   11      119446.386 209397.494  75.3%   798   25s
   754   533 112404.008   15  267 119446.386 196696.185  64.7%   659   30s
  1077   701 169512.017   11  271 119446.386 187345.329  56.8%   601   35s
H 1083   701                    119446.40565 187345.329  56.8%   601   35s
  1465   877 126926.619   16  253 119446.406 182533.965  52.8%   568   41s
  1736  1022 126949.144   12  250 119446.406 176979.923  48.2%   555   45s
  2165  1096 138901.390   13  238 119446.406 173279.544  45.1%   537   50s
  2655  1235 133792.546   13  199 119446.406 166916.754  39.7%   525   56s
  2974  1321 120993.609   17  159 119446.406 165049.068  38.2%   516   61s
  3447   884 119446.406   16  436 119446.406 159880.963  33.9%   506   77s
  3456   890 119446.406   14  450 119446.406 159880.963  33.9%   505   80s
  3470   899 147063.663   12  420 119446.406 159880.963  33.9%   503   94s
  3471   903 159880.963   12  416 119446.406 159880.963  33.9%   512   95s
  3518   940 159880.963   17  331 119446.406 159880.963  33.9%   530  100s
  3690   983 154561.132   24  214 119446.406 159880.963  33.9%   551  105s

Cutting planes:
  Implied bound: 1808
  MIR: 139
  Flow cover: 77
  Zero half: 136
  RLT: 1
  Relax-and-lift: 47

Explored 3814 nodes (2121205 simplex iterations) in 107.08 seconds (300.43 work units)
Thread count was 10 (of 10 available processors)

Solution count 10: 119446 119410 118415 ... 113231

Work limit reached
Best objective 1.194464056512e+05, best bound 1.598809633529e+05, gap 33.8516%

User-callback calls 38922, time in user-callback 0.02 sec

================================================================================
PRICING SUBPROBLEM TYPE 2 - ITERATION 3
================================================================================
Timestamp: 2025-12-03T02:25:38.467
Problem size: 25 scenarios, 25 facilities, 50 customers
================================================================================

Gurobi 12.0.3 (mac64[arm]) logging started Wed Dec  3 02:25:38 2025

Set parameter LogFile to value "/Users/arnav/projects/Candidate-Selection-via-Stochastic-IP/CCG/logs/CG_AF_FL_cap91_K2_S25_pricing_20251203_022158.log"
Set parameter MIPFocus to value 1
Set parameter WorkLimit to value 300

Gurobi 12.0.3 (mac64[arm]) logging started Wed Dec  3 02:25:38 2025

Set parameter LogFile to value "/Users/arnav/projects/Candidate-Selection-via-Stochastic-IP/CCG/logs/CG_AF_FL_cap91_K2_S25_pricing_20251203_022158.log"
Gurobi Optimizer version 12.0.3 build v12.0.3rc0 (mac64[arm] - Darwin 24.6.0 24G84)

CPU model: Apple M4
Thread count: 10 physical cores, 10 logical processors, using up to 10 threads

Non-default parameters:
WorkLimit  300
MIPFocus  1
PoolSearchMode  2

Optimize a model with 3775 rows, 33175 columns and 103096 nonzeros
Model fingerprint: 0x8ae2754e
Variable types: 32500 continuous, 675 integer (675 binary)
Coefficient statistics:
  Matrix range     [3e-01, 2e+05]
  Objective range  [3e-01, 2e+05]
  Bounds range     [0e+00, 0e+00]
  RHS range        [1e+00, 1e+00]
Found heuristic solution: objective -0.0000000
Presolve removed 629 rows and 16354 columns
Presolve time: 0.04s
Presolved: 3146 rows, 16821 columns, 53442 nonzeros
Variable types: 16146 continuous, 675 integer (675 binary)

Root relaxation: objective 5.353267e+05, 3097 iterations, 0.05 seconds (0.15 work units)

    Nodes    |    Current Node    |     Objective Bounds      |     Work
 Expl Unexpl |  Obj  Depth IntInf | Incumbent    BestBd   Gap | It/Node Time

     0     0 535326.737    0  538   -0.00000 535326.737      -     -    0s
H    0     0                     354.3093740 388833.580      -     -    0s
     0     0 388833.580    0  517  354.30937 388833.580      -     -    0s
H    0     0                    4605.3172159 388833.580  8343%     -    0s
H    0     0                    7370.5072483 388833.580  5176%     -    0s
     0     0 379223.270    0  502 7370.50725 379223.270  5045%     -    0s
     0     0 377900.045    0  505 7370.50725 377900.045  5027%     -    0s
     0     0 377458.974    0  506 7370.50725 377458.974  5021%     -    0s
     0     0 377428.862    0  505 7370.50725 377428.862  5021%     -    0s
     0     0 341005.489    0  488 7370.50725 341005.489  4527%     -    0s
H    0     0                    8624.8857409 341005.489  3854%     -    0s
H    0     0                    8728.7735056 341005.489  3807%     -    1s
H    0     0                    15921.605537 341005.489  2042%     -    1s
H    0     0                    16314.867781 341005.489  1990%     -    1s
     0     0 330833.742    0  493 16314.8678 330833.742  1928%     -    1s
     0     0 328753.994    0  499 16314.8678 328753.994  1915%     -    1s
     0     0 328110.557    0  499 16314.8678 328110.557  1911%     -    1s
     0     0 327835.933    0  497 16314.8678 327835.933  1909%     -    1s
     0     0 327783.898    0  490 16314.8678 327783.898  1909%     -    1s
     0     0 327780.307    0  493 16314.8678 327780.307  1909%     -    1s
H    0     0                    22752.549338 309825.239  1262%     -    1s
     0     0 309825.239    0  479 22752.5493 309825.239  1262%     -    1s
     0     0 304399.998    0  472 22752.5493 304399.998  1238%     -    1s
     0     0 302249.579    0  474 22752.5493 302249.579  1228%     -    2s
     0     0 301782.114    0  473 22752.5493 301782.114  1226%     -    2s
     0     0 301438.960    0  470 22752.5493 301438.960  1225%     -    2s
     0     0 301393.107    0  471 22752.5493 301393.107  1225%     -    2s
     0     0 301382.078    0  470 22752.5493 301382.078  1225%     -    2s
H    0     0                    38193.218960 292458.811   666%     -    2s
H    0     0                    40065.412554 292458.811   630%     -    2s
H    0     0                    40419.089054 292458.811   624%     -    2s
H    0     0                    44962.222297 292458.811   550%     -    2s
H    0     0                    49222.445930 292458.811   494%     -    2s
     0     0 292458.811    0  454 49222.4459 292458.811   494%     -    2s
     0     0 290258.872    0  454 49222.4459 290258.872   490%     -    2s
     0     0 289640.161    0  446 49222.4459 289640.161   488%     -    2s
     0     0 289497.275    0  454 49222.4459 289497.275   488%     -    3s
     0     0 289434.660    0  449 49222.4459 289434.660   488%     -    3s
     0     0 289418.129    0  451 49222.4459 289418.129   488%     -    3s
H    0     0                    60904.840333 289418.129   375%     -    3s
H    0     0                    63543.258924 289418.129   355%     -    3s
H    0     0                    63969.016158 289418.129   352%     -    3s
     0     0 285302.065    0  429 63969.0162 285302.065   346%     -    3s
H    0     0                    67579.967704 285302.065   322%     -    6s
H    0     0                    76104.286133 285302.065   275%     -    8s
H    0     0                    81923.330670 285302.065   248%     -    8s
H    0     0                    83178.120861 285302.065   243%     -    9s
H    0     0                    83988.290698 285302.065   240%     -   11s
H    0     0                    89690.363723 285302.065   218%     -   11s
H    0     0                    90138.292608 285302.065   217%     -   11s
H    0     0                    93194.324975 285302.065   206%     -   12s
H    0     2                    93492.569835 285302.065   205%     -   13s
     0     2 285302.065    0  429 93492.5698 285302.065   205%     -   13s
     7    16 241505.315    3  370 93492.5698 250048.623   167%  1870   15s
    97   118 191087.150    9  298 93492.5698 231065.529   147%  1574   20s
   352   325 85586.2349   27   84 93492.5698 224800.510   140%   855   25s
   580   531 94628.7358   16  246 93492.5698 214015.959   129%   753   30s
   756   598     cutoff   18      93492.5698 204252.488   118%   714   35s
  1071   746 114002.997   13  299 93492.5698 200706.665   115%   667   40s
  1334   855 104469.320   14  231 93492.5698 193461.004   107%   658   45s
H 1484   899                    95084.407973 192241.089   102%   656   49s
  1522   973 123119.217   12  286 95084.4080 191025.103   101%   656   50s
  1874  1135     cutoff   16      95084.4080 186188.745  95.8%   644   55s
  2156  1347 127904.356   12  262 95084.4080 181783.101  91.2%   632   60s
  2312   849 95084.4080   22  429 95084.4080 181783.101  91.2%   619   72s
  2319   854 144495.912   10  462 95084.4080 181783.101  91.2%   617   75s
  2336   865 148989.577   12  420 95084.4080 181783.101  91.2%   613   91s
  2361   903 181783.101   16  337 95084.4080 181783.101  91.2%   641   95s
  2449   947 179905.018   21  267 95084.4080 181783.101  91.2%   676  100s

Cutting planes:
  Implied bound: 1793
  MIR: 164
  Flow cover: 96
  Zero half: 134
  RLT: 2
  Relax-and-lift: 52

Explored 2571 nodes (1772285 simplex iterations) in 102.82 seconds (300.32 work units)
Thread count was 10 (of 10 available processors)

Solution count 10: 95084.4 93492.6 93194.3 ... 83178.1

Work limit reached
Best objective 9.508440797290e+04, best bound 1.817831011031e+05, gap 91.1808%

User-callback calls 36210, time in user-callback 0.01 sec

================================================================================
PRICING SUBPROBLEM TYPE 2 - ITERATION 4
================================================================================
Timestamp: 2025-12-03T02:27:22.195
Problem size: 25 scenarios, 25 facilities, 50 customers
================================================================================

Gurobi 12.0.3 (mac64[arm]) logging started Wed Dec  3 02:27:22 2025

Set parameter LogFile to value "/Users/arnav/projects/Candidate-Selection-via-Stochastic-IP/CCG/logs/CG_AF_FL_cap91_K2_S25_pricing_20251203_022158.log"
Set parameter MIPFocus to value 1
Set parameter WorkLimit to value 300

Gurobi 12.0.3 (mac64[arm]) logging started Wed Dec  3 02:27:22 2025

Set parameter LogFile to value "/Users/arnav/projects/Candidate-Selection-via-Stochastic-IP/CCG/logs/CG_AF_FL_cap91_K2_S25_pricing_20251203_022158.log"
Gurobi Optimizer version 12.0.3 build v12.0.3rc0 (mac64[arm] - Darwin 24.6.0 24G84)

CPU model: Apple M4
Thread count: 10 physical cores, 10 logical processors, using up to 10 threads

Non-default parameters:
WorkLimit  300
MIPFocus  1
PoolSearchMode  2

Optimize a model with 3775 rows, 33175 columns and 103096 nonzeros
Model fingerprint: 0x3b7927e4
Variable types: 32500 continuous, 675 integer (675 binary)
Coefficient statistics:
  Matrix range     [3e-01, 2e+05]
  Objective range  [3e-01, 2e+05]
  Bounds range     [0e+00, 0e+00]
  RHS range        [1e+00, 1e+00]
Found heuristic solution: objective -0.0000000
Presolve removed 629 rows and 16354 columns
Presolve time: 0.04s
Presolved: 3146 rows, 16821 columns, 53442 nonzeros
Variable types: 16146 continuous, 675 integer (675 binary)

Root relaxation: objective 5.485640e+05, 3147 iterations, 0.06 seconds (0.16 work units)

    Nodes    |    Current Node    |     Objective Bounds      |     Work
 Expl Unexpl |  Obj  Depth IntInf | Incumbent    BestBd   Gap | It/Node Time

     0     0 548563.984    0  539   -0.00000 548563.984      -     -    0s
     0     0 406552.003    0  520   -0.00000 406552.003      -     -    0s
     0     0 394830.308    0  505   -0.00000 394830.308      -     -    0s
     0     0 393059.616    0  505   -0.00000 393059.616      -     -    0s
     0     0 392848.686    0  504   -0.00000 392848.686      -     -    0s
     0     0 392791.874    0  504   -0.00000 392791.874      -     -    0s
     0     0 392791.873    0  504   -0.00000 392791.873      -     -    0s
     0     0 356566.462    0  493   -0.00000 356566.462      -     -    0s
H    0     0                    6719.2230709 356566.462  5207%     -    1s
H    0     0                    7348.0935696 356566.462  4753%     -    1s
     0     0 346005.465    0  485 7348.09357 346005.465  4609%     -    1s
     0     0 343054.042    0  482 7348.09357 343054.042  4569%     -    1s
     0     0 342167.346    0  479 7348.09357 342167.346  4557%     -    1s
     0     0 341991.176    0  481 7348.09357 341991.176  4554%     -    1s
     0     0 341917.801    0  480 7348.09357 341917.801  4553%     -    1s
     0     0 341868.985    0  482 7348.09357 341868.985  4552%     -    1s
     0     0 341860.918    0  484 7348.09357 341860.918  4552%     -    1s
     0     0 321521.496    0  476 7348.09357 321521.496  4276%     -    1s
H    0     0                    14998.390318 321521.496  2044%     -    1s
H    0     0                    15728.875706 321521.496  1944%     -    1s
H    0     0                    16690.528027 321521.496  1826%     -    1s
     0     0 320339.872    0  477 16690.5280 320339.872  1819%     -    2s
     0     0 320298.547    0  470 16690.5280 320298.547  1819%     -    2s
     0     0 319657.384    0  477 16690.5280 319657.384  1815%     -    2s
     0     0 319578.250    0  474 16690.5280 319578.250  1815%     -    2s
     0     0 319478.831    0  474 16690.5280 319478.831  1814%     -    2s
     0     0 319434.440    0  474 16690.5280 319434.440  1814%     -    2s
     0     0 319434.076    0  475 16690.5280 319434.076  1814%     -    2s
     0     0 309222.945    0  461 16690.5280 309222.945  1753%     -    2s
H    0     0                    36739.939114 309222.945   742%     -    2s
H    0     0                    57290.074664 309222.945   440%     -    2s
H    0     0                    60717.407319 309222.945   409%     -    2s
     0     0 306740.247    0  454 60717.4073 306740.247   405%     -    2s
     0     0 305951.257    0  448 60717.4073 305951.257   404%     -    3s
     0     0 305657.030    0  449 60717.4073 305657.030   403%     -    3s
     0     0 305398.821    0  454 60717.4073 305398.821   403%     -    3s
     0     0 305369.815    0  454 60717.4073 305369.815   403%     -    3s
     0     0 305355.486    0  452 60717.4073 305355.486   403%     -    3s
     0     0 301808.274    0  437 60717.4073 301808.274   397%     -    3s
H    0     0                    69758.652460 301808.274   333%     -    5s
H    0     0                    70642.320364 301808.274   327%     -    5s
H    0     0                    71933.340545 301808.274   320%     -   10s
H    0     0                    74871.175831 301808.274   303%     -   10s
H    0     0                    75890.589260 301808.274   298%     -   11s
H    0     0                    75923.510200 301808.274   298%     -   11s
H    0     0                    77415.032024 301808.274   290%     -   12s
H    0     0                    78753.806086 301808.274   283%     -   12s
H    0     2                    80069.259867 301808.274   277%     -   12s
     0     2 301808.274    0  437 80069.2599 301808.274   277%     -   12s
H    7    16                    80161.073678 274563.333   243%  1970   14s
    25    48 233600.168    5  338 80161.0737 262456.978   227%  1980   16s
H   69    78                    85504.167244 262456.978   207%  1396   17s
H   78    78                    90625.364918 262456.978   190%  1342   17s
H   80    78                    92263.368985 262456.978   184%  1325   17s
H  126   145                    95678.286727 262456.978   174%  1142   18s
H  128   145                    95687.069080 262456.978   174%  1134   18s
H  142   145                    98045.645604 262456.978   168%  1109   18s
H  200   193                    99101.986822 262456.978   165%   950   19s
   215   204     cutoff   20      99101.9868 262456.978   165%   922   20s
   388   325 124694.974   13  268 99101.9868 248500.831   151%   921   25s
   602   488 131033.844   14  310 99101.9868 248437.130   151%   887   30s
   837   593 153469.548   11  360 99101.9868 227816.197   130%   837   35s
  1070   775     cutoff   16      99101.9868 216971.061   119%   823   40s
  1292   901 167055.011    9  319 99101.9868 216758.728   119%   814   45s
  1628  1065 185274.796    9  354 99101.9868 206321.160   108%   806   51s
  1848  1217 154893.700   12  246 99101.9868 206321.160   108%   778   55s
  2077   827 99101.9868   21  437 99101.9868 206321.160   108%   761   68s
  2084   832 149640.781   13  467 99101.9868 206321.160   108%   759   70s
H 2100   799                    103554.56215 206321.160  99.2%   753   83s
  2104   807 206321.160   13  398 103554.562 206321.160  99.2%   767   85s
  2181   863 206321.160   19  305 103554.562 206321.160  99.2%   795   90s
  2367   927 101760.306   28  146 103554.562 206321.160  99.2%   795   95s
  2534  1000 123411.716   23  315 103554.562 206321.160  99.2%   805  100s
  2840  1055 131577.410   22  310 103554.562 206321.160  99.2%   784  105s

Cutting planes:
  Implied bound: 1908
  MIR: 238
  Flow cover: 118
  Zero half: 126
  RLT: 2
  Relax-and-lift: 50

Explored 2850 nodes (2253983 simplex iterations) in 105.84 seconds (300.48 work units)
Thread count was 10 (of 10 available processors)

Solution count 10: 103555 99102 98045.6 ... 91630.4

Work limit reached
Best objective 1.035545621483e+05, best bound 2.063211595493e+05, gap 99.2391%

User-callback calls 35462, time in user-callback 0.01 sec

================================================================================
PRICING SUBPROBLEM TYPE 2 - ITERATION 5
================================================================================
Timestamp: 2025-12-03T02:29:08.880
Problem size: 25 scenarios, 25 facilities, 50 customers
================================================================================

Gurobi 12.0.3 (mac64[arm]) logging started Wed Dec  3 02:29:08 2025

Set parameter LogFile to value "/Users/arnav/projects/Candidate-Selection-via-Stochastic-IP/CCG/logs/CG_AF_FL_cap91_K2_S25_pricing_20251203_022158.log"
Set parameter MIPFocus to value 1
Set parameter WorkLimit to value 300

Gurobi 12.0.3 (mac64[arm]) logging started Wed Dec  3 02:29:08 2025

Set parameter LogFile to value "/Users/arnav/projects/Candidate-Selection-via-Stochastic-IP/CCG/logs/CG_AF_FL_cap91_K2_S25_pricing_20251203_022158.log"
Gurobi Optimizer version 12.0.3 build v12.0.3rc0 (mac64[arm] - Darwin 24.6.0 24G84)

CPU model: Apple M4
Thread count: 10 physical cores, 10 logical processors, using up to 10 threads

Non-default parameters:
WorkLimit  300
MIPFocus  1
PoolSearchMode  2

Optimize a model with 3775 rows, 33175 columns and 103096 nonzeros
Model fingerprint: 0x3b43140f
Variable types: 32500 continuous, 675 integer (675 binary)
Coefficient statistics:
  Matrix range     [3e-01, 2e+05]
  Objective range  [3e-01, 2e+05]
  Bounds range     [0e+00, 0e+00]
  RHS range        [1e+00, 1e+00]
Found heuristic solution: objective -0.0000000
Presolve removed 629 rows and 16354 columns
Presolve time: 0.04s
Presolved: 3146 rows, 16821 columns, 53442 nonzeros
Variable types: 16146 continuous, 675 integer (675 binary)

Root relaxation: objective 5.512545e+05, 3174 iterations, 0.06 seconds (0.16 work units)

    Nodes    |    Current Node    |     Objective Bounds      |     Work
 Expl Unexpl |  Obj  Depth IntInf | Incumbent    BestBd   Gap | It/Node Time

     0     0 551254.540    0  562   -0.00000 551254.540      -     -    0s
     0     0 405169.696    0  506   -0.00000 405169.696      -     -    0s
H    0     0                    19495.887247 405169.696  1978%     -    0s
H    0     0                    26995.887247 405169.696  1401%     -    0s
H    0     0                    32904.148005 405169.696  1131%     -    0s
H    0     0                    33164.155901 405169.696  1122%     -    0s
H    0     0                    84061.321128 395291.232   370%     -    0s
     0     0 395291.232    0  490 84061.3211 395291.232   370%     -    0s
     0     0 394181.800    0  490 84061.3211 394181.800   369%     -    0s
     0     0 394050.666    0  495 84061.3211 394050.666   369%     -    0s
     0     0 394046.435    0  494 84061.3211 394046.435   369%     -    0s
     0     0 357881.705    0  508 84061.3211 357881.705   326%     -    1s
     0     0 348320.231    0  486 84061.3211 348320.231   314%     -    1s
H    0     0                    85114.912755 346089.894   307%     -    1s
H    0     0                    86053.343315 346089.894   302%     -    1s
H    0     0                    86149.102728 346089.894   302%     -    1s
     0     0 346089.894    0  491 86149.1027 346089.894   302%     -    1s
     0     0 345394.613    0  489 86149.1027 345394.613   301%     -    1s
     0     0 344957.215    0  493 86149.1027 344957.215   300%     -    1s
     0     0 344939.523    0  493 86149.1027 344939.523   300%     -    1s
     0     0 330056.642    0  478 86149.1027 330056.642   283%     -    1s
     0     0 327863.389    0  468 86149.1027 327863.389   281%     -    1s
     0     0 326470.551    0  468 86149.1027 326470.551   279%     -    1s
     0     0 326181.575    0  467 86149.1027 326181.575   279%     -    2s
     0     0 326011.479    0  466 86149.1027 326011.479   278%     -    2s
     0     0 325986.342    0  464 86149.1027 325986.342   278%     -    2s
     0     0 325985.774    0  465 86149.1027 325985.774   278%     -    2s
     0     0 315661.486    0  468 86149.1027 315661.486   266%     -    2s
H    0     0                    93001.970030 315661.486   239%     -    2s
     0     0 313163.254    0  465 93001.9700 313163.254   237%     -    2s
     0     0 312217.864    0  462 93001.9700 312217.864   236%     -    2s
     0     0 311984.143    0  467 93001.9700 311984.143   235%     -    2s
     0     0 311832.052    0  469 93001.9700 311832.052   235%     -    2s
     0     0 311798.102    0  468 93001.9700 311798.102   235%     -    2s
     0     0 311783.474    0  471 93001.9700 311783.474   235%     -    2s
     0     0 307863.910    0  437 93001.9700 307863.910   231%     -    3s
H    0     0                    93146.081265 307863.910   231%     -   12s
     0     2 307863.910    0  437 93146.0813 307863.910   231%     -   12s
H    8    16                    93388.642372 279009.171   199%  1699   14s
H    9    16                    93514.982269 279009.171   198%  1645   14s
    25    44 238870.231    5  345 93514.9823 260621.258   179%  1631   15s
H   41    44                    94510.306926 260584.730   176%  1578   15s
H   85    93                    94546.858650 260584.730   176%  1299   17s
H  189   180                    94546.862924 260584.730   176%   963   19s
   196   206     cutoff   21      94546.8629 260584.730   176%   962   20s
H  323   298                    95285.226755 260584.730   173%   756   22s
   483   373 134987.780   10  304 95285.2268 248470.473   161%   695   25s
H  525   406                    97713.334863 248470.473   154%   679   26s
   641   487 157467.360    9  281 97713.3349 237148.709   143%   675   30s
  1002   629 147908.646   12  234 97713.3349 227074.862   132%   601   35s
  1277   820 174172.782   11  297 97713.3349 219721.230   125%   582   40s
  1602  1015 121519.634   14  281 97713.3349 212688.746   118%   571   45s
  1882  1163 116832.188   14  254 97713.3349 207744.751   113%   567   50s
  2181  1325 146304.269   13  238 97713.3349 204338.748   109%   557   55s
  2305   836 190386.796    8  437 97713.3349 204338.748   109%   552   66s
  2325   849 136957.082   15  426 97713.3349 204338.748   109%   548   70s
  2329   852 133685.841   14  428 97713.3349 204338.748   109%   547   81s
  2344   873 204338.748   15  365 97713.3349 204338.748   109%   566   85s
  2464   940 185561.750   22  255 97713.3349 204338.748   109%   608   90s
  2613   986 204338.748   16  363 97713.3349 204338.748   109%   626   95s
  2818  1066 95320.3562   32  223 97713.3349 204338.748   109%   633  100s
  3092  1056 106777.085   28  263 97713.3349 204338.748   109%   629  105s

Cutting planes:
  Implied bound: 1895
  MIR: 233
  Flow cover: 131
  Zero half: 110
  RLT: 3
  Relax-and-lift: 66

Explored 3291 nodes (2068323 simplex iterations) in 108.41 seconds (300.46 work units)
Thread count was 10 (of 10 available processors)

Solution count 10: 97713.3 95285.2 94546.9 ... 93146.1

Work limit reached
Best objective 9.771333486280e+04, best bound 2.043387482264e+05, gap 109.1206%

User-callback calls 40767, time in user-callback 0.02 sec

================================================================================
PRICING SUBPROBLEM TYPE 2 - ITERATION 6
================================================================================
Timestamp: 2025-12-03T02:30:57.506
Problem size: 25 scenarios, 25 facilities, 50 customers
================================================================================

Gurobi 12.0.3 (mac64[arm]) logging started Wed Dec  3 02:30:57 2025

Set parameter LogFile to value "/Users/arnav/projects/Candidate-Selection-via-Stochastic-IP/CCG/logs/CG_AF_FL_cap91_K2_S25_pricing_20251203_022158.log"
Set parameter MIPFocus to value 1
Set parameter WorkLimit to value 300

Gurobi 12.0.3 (mac64[arm]) logging started Wed Dec  3 02:30:57 2025

Set parameter LogFile to value "/Users/arnav/projects/Candidate-Selection-via-Stochastic-IP/CCG/logs/CG_AF_FL_cap91_K2_S25_pricing_20251203_022158.log"
Gurobi Optimizer version 12.0.3 build v12.0.3rc0 (mac64[arm] - Darwin 24.6.0 24G84)

CPU model: Apple M4
Thread count: 10 physical cores, 10 logical processors, using up to 10 threads

Non-default parameters:
WorkLimit  300
MIPFocus  1
PoolSearchMode  2

Optimize a model with 3775 rows, 33175 columns and 103096 nonzeros
Model fingerprint: 0x1e62ffec
Variable types: 32500 continuous, 675 integer (675 binary)
Coefficient statistics:
  Matrix range     [3e-01, 2e+05]
  Objective range  [3e-01, 2e+05]
  Bounds range     [0e+00, 0e+00]
  RHS range        [1e+00, 1e+00]
Found heuristic solution: objective -0.0000000
Presolve removed 629 rows and 16354 columns
Presolve time: 0.04s
Presolved: 3146 rows, 16821 columns, 53442 nonzeros
Variable types: 16146 continuous, 675 integer (675 binary)

Root relaxation: objective 5.516027e+05, 3040 iterations, 0.05 seconds (0.13 work units)

    Nodes    |    Current Node    |     Objective Bounds      |     Work
 Expl Unexpl |  Obj  Depth IntInf | Incumbent    BestBd   Gap | It/Node Time

     0     0 551602.727    0  557   -0.00000 551602.727      -     -    0s
     0     0 406077.884    0  512   -0.00000 406077.884      -     -    0s
     0     0 394722.072    0  499   -0.00000 394722.072      -     -    0s
     0     0 393167.526    0  502   -0.00000 393167.526      -     -    0s
     0     0 393008.725    0  499   -0.00000 393008.725      -     -    0s
     0     0 393007.615    0  500   -0.00000 393007.615      -     -    0s
     0     0 357684.904    0  486   -0.00000 357684.904      -     -    0s
H    0     0                    8400.3074549 357684.904  4158%     -    1s
H    0     0                    21841.645046 357684.904  1538%     -    1s
H    0     0                    23685.408886 357684.904  1410%     -    1s
H    0     0                    27451.780142 357684.904  1203%     -    1s
H    0     0                    27716.341171 357684.904  1191%     -    1s
H    0     0                    35940.630542 357684.904   895%     -    1s
H    0     0                    37318.704301 357684.904   858%     -    1s
H    0     0                    40035.946496 357684.904   793%     -    1s
     0     0 347388.264    0  492 40035.9465 347388.264   768%     -    1s
     0     0 344664.164    0  492 40035.9465 344664.164   761%     -    1s
     0     0 343533.867    0  495 40035.9465 343533.867   758%     -    1s
     0     0 343246.070    0  497 40035.9465 343246.070   757%     -    1s
     0     0 343215.295    0  498 40035.9465 343215.295   757%     -    1s
     0     0 343202.215    0  497 40035.9465 343202.215   757%     -    1s
     0     0 322298.693    0  488 40035.9465 322298.693   705%     -    2s
     0     0 322298.693    0  479 40035.9465 322298.693   705%     -    2s
     0     0 320663.831    0  469 40035.9465 320663.831   701%     -    2s
     0     0 320143.640    0  470 40035.9465 320143.640   700%     -    2s
     0     0 320105.215    0  469 40035.9465 320105.215   700%     -    2s
     0     0 320091.772    0  470 40035.9465 320091.772   700%     -    2s
     0     0 309977.865    0  460 40035.9465 309977.865   674%     -    2s
     0     0 307741.065    0  467 40035.9465 307741.065   669%     -    2s
     0     0 307205.362    0  455 40035.9465 307205.362   667%     -    3s
     0     0 306988.429    0  452 40035.9465 306988.429   667%     -    3s
     0     0 306908.327    0  453 40035.9465 306908.327   667%     -    3s
     0     0 306886.398    0  457 40035.9465 306886.398   667%     -    3s
     0     0 302503.829    0  442 40035.9465 302503.829   656%     -    4s
H    0     0                    82697.989617 302503.829   266%     -    6s
H    0     0                    84781.661532 302503.829   257%     -    7s
H    0     0                    87284.646753 302503.829   247%     -   13s
H    0     0                    90106.477858 302503.829   236%     -   13s
H    0     0                    96122.948774 302503.829   215%     -   13s
     0     2 302503.829    0  442 96122.9488 302503.829   215%     -   13s
     3     8 256311.735    2  410 96122.9488 285255.901   197%  2364   15s
H   15    24                    99474.509636 249429.059   151%  2220   16s
H   26    43                    102830.86625 246808.241   140%  2038   17s
    76    95 194646.886   10  271 102830.866 246808.241   140%  1843   20s
   342   318 90518.0190   37   33 102830.866 241611.700   135%   834   25s
   625   542 207703.790    7  357 102830.866 224130.336   118%   690   30s
   807   598 153762.088   14  296 102830.866 218385.321   112%   689   35s
H  939   653                    104746.84843 214641.891   105%   681   38s
H  987   672                    105042.26102 214641.891   104%   682   39s
   998   690 140566.984   10  305 105042.261 214641.891   104%   679   40s
H 1100   728                    110811.94443 214641.891  93.7%   675   43s
  1166   819 137305.775   11  272 110811.944 207435.903  87.2%   682   45s
  1468   963 152060.538    9  306 110811.944 204785.491  84.8%   654   50s
  1745  1123     cutoff   13      110811.944 197934.578  78.6%   640   56s
  1956  1299 117190.798   17  251 110811.944 196593.185  77.4%   633   61s
  2195   855 152111.846   14  442 110811.944 192040.196  73.3%   619   74s
  2197   856 112894.778   12  557 110811.944 192040.196  73.3%   619   75s
  2219   871 185444.289    7  428 110811.944 192040.196  73.3%   613   89s
  2220   875 192040.196   12  417 110811.944 192040.196  73.3%   624   90s
  2287   938 192040.196   18  326 110811.944 192040.196  73.3%   659   95s
  2435   998 177521.072   24  240 110811.944 192040.196  73.3%   677  100s
  2623  1072 191813.919   20  350 110811.944 192040.196  73.3%   688  105s

Cutting planes:
  Implied bound: 1883
  MIR: 215
  Flow cover: 106
  Inf proof: 2
  Zero half: 135
  RLT: 3
  Relax-and-lift: 47

Explored 2770 nodes (1935624 simplex iterations) in 108.32 seconds (300.70 work units)
Thread count was 10 (of 10 available processors)

Solution count 10: 110812 105042 104747 ... 91005

Work limit reached
Best objective 1.108119444333e+05, best bound 1.920401964468e+05, gap 73.3028%

User-callback calls 38664, time in user-callback 0.02 sec

================================================================================
PRICING SUBPROBLEM TYPE 2 - ITERATION 7
================================================================================
Timestamp: 2025-12-03T02:32:46.322
Problem size: 25 scenarios, 25 facilities, 50 customers
================================================================================

Gurobi 12.0.3 (mac64[arm]) logging started Wed Dec  3 02:32:46 2025

Set parameter LogFile to value "/Users/arnav/projects/Candidate-Selection-via-Stochastic-IP/CCG/logs/CG_AF_FL_cap91_K2_S25_pricing_20251203_022158.log"
Set parameter MIPFocus to value 1
Set parameter WorkLimit to value 300

Gurobi 12.0.3 (mac64[arm]) logging started Wed Dec  3 02:32:46 2025

Set parameter LogFile to value "/Users/arnav/projects/Candidate-Selection-via-Stochastic-IP/CCG/logs/CG_AF_FL_cap91_K2_S25_pricing_20251203_022158.log"
Gurobi Optimizer version 12.0.3 build v12.0.3rc0 (mac64[arm] - Darwin 24.6.0 24G84)

CPU model: Apple M4
Thread count: 10 physical cores, 10 logical processors, using up to 10 threads

Non-default parameters:
WorkLimit  300
MIPFocus  1
PoolSearchMode  2

Optimize a model with 3775 rows, 33175 columns and 103096 nonzeros
Model fingerprint: 0x8b0b75fa
Variable types: 32500 continuous, 675 integer (675 binary)
Coefficient statistics:
  Matrix range     [3e-01, 2e+05]
  Objective range  [3e-01, 2e+05]
  Bounds range     [0e+00, 0e+00]
  RHS range        [1e+00, 1e+00]
Found heuristic solution: objective -0.0000000
Presolve removed 629 rows and 16354 columns
Presolve time: 0.04s
Presolved: 3146 rows, 16821 columns, 53442 nonzeros
Variable types: 16146 continuous, 675 integer (675 binary)

Root relaxation: objective 5.216159e+05, 3159 iterations, 0.06 seconds (0.15 work units)

    Nodes    |    Current Node    |     Objective Bounds      |     Work
 Expl Unexpl |  Obj  Depth IntInf | Incumbent    BestBd   Gap | It/Node Time

     0     0 521615.931    0  544   -0.00000 521615.931      -     -    0s
H    0     0                     737.5333849 379574.882      -     -    0s
H    0     0                     785.9826236 379574.882      -     -    0s
     0     0 379574.882    0  519  785.98262 379574.882      -     -    0s
     0     0 368034.071    0  498  785.98262 368034.071      -     -    0s
     0     0 366234.212    0  496  785.98262 366234.212      -     -    0s
     0     0 366070.587    0  496  785.98262 366070.587      -     -    0s
     0     0 366064.286    0  496  785.98262 366064.286      -     -    0s
     0     0 331178.179    0  489  785.98262 331178.179      -     -    0s
H    0     0                    19033.706196 331178.179  1640%     -    0s
H    0     0                    27713.354288 319942.419  1054%     -    1s
H    0     0                    27725.527112 319942.419  1054%     -    1s
     0     0 319942.419    0  482 27725.5271 319942.419  1054%     -    1s
     0     0 317653.143    0  485 27725.5271 317653.143  1046%     -    1s
     0     0 317130.825    0  488 27725.5271 317130.825  1044%     -    1s
     0     0 316813.049    0  485 27725.5271 316813.049  1043%     -    1s
H    0     0                    31620.586498 316800.392   902%     -    1s
H    0     0                    42199.321390 316800.392   651%     -    1s
     0     0 316800.392    0  486 42199.3214 316800.392   651%     -    1s
     0     0 298520.224    0  472 42199.3214 298520.224   607%     -    1s
H    0     0                    43601.950267 298520.224   585%     -    1s
H    0     0                    50820.966637 298520.224   487%     -    1s
H    0     0                    51022.815758 298520.224   485%     -    1s
H    0     0                    52659.877380 295517.487   461%     -    1s
     0     0 295517.487    0  470 52659.8774 295517.487   461%     -    1s
     0     0 291814.538    0  462 52659.8774 291814.538   454%     -    1s
     0     0 291814.538    0  467 52659.8774 291814.538   454%     -    1s
     0     0 291814.538    0  466 52659.8774 291814.538   454%     -    1s
     0     0 291814.538    0  462 52659.8774 291814.538   454%     -    1s
     0     0 291814.538    0  462 52659.8774 291814.538   454%     -    1s
     0     0 291814.538    0  467 52659.8774 291814.538   454%     -    1s
     0     0 281606.087    0  457 52659.8774 281606.087   435%     -    2s
H    0     0                    58309.736397 281606.087   383%     -    2s
     0     0 278140.645    0  455 58309.7364 278140.645   377%     -    2s
     0     0 277330.801    0  456 58309.7364 277330.801   376%     -    2s
     0     0 277080.970    0  459 58309.7364 277080.970   375%     -    3s
     0     0 276940.656    0  460 58309.7364 276940.656   375%     -    3s
     0     0 276883.713    0  463 58309.7364 276883.713   375%     -    3s
     0     0 276869.772    0  460 58309.7364 276869.772   375%     -    3s
H    0     0                    76317.709093 276869.772   263%     -    3s
H    0     0                    76408.051748 276869.772   262%     -    3s
     0     0 272357.098    0  440 76408.0517 272357.098   256%     -    4s
     0     2 272357.098    0  440 76408.0517 272357.098   256%     -   13s
     7    16 224517.794    3  366 76408.0517 249355.895   226%  2068   15s
H   17    26                    77969.523771 229285.762   194%  1945   15s
   103   117 166492.289   12  286 77969.5238 220418.555   183%  1500   20s
   410   381 72314.6577   39   11 77969.5238 218701.024   180%   705   25s
   653   574 195742.413    7  335 77969.5238 211326.687   171%   661   30s
   920   760 105473.578    7  251 77969.5238 202473.965   160%   634   36s
  1141   880 105056.256   15  186 77969.5238 202473.965   160%   616   41s
  1390   914 152070.251    8  300 77969.5238 192368.584   147%   601   46s
  1706  1086 113873.960   12  254 77969.5238 187402.316   140%   578   51s
  1948  1196 101851.138   20  209 77969.5238 180400.736   131%   580   55s
  2189  1356     cutoff   16      77969.5238 179002.117   130%   569   60s
  2304   855 150839.349   13  440 77969.5238 178892.069   129%   562   71s
  2319   865 77969.5238   23  418 77969.5238 178892.069   129%   558   75s
  2327   870 103544.517   14  421 77969.5238 178892.069   129%   556   88s
  2330   877 178892.069   13  397 77969.5238 178892.069   129%   569   90s
  2398   932 178892.069   19  300 77969.5238 178892.069   129%   602   95s
  2517   989 142116.520   24  208 77969.5238 178892.069   129%   626  100s
  2729   940 178892.069   16  355 77969.5238 178892.069   129%   627  105s
  2911  1015 77140.3422   27  243 77969.5238 178892.069   129%   628  110s

Cutting planes:
  Implied bound: 1864
  MIR: 204
  Flow cover: 115
  Zero half: 135
  Relax-and-lift: 48

Explored 3003 nodes (1881338 simplex iterations) in 111.38 seconds (301.24 work units)
Thread count was 10 (of 10 available processors)

Solution count 10: 77969.5 77969.5 77824.4 ... 72299.6

Work limit reached
Best objective 7.796952377137e+04, best bound 1.788920688697e+05, gap 129.4385%

User-callback calls 40970, time in user-callback 0.02 sec
Set parameter MIPFocus to value 0
Set parameter WorkLimit to value 2.7895397520589475e+04
Gurobi Optimizer version 12.0.3 build v12.0.3rc0 (mac64[arm] - Darwin 24.6.0 24G84)

CPU model: Apple M4
Thread count: 10 physical cores, 10 logical processors, using up to 10 threads

Non-default parameters:
WorkLimit  2.7895397520589475e+04
PoolSearchMode  2

Optimize a model with 3775 rows, 33175 columns and 103096 nonzeros
Model fingerprint: 0x8b0b75fa
Variable types: 32500 continuous, 675 integer (675 binary)
Coefficient statistics:
  Matrix range     [3e-01, 2e+05]
  Objective range  [3e-01, 2e+05]
  Bounds range     [0e+00, 0e+00]
  RHS range        [1e+00, 1e+00]
Presolved: 3146 rows, 16821 columns, 53442 nonzeros

Continuing optimization...

  3003   976 113421.758   17  266 77969.5238 178892.069   129%   622  112s
  3118  1028 151239.535   21  294 77969.5238 178892.069   129%   630  115s
  3482   971 84180.4479   34  148 77969.5238 178892.069   129%   617  121s
  3693   952 145852.536   19  321 77969.5238 178892.069   129%   620  125s
  3941   962 90902.2961   19  254 77969.5238 178892.069   129%   624  130s
* 4100   927              40    77969.523771 178005.271   128%   621  133s
  4135   942 90100.0013   26  270 77969.5238 178005.271   128%   622  135s
  4435   991 146934.835   20  311 77969.5238 178005.271   128%   618  140s
  4698  1113 139820.462   22  290 77969.5238 171888.509   120%   620  145s
  5086  1222 149268.647   20  331 77969.5238 167692.933   115%   618  151s
* 5105  1213              39    77969.523771 167692.933   115%   617  151s
  5382  1310     cutoff   28      77969.5238 165899.471   113%   614  156s
  5582  1417 103288.274   30  162 77969.5238 163894.595   110%   610  161s
  5938  1494 112770.114   24  277 77969.5238 162809.625   109%   602  166s
  6260  1580     cutoff   28      77969.5238 160213.687   105%   600  171s
  6641  1691 85764.2990   26  246 77969.5238 159316.904   104%   595  176s
  7061  1836 137827.342   22  311 77969.5238 156333.055   101%   590  182s
  7295  1888     cutoff   32      77969.5238 155681.579   100%   588  185s
  7802  2027 120202.986   24  248 77969.5238 153648.243  97.1%   583  192s
  8030  2109 85565.1144   25  254 77969.5238 153130.601  96.4%   581  195s
  8650  2279 122027.691   26  180 77969.5238 151027.258  93.7%   575  202s
* 8893  2253              40    77969.523771 150735.598  93.3%   572  202s
  8963  2351     cutoff   28      77969.5238 150482.997  93.0%   570  206s
  9310  2299     cutoff   34      77969.5238 149777.241  92.1%   566  210s
  9550  2364 101401.683   32  176 77969.5238 148881.688  90.9%   565  215s
 10328  2528     cutoff   26      77969.5238 146340.846  87.7%   558  224s
 10760  2611 122507.571   21  255 77969.5238 145323.720  86.4%   554  228s
 11221  2700     cutoff   27      77969.5238 144715.519  85.6%   550  233s
 11692  2814     cutoff   35      77969.5238 143835.023  84.5%   544  239s
 12208  2907     cutoff   27      77969.5238 142615.289  82.9%   539  245s
 12761  2950 108211.924   24  279 77969.5238 141744.456  81.8%   533  251s
 13197  3043 95873.8675   27  265 77969.5238 141687.062  81.7%   530  257s
 13707  3043 120568.461   22  297 77969.5238 140105.632  79.7%   527  263s
 14301  3104 122693.017   25  232 77969.5238 139267.348  78.6%   523  270s
 14708  3232 93594.1943   29  187 77969.5238 138867.873  78.1%   520  276s
 15406  3306 84350.0062   33  141 77969.5238 137582.523  76.5%   515  283s
 16093  3379 110724.588   27  187 77969.5238 135994.145  74.4%   511  290s
 16816  3558 116366.956   24  200 77969.5238 134766.031  72.8%   507  299s
 17724  3646     cutoff   24      77969.5238 133462.586  71.2%   501  305s
 18292  3689 103250.032   27  249 77969.5238 132708.606  70.2%   498  312s
 18931  3741 113350.265   22  309 77969.5238 131541.263  68.7%   495  319s
 19544  3704 104465.507   25  261 77969.5238 130800.663  67.8%   493  326s
 20235  3741 99317.0374   28  147 77969.5238 129408.776  66.0%   491  334s
 21026  3791 109861.783   30  184 77969.5238 128454.119  64.7%   487  342s
 21822  3855     cutoff   28      77969.5238 127365.275  63.4%   484  350s
 22643  3881     cutoff   31      77969.5238 126332.847  62.0%   480  360s
 23009  3870 97696.9645   25  257 77969.5238 125910.183  61.5%   480  368s
 23907  3904     cutoff   24      77969.5238 124779.300  60.0%   476  376s
 24850  3962 102977.757   28  228 77969.5238 123932.884  59.0%   473  384s
 25858  4057     cutoff   27      77969.5238 122899.162  57.6%   469  394s
 26981  4043 87473.7165   26  211 77969.5238 121840.385  56.3%   465  404s
 27969  4057 84594.5187   27  201 77969.5238 120366.561  54.4%   463  413s
 29054  4033 105836.105   25  227 77969.5238 119499.161  53.3%   460  422s
 30124  3965 93269.6291   28  234 77969.5238 118174.375  51.6%   457  432s
 31188  3899 95736.5623   24  297 77969.5238 116774.602  49.8%   455  442s
 32135  3823     cutoff   25      77969.5238 115475.334  48.1%   454  451s
 33196  3761     cutoff   24      77969.5238 114218.530  46.5%   452  461s
 34303  3660 95291.8555   24  269 77969.5238 113174.393  45.2%   449  471s
 35387  3602 96753.6114   29  241 77969.5238 112094.670  43.8%   447  480s
 36473  3513 93787.1504   25  243 77969.5238 111891.257  43.5%   444  490s
 37487  3375     cutoff   28      77969.5238 110890.332  42.2%   442  498s
 38611  3244 88944.7861   25  258 77969.5238 108896.204  39.7%   440  508s
*39606  3244              39    79059.765627 108771.271  37.6%   437  508s
 39812  3242     cutoff   30      79059.7656 107476.477  35.9%   437  520s
 39874  3225     cutoff   31      79059.7656 107467.544  35.9%   437  531s
 40011  3055 91321.1146   28  149 79059.7656 107375.251  35.8%   436  540s
 41208  2905 89584.2393   29  146 79059.7656 105872.569  33.9%   434  549s
 42277  2692 88733.2580   23  293 79059.7656 104518.146  32.2%   432  558s
 43454  2439 85185.5770   28  249 79059.7656 102872.313  30.1%   430  568s
 44588  2148     cutoff   28      79059.7656 100710.094  27.4%   428  579s
 45748  1695     cutoff   30      79059.7656 98076.1114  24.1%   426  590s
 47043  1154     cutoff   25      79059.7656 93758.6467  18.6%   423  599s
 48145   769 80993.9665   37   56 79059.7656 86971.5889  10.0%   418  607s
 49866    88     cutoff   42      79059.7656 86073.0308  8.87%   406  610s

Optimal solution found at node 51597 - now completing solution pool...

    Nodes    |    Current Node    |      Pool Obj. Bounds     |     Work
             |                    |   Worst                   |
 Expl Unexpl |  Obj  Depth IntInf | Incumbent    BestBd   Gap | It/Node Time

 51597     0     cutoff   31      77969.5238 78398.5283  0.55%   394  610s

Cutting planes:
  Implied bound: 1972
  MIR: 285
  Flow cover: 171
  Zero half: 153
  Relax-and-lift: 55

Explored 51686 nodes (20346895 simplex iterations) in 498.73 seconds (1112.45 work units)
Thread count was 10 (of 10 available processors)

Solution count 10: 79059.8 77969.5 77969.5 ... 77969.5
No other solutions better than 77969.5

Optimal solution found (tolerance 1.00e-04)
Best objective 7.905976562676e+04, best bound 7.905976562676e+04, gap 0.0000%

User-callback calls 130791, time in user-callback 0.30 sec

Phase 2 Results:
  Status: Optimal
  RC-improving solutions found: 1
  Total work units: 1413.69
================================================================================

================================================================================
PRICING SUBPROBLEM TYPE 2 - ITERATION 8
================================================================================
Timestamp: 2025-12-03T02:42:56.842
Problem size: 25 scenarios, 25 facilities, 50 customers
================================================================================

Gurobi 12.0.3 (mac64[arm]) logging started Wed Dec  3 02:42:56 2025

Set parameter LogFile to value "/Users/arnav/projects/Candidate-Selection-via-Stochastic-IP/CCG/logs/CG_AF_FL_cap91_K2_S25_pricing_20251203_022158.log"
Set parameter MIPFocus to value 1
Set parameter WorkLimit to value 300

Gurobi 12.0.3 (mac64[arm]) logging started Wed Dec  3 02:42:56 2025

Set parameter LogFile to value "/Users/arnav/projects/Candidate-Selection-via-Stochastic-IP/CCG/logs/CG_AF_FL_cap91_K2_S25_pricing_20251203_022158.log"
Gurobi Optimizer version 12.0.3 build v12.0.3rc0 (mac64[arm] - Darwin 24.6.0 24G84)

CPU model: Apple M4
Thread count: 10 physical cores, 10 logical processors, using up to 10 threads

Non-default parameters:
WorkLimit  300
MIPFocus  1
PoolSearchMode  2

Optimize a model with 3775 rows, 33175 columns and 103096 nonzeros
Model fingerprint: 0x78273fc2
Variable types: 32500 continuous, 675 integer (675 binary)
Coefficient statistics:
  Matrix range     [3e-01, 2e+05]
  Objective range  [3e-01, 2e+05]
  Bounds range     [0e+00, 0e+00]
  RHS range        [1e+00, 1e+00]
Found heuristic solution: objective -0.0000000
Presolve removed 629 rows and 16354 columns
Presolve time: 0.07s
Presolved: 3146 rows, 16821 columns, 53442 nonzeros
Variable types: 16146 continuous, 675 integer (675 binary)

Root relaxation: objective 5.230344e+05, 3114 iterations, 0.08 seconds (0.15 work units)

    Nodes    |    Current Node    |     Objective Bounds      |     Work
 Expl Unexpl |  Obj  Depth IntInf | Incumbent    BestBd   Gap | It/Node Time

     0     0 523034.364    0  548   -0.00000 523034.364      -     -    0s
H    0     0                    12380.792503 380250.071  2971%     -    0s
H    0     0                    12589.624387 380250.071  2920%     -    0s
     0     0 380250.071    0  516 12589.6244 380250.071  2920%     -    0s
H    0     0                    16640.476525 380250.071  2185%     -    0s
H    0     0                    17587.055572 380250.071  2062%     -    0s
H    0     0                    19190.277283 380250.071  1881%     -    0s
     0     0 369005.325    0  500 19190.2773 369005.325  1823%     -    0s
     0     0 367893.184    0  504 19190.2773 367893.184  1817%     -    0s
     0     0 367645.779    0  499 19190.2773 367645.779  1816%     -    0s
     0     0 367124.491    0  500 19190.2773 367124.491  1813%     -    0s
     0     0 367120.971    0  502 19190.2773 367120.971  1813%     -    0s
H    0     0                    22115.287449 330933.185  1396%     -    1s
H    0     0                    23902.120472 330933.185  1285%     -    1s
     0     0 330933.185    0  487 23902.1205 330933.185  1285%     -    1s
H    0     0                    23959.142894 330933.185  1281%     -    1s
H    0     0                    28815.768967 321530.310  1016%     -    1s
     0     0 321530.310    0  480 28815.7690 321530.310  1016%     -    1s
     0     0 319097.100    0  482 28815.7690 319097.100  1007%     -    1s
     0     0 318353.964    0  491 28815.7690 318353.964  1005%     -    1s
     0     0 318183.178    0  486 28815.7690 318183.178  1004%     -    1s
     0     0 318132.322    0  487 28815.7690 318132.322  1004%     -    1s
     0     0 318126.701    0  483 28815.7690 318126.701  1004%     -    1s
H    0     0                    43028.267265 301832.572   601%     -    2s
H    0     0                    52372.683347 301832.572   476%     -    2s
H    0     0                    52534.462699 301832.572   475%     -    2s
H    0     0                    53480.693785 301832.572   464%     -    2s
H    0     0                    56470.406070 301832.572   434%     -    2s
H    0     0                    56804.959986 301832.572   431%     -    2s
     0     0 300923.581    0  462 56804.9600 300923.581   430%     -    2s
H    0     0                    64335.800130 298296.474   364%     -    2s
     0     0 293163.365    0  459 64335.8001 293163.365   356%     -    2s
     0     0 293163.365    0  465 64335.8001 293163.365   356%     -    2s
     0     0 293163.365    0  458 64335.8001 293163.365   356%     -    2s
     0     0 293163.365    0  456 64335.8001 293163.365   356%     -    2s
     0     0 293163.365    0  455 64335.8001 293163.365   356%     -    2s
     0     0 293163.365    0  456 64335.8001 293163.365   356%     -    2s
     0     0 284719.529    0  448 64335.8001 284719.529   343%     -    3s
     0     0 282676.991    0  446 64335.8001 282676.991   339%     -    3s
     0     0 281967.831    0  451 64335.8001 281967.831   338%     -    3s
     0     0 281570.162    0  450 64335.8001 281570.162   338%     -    3s
     0     0 281367.389    0  451 64335.8001 281367.389   337%     -    3s
     0     0 281351.418    0  455 64335.8001 281351.418   337%     -    3s
     0     0 276543.218    0  442 64335.8001 276543.218   330%     -    4s
H    0     0                    64960.867704 276543.218   326%     -    5s
H    0     0                    65962.859988 276543.218   319%     -   10s
H    0     0                    68419.834175 276543.218   304%     -   13s
     0     2 276543.218    0  442 68419.8342 276543.218   304%     -   13s
H    9    16                    72152.813705 250792.707   248%  1611   14s
    15    26 223032.688    4  354 72152.8137 232191.645   222%  1779   15s
H   18    26                    75882.474665 232191.645   206%  1613   15s
H   43    45                    76480.674977 223482.187   192%  1664   17s
    93   107 170118.571   11  307 76480.6750 222963.743   192%  1405   20s
H  142   147                    77498.293603 222963.743   188%  1297   22s
H  206   201                    79059.765627 222963.743   182%  1179   24s
   222   220 119179.555   19  223 79059.7656 222963.743   182%  1148   25s
   399   350 196124.303    6  343 79059.7656 221427.386   180%   962   30s
   584   493 162791.780   11  286 79059.7656 205724.907   160%   918   36s
   695   554 113027.354   18  234 79059.7656 198946.016   152%   877   41s
   849   685 149416.105   12  255 79059.7656 197445.151   150%   848   46s
  1000   689 153222.014   12  232 79059.7656 197445.151   150%   811   51s
  1220   855     cutoff   14      79059.7656 186024.667   135%   788   56s
  1450   996 148222.281    8  341 79059.7656 182930.265   131%   773   60s
  1742  1083 161887.416    8  326 79059.7656 179159.366   127%   745   65s
  1990  1217 149196.698   10  340 79059.7656 178354.147   126%   739   71s
  2288  1338 142040.638    8  301 79059.7656 173096.662   119%   724   76s
  2512   882 135604.039   11  442 79059.7656 173096.662   119%   710   91s
  2526   891 79059.7656   34  423 79059.7656 173096.662   119%   707   95s
  2536   898 80979.6834   22  430 79059.7656 173096.662   119%   704  109s
  2537   902 173096.662   12  398 79059.7656 173096.662   119%   714  110s
  2581   946 173096.662   17  311 79059.7656 173096.662   119%   739  115s
  2684   999 158233.769   22  250 79059.7656 173096.662   119%   760  120s
  2886  1039 153820.115   19  351 79059.7656 173096.662   119%   754  125s

Cutting planes:
  Implied bound: 1850
  MIR: 168
  Flow cover: 109
  Zero half: 117
  Relax-and-lift: 36

Explored 2944 nodes (2250114 simplex iterations) in 127.34 seconds (300.65 work units)
Thread count was 10 (of 10 available processors)

Solution count 10: 79059.8 77498.3 77408 ... 73514.8

Work limit reached
Best objective 7.905976562676e+04, best bound 1.730966620499e+05, gap 118.9441%

User-callback calls 39546, time in user-callback 0.03 sec
Set parameter MIPFocus to value 0
Set parameter WorkLimit to value 2.6481690478492012e+04
Gurobi Optimizer version 12.0.3 build v12.0.3rc0 (mac64[arm] - Darwin 24.6.0 24G84)

CPU model: Apple M4
Thread count: 10 physical cores, 10 logical processors, using up to 10 threads

Non-default parameters:
WorkLimit  2.6481690478492012e+04
PoolSearchMode  2

Optimize a model with 3775 rows, 33175 columns and 103096 nonzeros
Model fingerprint: 0x78273fc2
Variable types: 32500 continuous, 675 integer (675 binary)
Coefficient statistics:
  Matrix range     [3e-01, 2e+05]
  Objective range  [3e-01, 2e+05]
  Bounds range     [0e+00, 0e+00]
  RHS range        [1e+00, 1e+00]
Presolved: 3146 rows, 16821 columns, 53442 nonzeros

Continuing optimization...

  2944  1062 118609.886   22  342 79059.7656 173096.662   119%   759  128s
  3002  1093 79453.5518   30  217 79059.7656 173096.662   119%   762  130s
* 3049  1048              39    79059.765627 173096.662   119%   761  132s
  3155  1066     cutoff   28      79059.7656 173096.662   119%   756  135s
  3365  1112     cutoff   28      79059.7656 173096.662   119%   754  140s
  3564  1144 106191.510   25  234 79059.7656 173096.662   119%   750  145s
  3835  1119 150969.072   21  293 79059.7656 173096.662   119%   740  150s
  4099  1127     cutoff   20      79059.7656 173096.662   119%   735  156s
H 4244  1074                    79059.765627 173096.662   119%   729  158s
  4368  1109 141488.442   19  364 79059.7656 173096.662   119%   724  161s
  4687  1128     cutoff   33      79059.7656 167726.500   112%   715  166s
  4908  1156 137718.392   23  289 79059.7656 165908.024   110%   709  170s
  5062  1185 147940.261   19  316 79059.7656 164794.798   108%   705  175s
  5360  1305     cutoff   27      79059.7656 163623.098   107%   703  181s
  5637  1409 136832.292   20  312 79059.7656 159892.755   102%   697  187s
  5955  1468 145605.233   23  283 79059.7656 158436.479   100%   692  192s
  6139  1540 78602.1988   37   55 79059.7656 158264.467   100%   689  195s
  6461  1625 91229.5901   24  276 79059.7656 155504.666  96.7%   683  201s
  6858  1789 132317.344   25  255 79059.7656 154008.695  94.8%   676  208s
  7133  1820     cutoff   26      79059.7656 153364.527  94.0%   667  211s
  7553  1939 128314.506   23  265 79059.7656 151502.616  91.6%   660  218s
  7847  2013 131746.408   20  314 79059.7656 150775.164  90.7%   653  222s
  8068  2089 114378.876   26  211 79059.7656 149912.953  89.6%   652  227s
  8367  2161 82368.9841   27  262 79059.7656 149259.881  88.8%   647  231s
  8725  2224 91867.8449   30  167 79059.7656 148393.092  87.7%   639  236s
  9023  2300 84540.9416   24  277 79059.7656 147389.100  86.4%   633  240s
H 9048  2281                    79059.765627 147389.100  86.4%   633  240s
  9306  2374 98074.4251   23  269 79059.7656 146537.117  85.3%   629  245s
  9966  2432 106335.764   24  296 79059.7656 143780.208  81.9%   623  255s
 10040  2521 113098.940   23  294 79059.7656 143649.012  81.7%   621  260s
 10436  2633 117654.995   26  224 79059.7656 142048.623  79.7%   616  265s
 10852  2682 112299.890   27  174 79059.7656 141445.535  78.9%   611  270s
 11327  2517 85273.4057   31  179 79059.7656 140598.239  77.8%   605  275s
 11738  2586 123864.811   26  208 79059.7656 140160.907  77.3%   602  281s
 12168  2712 116753.842   24  330 79059.7656 138991.928  75.8%   597  287s
 12695  2836 89781.5815   29  193 79059.7656 137918.493  74.4%   590  293s
 13306  2937 110957.999   26  197 79059.7656 136400.905  72.5%   583  300s
 13883  3029     cutoff   26      79059.7656 135707.661  71.7%   577  306s
 14505  2994 82464.5351   24  266 79059.7656 134650.708  70.3%   570  314s
 14700  3067 106359.128   23  301 79059.7656 134440.471  70.0%   569  322s
 15205  3128 115192.177   27  231 79059.7656 133028.068  68.3%   566  329s
 15560  3165 92674.7182   26  275 79059.7656 133028.068  68.3%   562  337s
 16079  3245 108736.734   27  211 79059.7656 132162.529  67.2%   558  345s
 16822  3360     cutoff   29      79059.7656 130142.894  64.6%   553  354s
 17787  3411 80056.6698   32  138 79059.7656 128741.263  62.8%   544  360s
 18360  3482 109741.057   23  305 79059.7656 127836.504  61.7%   540  366s
 19052  3599 102168.262   24  271 79059.7656 126470.222  60.0%   535  373s
 19777  3665 106282.133   28  205 79059.7656 125688.425  59.0%   529  380s
 20490  3709     cutoff   30      79059.7656 124781.825  57.8%   524  386s
 21263  3752 104397.836   28  207 79059.7656 123652.974  56.4%   519  393s
 21994  3805     cutoff   28      79059.7656 122724.589  55.2%   514  401s
 22740  3825 85726.9892   27  246 79059.7656 122107.230  54.4%   511  410s
 22984  3836 87871.6769   26  238 79059.7656 121655.439  53.9%   510  418s
 23853  3876     cutoff   31      79059.7656 120610.608  52.6%   506  426s
 24779  3953     cutoff   22      79059.7656 119380.802  51.0%   501  435s
 25861  3958 104222.062   31  148 79059.7656 118561.204  50.0%   495  444s
 26857  3969     cutoff   28      79059.7656 117189.862  48.2%   491  453s
 27917  3932     cutoff   25      79059.7656 115972.192  46.7%   486  463s
 28942  3887     cutoff   29      79059.7656 114857.932  45.3%   483  472s
 29919  3828 98342.1635   29  234 79059.7656 114121.396  44.3%   480  482s
 31033  3788 93099.9914   24  254 79059.7656 112975.297  42.9%   476  491s
 32125  3736 99966.7820   27  229 79059.7656 112001.122  41.7%   472  501s
 33258  3651 82798.5765   27  233 79059.7656 110604.257  39.9%   468  510s
 34352  3550     cutoff   30      79059.7656 109579.905  38.6%   465  520s
 35321  3475 81582.0341   25  264 79059.7656 108795.943  37.6%   462  529s
 36193  3339     cutoff   25      79059.7656 108310.494  37.0%   459  539s
 37053  3219     cutoff   23      79059.7656 107918.446  36.5%   457  548s
 37980  3021     cutoff   28      79059.7656 105795.022  33.8%   455  558s
 39142  2797     cutoff   27      79059.7656 104041.988  31.6%   452  567s
 40298  2507     cutoff   35      79059.7656 102281.767  29.4%   449  576s
 41389  2187 infeasible   32      79059.7656 100638.623  27.3%   447  586s
 42578  1794     cutoff   28      79059.7656 98406.5701  24.5%   443  595s
 43735  1279     cutoff   25      79059.7656 95766.7946  21.1%   440  602s
 44805   719 87787.7094   30  150 79059.7656 90821.0631  14.9%   437  607s

Cutting planes:
  Implied bound: 1988
  MIR: 269
  Flow cover: 182
  Zero half: 155
  Relax-and-lift: 41

Explored 49065 nodes (19929859 simplex iterations) in 482.47 seconds (1090.16 work units)
Thread count was 10 (of 10 available processors)

Solution count 10: 79059.8 79059.8 79059.8 ... 79059.8
No other solutions better than 79059.8

Optimal solution found (tolerance 1.00e-04)
Best objective 7.905976562676e+04, best bound 7.905976562676e+04, gap 0.0000%

User-callback calls 123490, time in user-callback 0.04 sec

Phase 2 Results:
  Status: Optimal
  RC-improving solutions found: 0
  Total work units: 1390.8
================================================================================
