================================================================================
COLUMN GENERATION - PRICING SUBPROBLEM LOGS
================================================================================
Instance: ../Facility_Location/instances/cap91.txt
K: 3, S: 25
Pricing Type: 2
Started: 2025-12-03T03:08:02.898
================================================================================

================================================================================
PRICING SUBPROBLEM TYPE 2 - ITERATION 1
================================================================================
Timestamp: 2025-12-03T03:08:05.896
Problem size: 25 scenarios, 25 facilities, 50 customers
================================================================================

Gurobi 12.0.3 (mac64[arm]) logging started Wed Dec  3 03:08:05 2025

Set parameter LogFile to value "/Users/arnav/projects/Candidate-Selection-via-Stochastic-IP/CCG/logs/CG_AF_FL_cap91_K3_S25_pricing_20251203_030802.log"
Set parameter MIPFocus to value 1
Set parameter WorkLimit to value 300

Gurobi 12.0.3 (mac64[arm]) logging started Wed Dec  3 03:08:05 2025

Set parameter LogFile to value "/Users/arnav/projects/Candidate-Selection-via-Stochastic-IP/CCG/logs/CG_AF_FL_cap91_K3_S25_pricing_20251203_030802.log"
Gurobi Optimizer version 12.0.3 build v12.0.3rc0 (mac64[arm] - Darwin 24.6.0 24G84)

CPU model: Apple M4
Thread count: 10 physical cores, 10 logical processors, using up to 10 threads

Non-default parameters:
WorkLimit  300
MIPFocus  1
PoolSearchMode  2

Optimize a model with 3775 rows, 33175 columns and 103096 nonzeros
Model fingerprint: 0x667d11f5
Variable types: 32500 continuous, 675 integer (675 binary)
Coefficient statistics:
  Matrix range     [3e-01, 2e+05]
  Objective range  [3e-01, 2e+05]
  Bounds range     [0e+00, 0e+00]
  RHS range        [1e+00, 1e+00]
Found heuristic solution: objective -0.0000000
Presolve removed 629 rows and 16354 columns
Presolve time: 0.05s
Presolved: 3146 rows, 16821 columns, 53442 nonzeros
Variable types: 16146 continuous, 675 integer (675 binary)

Root relaxation: objective 3.989409e+05, 2939 iterations, 0.06 seconds (0.13 work units)

    Nodes    |    Current Node    |     Objective Bounds      |     Work
 Expl Unexpl |  Obj  Depth IntInf | Incumbent    BestBd   Gap | It/Node Time

     0     0 398940.916    0  527   -0.00000 398940.916      -     -    0s
H    0     0                    1887.8169777 257337.153      -     -    0s
     0     0 257337.153    0  498 1887.81698 257337.153      -     -    0s
H    0     0                    14295.227407 257337.153  1700%     -    0s
H    0     0                    14655.566911 257337.153  1656%     -    0s
H    0     0                    14841.355609 257337.153  1634%     -    0s
     0     0 248644.008    0  480 14841.3556 248644.008  1575%     -    0s
     0     0 247773.611    0  479 14841.3556 247773.611  1569%     -    0s
     0     0 247646.490    0  478 14841.3556 247646.490  1569%     -    0s
     0     0 247627.437    0  479 14841.3556 247627.437  1568%     -    0s
     0     0 213862.781    0  467 14841.3556 213862.781  1341%     -    1s
H    0     0                    27709.345773 213862.781   672%     -    1s
     0     0 205448.780    0  462 27709.3458 205448.780   641%     -    1s
     0     0 202993.170    0  469 27709.3458 202993.170   633%     -    1s
     0     0 202366.247    0  476 27709.3458 202366.247   630%     -    1s
     0     0 202291.587    0  471 27709.3458 202291.587   630%     -    1s
     0     0 202275.992    0  473 27709.3458 202275.992   630%     -    1s
     0     0 186216.743    0  449 27709.3458 186216.743   572%     -    2s
     0     0 183099.491    0  446 27709.3458 183099.491   561%     -    2s
     0     0 182009.906    0  428 27709.3458 182009.906   557%     -    2s
     0     0 181670.054    0  423 27709.3458 181670.054   556%     -    2s
     0     0 181475.332    0  429 27709.3458 181475.332   555%     -    2s
     0     0 181407.729    0  431 27709.3458 181407.729   555%     -    2s
     0     0 181394.053    0  427 27709.3458 181394.053   555%     -    2s
     0     0 174566.452    0  422 27709.3458 174566.452   530%     -    3s
H    0     0                    27911.883317 174566.452   525%     -    3s
H    0     0                    29047.333195 174566.452   501%     -    3s
     0     0 172673.865    0  415 29047.3332 172673.865   494%     -    3s
     0     0 171772.996    0  413 29047.3332 171772.996   491%     -    3s
     0     0 171526.409    0  416 29047.3332 171526.409   491%     -    3s
     0     0 171423.276    0  415 29047.3332 171423.276   490%     -    3s
     0     0 171369.168    0  413 29047.3332 171369.168   490%     -    3s
     0     0 171352.368    0  415 29047.3332 171352.368   490%     -    3s
     0     0 163829.350    0  414 29047.3332 163829.350   464%     -    5s
H    0     0                    57713.138767 163829.350   184%     -    7s
H    0     0                    58713.513519 163829.350   179%     -   12s
H    0     0                    63164.847618 163829.350   159%     -   16s
     0     2 163829.350    0  414 63164.8476 163829.350   159%     -   16s
    25    50 135257.386    5  307 63164.8476 142679.764   126%  1570   21s
   140   141 94704.9893   15  203 63164.8476 142679.764   126%   743   25s
   318   265 122978.140    9  267 63164.8476 130682.491   107%   581   30s
   419   320 39559.3400   16  169 63164.8476 128014.892   103%   590   35s
   607   444 79033.1720   10  240 63164.8476 117737.218  86.4%   559   40s
   815   565 59303.3954   16  185 63164.8476 110375.671  74.7%   544   45s
  1097   698 65056.5471   15  207 63164.8476 97661.6226  54.6%   514   50s
  1393   831 70667.7761    9  283 63164.8476 91407.4945  44.7%   506   55s
  1658  1036 73337.1269   11  236 63164.8476 87551.2061  38.6%   485   61s
  1906  1147     cutoff   19      63164.8476 83705.8459  32.5%   467   65s
  2174  1240 58449.5961   12  242 63164.8476 80693.3318  27.8%   463   71s
  2390   754 71789.6703   12  414 63164.8476 78616.6652  24.5%   454   93s
  2394   757 71950.5038   21  488 63164.8476 78616.6652  24.5%   453   95s
  2402   762 63164.8476   21  411 63164.8476 78616.6652  24.5%   452  100s
  2412   769 74252.7737   11  377 63164.8476 78616.6652  24.5%   450  105s
  2415   732 63825.0941   10  385 63164.8476 78616.6652  24.5%   450  130s
  2440   773 78616.6652   19  281 63164.8476 78616.6652  24.5%   469  135s
  2596   802 78616.6652   26  225 63164.8476 78616.6652  24.5%   481  140s
  2734   862 65502.1619   36   94 63164.8476 78616.6652  24.5%   488  145s
  2962   762 63004.9273   30  137 63164.8476 78616.6652  24.5%   489  150s
  3224   834     cutoff   31      63164.8476 78616.6652  24.5%   489  155s
  3421   807 68141.9075   26  194 63164.8476 78616.6652  24.5%   495  160s
  3521   836     cutoff   31      63164.8476 78616.6652  24.5%   498  165s
  3656   853 78616.6652   27  215 63164.8476 78616.6652  24.5%   499  170s
  3819   859 73871.6310   25  221 63164.8476 78616.6652  24.5%   498  175s
  4050   913     cutoff   33      63164.8476 78616.6652  24.5%   498  181s
  4227   921 59357.6859   34  122 63164.8476 77852.3003  23.3%   497  186s
  4473   920 60337.6493   27  203 63164.8476 75318.8180  19.2%   493  192s
  4583   945 58459.8714   37   94 63164.8476 73322.6044  16.1%   493  195s
  4852   644     cutoff   27      63164.8476 69990.2098  10.8%   482  201s
  5158   607     cutoff   46      63164.8476 65594.3047  3.85%   470  207s

Optimal solution found at node 5461 - now completing solution pool...

    Nodes    |    Current Node    |      Pool Obj. Bounds     |     Work
             |                    |   Worst                   |
 Expl Unexpl |  Obj  Depth IntInf | Incumbent    BestBd   Gap | It/Node Time

  5461   132     cutoff   28      55719.4568 62319.1706  11.8%   453  211s

Cutting planes:
  Implied bound: 1889
  MIR: 200
  Flow cover: 112
  Zero half: 136
  Relax-and-lift: 62

Explored 6147 nodes (2533885 simplex iterations) in 211.31 seconds (294.39 work units)
Thread count was 10 (of 10 available processors)

Solution count 10: 63164.8 62164.5 60840 ... 56070.2
No other solutions better than 56070.2

Optimal solution found (tolerance 1.00e-04)
Best objective 6.316484761822e+04, best bound 6.316484761822e+04, gap 0.0000%

User-callback calls 38618, time in user-callback 0.06 sec

Phase 1 Results:
  Status: Optimal
  RC-improving solutions found: 10
  Work units: 294.39
================================================================================

================================================================================
PRICING SUBPROBLEM TYPE 2 - ITERATION 2
================================================================================
Timestamp: 2025-12-03T03:11:40.871
Problem size: 25 scenarios, 25 facilities, 50 customers
================================================================================

Gurobi 12.0.3 (mac64[arm]) logging started Wed Dec  3 03:11:40 2025

Set parameter LogFile to value "/Users/arnav/projects/Candidate-Selection-via-Stochastic-IP/CCG/logs/CG_AF_FL_cap91_K3_S25_pricing_20251203_030802.log"
Set parameter MIPFocus to value 1
Set parameter WorkLimit to value 300

Gurobi 12.0.3 (mac64[arm]) logging started Wed Dec  3 03:11:40 2025

Set parameter LogFile to value "/Users/arnav/projects/Candidate-Selection-via-Stochastic-IP/CCG/logs/CG_AF_FL_cap91_K3_S25_pricing_20251203_030802.log"
Gurobi Optimizer version 12.0.3 build v12.0.3rc0 (mac64[arm] - Darwin 24.6.0 24G84)

CPU model: Apple M4
Thread count: 10 physical cores, 10 logical processors, using up to 10 threads

Non-default parameters:
WorkLimit  300
MIPFocus  1
PoolSearchMode  2

Optimize a model with 3775 rows, 33175 columns and 103096 nonzeros
Model fingerprint: 0x4ef87e3e
Variable types: 32500 continuous, 675 integer (675 binary)
Coefficient statistics:
  Matrix range     [3e-01, 2e+05]
  Objective range  [3e-01, 2e+05]
  Bounds range     [0e+00, 0e+00]
  RHS range        [1e+00, 1e+00]
Found heuristic solution: objective -0.0000000
Presolve removed 629 rows and 16354 columns
Presolve time: 0.10s
Presolved: 3146 rows, 16821 columns, 53442 nonzeros
Variable types: 16146 continuous, 675 integer (675 binary)

Root relaxation: objective 5.119480e+05, 3060 iterations, 0.16 seconds (0.14 work units)

    Nodes    |    Current Node    |     Objective Bounds      |     Work
 Expl Unexpl |  Obj  Depth IntInf | Incumbent    BestBd   Gap | It/Node Time

     0     0 511948.042    0  547   -0.00000 511948.042      -     -    0s
     0     0 367252.353    0  507   -0.00000 367252.353      -     -    1s
     0     0 360246.944    0  494   -0.00000 360246.944      -     -    1s
     0     0 359076.733    0  491   -0.00000 359076.733      -     -    1s
     0     0 358920.867    0  488   -0.00000 358920.867      -     -    1s
     0     0 358920.637    0  488   -0.00000 358920.637      -     -    1s
     0     0 323104.595    0  502   -0.00000 323104.595      -     -    2s
H    0     0                    49154.096278 323104.595   557%     -    2s
H    0     0                    55990.458062 323104.595   477%     -    2s
     0     0 311799.720    0  482 55990.4581 311799.720   457%     -    3s
     0     0 308905.928    0  484 55990.4581 308905.928   452%     -    3s
     0     0 292333.505    0  486 55990.4581 292333.505   422%     -    4s
     0     0 292333.505    0  487 55990.4581 292333.505   422%     -    4s
     0     0 292333.505    0  488 55990.4581 292333.505   422%     -    4s
     0     0 292333.505    0  490 55990.4581 292333.505   422%     -    4s
     0     0 290510.911    0  483 55990.4581 290510.911   419%     -    5s
H    0     0                    71116.604827 290510.911   308%     -    5s
H    0     0                    71120.282496 290510.911   308%     -    5s
H    0     0                    71333.423973 290510.911   307%     -    5s
     0     0 287171.024    0  473 71333.4240 287171.024   303%     -    5s
     0     0 285758.976    0  470 71333.4240 285758.976   301%     -    6s
     0     0 284837.679    0  470 71333.4240 284837.679   299%     -    6s
     0     0 284710.463    0  472 71333.4240 284710.463   299%     -    6s
     0     0 284659.558    0  472 71333.4240 284659.558   299%     -    6s
     0     0 284641.472    0  471 71333.4240 284641.472   299%     -    6s
     0     0 277368.292    0  458 71333.4240 277368.292   289%     -    7s
H    0     0                    83230.270213 277368.292   233%     -    7s
     0     0 275494.755    0  447 83230.2702 275494.755   231%     -    7s
     0     0 274705.677    0  448 83230.2702 274705.677   230%     -    8s
     0     0 274503.967    0  442 83230.2702 274503.967   230%     -    8s
     0     0 274348.124    0  443 83230.2702 274348.124   230%     -    8s
     0     0 274294.881    0  445 83230.2702 274294.881   230%     -    8s
     0     0 274292.353    0  443 83230.2702 274292.353   230%     -    8s
     0     0 270069.404    0  432 83230.2702 270069.404   224%     -   10s
H    0     0                    85211.249518 270069.404   217%     -   14s
H    0     0                    85264.470981 270069.404   217%     -   16s
H    0     0                    85436.626580 270069.404   216%     -   16s
H    0     0                    85610.352088 270069.404   215%     -   16s
H    0     0                    86092.071798 270069.404   214%     -   29s
     0     2 270069.404    0  432 86092.0718 270069.404   214%     -   35s
     7    16 220964.861    3  384 86092.0718 236111.559   174%  2524   41s
H   21    26                    86757.961340 222690.411   157%  1922   42s
    25    48 210223.772    5  339 86757.9613 220944.327   155%  1995   45s
H   35    48                    87042.507971 220944.327   154%  1837   45s
H   38    48                    96308.168103 220944.327   129%  1792   45s
    96   109 167336.538   12  292 96308.1681 219423.604   128%  1497   51s
H  105   109                    96344.719828 219423.604   128%  1478   51s
H  109   109                    96592.714733 219423.604   127%  1446   51s
H  211   175                    96731.008350 219423.604   127%  1122   54s
   214   203 131533.726   17  219 96731.0084 219423.604   127%  1110   55s
   389   323 156105.221    7  325 96731.0084 205696.339   113%   821   60s
H  423   343                    96731.010664 205696.339   113%   827   61s
H  508   423                    96731.010848 199253.098   106%   763   64s
   526   441 105958.783   11  233 96731.0108 199253.098   106%   751   66s
   618   496     cutoff   16      96731.0108 195333.086   102%   747   71s
H  626   496                    96731.012001 195333.086   102%   743   71s
   705   546     cutoff    9      96731.0120 195333.086   102%   725   76s
   801   567 96811.2824   12  239 96731.0120 190466.597  96.9%   707   80s
H  812   567                    96731.012012 190466.597  96.9%   709   80s
H  864   612                    96731.012027 188646.547  95.0%   709   84s
H  872   612                    96731.012327 188646.547  95.0%   709   84s
H  879   612                    96731.013826 188646.547  95.0%   705   84s
   896   620 112581.297   10  285 96731.0138 188646.547  95.0%   706   87s
   948   625 95420.4333   13  264 96731.0138 185153.409  91.4%   696   90s
  1027   697     cutoff   13      96731.0138 184921.706  91.2%   692   95s
  1179   775 112004.474   20  146 96731.0138 181726.947  87.9%   677  100s
  1343   829 119702.716   19  154 96731.0138 181340.443  87.5%   659  105s
H 1360   829                    96731.015623 181340.443  87.5%   658  105s
  1572   993 116776.790   13  275 96731.0156 179239.627  85.3%   636  110s
H 1733  1007                    97101.052921 172805.043  78.0%   616  113s
  1752  1027     cutoff   15      97101.0529 172805.043  78.0%   617  115s
  2011  1161 119018.851   17  179 97101.0529 169344.433  74.4%   605  122s
  2096  1197 144709.301   12  247 97101.0529 169337.693  74.4%   600  125s
  2313  1354 133491.643   10  287 97101.0529 165860.339  70.8%   594  130s
  2485   854 105023.153   19  432 97101.0529 164438.847  69.3%   581  150s
  2492   859 98750.9181   20  473 97101.0529 164438.847  69.3%   579  155s
  2502   865 156850.650    7  423 97101.0529 164438.847  69.3%   577  160s
  2507   869 158798.329    8  423 97101.0529 164438.847  69.3%   576  187s
  2514   882 164438.847   17  367 97101.0529 164438.847  69.3%   589  190s
  2555   920 164438.847   21  313 97101.0529 164438.847  69.3%   605  196s
H 2612   893                    97790.007142 164438.847  68.2%   617  198s
  2668   912 146235.978   26  234 97790.0071 164438.847  68.2%   622  201s
  2792   869     cutoff   33      97790.0071 164438.847  68.2%   623  206s
  2855   890 89672.1084   24  290 97790.0071 164438.847  68.2%   631  210s
  2982   930 156782.351   24  276 97790.0071 164438.847  68.2%   631  216s
  3088   942 143245.005   26  220 97790.0071 164438.847  68.2%   631  220s
  3180   962     cutoff   30      97790.0071 164438.847  68.2%   631  225s

Cutting planes:
  Implied bound: 1777
  MIR: 155
  Flow cover: 101
  Zero half: 110
  Relax-and-lift: 50

Explored 3227 nodes (2047714 simplex iterations) in 225.96 seconds (300.59 work units)
Thread count was 10 (of 10 available processors)

Solution count 10: 97790 97101.1 97014.4 ... 87971

Work limit reached
Best objective 9.779000714162e+04, best bound 1.644388466545e+05, gap 68.1551%

User-callback calls 34443, time in user-callback 0.08 sec

================================================================================
PRICING SUBPROBLEM TYPE 2 - ITERATION 3
================================================================================
Timestamp: 2025-12-03T03:15:29.303
Problem size: 25 scenarios, 25 facilities, 50 customers
================================================================================

Gurobi 12.0.3 (mac64[arm]) logging started Wed Dec  3 03:15:29 2025

Set parameter LogFile to value "/Users/arnav/projects/Candidate-Selection-via-Stochastic-IP/CCG/logs/CG_AF_FL_cap91_K3_S25_pricing_20251203_030802.log"
Set parameter MIPFocus to value 1
Set parameter WorkLimit to value 300

Gurobi 12.0.3 (mac64[arm]) logging started Wed Dec  3 03:15:29 2025

Set parameter LogFile to value "/Users/arnav/projects/Candidate-Selection-via-Stochastic-IP/CCG/logs/CG_AF_FL_cap91_K3_S25_pricing_20251203_030802.log"
Gurobi Optimizer version 12.0.3 build v12.0.3rc0 (mac64[arm] - Darwin 24.6.0 24G84)

CPU model: Apple M4
Thread count: 10 physical cores, 10 logical processors, using up to 10 threads

Non-default parameters:
WorkLimit  300
MIPFocus  1
PoolSearchMode  2

Optimize a model with 3775 rows, 33175 columns and 103096 nonzeros
Model fingerprint: 0x014d273b
Variable types: 32500 continuous, 675 integer (675 binary)
Coefficient statistics:
  Matrix range     [3e-01, 2e+05]
  Objective range  [3e-01, 2e+05]
  Bounds range     [0e+00, 0e+00]
  RHS range        [1e+00, 1e+00]
Found heuristic solution: objective -0.0000000
Presolve removed 629 rows and 16354 columns
Presolve time: 0.07s
Presolved: 3146 rows, 16821 columns, 53442 nonzeros
Variable types: 16146 continuous, 675 integer (675 binary)

Root relaxation: objective 5.122281e+05, 3091 iterations, 0.13 seconds (0.14 work units)

    Nodes    |    Current Node    |     Objective Bounds      |     Work
 Expl Unexpl |  Obj  Depth IntInf | Incumbent    BestBd   Gap | It/Node Time

     0     0 512228.121    0  546   -0.00000 512228.121      -     -    0s
H    0     0                    6895.8168255 370197.527  5268%     -    1s
H    0     0                    7351.4215225 370197.527  4936%     -    1s
H    0     0                    9578.2700958 370197.527  3765%     -    1s
H    0     0                    10408.340246 370197.527  3457%     -    1s
     0     0 370197.527    0  509 10408.3402 370197.527  3457%     -    1s
     0     0 358412.990    0  489 10408.3402 358412.990  3344%     -    1s
     0     0 357564.906    0  490 10408.3402 357564.906  3335%     -    1s
     0     0 357394.410    0  486 10408.3402 357394.410  3334%     -    1s
     0     0 357381.640    0  487 10408.3402 357381.640  3334%     -    1s
     0     0 322163.585    0  478 10408.3402 322163.585  2995%     -    2s
H    0     0                    11888.747299 322163.585  2610%     -    2s
     0     0 310913.669    0  481 11888.7473 310913.669  2515%     -    3s
     0     0 300134.027    0  477 11888.7473 300134.027  2425%     -    3s
     0     0 300134.027    0  475 11888.7473 300134.027  2425%     -    3s
     0     0 300134.027    0  476 11888.7473 300134.027  2425%     -    3s
     0     0 300134.027    0  482 11888.7473 300134.027  2425%     -    3s
     0     0 300134.027    0  484 11888.7473 300134.027  2425%     -    3s
     0     0 300134.027    0  483 11888.7473 300134.027  2425%     -    3s
H    0     0                    15639.506000 291360.390  1763%     -    4s
H    0     0                    21536.374178 291360.390  1253%     -    4s
H    0     0                    24015.277091 291360.390  1113%     -    4s
H    0     0                    26582.945315 291360.390   996%     -    4s
     0     0 291360.390    0  475 26582.9453 291360.390   996%     -    4s
     0     0 287179.358    0  466 26582.9453 287179.358   980%     -    4s
     0     0 285846.989    0  463 26582.9453 285846.989   975%     -    4s
     0     0 285518.613    0  470 26582.9453 285518.613   974%     -    4s
     0     0 285140.275    0  471 26582.9453 285140.275   973%     -    5s
     0     0 285018.962    0  472 26582.9453 285018.962   972%     -    5s
     0     0 284957.601    0  471 26582.9453 284957.601   972%     -    5s
     0     0 284939.487    0  471 26582.9453 284939.487   972%     -    5s
     0     0 275461.901    0  454 26582.9453 275461.901   936%     -    6s
H    0     0                    34476.922297 275461.901   699%     -    6s
     0     0 273117.718    0  445 34476.9223 273117.718   692%     -    7s
H    0     0                    43865.226929 272349.725   521%     -    7s
     0     0 272349.725    0  445 43865.2269 272349.725   521%     -    7s
     0     0 271953.369    0  451 43865.2269 271953.369   520%     -    7s
     0     0 271733.440    0  443 43865.2269 271733.440   519%     -    7s
     0     0 271654.732    0  441 43865.2269 271654.732   519%     -    7s
     0     0 271628.822    0  440 43865.2269 271628.822   519%     -    7s
     0     0 271621.655    0  441 43865.2269 271621.655   519%     -    7s
     0     0 265878.989    0  431 43865.2269 265878.989   506%     -   10s
H    0     0                    45273.155847 265878.989   487%     -   13s
H    0     0                    45559.382400 265878.989   484%     -   15s
H    0     0                    47249.608566 265878.989   463%     -   18s
H    0     0                    51787.102841 265878.989   413%     -   20s
H    0     0                    52375.847970 265878.989   408%     -   24s
H    0     0                    60778.784155 265878.989   337%     -   24s
H    0     0                    62651.107146 265878.989   324%     -   28s
H    0     0                    69032.593811 265878.989   285%     -   29s
     0     2 265878.989    0  431 69032.5938 265878.989   285%     -   29s
     1     4 249346.608    1  423 69032.5938 265777.471   285%  1669   30s
H   15    26                    77078.992888 233589.356   203%  1819   32s
H   27    47                    85445.617534 224281.796   162%  1538   34s
    46    57 196986.369    7  305 85445.6175 224178.483   162%  1600   35s
H   74    86                    88833.602337 224178.483   152%  1526   37s
   105   125 175209.463   11  327 88833.6023 224178.483   152%  1400   40s
   210   231 144494.348   14  272 88833.6023 224178.483   152%  1096   45s
H  228   231                    95766.992176 224178.483   134%  1040   45s
   307   297 125174.620   18  206 95766.9922 224178.483   134%   916   51s
   372   348 112392.999   21  133 95766.9922 224178.483   134%   914   55s
   483   428 90440.0510   36   45 95766.9922 215012.757   125%   840   61s
   514   476 88658.2054   39   27 95766.9922 208337.709   118%   846   65s
   641   556 115012.757   12  315 95766.9922 202503.259   111%   823   70s
   809   610 158630.718    8  316 95766.9922 196974.662   106%   756   76s
   885   628 127016.537   12  280 95766.9922 194970.894   104%   746   80s
   942   675     cutoff   18      95766.9922 193956.408   103%   751   85s
  1040   714 99914.7355   11  295 95766.9922 191799.512   100%   742   90s
  1133   768 159579.199   10  255 95766.9922 191547.626   100%   743   95s
  1293   890 127623.219    9  300 95766.9922 181663.158  89.7%   739  100s
  1507  1025 144988.748    9  295 95766.9922 181556.389  89.6%   735  105s
  1640  1104 141376.950   10  256 95766.9922 175050.488  82.8%   732  111s
  1768  1248 89793.7399   13  227 95766.9922 174998.147  82.7%   737  115s
  1970  1280 136815.362   12  242 95766.9922 174998.147  82.7%   722  121s
  2200   863 95766.9922   16  431 95766.9922 169735.234  77.2%   706  143s
  2204   866 135062.198   13  503 95766.9922 169735.234  77.2%   705  145s
  2212   871 145166.613   11  433 95766.9922 169735.234  77.2%   702  150s
  2221   877 104209.074   12  409 95766.9922 169735.234  77.2%   699  155s
  2223   878 95766.9922   17  425 95766.9922 169735.234  77.2%   699  181s
  2226   885 169735.234   13  400 95766.9922 169735.234  77.2%   711  185s
  2248   914 169735.234   16  338 95766.9922 169735.234  77.2%   723  191s
  2288   945 169735.234   19  310 95766.9922 169735.234  77.2%   736  196s
  2358   967 153459.835   21  248 95766.9922 169735.234  77.2%   745  200s
  2400   975 132173.005   23  236 95766.9922 169735.234  77.2%   748  206s
  2445   996 110538.865   25  205 95766.9922 169735.234  77.2%   749  210s
  2499  1006     cutoff   28      95766.9922 169735.234  77.2%   749  215s
  2596   966 153631.993   17  346 95766.9922 169735.234  77.2%   746  220s
  2655   989 122067.515   21  335 95766.9922 169735.234  77.2%   743  225s
  2741  1009     cutoff   27      95766.9922 169735.234  77.2%   741  232s
  2820  1026 149886.762   20  324 95766.9922 169735.234  77.2%   743  236s
  2872  1053 86085.4450   26  300 95766.9922 169735.234  77.2%   745  241s

Cutting planes:
  Implied bound: 1863
  MIR: 187
  Flow cover: 105
  Inf proof: 1
  Zero half: 122
  RLT: 1
  Relax-and-lift: 54

Explored 2955 nodes (2214884 simplex iterations) in 243.33 seconds (300.20 work units)
Thread count was 10 (of 10 available processors)

Solution count 10: 95767 92277 88833.6 ... 76892.6

Work limit reached
Best objective 9.576699217575e+04, best bound 1.697352340998e+05, gap 77.2377%

User-callback calls 33881, time in user-callback 0.07 sec

================================================================================
PRICING SUBPROBLEM TYPE 2 - ITERATION 4
================================================================================
Timestamp: 2025-12-03T03:19:36.868
Problem size: 25 scenarios, 25 facilities, 50 customers
================================================================================

Gurobi 12.0.3 (mac64[arm]) logging started Wed Dec  3 03:19:36 2025

Set parameter LogFile to value "/Users/arnav/projects/Candidate-Selection-via-Stochastic-IP/CCG/logs/CG_AF_FL_cap91_K3_S25_pricing_20251203_030802.log"
Set parameter MIPFocus to value 1
Set parameter WorkLimit to value 300

Gurobi 12.0.3 (mac64[arm]) logging started Wed Dec  3 03:19:36 2025

Set parameter LogFile to value "/Users/arnav/projects/Candidate-Selection-via-Stochastic-IP/CCG/logs/CG_AF_FL_cap91_K3_S25_pricing_20251203_030802.log"
Gurobi Optimizer version 12.0.3 build v12.0.3rc0 (mac64[arm] - Darwin 24.6.0 24G84)

CPU model: Apple M4
Thread count: 10 physical cores, 10 logical processors, using up to 10 threads

Non-default parameters:
WorkLimit  300
MIPFocus  1
PoolSearchMode  2

Optimize a model with 3775 rows, 33175 columns and 103096 nonzeros
Model fingerprint: 0xcdefae46
Variable types: 32500 continuous, 675 integer (675 binary)
Coefficient statistics:
  Matrix range     [3e-01, 2e+05]
  Objective range  [3e-01, 2e+05]
  Bounds range     [0e+00, 0e+00]
  RHS range        [1e+00, 1e+00]
Found heuristic solution: objective -0.0000000
Presolve removed 629 rows and 16354 columns
Presolve time: 0.12s
Presolved: 3146 rows, 16821 columns, 53442 nonzeros
Variable types: 16146 continuous, 675 integer (675 binary)

Root relaxation: objective 4.786548e+05, 3010 iterations, 0.15 seconds (0.14 work units)

    Nodes    |    Current Node    |     Objective Bounds      |     Work
 Expl Unexpl |  Obj  Depth IntInf | Incumbent    BestBd   Gap | It/Node Time

     0     0 478654.783    0  528   -0.00000 478654.783      -     -    0s
     0     0 336380.680    0  499   -0.00000 336380.680      -     -    1s
     0     0 327106.160    0  491   -0.00000 327106.160      -     -    1s
     0     0 326175.180    0  494   -0.00000 326175.180      -     -    1s
     0     0 326049.249    0  493   -0.00000 326049.249      -     -    1s
     0     0 292196.422    0  471   -0.00000 292196.422      -     -    2s
H    0     0                    1057.5339550 292196.422      -     -    2s
H    0     0                    5802.9990173 292196.422  4935%     -    2s
H    0     0                    6914.5887228 292196.422  4126%     -    2s
H    0     0                    8411.1640490 292196.422  3374%     -    2s
H    0     0                    8524.6303895 292196.422  3328%     -    2s
H    0     0                    15921.165952 281137.315  1666%     -    3s
H    0     0                    20089.469594 281137.315  1299%     -    3s
H    0     0                    21324.277125 281137.315  1218%     -    3s
     0     0 281137.315    0  476 21324.2771 281137.315  1218%     -    3s
H    0     0                    23807.862077 278649.422  1070%     -    3s
H    0     0                    24407.970993 278649.422  1042%     -    3s
H    0     0                    24652.607626 278649.422  1030%     -    3s
     0     0 278649.422    0  482 24652.6076 278649.422  1030%     -    3s
     0     0 278221.713    0  479 24652.6076 278221.713  1029%     -    3s
     0     0 278091.411    0  479 24652.6076 278091.411  1028%     -    3s
     0     0 278081.939    0  479 24652.6076 278081.939  1028%     -    3s
     0     0 262721.246    0  470 24652.6076 262721.246   966%     -    4s
H    0     0                    27758.381308 262721.246   846%     -    4s
H    0     0                    27900.257592 262721.246   842%     -    4s
H    0     0                    35179.865389 262721.246   647%     -    4s
H    0     0                    36527.685391 262721.246   619%     -    4s
H    0     0                    36620.058303 262721.246   617%     -    4s
     0     0 258035.579    0  457 36620.0583 258035.579   605%     -    5s
     0     0 256561.644    0  465 36620.0583 256561.644   601%     -    5s
     0     0 256070.826    0  464 36620.0583 256070.826   599%     -    5s
     0     0 255921.818    0  454 36620.0583 255921.818   599%     -    5s
     0     0 255842.865    0  459 36620.0583 255842.865   599%     -    5s
     0     0 255798.145    0  462 36620.0583 255798.145   599%     -    5s
     0     0 255787.101    0  458 36620.0583 255787.101   598%     -    5s
     0     0 246760.711    0  447 36620.0583 246760.711   574%     -    7s
H    0     0                    42426.846229 246760.711   482%     -    7s
     0     0 244658.459    0  431 42426.8462 244658.459   477%     -    8s
     0     0 243621.014    0  436 42426.8462 243621.014   474%     -    8s
     0     0 243126.424    0  425 42426.8462 243126.424   473%     -    8s
     0     0 243010.198    0  425 42426.8462 243010.198   473%     -    8s
     0     0 242994.034    0  422 42426.8462 242994.034   473%     -    9s
     0     0 238750.398    0  410 42426.8462 238750.398   463%     -   11s
H    0     0                    43610.336288 238750.398   447%     -   13s
H    0     0                    51054.075727 238750.398   368%     -   14s
H    0     0                    53331.465261 238750.398   348%     -   25s
H    0     0                    54954.162740 238750.398   334%     -   25s
     0     2 238750.398    0  410 54954.1627 238750.398   334%     -   25s
    25    41 175510.605    5  335 54954.1627 195737.825   256%  2177   31s
H   39    41                    60968.208253 195737.825   221%  2003   31s
    77    82 162984.747    8  280 60968.2083 195737.825   221%  1750   35s
H   82    82                    62155.432610 195737.825   215%  1726   35s
   148   139 128581.856   12  243 62155.4326 195737.825   215%  1357   40s
H  202   205                    64295.711234 195737.825   204%  1109   42s
   305   289     cutoff   18      64295.7112 192352.377   199%   860   47s
   376   331 73943.1139   11  284 64295.7112 192352.377   199%   810   50s
   440   407 60343.0763   17  219 64295.7112 180216.516   180%   764   55s
   598   538 77085.0374   10  187 64295.7112 172022.814   168%   701   61s
   658   567 56610.0598   14  205 64295.7112 168181.082   162%   685   65s
   761   595 81976.6263   11  284 64295.7112 166502.884   159%   683   70s
   848   630     cutoff   17      64295.7112 165887.354   158%   676   75s
   952   698 126412.586    9  283 64295.7112 164372.132   156%   656   80s
  1067   722     cutoff   19      64295.7112 164372.132   156%   652   85s
  1167   795 144002.615   10  273 64295.7112 157151.115   144%   649   90s
  1316   855     cutoff   19      64295.7112 154246.014   140%   639   96s
  1397   874 112206.139   11  238 64295.7112 154246.014   140%   635  100s
  1532   967 118400.699   10  271 64295.7112 151582.327   136%   632  107s
  1617  1014     cutoff   11      64295.7112 151582.327   136%   621  110s
  1774  1137 105060.779   15  158 64295.7112 146242.564   127%   608  117s
  1900  1153 87075.0799   18  146 64295.7112 143872.900   124%   597  121s
  1928  1197 81558.1172   18  166 64295.7112 143872.900   124%   598  125s
  2032  1277 96282.3938   11  259 64295.7112 142534.608   122%   595  133s
  2185  1271     cutoff   18      64295.7112 142534.608   122%   584  137s
  2511   892 64295.7112   21  410 64295.7112 136108.077   112%   565  154s
  2514   894 108514.949   14  526 64295.7112 136108.077   112%   564  155s
  2525   901 105406.046   13  414 64295.7112 136108.077   112%   561  160s
  2535   908 96444.8559   12  415 64295.7112 136108.077   112%   559  191s
  2542   920 136108.077   14  363 64295.7112 136108.077   112%   575  196s
  2560   946 136108.077   16  327 64295.7112 136108.077   112%   587  202s
  2604   963 136108.077   18  306 64295.7112 136108.077   112%   607  206s
  2644   982 136108.077   19  278 64295.7112 136108.077   112%   620  210s
  2694   990 132122.291   22  265 64295.7112 136108.077   112%   627  215s
  2811  1027 84161.9892   28  164 64295.7112 136108.077   112%   633  222s
  2863  1033 54591.0479   31  136 64295.7112 136108.077   112%   632  228s
  2902  1036 62743.7813   31  134 64295.7112 136108.077   112%   632  230s
  2980  1010     cutoff   21      64295.7112 136108.077   112%   640  236s
  3010  1033 88568.0113   23  268 64295.7112 136108.077   112%   641  242s
  3115  1056     cutoff   38      64295.7112 136108.077   112%   638  247s

Cutting planes:
  Implied bound: 1871
  MIR: 194
  Flow cover: 114
  Zero half: 156
  Relax-and-lift: 50

Explored 3151 nodes (2027002 simplex iterations) in 247.19 seconds (301.39 work units)
Thread count was 10 (of 10 available processors)

Solution count 10: 64295.7 62155.4 60968.2 ... 52818.2

Work limit reached
Best objective 6.429571123410e+04, best bound 1.361080766058e+05, gap 111.6908%

User-callback calls 32826, time in user-callback 0.09 sec

================================================================================
PRICING SUBPROBLEM TYPE 2 - ITERATION 5
================================================================================
Timestamp: 2025-12-03T03:23:45.646
Problem size: 25 scenarios, 25 facilities, 50 customers
================================================================================

Gurobi 12.0.3 (mac64[arm]) logging started Wed Dec  3 03:23:45 2025

Set parameter LogFile to value "/Users/arnav/projects/Candidate-Selection-via-Stochastic-IP/CCG/logs/CG_AF_FL_cap91_K3_S25_pricing_20251203_030802.log"
Set parameter MIPFocus to value 1
Set parameter WorkLimit to value 300

Gurobi 12.0.3 (mac64[arm]) logging started Wed Dec  3 03:23:45 2025

Set parameter LogFile to value "/Users/arnav/projects/Candidate-Selection-via-Stochastic-IP/CCG/logs/CG_AF_FL_cap91_K3_S25_pricing_20251203_030802.log"
Gurobi Optimizer version 12.0.3 build v12.0.3rc0 (mac64[arm] - Darwin 24.6.0 24G84)

CPU model: Apple M4
Thread count: 10 physical cores, 10 logical processors, using up to 10 threads

Non-default parameters:
WorkLimit  300
MIPFocus  1
PoolSearchMode  2

Optimize a model with 3775 rows, 33175 columns and 103096 nonzeros
Model fingerprint: 0xcb024e94
Variable types: 32500 continuous, 675 integer (675 binary)
Coefficient statistics:
  Matrix range     [3e-01, 2e+05]
  Objective range  [3e-01, 2e+05]
  Bounds range     [0e+00, 0e+00]
  RHS range        [1e+00, 1e+00]
Found heuristic solution: objective -0.0000000
Presolve removed 629 rows and 16354 columns
Presolve time: 0.07s
Presolved: 3146 rows, 16821 columns, 53442 nonzeros
Variable types: 16146 continuous, 675 integer (675 binary)

Root relaxation: objective 4.626063e+05, 2920 iterations, 0.08 seconds (0.12 work units)

    Nodes    |    Current Node    |     Objective Bounds      |     Work
 Expl Unexpl |  Obj  Depth IntInf | Incumbent    BestBd   Gap | It/Node Time

     0     0 462606.277    0  528   -0.00000 462606.277      -     -    0s
     0     0 318708.462    0  500   -0.00000 318708.462      -     -    0s
     0     0 310438.650    0  485   -0.00000 310438.650      -     -    0s
     0     0 309725.146    0  486   -0.00000 309725.146      -     -    0s
     0     0 309618.191    0  484   -0.00000 309618.191      -     -    0s
     0     0 309614.618    0  484   -0.00000 309614.618      -     -    0s
     0     0 272466.693    0  484   -0.00000 272466.693      -     -    1s
H    0     0                    3090.4542766 272466.693  8716%     -    1s
H    0     0                    3599.6403524 272466.693  7469%     -    1s
H    0     0                    4127.5510019 262617.428  6263%     -    1s
H    0     0                    4398.8409079 262617.428  5870%     -    1s
H    0     0                    23299.850918 262617.428  1027%     -    1s
     0     0 262617.428    0  481 23299.8509 262617.428  1027%     -    1s
     0     0 259754.891    0  485 23299.8509 259754.891  1015%     -    1s
     0     0 259029.973    0  488 23299.8509 259029.973  1012%     -    1s
     0     0 258878.456    0  487 23299.8509 258878.456  1011%     -    1s
     0     0 258849.834    0  486 23299.8509 258849.834  1011%     -    1s
     0     0 258848.305    0  488 23299.8509 258848.305  1011%     -    1s
     0     0 242635.188    0  451 23299.8509 242635.188   941%     -    2s
H    0     0                    26188.514873 237657.910   807%     -    2s
H    0     0                    31396.979680 237657.910   657%     -    2s
H    0     0                    32990.443356 237657.910   620%     -    2s
     0     0 237657.910    0  452 32990.4434 237657.910   620%     -    2s
     0     0 236279.184    0  451 32990.4434 236279.184   616%     -    3s
     0     0 235795.722    0  454 32990.4434 235795.722   615%     -    3s
     0     0 235465.979    0  455 32990.4434 235465.979   614%     -    3s
     0     0 235415.515    0  458 32990.4434 235415.515   614%     -    3s
     0     0 235412.036    0  459 32990.4434 235412.036   614%     -    3s
     0     0 226211.870    0  447 32990.4434 226211.870   586%     -    3s
     0     0 224515.333    0  446 32990.4434 224515.333   581%     -    4s
     0     0 224124.355    0  434 32990.4434 224124.355   579%     -    4s
     0     0 223971.545    0  434 32990.4434 223971.545   579%     -    4s
     0     0 223892.354    0  431 32990.4434 223892.354   579%     -    4s
     0     0 223787.244    0  435 32990.4434 223787.244   578%     -    4s
     0     0 223782.294    0  432 32990.4434 223782.294   578%     -    4s
     0     0 218547.374    0  436 32990.4434 218547.374   562%     -    5s
H    0     0                    43432.522268 218547.374   403%     -    8s
H    0     0                    46167.849816 218547.374   373%     -   17s
     0     2 218547.374    0  436 46167.8498 218547.374   373%     -   18s
     3     8 202620.671    2  395 46167.8498 207357.506   349%  1464   20s
H   10    16                    46681.997914 202577.383   334%  1457   22s
    25    48 173769.983    5  314 46681.9979 187027.275   301%  1750   25s
   109   123 147952.865    9  294 46681.9979 187027.275   301%  1151   31s
   176   182 122059.539   12  257 46681.9979 187027.275   301%   929   35s
   324   294 79107.5173   17  172 46681.9979 186073.669   299%   680   40s
   454   390 163524.379    7  299 46681.9979 172456.557   269%   612   45s
   571   502 124569.106   11  282 46681.9979 172456.557   269%   608   50s
H  640   512                    47285.179036 172456.557   265%   580   51s
   727   547 76494.2299   18  201 47285.1790 172456.557   265%   567   56s
   842   625     cutoff   23      47285.1790 172456.557   265%   556   60s
   983   691 90699.2213    9  296 47285.1790 167475.369   254%   542   66s
  1053   741 56273.2907   14  257 47285.1790 167475.369   254%   549   71s
  1149   794     cutoff    8      47285.1790 167475.369   254%   548   75s
H 1300   874                    47411.518932 167475.369   253%   538   79s
  1352   944     cutoff   19      47411.5189 160441.045   238%   539   81s
H 1470   888                    48395.164806 160441.045   232%   524   84s
  1531   889 91900.0533   16  234 48395.1648 160441.045   232%   523   87s
  1610   951 56606.0384   22  153 48395.1648 155582.508   221%   526   91s
  1766  1053 48112.3548   16  261 48395.1648 146804.041   203%   521   95s
  2007  1198 70915.8370   13  169 48395.1648 140921.702   191%   523  100s
  2324   807 99153.0238   13  436 48395.1648 138488.442   186%   509  117s
  2331   812 56447.9615   21  449 48395.1648 138488.442   186%   507  120s
  2345   821 48395.1648   10  410 48395.1648 138488.442   186%   504  125s
  2348   782 48395.1648   19  409 48395.1648 138488.442   186%   503  153s
  2349   786 138488.442   12  386 48395.1648 138488.442   186%   514  155s
  2373   820 138488.442   16  330 48395.1648 138488.442   186%   528  162s
  2416   838 138488.442   18  286 48395.1648 138488.442   186%   549  166s
  2483   869 137697.963   21  244 48395.1648 138488.442   186%   563  170s
  2575   888 106767.038   25  176 48395.1648 138488.442   186%   569  176s
  2642   904 81682.5702   28  127 48395.1648 138488.442   186%   570  181s
  2719   873 46969.0162   34   64 48395.1648 138488.442   186%   568  185s
  2801   859 90010.9507   23  224 48395.1648 138488.442   186%   576  192s
  2822   881 63401.2791   26  149 48395.1648 138488.442   186%   577  195s
  2948   919 73983.9519   23  266 48395.1648 138488.442   186%   579  201s
  3014   932 48291.6497   29  227 48395.1648 138488.442   186%   582  205s
  3102   938 114608.929   20  331 48395.1648 138488.442   186%   584  210s
H 3175   910                    48395.167822 138488.442   186%   590  215s
  3223   942 114846.278   23  260 48395.1678 138488.442   186%   591  221s
  3360   973 64460.1891   32  147 48395.1678 138488.442   186%   590  227s
  3443   954 91709.5536   20  276 48395.1678 137416.848   184%   590  230s
  3635   993     cutoff   42      48395.1678 136234.737   182%   585  235s

Cutting planes:
  Implied bound: 1892
  MIR: 223
  Flow cover: 114
  Zero half: 161
  RLT: 1
  Relax-and-lift: 49

Explored 3711 nodes (2187255 simplex iterations) in 236.50 seconds (300.47 work units)
Thread count was 10 (of 10 available processors)

Solution count 10: 48395.2 47411.5 47285.2 ... 40661.4

Work limit reached
Best objective 4.839516782184e+04, best bound 1.362347368279e+05, gap 181.5048%

User-callback calls 31473, time in user-callback 0.05 sec

================================================================================
PRICING SUBPROBLEM TYPE 2 - ITERATION 6
================================================================================
Timestamp: 2025-12-03T03:27:42.572
Problem size: 25 scenarios, 25 facilities, 50 customers
================================================================================

Gurobi 12.0.3 (mac64[arm]) logging started Wed Dec  3 03:27:42 2025

Set parameter LogFile to value "/Users/arnav/projects/Candidate-Selection-via-Stochastic-IP/CCG/logs/CG_AF_FL_cap91_K3_S25_pricing_20251203_030802.log"
Set parameter MIPFocus to value 1
Set parameter WorkLimit to value 300

Gurobi 12.0.3 (mac64[arm]) logging started Wed Dec  3 03:27:42 2025

Set parameter LogFile to value "/Users/arnav/projects/Candidate-Selection-via-Stochastic-IP/CCG/logs/CG_AF_FL_cap91_K3_S25_pricing_20251203_030802.log"
Gurobi Optimizer version 12.0.3 build v12.0.3rc0 (mac64[arm] - Darwin 24.6.0 24G84)

CPU model: Apple M4
Thread count: 10 physical cores, 10 logical processors, using up to 10 threads

Non-default parameters:
WorkLimit  300
MIPFocus  1
PoolSearchMode  2

Optimize a model with 3775 rows, 33175 columns and 103096 nonzeros
Model fingerprint: 0xc8f217a6
Variable types: 32500 continuous, 675 integer (675 binary)
Coefficient statistics:
  Matrix range     [3e-01, 2e+05]
  Objective range  [3e-01, 2e+05]
  Bounds range     [0e+00, 0e+00]
  RHS range        [1e+00, 1e+00]
Found heuristic solution: objective -0.0000000
Presolve removed 629 rows and 16354 columns
Presolve time: 0.06s
Presolved: 3146 rows, 16821 columns, 53442 nonzeros
Variable types: 16146 continuous, 675 integer (675 binary)

Root relaxation: objective 4.629148e+05, 2994 iterations, 0.09 seconds (0.14 work units)

    Nodes    |    Current Node    |     Objective Bounds      |     Work
 Expl Unexpl |  Obj  Depth IntInf | Incumbent    BestBd   Gap | It/Node Time

     0     0 462914.763    0  528   -0.00000 462914.763      -     -    0s
     0     0 318810.116    0  505   -0.00000 318810.116      -     -    0s
     0     0 310505.144    0  484   -0.00000 310505.144      -     -    0s
     0     0 309879.949    0  485   -0.00000 309879.949      -     -    1s
     0     0 309752.666    0  484   -0.00000 309752.666      -     -    1s
     0     0 309752.247    0  484   -0.00000 309752.247      -     -    1s
     0     0 271579.574    0  484   -0.00000 271579.574      -     -    1s
H    0     0                    2394.9137731 271579.574      -     -    1s
H    0     0                    7083.1415159 271579.574  3734%     -    1s
H    0     0                    7757.5391719 263749.274  3300%     -    1s
     0     0 263749.274    0  485 7757.53917 263749.274  3300%     -    1s
H    0     0                    8367.0204876 261544.192  3026%     -    2s
     0     0 258498.877    0  479 8367.02049 258498.877  2989%     -    2s
     0     0 258498.877    0  481 8367.02049 258498.877  2989%     -    2s
     0     0 258498.877    0  491 8367.02049 258498.877  2989%     -    2s
     0     0 258498.877    0  490 8367.02049 258498.877  2989%     -    2s
     0     0 258498.877    0  490 8367.02049 258498.877  2989%     -    2s
     0     0 244169.836    0  457 8367.02049 244169.836  2818%     -    2s
H    0     0                    10088.239226 244169.836  2320%     -    2s
H    0     0                    12664.428741 244169.836  1828%     -    2s
     0     0 239481.113    0  455 12664.4287 239481.113  1791%     -    3s
H    0     0                    20994.784841 237942.493  1033%     -    3s
     0     0 237942.493    0  449 20994.7848 237942.493  1033%     -    3s
     0     0 237429.721    0  451 20994.7848 237429.721  1031%     -    3s
H    0     0                    39649.108057 237335.727   499%     -    3s
     0     0 237335.727    0  447 39649.1081 237335.727   499%     -    3s
     0     0 237271.352    0  447 39649.1081 237271.352   498%     -    3s
     0     0 237270.098    0  449 39649.1081 237270.098   498%     -    3s
     0     0 228444.427    0  454 39649.1081 228444.427   476%     -    4s
     0     0 226849.413    0  439 39649.1081 226849.413   472%     -    4s
     0     0 226123.854    0  433 39649.1081 226123.854   470%     -    4s
     0     0 225771.772    0  437 39649.1081 225771.772   469%     -    5s
     0     0 225538.986    0  439 39649.1081 225538.986   469%     -    5s
     0     0 225505.600    0  436 39649.1081 225505.600   469%     -    5s
     0     0 225505.040    0  437 39649.1081 225505.040   469%     -    5s
H    0     0                    42112.519430 225505.040   435%     -    6s
H    0     0                    43160.353210 225505.040   422%     -    6s
     0     0 219814.967    0  430 43160.3532 219814.967   409%     -    7s
H    0     0                    44761.325083 219814.967   391%     -    9s
H    0     0                    44761.332061 219814.967   391%     -   14s
H    0     0                    50525.937804 219814.967   335%     -   24s
     0     2 219814.967    0  430 50525.9378 219814.967   335%     -   25s
    25    46 174412.349    5  325 50525.9378 183789.718   264%  1706   31s
    98   110 92289.1994   11  231 50525.9378 183789.718   264%  1351   35s
   225   208 104149.487   15  178 50525.9378 183789.718   264%   878   40s
H  359   313                    51816.451448 183789.718   255%   650   42s
   454   406     cutoff   40      51816.4514 183789.718   255%   586   45s
   645   566 43806.3440   22  124 51816.4514 171606.251   231%   587   50s
   884   697 81966.3394    9  303 51816.4514 171602.699   231%   558   55s
  1067   767 116195.353   13  213 51816.4514 165222.298   219%   544   61s
  1204   897 70419.1794   19  143 51816.4514 156695.178   202%   543   65s
  1415   918     cutoff   13      51816.4514 151853.468   193%   528   72s
  1518   998 66603.6114   16  222 51816.4514 148418.620   186%   523   75s
  1688  1072 116130.488   13  204 51816.4514 144603.766   179%   515   80s
  1758  1126 90205.2023   16  189 51816.4514 144182.783   178%   519   86s
  1972  1129 58977.3426   20  102 51816.4514 139412.542   169%   507   92s
  2144  1229 90266.8434   10  229 51816.4514 139412.542   169%   504   97s
  2257  1269     cutoff   13      51816.4514 133742.708   158%   504  100s
  2427   829 69081.9383   15  430 51816.4514 133742.708   158%   503  130s
  2433   833 99544.7971   17  477 51816.4514 133742.708   158%   502  135s
  2441   838 51816.4514   32  414 51816.4514 133742.708   158%   500  140s
  2448   843 99902.6946   12  414 51816.4514 133742.708   158%   499  145s
  2453   846 118747.263   10  417 51816.4514 133742.708   158%   497  182s
  2456   853 133742.708   13  368 51816.4514 133742.708   158%   510  186s
  2468   867 133742.708   15  341 51816.4514 133742.708   158%   520  191s
  2522   899 133742.708   18  286 51816.4514 133742.708   158%   544  196s
  2579   928 133742.708   21  254 51816.4514 133742.708   158%   563  200s
  2697   942 84636.0561   27  147 51816.4514 133742.708   158%   577  206s
  2805   946 105648.285   18  324 51816.4514 133742.708   158%   582  210s
  2953   990 118633.669   16  320 51816.4514 133742.708   158%   591  216s
  3001  1026 102895.308   18  290 51816.4514 133742.708   158%   594  220s
  3143  1061 72636.8407   22  232 51816.4514 133742.708   158%   595  225s
  3274  1068 50465.8197   27  183 51816.4514 133742.708   158%   599  231s
  3382  1100 44532.5760   26  199 51816.4514 133742.708   158%   604  236s

Cutting planes:
  Implied bound: 1942
  MIR: 247
  Flow cover: 96
  Zero half: 143
  RLT: 1
  Relax-and-lift: 56

Explored 3465 nodes (2100586 simplex iterations) in 236.19 seconds (301.39 work units)
Thread count was 10 (of 10 available processors)

Solution count 10: 51816.5 50813.6 50525.9 ... 43160.4

Work limit reached
Best objective 5.181645144837e+04, best bound 1.337427075731e+05, gap 158.1086%

User-callback calls 33474, time in user-callback 0.06 sec

================================================================================
PRICING SUBPROBLEM TYPE 2 - ITERATION 7
================================================================================
Timestamp: 2025-12-03T03:31:39.398
Problem size: 25 scenarios, 25 facilities, 50 customers
================================================================================

Gurobi 12.0.3 (mac64[arm]) logging started Wed Dec  3 03:31:39 2025

Set parameter LogFile to value "/Users/arnav/projects/Candidate-Selection-via-Stochastic-IP/CCG/logs/CG_AF_FL_cap91_K3_S25_pricing_20251203_030802.log"
Set parameter MIPFocus to value 1
Set parameter WorkLimit to value 300

Gurobi 12.0.3 (mac64[arm]) logging started Wed Dec  3 03:31:39 2025

Set parameter LogFile to value "/Users/arnav/projects/Candidate-Selection-via-Stochastic-IP/CCG/logs/CG_AF_FL_cap91_K3_S25_pricing_20251203_030802.log"
Gurobi Optimizer version 12.0.3 build v12.0.3rc0 (mac64[arm] - Darwin 24.6.0 24G84)

CPU model: Apple M4
Thread count: 10 physical cores, 10 logical processors, using up to 10 threads

Non-default parameters:
WorkLimit  300
MIPFocus  1
PoolSearchMode  2

Optimize a model with 3775 rows, 33175 columns and 103096 nonzeros
Model fingerprint: 0xa5b5cd54
Variable types: 32500 continuous, 675 integer (675 binary)
Coefficient statistics:
  Matrix range     [3e-01, 2e+05]
  Objective range  [3e-01, 2e+05]
  Bounds range     [0e+00, 0e+00]
  RHS range        [1e+00, 1e+00]
Found heuristic solution: objective -0.0000000
Presolve removed 629 rows and 16354 columns
Presolve time: 0.09s
Presolved: 3146 rows, 16821 columns, 53442 nonzeros
Variable types: 16146 continuous, 675 integer (675 binary)

Root relaxation: objective 4.685362e+05, 2907 iterations, 0.10 seconds (0.13 work units)

    Nodes    |    Current Node    |     Objective Bounds      |     Work
 Expl Unexpl |  Obj  Depth IntInf | Incumbent    BestBd   Gap | It/Node Time

     0     0 468536.198    0  529   -0.00000 468536.198      -     -    0s
H    0     0                    4112.0915254 326786.166  7847%     -    0s
H    0     0                    9138.7016156 326786.166  3476%     -    0s
H    0     0                    10085.066765 326786.166  3140%     -    0s
     0     0 326786.166    0  500 10085.0668 326786.166  3140%     -    0s
     0     0 316255.387    0  490 10085.0668 316255.387  3036%     -    1s
     0     0 314888.659    0  493 10085.0668 314888.659  3022%     -    1s
     0     0 314713.791    0  490 10085.0668 314713.791  3021%     -    1s
     0     0 314685.355    0  489 10085.0668 314685.355  3020%     -    1s
     0     0 278346.973    0  481 10085.0668 278346.973  2660%     -    2s
H    0     0                    22145.959573 278346.973  1157%     -    2s
     0     0 270143.613    0  482 22145.9596 270143.613  1120%     -    2s
     0     0 266494.426    0  486 22145.9596 266494.426  1103%     -    3s
     0     0 265848.568    0  488 22145.9596 265848.568  1100%     -    3s
     0     0 265709.754    0  490 22145.9596 265709.754  1100%     -    3s
     0     0 265635.923    0  487 22145.9596 265635.923  1099%     -    3s
     0     0 265634.576    0  486 22145.9596 265634.576  1099%     -    3s
H    0     0                    24015.662460 247845.399   932%     -    4s
H    0     0                    27884.819089 247845.399   789%     -    4s
     0     0 247845.399    0  473 27884.8191 247845.399   789%     -    4s
     0     0 243858.254    0  456 27884.8191 243858.254   775%     -    4s
H    0     0                    31254.278569 242638.196   676%     -    4s
     0     0 242638.196    0  451 31254.2786 242638.196   676%     -    4s
H    0     0                    32666.639225 242102.458   641%     -    4s
H    0     0                    34675.826923 242102.458   598%     -    4s
H    0     0                    34987.371425 242102.458   592%     -    4s
H    0     0                    35040.716463 242102.458   591%     -    4s
     0     0 242102.458    0  450 35040.7165 242102.458   591%     -    4s
     0     0 242009.576    0  453 35040.7165 242009.576   591%     -    4s
     0     0 241975.190    0  458 35040.7165 241975.190   591%     -    4s
     0     0 241947.287    0  458 35040.7165 241947.287   590%     -    4s
     0     0 241947.287    0  458 35040.7165 241947.287   590%     -    4s
     0     0 232229.696    0  436 35040.7165 232229.696   563%     -    6s
H    0     0                    37209.645858 232229.696   524%     -    6s
     0     0 229641.633    0  439 37209.6459 229641.633   517%     -    6s
     0     0 228762.431    0  441 37209.6459 228762.431   515%     -    7s
     0     0 228549.698    0  440 37209.6459 228549.698   514%     -    7s
     0     0 228462.415    0  442 37209.6459 228462.415   514%     -    7s
     0     0 228456.950    0  444 37209.6459 228456.950   514%     -    7s
     0     0 223221.362    0  407 37209.6459 223221.362   500%     -    9s
H    0     0                    37951.036352 223221.362   488%     -   26s
H    0     0                    42983.255086 223221.362   419%     -   26s
H    0     0                    49662.575764 223221.362   349%     -   27s
     0     2 223221.362    0  407 49662.5758 223221.362   349%     -   30s
    15    26 185749.794    4  331 49662.5758 189112.467   281%  2012   35s
H   20    26                    50373.680670 189112.467   275%  1764   35s
    56    73 151942.011    8  315 50373.6807 185744.480   269%  1769   41s
   122   125 97300.6571   16  237 50373.6807 185744.480   269%  1309   45s
   267   272     cutoff   23      50373.6807 185744.480   269%   801   50s
   443   387 103559.673   10  330 50373.6807 184836.866   267%   684   55s
   600   505 41048.0080   15  219 50373.6807 170971.695   239%   627   60s
   747   588 76794.0875   13  339 50373.6807 163087.025   224%   631   65s
   950   709 94416.8033    9  276 50373.6807 157608.034   213%   631   71s
  1066   762 133172.433    8  333 50373.6807 157060.858   212%   631   75s
  1200   818 115564.535   11  251 50373.6807 153534.793   205%   618   80s
  1470   998 72792.1705   13  275 50373.6807 148301.808   194%   591   86s
  1698  1117 118226.750    9  332 50373.6807 145011.928   188%   583   91s
  1853  1210 infeasible   17      50373.6807 145007.032   188%   570   97s
  1937  1246 115746.076    9  331 50373.6807 141310.689   181%   573  100s
  2085  1337     cutoff   12      50373.6807 141310.689   181%   565  106s
  2331   832 136616.351   12  407 50373.6807 137018.913   172%   557  137s
  2336   835 90365.7361   18  490 50373.6807 137018.913   172%   556  140s
  2345   841 59119.4026   19  405 50373.6807 137018.913   172%   554  145s
  2353   847 125489.162   10  403 50373.6807 137018.913   172%   552  150s
  2356   807 50373.6807   31  408 50373.6807 137018.913   172%   551  179s
  2357   810 137018.913   12  394 50373.6807 137018.913   172%   562  181s
  2371   826 137018.913   15  346 50373.6807 137018.913   172%   571  185s
  2426   859 137018.913   18  315 50373.6807 137018.913   172%   594  190s
H 2485   850                    50373.682674 137018.913   172%   607  193s
  2500   855 134856.929   21  237 50373.6827 137018.913   172%   608  195s
  2610   888 86057.9269   27  132 50373.6827 137018.913   172%   606  200s
  2793   925 102838.090   19  339 50373.6827 137018.913   172%   608  205s
  2928   948 111169.124   20  287 50373.6827 137018.913   172%   609  211s
  3070   980 137018.913   18  308 50373.6827 137018.913   172%   606  216s
H 3116   942                    50586.067635 137018.913   171%   609  219s
  3120   972 105534.981   21  284 50586.0676 137018.913   171%   609  220s
  3292  1013     cutoff   22      50586.0676 137018.913   171%   608  225s

Cutting planes:
  Implied bound: 1880
  MIR: 189
  Flow cover: 97
  Zero half: 142
  Relax-and-lift: 47

Explored 3344 nodes (2051344 simplex iterations) in 225.39 seconds (300.87 work units)
Thread count was 10 (of 10 available processors)

Solution count 10: 50586.1 50373.7 50373.7 ... 43505.9

Work limit reached
Best objective 5.058606763456e+04, best bound 1.370189129497e+05, gap 170.8629%

User-callback calls 36050, time in user-callback 0.05 sec

================================================================================
PRICING SUBPROBLEM TYPE 2 - ITERATION 8
================================================================================
Timestamp: 2025-12-03T03:35:25.434
Problem size: 25 scenarios, 25 facilities, 50 customers
================================================================================

Gurobi 12.0.3 (mac64[arm]) logging started Wed Dec  3 03:35:25 2025

Set parameter LogFile to value "/Users/arnav/projects/Candidate-Selection-via-Stochastic-IP/CCG/logs/CG_AF_FL_cap91_K3_S25_pricing_20251203_030802.log"
Set parameter MIPFocus to value 1
Set parameter WorkLimit to value 300

Gurobi 12.0.3 (mac64[arm]) logging started Wed Dec  3 03:35:25 2025

Set parameter LogFile to value "/Users/arnav/projects/Candidate-Selection-via-Stochastic-IP/CCG/logs/CG_AF_FL_cap91_K3_S25_pricing_20251203_030802.log"
Gurobi Optimizer version 12.0.3 build v12.0.3rc0 (mac64[arm] - Darwin 24.6.0 24G84)

CPU model: Apple M4
Thread count: 10 physical cores, 10 logical processors, using up to 10 threads

Non-default parameters:
WorkLimit  300
MIPFocus  1
PoolSearchMode  2

Optimize a model with 3775 rows, 33175 columns and 103096 nonzeros
Model fingerprint: 0xbfbe1cae
Variable types: 32500 continuous, 675 integer (675 binary)
Coefficient statistics:
  Matrix range     [3e-01, 2e+05]
  Objective range  [3e-01, 2e+05]
  Bounds range     [0e+00, 0e+00]
  RHS range        [1e+00, 1e+00]
Found heuristic solution: objective -0.0000000
Presolve removed 629 rows and 16354 columns
Presolve time: 0.09s
Presolved: 3146 rows, 16821 columns, 53442 nonzeros
Variable types: 16146 continuous, 675 integer (675 binary)

Root relaxation: objective 4.684230e+05, 2961 iterations, 0.09 seconds (0.12 work units)

    Nodes    |    Current Node    |     Objective Bounds      |     Work
 Expl Unexpl |  Obj  Depth IntInf | Incumbent    BestBd   Gap | It/Node Time

     0     0 468423.025    0  530   -0.00000 468423.025      -     -    0s
H    0     0                    1650.4287512 327494.688      -     -    1s
     0     0 326976.953    0  505 1650.42875 326976.953      -     -    1s
     0     0 315847.020    0  487 1650.42875 315847.020      -     -    1s
     0     0 314407.337    0  491 1650.42875 314407.337      -     -    1s
     0     0 314187.376    0  489 1650.42875 314187.376      -     -    1s
     0     0 314171.809    0  489 1650.42875 314171.809      -     -    1s
     0     0 281285.532    0  487 1650.42875 281285.532      -     -    2s
H    0     0                    7848.5704890 281285.532  3484%     -    2s
H    0     0                    18597.927214 281285.532  1412%     -    2s
     0     0 270780.312    0  492 18597.9272 270780.312  1356%     -    2s
     0     0 268011.972    0  496 18597.9272 268011.972  1341%     -    2s
     0     0 267393.650    0  495 18597.9272 267393.650  1338%     -    3s
     0     0 267155.531    0  496 18597.9272 267155.531  1336%     -    3s
     0     0 267055.318    0  496 18597.9272 267055.318  1336%     -    3s
     0     0 267043.053    0  498 18597.9272 267043.053  1336%     -    3s
H    0     0                    36502.189875 248491.779   581%     -    4s
     0     0 248491.779    0  464 36502.1899 248491.779   581%     -    4s
     0     0 243618.027    0  458 36502.1899 243618.027   567%     -    4s
H    0     0                    44980.702334 242524.535   439%     -    4s
     0     0 242524.535    0  454 44980.7023 242524.535   439%     -    4s
     0     0 242088.353    0  459 44980.7023 242088.353   438%     -    4s
     0     0 242029.850    0  459 44980.7023 242029.850   438%     -    4s
     0     0 242009.543    0  456 44980.7023 242009.543   438%     -    4s
     0     0 232119.398    0  441 44980.7023 232119.398   416%     -    5s
     0     0 229811.206    0  449 44980.7023 229811.206   411%     -    6s
     0     0 229337.742    0  443 44980.7023 229337.742   410%     -    6s
     0     0 229188.810    0  443 44980.7023 229188.810   410%     -    6s
     0     0 229129.547    0  443 44980.7023 229129.547   409%     -    6s
     0     0 229095.058    0  440 44980.7023 229095.058   409%     -    6s
     0     0 229090.144    0  440 44980.7023 229090.144   409%     -    6s
     0     0 223556.255    0  424 44980.7023 223556.255   397%     -    8s
H    0     0                    45106.231286 223556.255   396%     -   12s
H    0     0                    48941.596101 223556.255   357%     -   12s
H    0     0                    50247.340773 223556.255   345%     -   30s
     0     2 223556.255    0  424 50247.3408 223556.255   345%     -   31s
     7    16 189913.883    3  363 50247.3408 206119.584   310%  1908   35s
H   43    44                    50247.345433 181149.064   261%  1693   38s
    45    55 167208.906    7  313 50247.3454 181149.064   261%  1713   40s
H   62    68                    50373.680670 181149.064   260%  1616   41s
   109   129 126176.032   12  297 50373.6807 181149.064   260%  1383   46s
   170   165 107639.933   14  253 50373.6807 181149.064   260%  1185   50s
   260   270 86737.4323   17  220 50373.6807 179741.261   257%   924   55s
   379   334 65410.1541   22  122 50373.6807 172968.626   243%   806   60s
   476   387 149429.462    6  350 50373.6807 169490.112   236%   792   66s
   572   466 124749.928    9  306 50373.6807 169490.112   236%   806   70s
   800   556 77191.3066   12  328 50373.6807 159366.260   216%   758   75s
   962   665 129513.583    7  321 50373.6807 156358.547   210%   734   81s
  1196   830 130316.559   10  279 50373.6807 156311.610   210%   735   86s
  1437   857     cutoff   13      50373.6807 147558.854   193%   700   91s
H 1461   857                    50373.683775 144856.637   188%   704   91s
  1608   970 110186.959   11  264 50373.6838 143658.779   185%   702   96s
  1769  1080     cutoff   20      50373.6838 143658.779   185%   695  100s
  2032  1121 48246.9566   17  204 50373.6838 142512.009   183%   667  105s
  2286   778 50373.6838   31  424 50373.6838 142512.009   183%   656  129s
  2288   779 61888.9706   17  530 50373.6838 142512.009   183%   656  130s
  2294   783 82555.9912   13  437 50373.6838 142512.009   183%   654  135s
  2306   791 132214.902    9  404 50373.6838 142512.009   183%   650  141s
  2310   794 59120.9961   12  405 50373.6838 142512.009   183%   649  177s
  2317   808 142512.009   14  369 50373.6838 142512.009   183%   665  181s
  2335   829 142512.009   16  329 50373.6838 142512.009   183%   678  185s
  2433   886 140598.589   20  264 50373.6838 142512.009   183%   711  191s
  2561   792 116374.206   24  228 50373.6838 142512.009   183%   712  196s
  2620   803 88696.9417   27  186 50373.6838 142512.009   183%   719  200s
  2746   807 127047.816   17  363 50373.6838 142512.009   183%   714  207s
  2800   815 106747.054   19  328 50373.6838 142512.009   183%   717  212s
  2842   834 78801.0700   22  340 50373.6838 142512.009   183%   720  216s

Cutting planes:
  Implied bound: 1871
  MIR: 196
  Flow cover: 116
  Inf proof: 2
  Zero half: 143
  RLT: 2
  Relax-and-lift: 52

Explored 2928 nodes (2103592 simplex iterations) in 219.98 seconds (300.62 work units)
Thread count was 10 (of 10 available processors)

Solution count 10: 50373.7 50247.3 50155.9 ... 48114.4

Work limit reached
Best objective 5.037368377506e+04, best bound 1.425120085589e+05, gap 182.9096%

User-callback calls 37455, time in user-callback 0.06 sec
Set parameter MIPFocus to value 0
Set parameter WorkLimit to value 2.7599450816448894e+04
Gurobi Optimizer version 12.0.3 build v12.0.3rc0 (mac64[arm] - Darwin 24.6.0 24G84)

CPU model: Apple M4
Thread count: 10 physical cores, 10 logical processors, using up to 10 threads

Non-default parameters:
WorkLimit  2.7599450816448894e+04
PoolSearchMode  2

Optimize a model with 3775 rows, 33175 columns and 103096 nonzeros
Model fingerprint: 0xbfbe1cae
Variable types: 32500 continuous, 675 integer (675 binary)
Coefficient statistics:
  Matrix range     [3e-01, 2e+05]
  Objective range  [3e-01, 2e+05]
  Bounds range     [0e+00, 0e+00]
  RHS range        [1e+00, 1e+00]
Presolved: 3146 rows, 16821 columns, 53442 nonzeros

Continuing optimization...

  2928   812     cutoff   29      50373.6838 142512.009   183%   712  222s
  2961   823 125040.495   22  256 50373.6838 142512.009   183%   715  225s
  3101   845 104540.224   20  302 50373.6838 142512.009   183%   717  231s
  3203   863 68989.9822   24  265 50373.6838 142512.009   183%   716  236s
  3322   882 125757.188   22  249 50373.6838 142512.009   183%   712  241s
  3452   862 85516.3597   27  204 50373.6838 142512.009   183%   706  245s
  3565   869 81210.6973   21  253 50373.6838 141602.225   181%   707  250s
  3713   882 88473.0802   20  265 50373.6838 134023.706   166%   701  255s
  3837   879 99000.7286   20  275 50373.6838 134023.706   166%   701  260s
  4141   895     cutoff   21      50373.6838 128442.537   155%   689  266s
  4372   987 107069.864   20  269 50373.6838 125989.922   150%   676  270s
  4712  1087 87588.2060   24  252 50373.6838 123759.504   146%   665  276s
  4834  1122 73841.4014   27  195 50373.6838 122364.143   143%   665  281s
  5113  1208 83146.4298   21  307 50373.6838 121361.759   141%   656  287s
  5249  1242     cutoff   26      50373.6838 121282.914   141%   654  290s
  5496  1271 84728.5127   22  263 50373.6838 119778.220   138%   650  296s
  5817  1354 70928.6475   24  281 50373.6838 117736.802   134%   644  302s
  6019  1418 71658.5185   25  273 50373.6838 115794.964   130%   638  306s
  6215  1479 67584.7623   26  201 50373.6838 114879.241   128%   634  310s
  6439  1497 59706.9055   25  209 50373.6838 114701.153   128%   628  315s
  6517  1541 53779.3047   26  211 50373.6838 114385.160   127%   627  320s
  6719  1574     cutoff   23      50373.6838 112740.488   124%   624  326s
  6829  1631 58722.6306   26  214 50373.6838 112740.488   124%   624  331s
  7048  1692     cutoff   28      50373.6838 111355.259   121%   620  338s
  7273  1762     cutoff   28      50373.6838 110871.246   120%   618  346s
  7557  1830 64235.6445   32  131 50373.6838 109424.762   117%   611  353s
  7847  1912 56289.5119   20  268 50373.6838 109295.409   117%   605  360s
  8104  1955 50855.9626   36   40 50373.6838 106430.729   111%   599  368s
  8284  2021 61004.9853   24  191 50373.6838 106430.729   111%   594  375s
  8617  2054 60352.8436   26  209 50373.6838 105277.413   109%   589  384s
  9018  2139 65428.1784   26  216 50373.6838 104230.229   107%   580  393s
  9390  2193     cutoff   27      50373.6838 102414.945   103%   574  402s
  9677  2255     cutoff   23      50373.6838 101601.134   102%   572  412s
 10061  2343     cutoff   39      50373.6838 100185.517  98.9%   568  421s
 10522  2409 54492.3671   30  133 50373.6838 98948.3156  96.4%   561  430s
 10931  2492     cutoff   30      50373.6838 97901.2856  94.4%   556  443s
 11382  2538     cutoff   25      50373.6838 96723.8354  92.0%   551  455s
 11849  2637 81453.5107   26  186 50373.6838 95147.2022  88.9%   546  467s
 12394  2736     cutoff   23      50373.6838 94198.2110  87.0%   540  476s
 12962  2795 76368.4264   22  261 50373.6838 92825.4152  84.3%   533  484s
 13507  2907 57149.7267   30  162 50373.6838 91891.7663  82.4%   528  493s
 14136  2884 71661.2351   24  268 50373.6838 90955.3816  80.6%   521  500s
 14777  2937     cutoff   26      50373.6838 89595.1592  77.9%   515  510s
 15143  2991 56241.2352   40   50 50373.6838 89045.1931  76.8%   511  522s
 15924  3049 59521.1306   26  239 50373.6838 88175.6173  75.0%   503  535s
 16667  3076 63633.9834   24  284 50373.6838 86718.0021  72.1%   497  552s
 17391  3151     cutoff   31      50373.6838 85867.8728  70.5%   492  564s
 18166  3178 infeasible   27      50373.6838 84466.9467  67.7%   485  580s
 18955  3154 73779.5687   24  206 50373.6838 82940.2613  64.6%   479  595s
 19635  3141 69315.0753   24  220 50373.6838 81616.1706  62.0%   476  611s
 20397  3065 64634.5575   25  241 50373.6838 80322.0204  59.5%   471  631s
 21173  3007 63598.1713   25  229 50373.6838 79383.0943  57.6%   467  647s
 22014  2944     cutoff   28      50373.6838 78149.0952  55.1%   462  659s
 22808  2842 57417.2354   24  226 50373.6838 77066.0930  53.0%   458  670s
 23672  2742     cutoff   23      50373.6838 75573.2488  50.0%   454  679s
 24625  2584 59548.1574   26  260 50373.6838 74654.8139  48.2%   450  690s
 25554  2358 50863.1154   31  131 50373.6838 73242.4929  45.4%   446  701s
 26598  2090     cutoff   25      50373.6838 71182.3923  41.3%   441  711s
 27622  1614     cutoff   25      50373.6838 69320.8229  37.6%   438  724s
 28626  1150     cutoff   26      50373.6838 67230.9280  33.5%   434  739s
 29649   585     cutoff   25      50373.6838 63397.6610  25.9%   431  751s
*30348   585              47    50577.180871 63342.4423  25.2%   424  751s
 31345    49 51083.9512   40   30 50577.1809 57000.8780  12.7%   416  764s
 32785     0 52316.9364   34   42 50577.1809 55041.5967  8.83%   401  766s

Cutting planes:
  Implied bound: 1974
  MIR: 257
  Flow cover: 164
  Inf proof: 2
  Zero half: 175
  RLT: 2
  Relax-and-lift: 60

Explored 32888 nodes (13157951 simplex iterations) in 546.05 seconds (675.85 work units)
Thread count was 10 (of 10 available processors)

Solution count 10: 50577.2 50373.7 50373.7 ... 50373.7
No other solutions better than 50373.7

Optimal solution found (tolerance 1.00e-04)
Best objective 5.057718087113e+04, best bound 5.057718087113e+04, gap 0.0000%

User-callback calls 71860, time in user-callback 0.15 sec

Phase 2 Results:
  Status: Optimal
  RC-improving solutions found: 1
  Total work units: 976.47
================================================================================

================================================================================
PRICING SUBPROBLEM TYPE 2 - ITERATION 9
================================================================================
Timestamp: 2025-12-03T03:48:11.947
Problem size: 25 scenarios, 25 facilities, 50 customers
================================================================================

Gurobi 12.0.3 (mac64[arm]) logging started Wed Dec  3 03:48:11 2025

Set parameter LogFile to value "/Users/arnav/projects/Candidate-Selection-via-Stochastic-IP/CCG/logs/CG_AF_FL_cap91_K3_S25_pricing_20251203_030802.log"
Set parameter MIPFocus to value 1
Set parameter WorkLimit to value 300

Gurobi 12.0.3 (mac64[arm]) logging started Wed Dec  3 03:48:11 2025

Set parameter LogFile to value "/Users/arnav/projects/Candidate-Selection-via-Stochastic-IP/CCG/logs/CG_AF_FL_cap91_K3_S25_pricing_20251203_030802.log"
Gurobi Optimizer version 12.0.3 build v12.0.3rc0 (mac64[arm] - Darwin 24.6.0 24G84)

CPU model: Apple M4
Thread count: 10 physical cores, 10 logical processors, using up to 10 threads

Non-default parameters:
WorkLimit  300
MIPFocus  1
PoolSearchMode  2

Optimize a model with 3775 rows, 33175 columns and 103096 nonzeros
Model fingerprint: 0x8fb9cb2d
Variable types: 32500 continuous, 675 integer (675 binary)
Coefficient statistics:
  Matrix range     [3e-01, 2e+05]
  Objective range  [3e-01, 2e+05]
  Bounds range     [0e+00, 0e+00]
  RHS range        [1e+00, 1e+00]
Found heuristic solution: objective -0.0000000
Presolve removed 629 rows and 16354 columns
Presolve time: 0.09s
Presolved: 3146 rows, 16821 columns, 53442 nonzeros
Variable types: 16146 continuous, 675 integer (675 binary)

Root relaxation: objective 4.684077e+05, 2961 iterations, 0.12 seconds (0.12 work units)

    Nodes    |    Current Node    |     Objective Bounds      |     Work
 Expl Unexpl |  Obj  Depth IntInf | Incumbent    BestBd   Gap | It/Node Time

     0     0 468407.654    0  530   -0.00000 468407.654      -     -    0s
H    0     0                    8941.9679907 467931.877  5133%     -    0s
H    0     0                    12220.938604 467931.877  3729%     -    0s
H    0     0                    14467.817660 467931.877  3134%     -    0s
H    0     0                    14780.896877 467931.877  3066%     -    0s
H    0     0                    14956.171067 467931.877  3029%     -    0s
H    0     0                    15036.483985 467931.877  3012%     -    0s
     0     0 327012.478    0  504 15036.4840 327012.478  2075%     -    1s
H    0     0                    15322.102106 327012.478  2034%     -    1s
H    0     0                    15820.480253 327012.478  1967%     -    1s
     0     0 316353.348    0  490 15820.4803 316353.348  1900%     -    1s
     0     0 315178.560    0  492 15820.4803 315178.560  1892%     -    1s
     0     0 314956.696    0  490 15820.4803 314956.696  1891%     -    1s
     0     0 314949.291    0  490 15820.4803 314949.291  1891%     -    1s
     0     0 276315.088    0  490 15820.4803 276315.088  1647%     -    2s
H    0     0                    25459.797930 276315.088   985%     -    2s
H    0     0                    26691.883022 276315.088   935%     -    2s
H    0     0                    27530.833035 276315.088   904%     -    2s
     0     0 268005.558    0  492 27530.8330 268005.558   873%     -    2s
     0     0 263859.988    0  497 27530.8330 263859.988   858%     -    3s
     0     0 263859.988    0  493 27530.8330 263859.988   858%     -    3s
     0     0 263859.988    0  495 27530.8330 263859.988   858%     -    3s
     0     0 263859.988    0  495 27530.8330 263859.988   858%     -    3s
     0     0 247649.065    0  467 27530.8330 247649.065   800%     -    4s
     0     0 243370.845    0  456 27530.8330 243370.845   784%     -    4s
     0     0 241974.875    0  459 27530.8330 241974.875   779%     -    4s
     0     0 241653.679    0  457 27530.8330 241653.679   778%     -    5s
     0     0 241604.457    0  448 27530.8330 241604.457   778%     -    5s
     0     0 241577.752    0  448 27530.8330 241577.752   777%     -    5s
     0     0 241576.090    0  448 27530.8330 241576.090   777%     -    5s
     0     0 230592.522    0  465 27530.8330 230592.522   738%     -    6s
H    0     0                    33471.007708 227907.520   581%     -    6s
     0     0 227907.520    0  451 33471.0077 227907.520   581%     -    6s
     0     0 227179.182    0  446 33471.0077 227179.182   579%     -    6s
     0     0 226912.162    0  448 33471.0077 226912.162   578%     -    6s
     0     0 226811.503    0  444 33471.0077 226811.503   578%     -    6s
     0     0 226805.102    0  442 33471.0077 226805.102   578%     -    6s
H    0     0                    36817.278696 226805.102   516%     -    8s
H    0     0                    38900.619353 226805.102   483%     -    8s
H    0     0                    39474.968680 226805.102   475%     -    8s
H    0     0                    41334.537809 226805.102   449%     -    8s
     0     0 220970.669    0  421 41334.5378 220970.669   435%     -    9s
H    0     0                    44424.706617 220970.669   397%     -   13s
     0     2 220970.669    0  421 44424.7066 220970.669   397%     -   30s
    25    46 175398.760    5  323 44424.7066 184424.069   315%  1884   35s
H   82    98                    45494.582297 184424.069   305%  1485   39s
H   88    98                    50155.884023 184424.069   268%  1441   39s
   113   143 142879.805   10  251 50155.8840 184424.069   268%  1294   40s
   251   261 79796.9759   18  212 50155.8840 175173.870   249%   839   45s
   399   353 51150.2396   30   60 50155.8840 175173.870   249%   688   50s
   498   443 98950.5293   10  296 50155.8840 175173.870   249%   683   55s
   643   532 47624.3509   21  100 50155.8840 165725.473   230%   631   61s
H  687   565                    50373.680670 165725.473   229%   618   63s
   710   562 104020.559    8  258 50373.6807 162940.608   223%   609   65s
   869   603     cutoff   10      50373.6807 156073.365   210%   587   70s
  1036   711     cutoff   15      50373.6807 156073.365   210%   574   75s
  1217   809 49866.7247   12  249 50373.6807 156073.365   210%   574   81s
  1326   888 47402.4615   18  182 50373.6807 144812.472   187%   569   85s
  1465   922 43675.9245   24   78 50373.6807 144209.223   186%   562   90s
  1635   958     cutoff   20      50373.6807 144209.223   186%   553   95s
  1760  1074     cutoff   20      50373.6807 144209.223   186%   550  100s
  1890  1147 75346.1253   13  220 50373.6807 138606.777   175%   544  107s
  2117  1247 121652.821   10  280 50373.6807 137327.308   173%   535  112s
  2201  1312 53171.0811   17  195 50373.6807 137327.308   173%   534  116s
  2342   827 60871.3262   11  421 50373.6807 137327.308   173%   529  138s
  2347   830 50373.6807   15  500 50373.6807 137327.308   173%   528  140s
  2361   840 50373.6807   22  422 50373.6807 137327.308   173%   525  145s
  2367   844 121212.155   10  420 50373.6807 137327.308   173%   524  166s
  2370   851 137327.308   13  386 50373.6807 137327.308   173%   537  170s
  2392   885 137327.308   16  327 50373.6807 137327.308   173%   554  177s
  2444   903 137327.308   19  280 50373.6807 137327.308   173%   568  182s
  2478   928 137327.308   20  260 50373.6807 137327.308   173%   575  185s
  2550   908 113123.451   24  178 50373.6807 137327.308   173%   583  190s
  2695   869     cutoff   32      50373.6807 137327.308   173%   575  195s
  2783   858 119418.095   20  318 50373.6807 137327.308   173%   578  201s
  2800   862 61721.2207   22  268 50373.6807 137327.308   173%   584  205s
  2871   905 47043.2384   36   35 50373.6807 137327.308   173%   588  210s
  2950   932 131362.742   21  286 50373.6807 137327.308   173%   593  216s
  3043   898 94926.0572   25  265 50373.6807 137327.308   173%   592  220s
  3204   922     cutoff   21      50373.6807 137327.308   173%   593  226s

Cutting planes:
  Implied bound: 1881
  MIR: 218
  Flow cover: 117
  Zero half: 151
  Relax-and-lift: 52

Explored 3261 nodes (1963088 simplex iterations) in 227.95 seconds (301.03 work units)
Thread count was 10 (of 10 available processors)

Solution count 10: 50373.7 50373.7 50373.7 ... 46616.4

Work limit reached
Best objective 5.037368066999e+04, best bound 1.373273084040e+05, gap 172.6172%

User-callback calls 33959, time in user-callback 0.05 sec
Set parameter MIPFocus to value 0
Set parameter WorkLimit to value 2.6622953497982897e+04
Gurobi Optimizer version 12.0.3 build v12.0.3rc0 (mac64[arm] - Darwin 24.6.0 24G84)

CPU model: Apple M4
Thread count: 10 physical cores, 10 logical processors, using up to 10 threads

Non-default parameters:
WorkLimit  2.6622953497982897e+04
PoolSearchMode  2

Optimize a model with 3775 rows, 33175 columns and 103096 nonzeros
Model fingerprint: 0x8fb9cb2d
Variable types: 32500 continuous, 675 integer (675 binary)
Coefficient statistics:
  Matrix range     [3e-01, 2e+05]
  Objective range  [3e-01, 2e+05]
  Bounds range     [0e+00, 0e+00]
  RHS range        [1e+00, 1e+00]
Presolved: 3146 rows, 16821 columns, 53442 nonzeros

Continuing optimization...

  3261   947 91850.4603   24  247 50373.6807 137327.308   173%   596  230s
  3437   964 98216.6077   21  308 50373.6807 137327.308   173%   594  237s
  3550   977 49886.9199   32  159 50373.6807 137327.308   173%   595  242s
  3654  1013 71642.2206   27  209 50373.6807 137327.308   173%   599  247s
* 3666   934              39    50373.680670 137327.308   173%   598  247s
  3824   867     cutoff   22      50373.6807 134042.252   166%   595  252s
  3898   867 50546.7816   28  199 50373.6807 134037.515   166%   596  255s
  4059   876 85344.5322   23  302 50373.6807 132447.965   163%   594  260s
  4371   940 111806.946   20  311 50373.6807 128904.368   156%   586  265s
  4606  1018 97506.4386   27  210 50373.6807 128904.368   156%   579  270s
  4839  1118 106188.632   21  265 50373.6807 126984.936   152%   574  275s
  5059  1188 96806.9795   25  251 50373.6807 125408.614   149%   572  280s
  5526  1303     cutoff   21      50373.6807 122052.949   142%   561  287s
  5764  1394 102786.643   20  325 50373.6807 120345.543   139%   557  292s
  5904  1399 86773.6802   22  276 50373.6807 120344.878   139%   558  297s
  5919  1433 76131.9138   23  287 50373.6807 120344.878   139%   559  301s
  6063  1486 88827.7119   23  277 50373.6807 119042.685   136%   558  305s
  6430  1576     cutoff   28      50373.6807 117601.651   133%   554  313s
  6602  1621 69087.5142   23  267 50373.6807 117085.102   132%   554  318s
  6747  1659 56750.8629   34   90 50373.6807 117075.528   132%   550  323s
  6921  1733     cutoff   26      50373.6807 115943.133   130%   551  328s
  7132  1793 55938.3587   27  206 50373.6807 115062.025   128%   548  333s
  7351  1843 93297.7435   25  195 50373.6807 114039.536   126%   547  339s
  7597  1898 79448.5547   26  173 50373.6807 112635.411   124%   544  345s
  7822  1922 96082.5592   19  327 50373.6807 112580.697   123%   544  353s
  7972  1989 infeasible   26      50373.6807 112061.466   122%   544  360s
  8222  2068 85649.0522   24  261 50373.6807 110071.368   119%   542  370s
  8513  2153     cutoff   32      50373.6807 109531.665   117%   540  377s
  8815  2221     cutoff   25      50373.6807 107693.494   114%   537  382s
  9076  2270     cutoff   24      50373.6807 107286.058   113%   536  386s
  9283  2344 90942.3352   24  221 50373.6807 105929.496   110%   535  391s
  9616  2441 76910.3688   22  294 50373.6807 104666.058   108%   533  396s
  9996  2512 87196.6194   24  217 50373.6807 103532.783   106%   529  401s
 10419  2613 51837.8704   28  192 50373.6807 102417.056   103%   524  409s
 10877  2699     cutoff   22      50373.6807 101579.821   102%   519  418s
 11310  2806 67823.8970   23  266 50373.6807 100581.200   100%   516  426s
 11802  2826 69124.8088   24  276 50373.6807 100159.584  98.8%   511  434s
 11918  2943 49641.9159   28  214 50373.6807 100159.584  98.8%   511  444s
 12470  3035 73731.1139   22  271 50373.6807 98120.7737  94.8%   505  456s
 13028  3131 73888.4757   26  212 50373.6807 97200.7733  93.0%   500  469s
 13564  3249 81887.3720   25  208 50373.6807 96248.0887  91.1%   497  482s
 14126  3316     cutoff   32      50373.6807 94842.9323  88.3%   493  496s
 14726  3437 76316.9829   25  239 50373.6807 94096.3147  86.8%   489  510s
 15388  3290     cutoff   30      50373.6807 92753.2343  84.1%   485  523s
 16060  3377     cutoff   28      50373.6807 91657.0927  82.0%   481  535s
 16790  3416 69030.4675   24  250 50373.6807 90094.0049  78.9%   476  552s
 17362  3404     cutoff   30      50373.6807 89086.5311  76.9%   474  567s
 18219  3420 72407.6265   27  222 50373.6807 87542.6618  73.8%   470  580s
 19033  3449 67208.7642   31  149 50373.6807 86400.8020  71.5%   465  593s
 19804  3456 58797.6309   28  197 50373.6807 85063.2099  68.9%   461  605s
 20573  3441     cutoff   27      50373.6807 83784.2057  66.3%   458  615s
 21377  3414     cutoff   27      50373.6807 82803.4277  64.4%   454  625s
 22195  3363     cutoff   28      50373.6807 81499.9555  61.8%   451  633s
 23064  3278     cutoff   25      50373.6807 80438.3049  59.7%   448  644s
 24013  3193 65231.4019   27  178 50373.6807 79162.8517  57.2%   444  655s
 24933  3055     cutoff   25      50373.6807 77646.9006  54.1%   441  670s
 25882  2890     cutoff   29      50373.6807 76184.7957  51.2%   438  684s
 26915  2689     cutoff   28      50373.6807 74470.9139  47.8%   434  700s
 27930  2428     cutoff   30      50373.6807 73007.4896  44.9%   432  717s
 28990  2117 59949.3858   31  109 50373.6807 71365.3578  41.7%   429  736s
 29993  1700     cutoff   24      50373.6807 68976.4675  36.9%   427  754s
 31033  1154     cutoff   28      50373.6807 66196.8932  31.4%   424  766s
 32259   439     cutoff   34      50373.6807 61371.4430  21.8%   419  775s
 34409   177     cutoff   32      50373.6807 55017.4608  9.22%   399  782s
 34790    69 50541.9478   38   42 50373.6807 54320.6816  7.84%   395  787s
 34997    12 50508.2936   37   48 50373.6807 53992.0338  7.18%   393  792s

Cutting planes:
  Implied bound: 1972
  MIR: 285
  Flow cover: 159
  Zero half: 174
  Relax-and-lift: 59

Explored 35087 nodes (13761381 simplex iterations) in 564.77 seconds (686.75 work units)
Thread count was 10 (of 10 available processors)

Solution count 10: 50373.7 50373.7 50373.7 ... 50373.7
No other solutions better than 50373.7

Optimal solution found (tolerance 1.00e-04)
Best objective 5.037368066999e+04, best bound 5.037368066999e+04, gap 0.0000%

User-callback calls 88138, time in user-callback 0.14 sec

Phase 2 Results:
  Status: Optimal
  RC-improving solutions found: 0
  Total work units: 987.79
================================================================================
