================================================================================
COLUMN GENERATION - MASTER PROBLEM LOGS
================================================================================
Instance: ../Facility_Location/instances/cap91.txt
K: 3, S: 25
Pricing Type: 2
Started: 2025-12-03T03:08:02.856
================================================================================

================================================================================
MASTER PROBLEM - ITERATION 0
================================================================================
Timestamp: 2025-12-03T03:08:05.266
Problem size: 25 scenarios, 3 solutions, K=3
Type: LINEAR RELAXATION
================================================================================

Gurobi 12.0.3 (mac64[arm]) logging started Wed Dec  3 03:08:05 2025

Set parameter LogFile to value "/Users/arnav/projects/Candidate-Selection-via-Stochastic-IP/CCG/logs/CG_AF_FL_cap91_K3_S25_master_20251203_030802.log"
Set parameter LogToConsole to value 0
Set parameter OutputFlag to value 1

Gurobi 12.0.3 (mac64[arm]) logging started Wed Dec  3 03:08:05 2025

Set parameter LogFile to value "/Users/arnav/projects/Candidate-Selection-via-Stochastic-IP/CCG/logs/CG_AF_FL_cap91_K3_S25_master_20251203_030802.log"
Set parameter OutputFlag to value 1
Gurobi Optimizer version 12.0.3 build v12.0.3rc0 (mac64[arm] - Darwin 24.6.0 24G84)

CPU model: Apple M4
Thread count: 10 physical cores, 10 logical processors, using up to 10 threads

Non-default parameters:
LogToConsole  0

Optimize a model with 101 rows, 78 columns and 228 nonzeros
Model fingerprint: 0x127268e4
Coefficient statistics:
  Matrix range     [1e+00, 1e+00]
  Objective range  [7e+04, 4e+05]
  Bounds range     [0e+00, 0e+00]
  RHS range        [1e+00, 3e+00]
Presolve time: 0.00s
Presolved: 101 rows, 78 columns, 228 nonzeros

Iteration    Objective       Primal Inf.    Dual Inf.      Time
       0    3.3459928e+06   2.500000e+01   0.000000e+00      0s
       3    3.3459928e+06   0.000000e+00   0.000000e+00      0s

Solved in 3 iterations and 0.00 seconds (0.00 work units)
Optimal objective  3.345992843e+06

User-callback calls 63, time in user-callback 0.00 sec

================================================================================
MASTER PROBLEM - ITERATION 1
================================================================================
Timestamp: 2025-12-03T03:08:05.330
Problem size: 25 scenarios, 3 solutions, K=3
Type: LINEAR RELAXATION
================================================================================
Gurobi Optimizer version 12.0.3 build v12.0.3rc0 (mac64[arm] - Darwin 24.6.0 24G84)

CPU model: Apple M4
Thread count: 10 physical cores, 10 logical processors, using up to 10 threads

Non-default parameters:
LogToConsole  0

Optimize a model with 101 rows, 78 columns and 228 nonzeros
Coefficient statistics:
  Matrix range     [1e+00, 1e+00]
  Objective range  [7e+04, 4e+05]
  Bounds range     [0e+00, 0e+00]
  RHS range        [1e+00, 3e+00]

Solved in 0 iterations and 0.00 seconds (0.00 work units)
Optimal objective  3.345992843e+06

User-callback calls 18, time in user-callback 0.00 sec

Master Problem Results:
  Objective: 3.34599284e6
  Work units: 0.0
================================================================================

================================================================================
MASTER PROBLEM - ITERATION 2
================================================================================
Timestamp: 2025-12-03T03:11:40.865
Problem size: 25 scenarios, 13 solutions, K=3
Type: LINEAR RELAXATION
================================================================================
Gurobi Optimizer version 12.0.3 build v12.0.3rc0 (mac64[arm] - Darwin 24.6.0 24G84)

CPU model: Apple M4
Thread count: 10 physical cores, 10 logical processors, using up to 10 threads

Non-default parameters:
LogToConsole  0

Optimize a model with 351 rows, 338 columns and 988 nonzeros
Coefficient statistics:
  Matrix range     [1e+00, 1e+00]
  Objective range  [5e+04, 5e+05]
  Bounds range     [0e+00, 0e+00]
  RHS range        [1e+00, 3e+00]
LP warm-start: use basis

Iteration    Objective       Primal Inf.    Dual Inf.      Time
       0   -5.9220651e+35   1.720000e+32   5.922065e+05      0s
      95    3.3426759e+06   0.000000e+00   0.000000e+00      0s

Solved in 95 iterations and 0.00 seconds (0.00 work units)
Optimal objective  3.342675902e+06

User-callback calls 124, time in user-callback 0.00 sec

Master Problem Results:
  Objective: 3.3426759e6
  Work units: 0.0
================================================================================

================================================================================
MASTER PROBLEM - ITERATION 3
================================================================================
Timestamp: 2025-12-03T03:15:29.298
Problem size: 25 scenarios, 23 solutions, K=3
Type: LINEAR RELAXATION
================================================================================
Gurobi Optimizer version 12.0.3 build v12.0.3rc0 (mac64[arm] - Darwin 24.6.0 24G84)

CPU model: Apple M4
Thread count: 10 physical cores, 10 logical processors, using up to 10 threads

Non-default parameters:
LogToConsole  0

Optimize a model with 601 rows, 598 columns and 1748 nonzeros
Coefficient statistics:
  Matrix range     [1e+00, 1e+00]
  Objective range  [5e+04, 5e+05]
  Bounds range     [0e+00, 0e+00]
  RHS range        [1e+00, 3e+00]
LP warm-start: use basis

Iteration    Objective       Primal Inf.    Dual Inf.      Time
       0   -9.6650496e+35   5.980000e+32   9.665050e+05      0s
      63    3.3397428e+06   0.000000e+00   0.000000e+00      0s

Solved in 63 iterations and 0.00 seconds (0.00 work units)
Optimal objective  3.339742807e+06

User-callback calls 92, time in user-callback 0.00 sec

Master Problem Results:
  Objective: 3.33974281e6
  Work units: 0.0
================================================================================

================================================================================
MASTER PROBLEM - ITERATION 4
================================================================================
Timestamp: 2025-12-03T03:19:36.862
Problem size: 25 scenarios, 33 solutions, K=3
Type: LINEAR RELAXATION
================================================================================
Gurobi Optimizer version 12.0.3 build v12.0.3rc0 (mac64[arm] - Darwin 24.6.0 24G84)

CPU model: Apple M4
Thread count: 10 physical cores, 10 logical processors, using up to 10 threads

Non-default parameters:
LogToConsole  0

Optimize a model with 851 rows, 858 columns and 2508 nonzeros
Coefficient statistics:
  Matrix range     [1e+00, 1e+00]
  Objective range  [5e+04, 5e+05]
  Bounds range     [0e+00, 0e+00]
  RHS range        [1e+00, 3e+00]
LP warm-start: use basis

Iteration    Objective       Primal Inf.    Dual Inf.      Time
       0   -9.0935622e+35   5.110000e+32   9.093562e+05      0s
     151    3.3152251e+06   0.000000e+00   0.000000e+00      0s

Solved in 151 iterations and 0.00 seconds (0.00 work units)
Optimal objective  3.315225113e+06

User-callback calls 180, time in user-callback 0.00 sec

Master Problem Results:
  Objective: 3.31522511e6
  Work units: 0.0
================================================================================

================================================================================
MASTER PROBLEM - ITERATION 5
================================================================================
Timestamp: 2025-12-03T03:23:45.642
Problem size: 25 scenarios, 42 solutions, K=3
Type: LINEAR RELAXATION
================================================================================
Gurobi Optimizer version 12.0.3 build v12.0.3rc0 (mac64[arm] - Darwin 24.6.0 24G84)

CPU model: Apple M4
Thread count: 10 physical cores, 10 logical processors, using up to 10 threads

Non-default parameters:
LogToConsole  0

Optimize a model with 1076 rows, 1092 columns and 3192 nonzeros
Coefficient statistics:
  Matrix range     [1e+00, 1e+00]
  Objective range  [5e+04, 5e+05]
  Bounds range     [0e+00, 0e+00]
  RHS range        [1e+00, 3e+00]
LP warm-start: use basis

Iteration    Objective       Primal Inf.    Dual Inf.      Time
       0   -5.4294191e+35   7.030000e+32   5.429419e+05      0s
      94    3.3070011e+06   0.000000e+00   0.000000e+00      0s

Solved in 94 iterations and 0.00 seconds (0.00 work units)
Optimal objective  3.307001134e+06

User-callback calls 123, time in user-callback 0.00 sec

Master Problem Results:
  Objective: 3.30700113e6
  Work units: 0.0
================================================================================

================================================================================
MASTER PROBLEM - ITERATION 6
================================================================================
Timestamp: 2025-12-03T03:27:42.566
Problem size: 25 scenarios, 43 solutions, K=3
Type: LINEAR RELAXATION
================================================================================
Gurobi Optimizer version 12.0.3 build v12.0.3rc0 (mac64[arm] - Darwin 24.6.0 24G84)

CPU model: Apple M4
Thread count: 10 physical cores, 10 logical processors, using up to 10 threads

Non-default parameters:
LogToConsole  0

Optimize a model with 1101 rows, 1118 columns and 3268 nonzeros
Coefficient statistics:
  Matrix range     [1e+00, 1e+00]
  Objective range  [5e+04, 5e+05]
  Bounds range     [0e+00, 0e+00]
  RHS range        [1e+00, 3e+00]
LP warm-start: use basis

Iteration    Objective       Primal Inf.    Dual Inf.      Time
       0   -4.8395165e+34   6.100000e+31   4.839516e+04      0s
      20    3.3070011e+06   0.000000e+00   0.000000e+00      0s

Solved in 20 iterations and 0.00 seconds (0.00 work units)
Optimal objective  3.307001134e+06

User-callback calls 49, time in user-callback 0.00 sec

Master Problem Results:
  Objective: 3.30700113e6
  Work units: 0.0
================================================================================

================================================================================
MASTER PROBLEM - ITERATION 7
================================================================================
Timestamp: 2025-12-03T03:31:39.395
Problem size: 25 scenarios, 47 solutions, K=3
Type: LINEAR RELAXATION
================================================================================
Gurobi Optimizer version 12.0.3 build v12.0.3rc0 (mac64[arm] - Darwin 24.6.0 24G84)

CPU model: Apple M4
Thread count: 10 physical cores, 10 logical processors, using up to 10 threads

Non-default parameters:
LogToConsole  0

Optimize a model with 1201 rows, 1222 columns and 3572 nonzeros
Coefficient statistics:
  Matrix range     [1e+00, 1e+00]
  Objective range  [5e+04, 5e+05]
  Bounds range     [0e+00, 0e+00]
  RHS range        [1e+00, 3e+00]
LP warm-start: use basis

Iteration    Objective       Primal Inf.    Dual Inf.      Time
       0   -2.0285263e+35   3.150000e+32   2.028526e+05      0s
      67    3.3070011e+06   0.000000e+00   0.000000e+00      0s

Solved in 67 iterations and 0.00 seconds (0.00 work units)
Optimal objective  3.307001134e+06

User-callback calls 96, time in user-callback 0.00 sec

Master Problem Results:
  Objective: 3.30700113e6
  Work units: 0.0
================================================================================

================================================================================
MASTER PROBLEM - ITERATION 8
================================================================================
Timestamp: 2025-12-03T03:35:25.401
Problem size: 25 scenarios, 48 solutions, K=3
Type: LINEAR RELAXATION
================================================================================
Gurobi Optimizer version 12.0.3 build v12.0.3rc0 (mac64[arm] - Darwin 24.6.0 24G84)

CPU model: Apple M4
Thread count: 10 physical cores, 10 logical processors, using up to 10 threads

Non-default parameters:
LogToConsole  0

Optimize a model with 1226 rows, 1248 columns and 3648 nonzeros
Coefficient statistics:
  Matrix range     [1e+00, 1e+00]
  Objective range  [5e+04, 5e+05]
  Bounds range     [0e+00, 0e+00]
  RHS range        [1e+00, 3e+00]
LP warm-start: use basis

Iteration    Objective       Primal Inf.    Dual Inf.      Time
       0   -5.0627806e+34   6.900000e+31   5.062781e+04      0s
      17    3.3070011e+06   0.000000e+00   0.000000e+00      0s

Solved in 17 iterations and 0.00 seconds (0.00 work units)
Optimal objective  3.307001134e+06

User-callback calls 46, time in user-callback 0.00 sec

Master Problem Results:
  Objective: 3.30700113e6
  Work units: 0.0
================================================================================

================================================================================
MASTER PROBLEM - ITERATION 9
================================================================================
Timestamp: 2025-12-03T03:48:11.943
Problem size: 25 scenarios, 49 solutions, K=3
Type: LINEAR RELAXATION
================================================================================
Gurobi Optimizer version 12.0.3 build v12.0.3rc0 (mac64[arm] - Darwin 24.6.0 24G84)

CPU model: Apple M4
Thread count: 10 physical cores, 10 logical processors, using up to 10 threads

Non-default parameters:
LogToConsole  0

Optimize a model with 1251 rows, 1274 columns and 3724 nonzeros
Coefficient statistics:
  Matrix range     [1e+00, 1e+00]
  Objective range  [5e+04, 5e+05]
  Bounds range     [0e+00, 0e+00]
  RHS range        [1e+00, 3e+00]
LP warm-start: use basis

Iteration    Objective       Primal Inf.    Dual Inf.      Time
       0   -5.0577181e+34   7.100000e+31   5.057718e+04      0s
      14    3.3070011e+06   0.000000e+00   0.000000e+00      0s

Solved in 14 iterations and 0.00 seconds (0.00 work units)
Optimal objective  3.307001134e+06

User-callback calls 43, time in user-callback 0.00 sec

Master Problem Results:
  Objective: 3.30700113e6
  Work units: 0.0
================================================================================
Gurobi Optimizer version 12.0.3 build v12.0.3rc0 (mac64[arm] - Darwin 24.6.0 24G84)

CPU model: Apple M4
Thread count: 10 physical cores, 10 logical processors, using up to 10 threads

Non-default parameters:
LogToConsole  0

Optimize a model with 1251 rows, 1274 columns and 3724 nonzeros
Coefficient statistics:
  Matrix range     [1e+00, 1e+00]
  Objective range  [5e+04, 5e+05]
  Bounds range     [0e+00, 0e+00]
  RHS range        [1e+00, 3e+00]

Solved in 0 iterations and 0.00 seconds (0.00 work units)
Optimal objective  3.307001134e+06

User-callback calls 18, time in user-callback 0.00 sec

================================================================================
MASTER PROBLEM - ITERATION FINAL_IP
================================================================================
Timestamp: 2025-12-03T04:01:25.079
Problem size: 25 scenarios, 49 solutions, K=3
Type: INTEGER
================================================================================

Gurobi 12.0.3 (mac64[arm]) logging started Wed Dec  3 04:01:25 2025

Set parameter LogFile to value "/Users/arnav/projects/Candidate-Selection-via-Stochastic-IP/CCG/logs/CG_AF_FL_cap91_K3_S25_master_20251203_030802.log"
Set parameter LogToConsole to value 0
Set parameter OutputFlag to value 1

Gurobi 12.0.3 (mac64[arm]) logging started Wed Dec  3 04:01:25 2025

Set parameter LogFile to value "/Users/arnav/projects/Candidate-Selection-via-Stochastic-IP/CCG/logs/CG_AF_FL_cap91_K3_S25_master_20251203_030802.log"
Set parameter OutputFlag to value 1
Gurobi Optimizer version 12.0.3 build v12.0.3rc0 (mac64[arm] - Darwin 24.6.0 24G84)

CPU model: Apple M4
Thread count: 10 physical cores, 10 logical processors, using up to 10 threads

Non-default parameters:
LogToConsole  0

Optimize a model with 1251 rows, 1274 columns and 3724 nonzeros
Model fingerprint: 0xded952de
Variable types: 0 continuous, 1274 integer (1274 binary)
Coefficient statistics:
  Matrix range     [1e+00, 1e+00]
  Objective range  [5e+04, 5e+05]
  Bounds range     [0e+00, 0e+00]
  RHS range        [1e+00, 3e+00]
Presolve time: 0.00s
Presolved: 1251 rows, 1274 columns, 3724 nonzeros
Variable types: 0 continuous, 1274 integer (1274 binary)
Found heuristic solution: objective 3345992.8428

Root relaxation: objective 3.307001e+06, 396 iterations, 0.00 seconds (0.01 work units)

    Nodes    |    Current Node    |     Objective Bounds      |     Work
 Expl Unexpl |  Obj  Depth IntInf | Incumbent    BestBd   Gap | It/Node Time

*    0     0               0    3307001.1338 3307001.13  0.00%     -    0s

Explored 1 nodes (396 simplex iterations) in 0.01 seconds (0.02 work units)
Thread count was 10 (of 10 available processors)

Solution count 2: 3.307e+06 3.34599e+06 

Optimal solution found (tolerance 1.00e-04)
Best objective 3.307001133765e+06, best bound 3.307001133765e+06, gap 0.0000%

User-callback calls 146, time in user-callback 0.00 sec
