================================================================================
COLUMN GENERATION - PRICING SUBPROBLEM LOGS
================================================================================
Instance: ../Facility_Location/instances/cap91.txt
K: 2, S: 6
Pricing Type: 2
Started: 2025-12-02T23:02:37.704
================================================================================

================================================================================
PRICING SUBPROBLEM TYPE 2 - ITERATION 1
================================================================================
Timestamp: 2025-12-02T23:02:44.174
Problem size: 6 scenarios, 25 facilities, 50 customers
================================================================================

Gurobi 12.0.3 (mac64[arm]) logging started Tue Dec  2 23:02:44 2025

Set parameter LogFile to value "/Users/arnav/projects/Candidate-Selection-via-Stochastic-IP/CCG/logs/CG_AF_FL_cap91_K2_S6_pricing_20251202_230237.log"
Set parameter MIPFocus to value 1
Set parameter WorkLimit to value 300

Gurobi 12.0.3 (mac64[arm]) logging started Tue Dec  2 23:02:44 2025

Set parameter LogFile to value "/Users/arnav/projects/Candidate-Selection-via-Stochastic-IP/CCG/logs/CG_AF_FL_cap91_K2_S6_pricing_20251202_230237.log"
Gurobi Optimizer version 12.0.3 build v12.0.3rc0 (mac64[arm] - Darwin 24.6.0 24G84)

CPU model: Apple M4
Thread count: 10 physical cores, 10 logical processors, using up to 10 threads

Non-default parameters:
WorkLimit  300
MIPFocus  1
PoolSearchMode  2

Optimize a model with 906 rows, 7981 columns and 24739 nonzeros
Model fingerprint: 0x09dda115
Variable types: 7800 continuous, 181 integer (181 binary)
Coefficient statistics:
  Matrix range     [3e-01, 4e+04]
  Objective range  [3e-01, 4e+04]
  Bounds range     [0e+00, 0e+00]
  RHS range        [1e+00, 1e+00]
Found heuristic solution: objective -0.0000000
Presolve removed 906 rows and 7956 columns
Presolve time: 0.01s
Presolved: 0 rows, 25 columns, 0 nonzeros
Variable types: 0 continuous, 25 integer (25 binary)

Root relaxation: objective -0.000000e+00, 0 iterations, 0.00 seconds (0.00 work units)

    Nodes    |    Current Node    |     Objective Bounds      |     Work
 Expl Unexpl |  Obj  Depth IntInf | Incumbent    BestBd   Gap | It/Node Time

     0     0          -    0        -0.00000   -0.00000  0.00%     -    0s

Optimal solution found at node 0 - now completing solution pool...

    Nodes    |    Current Node    |      Pool Obj. Bounds     |     Work
             |                    |   Worst                   |
 Expl Unexpl |  Obj  Depth IntInf | Incumbent    BestBd   Gap | It/Node Time

     0     0          -    0               -   -0.00000      -     -    0s
     0     0          -    0               -   -0.00000      -     -    0s
     0     2          -    0               -   -0.00000      -     -    0s

Explored 25 nodes (0 simplex iterations) in 0.02 seconds (0.01 work units)
Thread count was 10 (of 10 available processors)

Solution count 10: -0 -0 -0 ... -0
No other solutions better than -0

Optimal solution found (tolerance 1.00e-04)
Best objective -0.000000000000e+00, best bound -0.000000000000e+00, gap 0.0000%

User-callback calls 281, time in user-callback 0.00 sec

Phase 1 Results:
  Status: Optimal but no RC-improving solutions
  Work units: 0.01
================================================================================
