================================================================================
COLUMN GENERATION - PRICING SUBPROBLEM LOGS
================================================================================
Instance: Facility_Location/instances/cap91.txt
K: 2, S: 5
Pricing Type: 2
Started: 2025-12-02T16:06:38.089
================================================================================

================================================================================
PRICING SUBPROBLEM TYPE 1 - ITERATION 1
================================================================================
Timestamp: 2025-12-02T16:06:41.121
Problem size: 5 scenarios, 25 facilities, 50 customers
================================================================================

Gurobi 12.0.3 (mac64[arm]) logging started Tue Dec  2 16:06:41 2025

Set parameter LogFile to value "/Users/arnav/projects/Candidate-Selection-via-Stochastic-IP/CCG/logs/CG_AF_FL_cap91_K2_S5_pricing_20251202_160637.log"

Gurobi 12.0.3 (mac64[arm]) logging started Tue Dec  2 16:06:41 2025

Set parameter LogFile to value "/Users/arnav/projects/Candidate-Selection-via-Stochastic-IP/CCG/logs/CG_AF_FL_cap91_K2_S5_pricing_20251202_160637.log"
Gurobi Optimizer version 12.0.3 build v12.0.3rc0 (mac64[arm] - Darwin 24.6.0 24G84)

CPU model: Apple M4
Thread count: 10 physical cores, 10 logical processors, using up to 10 threads

Non-default parameters:
WorkLimit  300
MIPGap  0.01
PoolSearchMode  2

Optimize a model with 20255 rows, 13155 columns and 59318 nonzeros
Model fingerprint: 0xdb31659b
Variable types: 13000 continuous, 155 integer (155 binary)
Coefficient statistics:
  Matrix range     [3e-01, 7e+05]
  Objective range  [3e-01, 2e+05]
  Bounds range     [0e+00, 0e+00]
  RHS range        [1e+00, 1e+06]
Found heuristic solution: objective -0.0000000
Presolve removed 9954 rows and 6552 columns
Presolve time: 0.04s
Presolved: 10301 rows, 6603 columns, 33117 nonzeros
Variable types: 6448 continuous, 155 integer (155 binary)

Root relaxation: objective 5.673992e+05, 24318 iterations, 0.97 seconds (3.73 work units)

    Nodes    |    Current Node    |     Objective Bounds      |     Work
 Expl Unexpl |  Obj  Depth IntInf | Incumbent    BestBd   Gap | It/Node Time

     0     0 567399.172    0   34   -0.00000 567399.172      -     -    1s
     0     0 434619.563    0   52   -0.00000 434619.563      -     -    1s
     0     0 434589.670    0   52   -0.00000 434589.670      -     -    1s
     0     0 354345.555    0   61   -0.00000 354345.555      -     -    2s
     0     0 352967.016    0   62   -0.00000 352967.016      -     -    2s
     0     0 352966.679    0   62   -0.00000 352966.679      -     -    2s
     0     0 316714.382    0   73   -0.00000 316714.382      -     -    2s
     0     0 315905.415    0   71   -0.00000 315905.415      -     -    2s
     0     0 315904.215    0   71   -0.00000 315904.215      -     -    2s
H    0     0                    13670.091431 287014.306  2000%     -    3s
H    0     0                    47556.464500 287014.306   504%     -    3s
H    0     0                    49541.894426 287014.306   479%     -    3s
H    0     0                    50402.379402 287014.306   469%     -    3s
     0     0 287014.306    0   80 50402.3794 287014.306   469%     -    3s
     0     0 284736.920    0   81 50402.3794 284736.920   465%     -    3s
     0     0 284474.497    0   79 50402.3794 284474.497   464%     -    3s
     0     0 284474.326    0   79 50402.3794 284474.326   464%     -    3s
     0     0 247159.864    0   73 50402.3794 247159.864   390%     -    3s
     0     0 244858.368    0   78 50402.3794 244858.368   386%     -    3s
     0     0 244843.399    0   77 50402.3794 244843.399   386%     -    3s
     0     0 225260.759    0   73 50402.3794 225260.759   347%     -    3s
     0     0 224396.677    0   74 50402.3794 224396.677   345%     -    3s
     0     0 224326.818    0   74 50402.3794 224326.818   345%     -    3s
     0     0 207452.806    0   79 50402.3794 207452.806   312%     -    3s
     0     0 206034.317    0   79 50402.3794 206034.317   309%     -    3s
     0     0 205862.470    0   80 50402.3794 205862.470   308%     -    3s
     0     0 205842.575    0   80 50402.3794 205842.575   308%     -    3s
     0     0 190777.290    0   80 50402.3794 190777.290   279%     -    3s
     0     0 189786.572    0   81 50402.3794 189786.572   277%     -    3s
     0     0 189679.867    0   82 50402.3794 189679.867   276%     -    4s
     0     0 178708.044    0   85 50402.3794 178708.044   255%     -    4s
     0     0 178214.017    0   84 50402.3794 178214.017   254%     -    4s
     0     0 178214.017    0   84 50402.3794 178214.017   254%     -    4s
     0     0 165792.456    0   87 50402.3794 165792.456   229%     -    4s
     0     0 164157.261    0   85 50402.3794 164157.261   226%     -    4s
     0     0 164112.968    0   86 50402.3794 164112.968   226%     -    4s
     0     0 153494.730    0   86 50402.3794 153494.730   205%     -    4s
     0     0 152822.231    0   86 50402.3794 152822.231   203%     -    4s
     0     0 152735.025    0   88 50402.3794 152735.025   203%     -    4s
     0     0 145463.665    0   89 50402.3794 145463.665   189%     -    4s
     0     0 144328.438    0   88 50402.3794 144328.438   186%     -    4s
     0     0 144290.405    0   87 50402.3794 144290.405   186%     -    4s
     0     0 136625.809    0   91 50402.3794 136625.809   171%     -    4s
     0     0 134871.752    0   89 50402.3794 134871.752   168%     -    4s
     0     0 134691.570    0   89 50402.3794 134691.570   167%     -    4s
     0     0 134688.342    0   89 50402.3794 134688.342   167%     -    4s
     0     0 127335.494    0   91 50402.3794 127335.494   153%     -    4s
     0     0 126637.407    0   90 50402.3794 126637.407   151%     -    4s
     0     0 126628.233    0   90 50402.3794 126628.233   151%     -    4s
     0     0 118814.147    0   91 50402.3794 118814.147   136%     -    5s
     0     0 118410.225    0   90 50402.3794 118410.225   135%     -    5s
     0     0 118354.430    0   91 50402.3794 118354.430   135%     -    5s
     0     0 112881.533    0   88 50402.3794 112881.533   124%     -    5s
     0     0 112780.763    0   89 50402.3794 112780.763   124%     -    5s
     0     0 107908.736    0   91 50402.3794 107908.736   114%     -    5s
     0     0 107694.302    0   90 50402.3794 107694.302   114%     -    5s
     0     0 107678.400    0   89 50402.3794 107678.400   114%     -    5s
     0     0 102080.506    0   88 50402.3794 102080.506   103%     -    5s
     0     0 101852.095    0   88 50402.3794 101852.095   102%     -    5s
     0     0 101849.780    0   89 50402.3794 101849.780   102%     -    5s
     0     0 98078.6537    0   87 50402.3794 98078.6537  94.6%     -    5s
     0     0 97621.9366    0   90 50402.3794 97621.9366  93.7%     -    5s
     0     0 97605.4762    0   89 50402.3794 97605.4762  93.7%     -    5s
     0     0 92880.3347    0   93 50402.3794 92880.3347  84.3%     -    5s
     0     0 92704.8779    0   95 50402.3794 92704.8779  83.9%     -    5s
     0     0 92704.8779    0   95 50402.3794 92704.8779  83.9%     -    5s
     0     0 90197.0664    0   93 50402.3794 90197.0664  79.0%     -    5s
     0     0 90044.5396    0   93 50402.3794 90044.5396  78.7%     -    6s
     0     0 86951.5293    0   91 50402.3794 86951.5293  72.5%     -    6s
     0     0 86775.5732    0   94 50402.3794 86775.5732  72.2%     -    6s
     0     0 86773.4494    0   94 50402.3794 86773.4494  72.2%     -    6s
     0     0 85302.9834    0   92 50402.3794 85302.9834  69.2%     -    6s
     0     0 85282.1647    0   92 50402.3794 85282.1647  69.2%     -    6s
     0     2 85282.1647    0   92 50402.3794 85282.1647  69.2%     -    6s

Optimal solution found at node 474 - now completing solution pool...

    Nodes    |    Current Node    |      Pool Obj. Bounds     |     Work
             |                    |   Worst                   |
 Expl Unexpl |  Obj  Depth IntInf | Incumbent    BestBd   Gap | It/Node Time

   474   295     cutoff    9      47664.3579 50402.3794  5.74%   260    8s

Cutting planes:
  Implied bound: 925
  MIR: 196
  Flow cover: 197
  Flow path: 21
  Inf proof: 1
  Zero half: 40
  RLT: 224
  Relax-and-lift: 4
  BQP: 5
  PSD: 2

Explored 940 nodes (222085 simplex iterations) in 9.02 seconds (22.38 work units)
Thread count was 10 (of 10 available processors)

Solution count 10: 50402.4 49541.9 49435.2 ... 48233.5
No other solutions better than 48233.5

Optimal solution found (tolerance 1.00e-02)
Best objective 5.040237940249e+04, best bound 5.040237940249e+04, gap 0.0000%

User-callback calls 4058, time in user-callback 0.00 sec

Pricing Results:
  RC-improving solutions found: 10
  Best objective: 50402.38
  Work units: 22.38
================================================================================

================================================================================
PRICING SUBPROBLEM TYPE 2 - ITERATION 1
================================================================================
Timestamp: 2025-12-02T16:06:50.715
Problem size: 5 scenarios, 25 facilities, 50 customers
================================================================================

Gurobi 12.0.3 (mac64[arm]) logging started Tue Dec  2 16:06:50 2025

Set parameter LogFile to value "/Users/arnav/projects/Candidate-Selection-via-Stochastic-IP/CCG/logs/CG_AF_FL_cap91_K2_S5_pricing_20251202_160637.log"
Set parameter MIPFocus to value 1
Set parameter WorkLimit to value 300

Gurobi 12.0.3 (mac64[arm]) logging started Tue Dec  2 16:06:50 2025

Set parameter LogFile to value "/Users/arnav/projects/Candidate-Selection-via-Stochastic-IP/CCG/logs/CG_AF_FL_cap91_K2_S5_pricing_20251202_160637.log"
Gurobi Optimizer version 12.0.3 build v12.0.3rc0 (mac64[arm] - Darwin 24.6.0 24G84)

CPU model: Apple M4
Thread count: 10 physical cores, 10 logical processors, using up to 10 threads

Non-default parameters:
WorkLimit  300
MIPFocus  1
PoolSearchMode  2

Optimize a model with 755 rows, 6655 columns and 20619 nonzeros
Model fingerprint: 0x8ef91e6d
Variable types: 6500 continuous, 155 integer (155 binary)
Coefficient statistics:
  Matrix range     [3e-01, 2e+05]
  Objective range  [3e-01, 2e+05]
  Bounds range     [0e+00, 0e+00]
  RHS range        [1e+00, 1e+00]
Found heuristic solution: objective -0.0000000
Presolve removed 126 rows and 3276 columns
Presolve time: 0.01s
Presolved: 629 rows, 3379 columns, 10673 nonzeros
Variable types: 3224 continuous, 155 integer (155 binary)

Root relaxation: objective 1.351133e+05, 637 iterations, 0.01 seconds (0.01 work units)

    Nodes    |    Current Node    |     Objective Bounds      |     Work
 Expl Unexpl |  Obj  Depth IntInf | Incumbent    BestBd   Gap | It/Node Time

     0     0 135113.281    0  125   -0.00000 135113.281      -     -    0s
     0     0 103393.723    0  122   -0.00000 103393.723      -     -    0s
     0     0 100653.821    0  117   -0.00000 100653.821      -     -    0s
     0     0 100219.982    0  117   -0.00000 100219.982      -     -    0s
     0     0 93400.9255    0  117   -0.00000 93400.9255      -     -    0s
     0     0 93400.9255    0  117   -0.00000 93400.9255      -     -    0s
H    0     0                    44141.737670 93400.9255   112%     -    0s
H    0     0                    47418.991079 91930.3956  93.9%     -    0s
     0     0 88846.9288    0  108 47418.9911 88846.9288  87.4%     -    0s
     0     0 86111.0482    0  110 47418.9911 86111.0482  81.6%     -    0s
     0     0 82485.4181    0  112 47418.9911 82485.4181  74.0%     -    0s
     0     0 80865.0488    0  115 47418.9911 80865.0488  70.5%     -    0s
     0     0 80811.9008    0  116 47418.9911 80811.9008  70.4%     -    0s
     0     0 80811.9008    0  113 47418.9911 80811.9008  70.4%     -    0s
     0     0 80104.9857    0  113 47418.9911 80104.9857  68.9%     -    0s
     0     0 80104.9857    0  113 47418.9911 80104.9857  68.9%     -    0s
     0     0 75995.2649    0  109 47418.9911 75995.2649  60.3%     -    0s
     0     0 73702.8547    0  116 47418.9911 73702.8547  55.4%     -    0s
     0     0 73544.3140    0  120 47418.9911 73544.3140  55.1%     -    0s
     0     0 73512.8273    0  117 47418.9911 73512.8273  55.0%     -    0s
     0     0 73457.9379    0  117 47418.9911 73457.9379  54.9%     -    0s
     0     0 72220.7898    0  115 47418.9911 72220.7898  52.3%     -    0s
     0     0 71977.0538    0  109 47418.9911 71977.0538  51.8%     -    0s
     0     0 71977.0538    0  103 47418.9911 71977.0538  51.8%     -    0s
     0     0 71977.0538    0  105 47418.9911 71977.0538  51.8%     -    0s
     0     0 71951.3814    0  107 47418.9911 71951.3814  51.7%     -    0s
H    0     0                    47832.468357 71951.3814  50.4%     -    0s
H    0     0                    49539.414840 71951.3814  45.2%     -    0s
     0     0 70785.1684    0  106 49539.4148 70785.1684  42.9%     -    0s
H    0     0                    49541.894426 70785.1684  42.9%     -    0s
H    0     0                    50402.379402 70785.1684  40.4%     -    0s
     0     2 70785.1684    0  106 50402.3794 70785.1684  40.4%     -    0s

Optimal solution found at node 410 - now completing solution pool...

    Nodes    |    Current Node    |      Pool Obj. Bounds     |     Work
             |                    |   Worst                   |
 Expl Unexpl |  Obj  Depth IntInf | Incumbent    BestBd   Gap | It/Node Time

   410   229          -   14      47814.1510 50402.3794  5.41%  30.7    0s

Cutting planes:
  Implied bound: 333
  MIR: 20
  Flow cover: 19
  Zero half: 31
  RLT: 7
  Relax-and-lift: 11

Explored 717 nodes (16726 simplex iterations) in 0.97 seconds (1.99 work units)
Thread count was 10 (of 10 available processors)

Solution count 10: 50402.4 49541.9 49435.2 ... 48233.5
No other solutions better than 48233.5

Optimal solution found (tolerance 1.00e-04)
Best objective 5.040237940249e+04, best bound 5.040237940249e+04, gap 0.0000%

User-callback calls 2275, time in user-callback 0.00 sec

Phase 1 Results:
  Status: Optimal
  RC-improving solutions found: 10
  Work units: 1.99
================================================================================

================================================================================
PRICING SUBPROBLEM TYPE 1 - ITERATION 2
================================================================================
Timestamp: 2025-12-02T16:06:52.162
Problem size: 5 scenarios, 25 facilities, 50 customers
================================================================================

Gurobi 12.0.3 (mac64[arm]) logging started Tue Dec  2 16:06:52 2025

Set parameter LogFile to value "/Users/arnav/projects/Candidate-Selection-via-Stochastic-IP/CCG/logs/CG_AF_FL_cap91_K2_S5_pricing_20251202_160637.log"

Gurobi 12.0.3 (mac64[arm]) logging started Tue Dec  2 16:06:52 2025

Set parameter LogFile to value "/Users/arnav/projects/Candidate-Selection-via-Stochastic-IP/CCG/logs/CG_AF_FL_cap91_K2_S5_pricing_20251202_160637.log"
Gurobi Optimizer version 12.0.3 build v12.0.3rc0 (mac64[arm] - Darwin 24.6.0 24G84)

CPU model: Apple M4
Thread count: 10 physical cores, 10 logical processors, using up to 10 threads

Non-default parameters:
WorkLimit  300
MIPGap  0.01
PoolSearchMode  2

Optimize a model with 20255 rows, 13155 columns and 59318 nonzeros
Model fingerprint: 0x1084311e
Variable types: 13000 continuous, 155 integer (155 binary)
Coefficient statistics:
  Matrix range     [3e-01, 7e+05]
  Objective range  [3e-01, 2e+05]
  Bounds range     [0e+00, 0e+00]
  RHS range        [1e+00, 1e+06]
Found heuristic solution: objective -0.0000000
Presolve removed 9954 rows and 6552 columns
Presolve time: 0.04s
Presolved: 10301 rows, 6603 columns, 33117 nonzeros
Variable types: 6448 continuous, 155 integer (155 binary)

Root relaxation: objective 5.538782e+05, 22194 iterations, 0.91 seconds (3.85 work units)

    Nodes    |    Current Node    |     Objective Bounds      |     Work
 Expl Unexpl |  Obj  Depth IntInf | Incumbent    BestBd   Gap | It/Node Time

     0     0 553878.160    0   34   -0.00000 553878.160      -     -    0s
     0     0 412401.070    0   46   -0.00000 412401.070      -     -    1s
     0     0 270460.408    0   66   -0.00000 270460.408      -     -    2s
     0     0 270460.408    0   67   -0.00000 270460.408      -     -    2s
     0     0 249855.968    0   75   -0.00000 249855.968      -     -    2s
     0     0 249855.968    0   85   -0.00000 249855.968      -     -    2s
     0     0 249855.968    0   84   -0.00000 249855.968      -     -    2s
     0     0 249855.968    0   84   -0.00000 249855.968      -     -    2s
H    0     0                    22251.413361 249855.968  1023%     -    2s
H    0     0                    22859.874849 249855.968   993%     -    2s
H    0     0                    22971.154445 249855.968   988%     -    2s
H    0     0                    24546.922875 249855.968   918%     -    2s
     0     0 249855.968    0   88 24546.9229 249855.968   918%     -    2s
H    0     0                    33785.415033 249855.968   640%     -    2s
     0     0 249855.968    0   88 33785.4150 249855.968   640%     -    2s
     0     0 249855.968    0   88 33785.4150 249855.968   640%     -    2s
     0     0 240891.127    0   89 33785.4150 240891.127   613%     -    3s
     0     0 240556.315    0   89 33785.4150 240556.315   612%     -    3s
     0     0 240556.306    0   89 33785.4150 240556.306   612%     -    3s
     0     0 220206.089    0   86 33785.4150 220206.089   552%     -    3s
     0     0 219150.079    0   91 33785.4150 219150.079   549%     -    3s
     0     0 219057.389    0   90 33785.4150 219057.389   548%     -    3s
     0     0 202987.002    0   86 33785.4150 202987.002   501%     -    3s
     0     0 201771.317    0   89 33785.4150 201771.317   497%     -    3s
     0     0 201653.573    0   88 33785.4150 201653.573   497%     -    3s
     0     0 201653.573    0   88 33785.4150 201653.573   497%     -    3s
     0     0 186557.718    0   89 33785.4150 186557.718   452%     -    3s
     0     0 184670.834    0   90 33785.4150 184670.834   447%     -    3s
     0     0 184428.000    0   88 33785.4150 184428.000   446%     -    3s
     0     0 184428.000    0   88 33785.4150 184428.000   446%     -    3s
     0     0 173191.882    0   86 33785.4150 173191.882   413%     -    3s
     0     0 172694.863    0   86 33785.4150 172694.863   411%     -    3s
     0     0 172310.536    0   86 33785.4150 172310.536   410%     -    3s
     0     0 172285.692    0   85 33785.4150 172285.692   410%     -    3s
     0     0 150584.279    0   88 33785.4150 150584.279   346%     -    4s
     0     0 150584.279    0   89 33785.4150 150584.279   346%     -    4s
     0     0 150584.279    0   89 33785.4150 150584.279   346%     -    4s
H    0     0                    33891.859095 145093.420   328%     -    4s
H    0     0                    34808.928198 145093.420   317%     -    4s
     0     0 143212.317    0   91 34808.9282 143212.317   311%     -    4s
     0     0 143212.317    0   92 34808.9282 143212.317   311%     -    4s
     0     0 143212.317    0   92 34808.9282 143212.317   311%     -    4s
     0     0 136525.797    0   97 34808.9282 136525.797   292%     -    4s
     0     0 135085.900    0   95 34808.9282 135085.900   288%     -    4s
     0     0 134827.373    0   95 34808.9282 134827.373   287%     -    4s
     0     0 134826.584    0   95 34808.9282 134826.584   287%     -    4s
     0     0 127550.226    0   94 34808.9282 127550.226   266%     -    4s
     0     0 125614.418    0   95 34808.9282 125614.418   261%     -    4s
     0     0 125310.537    0   94 34808.9282 125310.537   260%     -    4s
     0     0 125175.256    0   95 34808.9282 125175.256   260%     -    4s
     0     0 116926.388    0   94 34808.9282 116926.388   236%     -    4s
     0     0 116547.631    0   95 34808.9282 116547.631   235%     -    4s
     0     0 116545.029    0   95 34808.9282 116545.029   235%     -    4s
     0     0 110010.819    0   96 34808.9282 110010.819   216%     -    4s
     0     0 109642.462    0   96 34808.9282 109642.462   215%     -    5s
     0     0 109610.171    0   96 34808.9282 109610.171   215%     -    5s
     0     0 104206.549    0   98 34808.9282 104206.549   199%     -    5s
     0     0 103827.793    0   97 34808.9282 103827.793   198%     -    5s
     0     0 103816.614    0   98 34808.9282 103816.614   198%     -    5s
     0     0 98465.1611    0   96 34808.9282 98465.1611   183%     -    5s
     0     0 97919.7381    0   93 34808.9282 97919.7381   181%     -    5s
     0     0 97863.3307    0   97 34808.9282 97863.3307   181%     -    5s
     0     0 92052.8699    0   96 34808.9282 92052.8699   164%     -    5s
     0     0 91817.7854    0   97 34808.9282 91817.7854   164%     -    5s
     0     0 91802.6499    0   95 34808.9282 91802.6499   164%     -    5s
     0     0 87185.5252    0   98 34808.9282 87185.5252   150%     -    5s
     0     0 86835.4365    0  100 34808.9282 86835.4365   149%     -    5s
     0     0 86771.3998    0  100 34808.9282 86771.3998   149%     -    5s
     0     0 83437.5761    0   97 34808.9282 83437.5761   140%     -    5s
     0     0 83395.6297    0   96 34808.9282 83395.6297   140%     -    5s
     0     0 80816.5688    0   98 34808.9282 80816.5688   132%     -    5s
     0     0 80662.2719    0   99 34808.9282 80662.2719   132%     -    5s
     0     0 78126.0069    0   98 34808.9282 78126.0069   124%     -    5s
     0     0 77745.1942    0   99 34808.9282 77745.1942   123%     -    6s
     0     0 77723.9147    0  100 34808.9282 77723.9147   123%     -    6s
     0     0 76200.0549    0   98 34808.9282 76200.0549   119%     -    6s
     0     0 76035.9764    0   97 34808.9282 76035.9764   118%     -    6s
     0     0 71765.9527    0  101 34808.9282 71765.9527   106%     -    6s
     0     0 70232.5244    0  100 34808.9282 70232.5244   102%     -    6s
     0     2 70232.5244    0  100 34808.9282 70232.5244   102%     -    6s
H  113   108                    35845.698583 47731.8824  33.2%   331    7s

Optimal solution found at node 1013 - now completing solution pool...

    Nodes    |    Current Node    |      Pool Obj. Bounds     |     Work
             |                    |   Worst                   |
 Expl Unexpl |  Obj  Depth IntInf | Incumbent    BestBd   Gap | It/Node Time

  1013   161     cutoff   11      34428.9918 35681.5735  3.64%   118    8s

Cutting planes:
  Implied bound: 793
  MIR: 125
  Flow cover: 121
  Flow path: 22
  Zero half: 21
  RLT: 228
  Relax-and-lift: 6
  BQP: 9

Explored 1331 nodes (219347 simplex iterations) in 8.09 seconds (22.43 work units)
Thread count was 10 (of 10 available processors)

Solution count 10: 35845.7 35645.6 35135.1 ... 34429
No other solutions better than 34429

Optimal solution found (tolerance 1.00e-02)
Best objective 3.584569858303e+04, best bound 3.584569858303e+04, gap 0.0000%

User-callback calls 4906, time in user-callback 0.00 sec

Pricing Results:
  RC-improving solutions found: 10
  Best objective: 35845.7
  Work units: 22.43
================================================================================

================================================================================
PRICING SUBPROBLEM TYPE 2 - ITERATION 2
================================================================================
Timestamp: 2025-12-02T16:07:00.282
Problem size: 5 scenarios, 25 facilities, 50 customers
================================================================================

Gurobi 12.0.3 (mac64[arm]) logging started Tue Dec  2 16:07:00 2025

Set parameter LogFile to value "/Users/arnav/projects/Candidate-Selection-via-Stochastic-IP/CCG/logs/CG_AF_FL_cap91_K2_S5_pricing_20251202_160637.log"
Set parameter MIPFocus to value 1
Set parameter WorkLimit to value 300

Gurobi 12.0.3 (mac64[arm]) logging started Tue Dec  2 16:07:00 2025

Set parameter LogFile to value "/Users/arnav/projects/Candidate-Selection-via-Stochastic-IP/CCG/logs/CG_AF_FL_cap91_K2_S5_pricing_20251202_160637.log"
Gurobi Optimizer version 12.0.3 build v12.0.3rc0 (mac64[arm] - Darwin 24.6.0 24G84)

CPU model: Apple M4
Thread count: 10 physical cores, 10 logical processors, using up to 10 threads

Non-default parameters:
WorkLimit  300
MIPFocus  1
PoolSearchMode  2

Optimize a model with 755 rows, 6655 columns and 20619 nonzeros
Model fingerprint: 0xdaaf53ba
Variable types: 6500 continuous, 155 integer (155 binary)
Coefficient statistics:
  Matrix range     [3e-01, 2e+05]
  Objective range  [3e-01, 2e+05]
  Bounds range     [0e+00, 0e+00]
  RHS range        [1e+00, 1e+00]
Found heuristic solution: objective -0.0000000
Presolve removed 126 rows and 3276 columns
Presolve time: 0.01s
Presolved: 629 rows, 3379 columns, 10673 nonzeros
Variable types: 3224 continuous, 155 integer (155 binary)

Root relaxation: objective 1.227707e+05, 613 iterations, 0.00 seconds (0.01 work units)

    Nodes    |    Current Node    |     Objective Bounds      |     Work
 Expl Unexpl |  Obj  Depth IntInf | Incumbent    BestBd   Gap | It/Node Time

     0     0 122770.722    0  123   -0.00000 122770.722      -     -    0s
H    0     0                    5588.5355528 122770.722  2097%     -    0s
     0     0 90946.8407    0  117 5588.53555 90946.8407  1527%     -    0s
H    0     0                    23410.047851 89739.8713   283%     -    0s
     0     0 89739.8713    0  114 23410.0479 89739.8713   283%     -    0s
     0     0 88071.1092    0  114 23410.0479 88071.1092   276%     -    0s
     0     0 88071.1092    0  114 23410.0479 88071.1092   276%     -    0s
     0     0 83042.2388    0  110 23410.0479 83042.2388   255%     -    0s
     0     0 81143.1262    0  107 23410.0479 81143.1262   247%     -    0s
     0     0 80029.4453    0  106 23410.0479 80029.4453   242%     -    0s
     0     0 74048.7840    0  107 23410.0479 74048.7840   216%     -    0s
     0     0 74048.7840    0  113 23410.0479 74048.7840   216%     -    0s
     0     0 74048.7840    0  113 23410.0479 74048.7840   216%     -    0s
H    0     0                    24181.388538 72926.6950   202%     -    0s
H    0     0                    24222.747216 72926.6950   201%     -    0s
     0     0 68899.8645    0  110 24222.7472 68899.8645   184%     -    0s
     0     0 64096.4978    0  114 24222.7472 64096.4978   165%     -    0s
     0     0 63451.2131    0  113 24222.7472 63451.2131   162%     -    0s
H    0     0                    24289.742748 62005.9145   155%     -    0s
     0     0 62005.9145    0  114 24289.7427 62005.9145   155%     -    0s
     0     0 61858.4733    0  115 24289.7427 61858.4733   155%     -    0s
     0     0 61579.9954    0  111 24289.7427 61579.9954   154%     -    0s
H    0     0                    27356.557317 61376.8527   124%     -    0s
     0     0 61376.8527    0  113 27356.5573 61376.8527   124%     -    0s
H    0     0                    29446.587810 59841.4227   103%     -    0s
     0     0 59274.1646    0  112 29446.5878 59274.1646   101%     -    0s
H    0     0                    30541.070031 59274.1646  94.1%     -    0s
H    0     0                    31004.576700 59274.1646  91.2%     -    0s
H    0     0                    31426.290836 59274.1646  88.6%     -    0s
     0     0 58897.5117    0  106 31426.2908 58897.5117  87.4%     -    0s
     0     0 58651.7930    0  106 31426.2908 58651.7930  86.6%     -    0s
     0     0 58641.3676    0  108 31426.2908 58641.3676  86.6%     -    0s
     0     0 58333.9968    0  106 31426.2908 58333.9968  85.6%     -    0s
     0     0 58333.9968    0  107 31426.2908 58333.9968  85.6%     -    0s
     0     0 57777.3140    0  105 31426.2908 57777.3140  83.9%     -    0s
H    0     0                    33891.859095 57777.3140  70.5%     -    0s
H    0     0                    34006.787840 57777.3140  69.9%     -    0s
H    0     0                    34262.918793 57777.3140  68.6%     -    0s
H    0     0                    34654.812950 57777.3140  66.7%     -    0s
H    0     0                    35845.698583 57777.3140  61.2%     -    0s
     0     2 57777.3140    0  105 35845.6986 57777.3140  61.2%     -    0s

Optimal solution found at node 1105 - now completing solution pool...

    Nodes    |    Current Node    |      Pool Obj. Bounds     |     Work
             |                    |   Worst                   |
 Expl Unexpl |  Obj  Depth IntInf | Incumbent    BestBd   Gap | It/Node Time

  1105    35     cutoff    6      34428.9918 35395.4075  2.81%  25.5    0s

Cutting planes:
  Implied bound: 329
  MIR: 25
  Flow cover: 33
  Zero half: 10
  RLT: 7
  Relax-and-lift: 18

Explored 1335 nodes (31724 simplex iterations) in 0.97 seconds (2.00 work units)
Thread count was 10 (of 10 available processors)

Solution count 10: 35845.7 35645.6 35135.1 ... 34429
No other solutions better than 34429

Optimal solution found (tolerance 1.00e-04)
Best objective 3.584569858303e+04, best bound 3.584569858303e+04, gap 0.0000%

User-callback calls 3482, time in user-callback 0.00 sec

Phase 1 Results:
  Status: Optimal
  RC-improving solutions found: 10
  Work units: 2.0
================================================================================

================================================================================
PRICING SUBPROBLEM TYPE 1 - ITERATION 3
================================================================================
Timestamp: 2025-12-02T16:07:01.404
Problem size: 5 scenarios, 25 facilities, 50 customers
================================================================================

Gurobi 12.0.3 (mac64[arm]) logging started Tue Dec  2 16:07:01 2025

Set parameter LogFile to value "/Users/arnav/projects/Candidate-Selection-via-Stochastic-IP/CCG/logs/CG_AF_FL_cap91_K2_S5_pricing_20251202_160637.log"

Gurobi 12.0.3 (mac64[arm]) logging started Tue Dec  2 16:07:01 2025

Set parameter LogFile to value "/Users/arnav/projects/Candidate-Selection-via-Stochastic-IP/CCG/logs/CG_AF_FL_cap91_K2_S5_pricing_20251202_160637.log"
Gurobi Optimizer version 12.0.3 build v12.0.3rc0 (mac64[arm] - Darwin 24.6.0 24G84)

CPU model: Apple M4
Thread count: 10 physical cores, 10 logical processors, using up to 10 threads

Non-default parameters:
WorkLimit  300
MIPGap  0.01
PoolSearchMode  2

Optimize a model with 20255 rows, 13155 columns and 59318 nonzeros
Model fingerprint: 0x0a629da5
Variable types: 13000 continuous, 155 integer (155 binary)
Coefficient statistics:
  Matrix range     [3e-01, 7e+05]
  Objective range  [3e-01, 2e+05]
  Bounds range     [0e+00, 0e+00]
  RHS range        [1e+00, 1e+06]
Found heuristic solution: objective -0.0000000
Presolve removed 9954 rows and 6552 columns
Presolve time: 0.04s
Presolved: 10301 rows, 6603 columns, 33117 nonzeros
Variable types: 6448 continuous, 155 integer (155 binary)

Root relaxation: objective 5.530386e+05, 17173 iterations, 0.55 seconds (2.28 work units)

    Nodes    |    Current Node    |     Objective Bounds      |     Work
 Expl Unexpl |  Obj  Depth IntInf | Incumbent    BestBd   Gap | It/Node Time

     0     0 553038.626    0   34   -0.00000 553038.626      -     -    0s
     0     0 417676.448    0   48   -0.00000 417676.448      -     -    0s
     0     0 416242.850    0   48   -0.00000 416242.850      -     -    0s
     0     0 341742.283    0   62   -0.00000 341742.283      -     -    1s
     0     0 341654.619    0   60   -0.00000 341654.619      -     -    1s
     0     0 303868.214    0   66   -0.00000 303868.214      -     -    1s
     0     0 303599.897    0   71   -0.00000 303599.897      -     -    1s
     0     0 265361.555    0   81   -0.00000 265361.555      -     -    1s
     0     0 265361.555    0   84   -0.00000 265361.555      -     -    1s
     0     0 265361.555    0   84   -0.00000 265361.555      -     -    1s
     0     0 242680.435    0   87   -0.00000 242680.435      -     -    2s
     0     0 242374.379    0   88   -0.00000 242374.379      -     -    2s
     0     0 242341.256    0   89   -0.00000 242341.256      -     -    2s
     0     0 223033.234    0   88   -0.00000 223033.234      -     -    2s
     0     0 222123.083    0   87   -0.00000 222123.083      -     -    2s
     0     0 222036.716    0   87   -0.00000 222036.716      -     -    2s
     0     0 203838.357    0   86   -0.00000 203838.357      -     -    2s
     0     0 201281.392    0   79   -0.00000 201281.392      -     -    2s
     0     0 201138.080    0   83   -0.00000 201138.080      -     -    2s
     0     0 201032.059    0   83   -0.00000 201032.059      -     -    2s
     0     0 201032.059    0   83   -0.00000 201032.059      -     -    2s
H    0     0                    28288.023117 187550.776   563%     -    2s
     0     0 187550.776    0   85 28288.0231 187550.776   563%     -    2s
H    0     0                    33052.675286 187463.122   467%     -    2s
     0     0 186300.633    0   87 33052.6753 186300.633   464%     -    2s
     0     0 185824.414    0   85 33052.6753 185824.414   462%     -    2s
     0     0 185801.946    0   86 33052.6753 185801.946   462%     -    2s
     0     0 173777.642    0   88 33052.6753 173777.642   426%     -    2s
     0     0 172779.136    0   88 33052.6753 172779.136   423%     -    2s
     0     0 172741.729    0   88 33052.6753 172741.729   423%     -    2s
     0     0 159429.064    0   89 33052.6753 159429.064   382%     -    2s
     0     0 158048.261    0   85 33052.6753 158048.261   378%     -    2s
     0     0 157971.704    0   86 33052.6753 157971.704   378%     -    2s
     0     0 145352.934    0   89 33052.6753 145352.934   340%     -    3s
     0     0 145242.514    0   88 33052.6753 145242.514   339%     -    3s
     0     0 136862.841    0   93 33052.6753 136862.841   314%     -    3s
     0     0 136403.454    0   92 33052.6753 136403.454   313%     -    3s
     0     0 136223.108    0   92 33052.6753 136223.108   312%     -    3s
     0     0 136196.650    0   92 33052.6753 136196.650   312%     -    3s
     0     0 126894.769    0   90 33052.6753 126894.769   284%     -    3s
     0     0 125324.387    0   92 33052.6753 125324.387   279%     -    3s
     0     0 125287.799    0   92 33052.6753 125287.799   279%     -    3s
     0     0 117595.921    0   96 33052.6753 117595.921   256%     -    3s
H    0     0                    33159.119348 117584.078   255%     -    3s
     0     0 116718.643    0   94 33159.1193 116718.643   252%     -    3s
     0     0 116293.819    0   91 33159.1193 116293.819   251%     -    3s
     0     0 116292.744    0   91 33159.1193 116292.744   251%     -    3s
     0     0 110005.055    0  100 33159.1193 110005.055   232%     -    3s
     0     0 109429.372    0   97 33159.1193 109429.372   230%     -    3s
     0     0 109373.552    0   97 33159.1193 109373.552   230%     -    3s
     0     0 103323.591    0   97 33159.1193 103323.591   212%     -    3s
     0     0 102998.221    0   97 33159.1193 102998.221   211%     -    3s
     0     0 102881.634    0   98 33159.1193 102881.634   210%     -    3s
     0     0 97626.5756    0   94 33159.1193 97626.5756   194%     -    4s
     0     0 97260.3362    0   91 33159.1193 97260.3362   193%     -    4s
     0     0 97248.0494    0   93 33159.1193 97248.0494   193%     -    4s
     0     0 91695.7837    0   97 33159.1193 91695.7837   177%     -    4s
     0     0 90789.9284    0   91 33159.1193 90789.9284   174%     -    4s
     0     0 90749.2860    0   92 33159.1193 90749.2860   174%     -    4s
     0     0 86817.9030    0   97 33159.1193 86817.9030   162%     -    4s
     0     0 86298.5539    0   91 33159.1193 86298.5539   160%     -    4s
     0     0 86228.3306    0   93 33159.1193 86228.3306   160%     -    4s
     0     0 83059.0753    0   95 33159.1193 83059.0753   150%     -    4s
     0     0 82934.2300    0   94 33159.1193 82934.2300   150%     -    4s
     0     0 80114.9013    0   97 33159.1193 80114.9013   142%     -    4s
     0     0 79751.0801    0   93 33159.1193 79751.0801   141%     -    4s
     0     0 79712.7749    0   98 33159.1193 79712.7749   140%     -    4s
     0     0 77233.8185    0   99 33159.1193 77233.8185   133%     -    4s
     0     0 76976.8364    0  100 33159.1193 76976.8364   132%     -    4s
     0     0 76956.3174    0  100 33159.1193 76956.3174   132%     -    4s
     0     0 75332.8133    0   98 33159.1193 75332.8133   127%     -    4s
     0     0 75061.4998    0   97 33159.1193 75061.4998   126%     -    4s
     0     0 75035.0514    0   99 33159.1193 75035.0514   126%     -    4s
     0     0 73045.1668    0   99 33159.1193 73045.1668   120%     -    5s
H    0     0                    34076.188451 73035.5995   114%     -    5s
     0     0 72861.7481    0  102 34076.1885 72861.7481   114%     -    5s
     0     0 72772.2212    0  103 34076.1885 72772.2212   114%     -    5s
     0     0 71369.8592    0  101 34076.1885 71369.8592   109%     -    5s
     0     0 71368.3185    0  100 34076.1885 71368.3185   109%     -    5s
     0     2 71363.7779    0  100 34076.1885 71363.7779   109%     -    5s
H  221   202                    34076.188451 39904.7999  17.1%   223    6s

Cutting planes:
  Implied bound: 762
  MIR: 69
  Flow cover: 91
  Flow path: 18
  Zero half: 34
  RLT: 229
  Relax-and-lift: 6
  PSD: 2

Explored 1676 nodes (206335 simplex iterations) in 6.99 seconds (18.26 work units)
Thread count was 10 (of 10 available processors)

Solution count 10: 34076.2 34076.2 34076.2 ... 33370.1
No other solutions better than 33370.1

Optimal solution found (tolerance 1.00e-02)
Best objective 3.407618845102e+04, best bound 3.407618845102e+04, gap 0.0000%

User-callback calls 5470, time in user-callback 0.00 sec

Pricing Results:
  RC-improving solutions found: 1
  Best objective: 34076.19
  Work units: 18.26
================================================================================

================================================================================
PRICING SUBPROBLEM TYPE 2 - ITERATION 3
================================================================================
Timestamp: 2025-12-02T16:07:08.423
Problem size: 5 scenarios, 25 facilities, 50 customers
================================================================================

Gurobi 12.0.3 (mac64[arm]) logging started Tue Dec  2 16:07:08 2025

Set parameter LogFile to value "/Users/arnav/projects/Candidate-Selection-via-Stochastic-IP/CCG/logs/CG_AF_FL_cap91_K2_S5_pricing_20251202_160637.log"
Set parameter MIPFocus to value 1
Set parameter WorkLimit to value 300

Gurobi 12.0.3 (mac64[arm]) logging started Tue Dec  2 16:07:08 2025

Set parameter LogFile to value "/Users/arnav/projects/Candidate-Selection-via-Stochastic-IP/CCG/logs/CG_AF_FL_cap91_K2_S5_pricing_20251202_160637.log"
Gurobi Optimizer version 12.0.3 build v12.0.3rc0 (mac64[arm] - Darwin 24.6.0 24G84)

CPU model: Apple M4
Thread count: 10 physical cores, 10 logical processors, using up to 10 threads

Non-default parameters:
WorkLimit  300
MIPFocus  1
PoolSearchMode  2

Optimize a model with 755 rows, 6655 columns and 20619 nonzeros
Model fingerprint: 0x87a09651
Variable types: 6500 continuous, 155 integer (155 binary)
Coefficient statistics:
  Matrix range     [3e-01, 2e+05]
  Objective range  [3e-01, 2e+05]
  Bounds range     [0e+00, 0e+00]
  RHS range        [1e+00, 1e+00]
Found heuristic solution: objective -0.0000000
Presolve removed 126 rows and 3276 columns
Presolve time: 0.01s
Presolved: 629 rows, 3379 columns, 10673 nonzeros
Variable types: 3224 continuous, 155 integer (155 binary)

Root relaxation: objective 1.221837e+05, 642 iterations, 0.01 seconds (0.01 work units)

    Nodes    |    Current Node    |     Objective Bounds      |     Work
 Expl Unexpl |  Obj  Depth IntInf | Incumbent    BestBd   Gap | It/Node Time

     0     0 122183.653    0  123   -0.00000 122183.653      -     -    0s
     0     0 90471.9454    0  118   -0.00000 90471.9454      -     -    0s
H    0     0                    21640.537719 89031.5054   311%     -    0s
     0     0 89031.5054    0  114 21640.5377 89031.5054   311%     -    0s
     0     0 88759.0963    0  114 21640.5377 88759.0963   310%     -    0s
     0     0 88725.7549    0  114 21640.5377 88725.7549   310%     -    0s
     0     0 88725.6808    0  114 21640.5377 88725.6808   310%     -    0s
     0     0 82622.8368    0  110 21640.5377 82622.8368   282%     -    0s
     0     0 81235.9209    0  105 21640.5377 81235.9209   275%     -    0s
     0     0 80375.6190    0  106 21640.5377 80375.6190   271%     -    0s
     0     0 79573.7032    0  109 21640.5377 79573.7032   268%     -    0s
     0     0 76577.4083    0  109 21640.5377 76577.4083   254%     -    0s
     0     0 76577.4083    0  109 21640.5377 76577.4083   254%     -    0s
H    0     0                    27843.640771 76577.4083   175%     -    0s
H    0     0                    28527.696044 76577.4083   168%     -    0s
     0     0 71596.3655    0  114 28527.6960 71596.3655   151%     -    0s
     0     0 68078.3729    0  111 28527.6960 68078.3729   139%     -    0s
     0     0 65578.1250    0  110 28527.6960 65578.1250   130%     -    0s
     0     0 64019.9590    0  107 28527.6960 64019.9590   124%     -    0s
     0     0 64019.9590    0  111 28527.6960 64019.9590   124%     -    0s
     0     0 64019.9590    0  110 28527.6960 64019.9590   124%     -    0s
     0     0 63954.6502    0  110 28527.6960 63954.6502   124%     -    0s
H    0     0                    29201.331697 61424.1860   110%     -    0s
H    0     0                    29304.740199 58915.3836   101%     -    0s
     0     0 58915.3836    0  110 29304.7402 58915.3836   101%     -    0s
     0     0 58637.0025    0  108 29304.7402 58637.0025   100%     -    0s
     0     0 58562.8207    0  106 29304.7402 58562.8207   100%     -    0s
     0     0 58562.8207    0  104 29304.7402 58562.8207   100%     -    0s
     0     0 58562.8207    0  106 29304.7402 58562.8207   100%     -    0s
H    0     0                    32429.111514 58562.8207  80.6%     -    0s
H    0     0                    32916.410961 58562.8207  77.9%     -    0s
H    0     0                    32999.465340 58562.8207  77.5%     -    0s
H    0     0                    33565.682129 58562.8207  74.5%     -    0s
     0     0 57635.0038    0  104 33565.6821 57635.0038  71.7%     -    0s
H    0     0                    33604.970753 57635.0038  71.5%     -    0s
H    0     0                    34076.188451 57635.0038  69.1%     -    0s
     0     2 57635.0038    0  104 34076.1885 57635.0038  69.1%     -    0s

Optimal solution found at node 1346 - now completing solution pool...

    Nodes    |    Current Node    |      Pool Obj. Bounds     |     Work
             |                    |   Worst                   |
 Expl Unexpl |  Obj  Depth IntInf | Incumbent    BestBd   Gap | It/Node Time

  1346     0     cutoff   15      33370.0751 33370.0751  0.00%  21.6    0s

Cutting planes:
  Implied bound: 331
  Clique: 1
  MIR: 25
  Flow cover: 26
  Zero half: 14
  RLT: 6
  Relax-and-lift: 19

Explored 1454 nodes (31650 simplex iterations) in 0.95 seconds (1.99 work units)
Thread count was 10 (of 10 available processors)

Solution count 10: 34076.2 34076.2 34076.2 ... 33370.1
No other solutions better than 33370.1

Optimal solution found (tolerance 1.00e-04)
Best objective 3.407618845102e+04, best bound 3.407618845102e+04, gap 0.0000%

User-callback calls 3709, time in user-callback 0.00 sec

Phase 1 Results:
  Status: Optimal but no RC-improving solutions
  Work units: 1.99
================================================================================
