================================================================================
COLUMN GENERATION - MASTER PROBLEM LOGS
================================================================================
Instance: ../Facility_Location/instances/cap91.txt
K: 2, S: 6
Pricing Type: 2
Started: 2025-12-02T23:04:12.894
================================================================================

================================================================================
MASTER PROBLEM - ITERATION 0
================================================================================
Timestamp: 2025-12-02T23:04:17.886
Problem size: 6 scenarios, 2 solutions, K=2
Type: LINEAR RELAXATION
================================================================================

Gurobi 12.0.3 (mac64[arm]) logging started Tue Dec  2 23:04:17 2025

Set parameter LogFile to value "/Users/arnav/projects/Candidate-Selection-via-Stochastic-IP/CCG/logs/CG_AF_FL_cap91_K2_S6_master_20251202_230412.log"
Set parameter LogToConsole to value 0
Set parameter OutputFlag to value 1

Gurobi 12.0.3 (mac64[arm]) logging started Tue Dec  2 23:04:17 2025

Set parameter LogFile to value "/Users/arnav/projects/Candidate-Selection-via-Stochastic-IP/CCG/logs/CG_AF_FL_cap91_K2_S6_master_20251202_230412.log"
Set parameter OutputFlag to value 1
Gurobi Optimizer version 12.0.3 build v12.0.3rc0 (mac64[arm] - Darwin 24.6.0 24G84)

CPU model: Apple M4
Thread count: 10 physical cores, 10 logical processors, using up to 10 threads

Non-default parameters:
LogToConsole  0

Optimize a model with 19 rows, 14 columns and 38 nonzeros
Model fingerprint: 0xa62abbca
Coefficient statistics:
  Matrix range     [1e+00, 1e+00]
  Objective range  [8e+04, 4e+05]
  Bounds range     [0e+00, 0e+00]
  RHS range        [1e+00, 2e+00]
Presolve removed 19 rows and 14 columns
Presolve time: 0.00s
Presolve: All rows and columns removed
Iteration    Objective       Primal Inf.    Dual Inf.      Time
       0    7.7743759e+05   0.000000e+00   0.000000e+00      0s

Solved in 0 iterations and 0.00 seconds (0.00 work units)
Optimal objective  7.774375862e+05

User-callback calls 57, time in user-callback 0.00 sec

================================================================================
MASTER PROBLEM - ITERATION 1
================================================================================
Timestamp: 2025-12-02T23:04:17.991
Problem size: 6 scenarios, 2 solutions, K=2
Type: LINEAR RELAXATION
================================================================================
Gurobi Optimizer version 12.0.3 build v12.0.3rc0 (mac64[arm] - Darwin 24.6.0 24G84)

CPU model: Apple M4
Thread count: 10 physical cores, 10 logical processors, using up to 10 threads

Non-default parameters:
LogToConsole  0

Optimize a model with 19 rows, 14 columns and 38 nonzeros
Coefficient statistics:
  Matrix range     [1e+00, 1e+00]
  Objective range  [8e+04, 4e+05]
  Bounds range     [0e+00, 0e+00]
  RHS range        [1e+00, 2e+00]

Solved in 0 iterations and 0.00 seconds (0.00 work units)
Optimal objective  7.774375862e+05

User-callback calls 18, time in user-callback 0.00 sec

Master Problem Results:
  Objective: 777437.59
  Work units: 0.0
================================================================================

================================================================================
MASTER PROBLEM - ITERATION 2
================================================================================
Timestamp: 2025-12-02T23:04:23.195
Problem size: 6 scenarios, 12 solutions, K=2
Type: LINEAR RELAXATION
================================================================================
Gurobi Optimizer version 12.0.3 build v12.0.3rc0 (mac64[arm] - Darwin 24.6.0 24G84)

CPU model: Apple M4
Thread count: 10 physical cores, 10 logical processors, using up to 10 threads

Non-default parameters:
LogToConsole  0

Optimize a model with 79 rows, 84 columns and 228 nonzeros
Coefficient statistics:
  Matrix range     [1e+00, 1e+00]
  Objective range  [6e+04, 4e+05]
  Bounds range     [0e+00, 0e+00]
  RHS range        [1e+00, 2e+00]
LP warm-start: use basis

Iteration    Objective       Primal Inf.    Dual Inf.      Time
       0   -3.5671255e+35   5.400000e+31   3.567126e+05      0s
      28    7.7221531e+05   0.000000e+00   0.000000e+00      0s

Solved in 28 iterations and 0.00 seconds (0.00 work units)
Optimal objective  7.722153148e+05

User-callback calls 56, time in user-callback 0.00 sec

Master Problem Results:
  Objective: 772215.31
  Work units: 0.0
================================================================================

================================================================================
MASTER PROBLEM - ITERATION 3
================================================================================
Timestamp: 2025-12-02T23:04:26.743
Problem size: 6 scenarios, 22 solutions, K=2
Type: LINEAR RELAXATION
================================================================================
Gurobi Optimizer version 12.0.3 build v12.0.3rc0 (mac64[arm] - Darwin 24.6.0 24G84)

CPU model: Apple M4
Thread count: 10 physical cores, 10 logical processors, using up to 10 threads

Non-default parameters:
LogToConsole  0

Optimize a model with 139 rows, 154 columns and 418 nonzeros
Coefficient statistics:
  Matrix range     [1e+00, 1e+00]
  Objective range  [6e+04, 4e+05]
  Bounds range     [0e+00, 0e+00]
  RHS range        [1e+00, 2e+00]
LP warm-start: use basis

Iteration    Objective       Primal Inf.    Dual Inf.      Time
       0   -4.9968077e+35   1.000000e+32   4.996808e+05      0s
      33    7.6168301e+05   0.000000e+00   0.000000e+00      0s

Solved in 33 iterations and 0.00 seconds (0.00 work units)
Optimal objective  7.616830125e+05

User-callback calls 62, time in user-callback 0.00 sec

Master Problem Results:
  Objective: 761683.01
  Work units: 0.0
================================================================================

================================================================================
MASTER PROBLEM - ITERATION 4
================================================================================
Timestamp: 2025-12-02T23:04:29.818
Problem size: 6 scenarios, 32 solutions, K=2
Type: LINEAR RELAXATION
================================================================================
Gurobi Optimizer version 12.0.3 build v12.0.3rc0 (mac64[arm] - Darwin 24.6.0 24G84)

CPU model: Apple M4
Thread count: 10 physical cores, 10 logical processors, using up to 10 threads

Non-default parameters:
LogToConsole  0

Optimize a model with 199 rows, 224 columns and 608 nonzeros
Coefficient statistics:
  Matrix range     [1e+00, 1e+00]
  Objective range  [6e+04, 4e+05]
  Bounds range     [0e+00, 0e+00]
  RHS range        [1e+00, 2e+00]
LP warm-start: use basis

Iteration    Objective       Primal Inf.    Dual Inf.      Time
       0   -3.9595943e+35   1.520000e+32   3.959594e+05      0s
      82    7.5890278e+05   0.000000e+00   0.000000e+00      0s

Solved in 82 iterations and 0.00 seconds (0.00 work units)
Optimal objective  7.589027836e+05

User-callback calls 111, time in user-callback 0.00 sec

Master Problem Results:
  Objective: 758902.78
  Work units: 0.0
================================================================================
Gurobi Optimizer version 12.0.3 build v12.0.3rc0 (mac64[arm] - Darwin 24.6.0 24G84)

CPU model: Apple M4
Thread count: 10 physical cores, 10 logical processors, using up to 10 threads

Non-default parameters:
LogToConsole  0

Optimize a model with 199 rows, 224 columns and 608 nonzeros
Coefficient statistics:
  Matrix range     [1e+00, 1e+00]
  Objective range  [6e+04, 4e+05]
  Bounds range     [0e+00, 0e+00]
  RHS range        [1e+00, 2e+00]

Solved in 0 iterations and 0.00 seconds (0.00 work units)
Optimal objective  7.589027836e+05

User-callback calls 18, time in user-callback 0.00 sec

================================================================================
MASTER PROBLEM - ITERATION FINAL_IP
================================================================================
Timestamp: 2025-12-02T23:04:32.865
Problem size: 6 scenarios, 32 solutions, K=2
Type: INTEGER
================================================================================

Gurobi 12.0.3 (mac64[arm]) logging started Tue Dec  2 23:04:32 2025

Set parameter LogFile to value "/Users/arnav/projects/Candidate-Selection-via-Stochastic-IP/CCG/logs/CG_AF_FL_cap91_K2_S6_master_20251202_230412.log"
Set parameter LogToConsole to value 0
Set parameter OutputFlag to value 1

Gurobi 12.0.3 (mac64[arm]) logging started Tue Dec  2 23:04:32 2025

Set parameter LogFile to value "/Users/arnav/projects/Candidate-Selection-via-Stochastic-IP/CCG/logs/CG_AF_FL_cap91_K2_S6_master_20251202_230412.log"
Set parameter OutputFlag to value 1
Gurobi Optimizer version 12.0.3 build v12.0.3rc0 (mac64[arm] - Darwin 24.6.0 24G84)

CPU model: Apple M4
Thread count: 10 physical cores, 10 logical processors, using up to 10 threads

Non-default parameters:
LogToConsole  0

Optimize a model with 199 rows, 224 columns and 608 nonzeros
Model fingerprint: 0xe818102a
Variable types: 0 continuous, 224 integer (224 binary)
Coefficient statistics:
  Matrix range     [1e+00, 1e+00]
  Objective range  [6e+04, 4e+05]
  Bounds range     [0e+00, 0e+00]
  RHS range        [1e+00, 2e+00]
Found heuristic solution: objective 904126.45273
Presolve time: 0.00s
Presolved: 199 rows, 224 columns, 608 nonzeros
Variable types: 0 continuous, 224 integer (224 binary)

Root relaxation: objective 7.589028e+05, 116 iterations, 0.00 seconds (0.00 work units)

    Nodes    |    Current Node    |     Objective Bounds      |     Work
 Expl Unexpl |  Obj  Depth IntInf | Incumbent    BestBd   Gap | It/Node Time

*    0     0               0    758902.78356 758902.784  0.00%     -    0s

Explored 1 nodes (116 simplex iterations) in 0.00 seconds (0.00 work units)
Thread count was 10 (of 10 available processors)

Solution count 2: 758903 904126 

Optimal solution found (tolerance 1.00e-04)
Best objective 7.589027835631e+05, best bound 7.589027835631e+05, gap 0.0000%

User-callback calls 144, time in user-callback 0.00 sec
