================================================================================
COLUMN GENERATION - MASTER PROBLEM LOGS
================================================================================
Instance: Facility_Location/instances/cap91.txt
K: 2, S: 5
Pricing Type: 2
Started: 2025-12-02T16:06:38.049
================================================================================

================================================================================
MASTER PROBLEM - ITERATION 0
================================================================================
Timestamp: 2025-12-02T16:06:39.995
Problem size: 5 scenarios, 5 solutions, K=2
Type: LINEAR RELAXATION
================================================================================

Gurobi 12.0.3 (mac64[arm]) logging started Tue Dec  2 16:06:40 2025


Gurobi 12.0.3 (mac64[arm]) logging started Tue Dec  2 16:06:40 2025


================================================================================
MASTER PROBLEM - ITERATION 1
================================================================================
Timestamp: 2025-12-02T16:06:40.060
Problem size: 5 scenarios, 5 solutions, K=2
Type: LINEAR RELAXATION
================================================================================

Master Problem Results:
  Objective: 700704.28
  Work units: 0.0
================================================================================

================================================================================
MASTER PROBLEM - ITERATION 2
================================================================================
Timestamp: 2025-12-02T16:06:52.123
Problem size: 5 scenarios, 15 solutions, K=2
Type: LINEAR RELAXATION
================================================================================

Master Problem Results:
  Objective: 686587.97
  Work units: 0.0
================================================================================

================================================================================
MASTER PROBLEM - ITERATION 3
================================================================================
Timestamp: 2025-12-02T16:07:01.379
Problem size: 5 scenarios, 25 solutions, K=2
Type: LINEAR RELAXATION
================================================================================

Master Problem Results:
  Objective: 685344.72
  Work units: 0.0
================================================================================

================================================================================
MASTER PROBLEM - ITERATION FINAL_IP
================================================================================
Timestamp: 2025-12-02T16:07:09.501
Problem size: 5 scenarios, 25 solutions, K=2
Type: INTEGER
================================================================================

Gurobi 12.0.3 (mac64[arm]) logging started Tue Dec  2 16:07:09 2025


Gurobi 12.0.3 (mac64[arm]) logging started Tue Dec  2 16:07:09 2025

