================================================================================
COLUMN GENERATION SF - PRICING SUBPROBLEM LOGS
================================================================================
Instance: ../Facility_Location/instances/cap91.txt
K: 2, S: 6
Pricing Type: 2
Started: 2025-12-03T00:53:06.364
================================================================================

================================================================================
PRICING SUBPROBLEM TYPE 2 (SF) - ITERATION 1
================================================================================
Timestamp: 2025-12-03T00:53:08.016
Problem size: 6 scenarios, 25 facilities, 50 customers
================================================================================

Gurobi 12.0.3 (mac64[arm]) logging started Wed Dec  3 00:53:08 2025

Set parameter LogFile to value "/Users/arnav/projects/Candidate-Selection-via-Stochastic-IP/CCG/logs/CG_SF_FL_cap91_K2_S6_pricing_20251203_005306.log"
Set parameter LogToConsole to value 0
Set parameter MIPFocus to value 1
Set parameter WorkLimit to value 300

Gurobi 12.0.3 (mac64[arm]) logging started Wed Dec  3 00:53:08 2025

Set parameter LogFile to value "/Users/arnav/projects/Candidate-Selection-via-Stochastic-IP/CCG/logs/CG_SF_FL_cap91_K2_S6_pricing_20251203_005306.log"
Gurobi Optimizer version 12.0.3 build v12.0.3rc0 (mac64[arm] - Darwin 24.6.0 24G84)

CPU model: Apple M4
Thread count: 10 physical cores, 10 logical processors, using up to 10 threads

Non-default parameters:
WorkLimit  300
MIPFocus  1
LogToConsole  0
PoolSearchMode  2

Optimize a model with 900 rows, 7981 columns and 16795 nonzeros
Model fingerprint: 0x8e676d0f
Variable types: 7800 continuous, 181 integer (181 binary)
Coefficient statistics:
  Matrix range     [1e+00, 2e+04]
  Objective range  [3e-01, 3e+05]
  Bounds range     [0e+00, 0e+00]
  RHS range        [1e+00, 1e+00]
Found heuristic solution: objective 0.0000000
Presolve removed 155 rows and 4030 columns
Presolve time: 0.01s
Presolved: 745 rows, 3951 columns, 8740 nonzeros
Variable types: 3770 continuous, 181 integer (181 binary)
Found heuristic solution: objective -59063.00668

Root relaxation: objective -2.805397e+05, 278 iterations, 0.00 seconds (0.00 work units)

    Nodes    |    Current Node    |     Objective Bounds      |     Work
 Expl Unexpl |  Obj  Depth IntInf | Incumbent    BestBd   Gap | It/Node Time

     0     0 -280539.71    0   30 -59063.007 -280539.71   375%     -    0s
H    0     0                    -139620.8570 -280539.71   101%     -    0s
H    0     0                    -175782.8475 -280539.71  59.6%     -    0s
H    0     0                    -229302.8134 -280539.71  22.3%     -    0s
     0     0 -273193.37    0   33 -229302.81 -273193.37  19.1%     -    0s
H    0     0                    -254901.2128 -272238.81  6.80%     -    0s
H    0     0                    -255643.0161 -272238.81  6.49%     -    0s
     0     0 -272238.81    0   33 -255643.02 -272238.81  6.49%     -    0s
     0     0 -271758.98    0   33 -255643.02 -271758.98  6.30%     -    0s
     0     0 -271636.75    0   33 -255643.02 -271636.75  6.26%     -    0s
     0     0 -271599.43    0   36 -255643.02 -271599.43  6.24%     -    0s
H    0     0                    -261402.7228 -271599.43  3.90%     -    0s
H    0     0                    -262737.0589 -271599.43  3.37%     -    0s
     0     0 -268791.33    0   27 -262737.06 -268791.33  2.30%     -    0s
     0     0 -267987.27    0   27 -262737.06 -267987.27  2.00%     -    0s
     0     0 -267954.83    0   27 -262737.06 -267954.83  1.99%     -    0s
     0     0 -267936.69    0   27 -262737.06 -267936.69  1.98%     -    0s
     0     0 -267906.05    0   27 -262737.06 -267906.05  1.97%     -    0s
     0     0 -267903.91    0   27 -262737.06 -267903.91  1.97%     -    0s
     0     0 -267897.09    0   27 -262737.06 -267897.09  1.96%     -    0s
     0     0 -266313.54    0   21 -262737.06 -266313.54  1.36%     -    0s
     0     0 -265930.67    0   18 -262737.06 -265930.67  1.22%     -    0s
     0     0 -265847.07    0   21 -262737.06 -265847.07  1.18%     -    0s
     0     0 -265830.56    0   18 -262737.06 -265830.56  1.18%     -    0s
     0     0 -265806.45    0   18 -262737.06 -265806.45  1.17%     -    0s
     0     0 -265799.29    0   15 -262737.06 -265799.29  1.17%     -    0s
     0     0 -265797.42    0   15 -262737.06 -265797.42  1.16%     -    0s
     0     0 -265797.21    0    6 -262737.06 -265797.21  1.16%     -    0s
     0     0 -265705.01    0   15 -262737.06 -265705.01  1.13%     -    0s
     0     0 -265704.62    0    6 -262737.06 -265704.62  1.13%     -    0s
     0     0 -265701.45    0    6 -262737.06 -265701.45  1.13%     -    0s
     0     2 -265701.45    0    6 -262737.06 -265701.45  1.13%     -    0s

Optimal solution found at node 225 - now completing solution pool...

    Nodes    |    Current Node    |      Pool Obj. Bounds     |     Work
             |                    |   Worst                   |
 Expl Unexpl |  Obj  Depth IntInf | Incumbent    BestBd   Gap | It/Node Time

   225    61 infeasible   11      -259639.74 -262737.06  1.19%  16.5    0s

Cutting planes:
  Gomory: 2
  Lift-and-project: 2
  Implied bound: 91
  MIR: 4
  Flow cover: 6
  RLT: 20
  Relax-and-lift: 21

Explored 335 nodes (4999 simplex iterations) in 0.18 seconds (0.27 work units)
Thread count was 10 (of 10 available processors)

Solution count 10: -262737 -261154 -260898 ... -259640
No other solutions better than -259640

Optimal solution found (tolerance 1.00e-04)
Best objective -2.627370589284e+05, best bound -2.627370589284e+05, gap 0.0000%

User-callback calls 1087, time in user-callback 0.00 sec

================================================================================
PRICING SUBPROBLEM TYPE 2 (SF) - ITERATION 2
================================================================================
Timestamp: 2025-12-03T00:53:09.131
Problem size: 6 scenarios, 25 facilities, 50 customers
================================================================================

Gurobi 12.0.3 (mac64[arm]) logging started Wed Dec  3 00:53:09 2025

Set parameter LogFile to value "/Users/arnav/projects/Candidate-Selection-via-Stochastic-IP/CCG/logs/CG_SF_FL_cap91_K2_S6_pricing_20251203_005306.log"
Set parameter LogToConsole to value 0
Set parameter MIPFocus to value 1
Set parameter WorkLimit to value 300

Gurobi 12.0.3 (mac64[arm]) logging started Wed Dec  3 00:53:09 2025

Set parameter LogFile to value "/Users/arnav/projects/Candidate-Selection-via-Stochastic-IP/CCG/logs/CG_SF_FL_cap91_K2_S6_pricing_20251203_005306.log"
Gurobi Optimizer version 12.0.3 build v12.0.3rc0 (mac64[arm] - Darwin 24.6.0 24G84)

CPU model: Apple M4
Thread count: 10 physical cores, 10 logical processors, using up to 10 threads

Non-default parameters:
WorkLimit  300
MIPFocus  1
LogToConsole  0
PoolSearchMode  2

Optimize a model with 900 rows, 7981 columns and 16795 nonzeros
Model fingerprint: 0x076d3910
Variable types: 7800 continuous, 181 integer (181 binary)
Coefficient statistics:
  Matrix range     [1e+00, 2e+04]
  Objective range  [3e-01, 3e+05]
  Bounds range     [0e+00, 0e+00]
  RHS range        [1e+00, 1e+00]
Found heuristic solution: objective 0.0000000
Presolve removed 155 rows and 4030 columns
Presolve time: 0.01s
Presolved: 745 rows, 3951 columns, 8740 nonzeros
Variable types: 3770 continuous, 181 integer (181 binary)
Found heuristic solution: objective -124339.8653

Root relaxation: objective -3.348095e+05, 254 iterations, 0.00 seconds (0.00 work units)

    Nodes    |    Current Node    |     Objective Bounds      |     Work
 Expl Unexpl |  Obj  Depth IntInf | Incumbent    BestBd   Gap | It/Node Time

     0     0 -334809.54    0   33 -124339.87 -334809.54   169%     -    0s
H    0     0                    -189422.6060 -334809.54  76.8%     -    0s
H    0     0                    -227392.6268 -334809.54  47.2%     -    0s
H    0     0                    -286614.1981 -334809.54  16.8%     -    0s
     0     0 -319674.70    0   33 -286614.20 -319674.70  11.5%     -    0s
     0     0 -319275.00    0   30 -286614.20 -319275.00  11.4%     -    0s
     0     0 -319118.00    0   30 -286614.20 -319118.00  11.3%     -    0s
     0     0 -319072.77    0   30 -286614.20 -319072.77  11.3%     -    0s
     0     0 -319071.17    0   30 -286614.20 -319071.17  11.3%     -    0s
H    0     0                    -303773.8267 -319071.17  5.04%     -    0s
     0     0 -319062.05    0   27 -303773.83 -319062.05  5.03%     -    0s
     0     0 -319058.35    0   30 -303773.83 -319058.35  5.03%     -    0s
     0     0 -319058.35    0   30 -303773.83 -319058.35  5.03%     -    0s
     0     0 -316865.45    0   30 -303773.83 -316865.45  4.31%     -    0s
H    0     0                    -308058.2545 -314970.76  2.24%     -    0s
H    0     0                    -308674.9180 -314970.76  2.04%     -    0s
     0     0 -314970.76    0   33 -308674.92 -314970.76  2.04%     -    0s
     0     0 -314316.96    0   30 -308674.92 -314316.96  1.83%     -    0s
     0     0 -314203.76    0   33 -308674.92 -314203.76  1.79%     -    0s
     0     0 -314203.76    0   33 -308674.92 -314203.76  1.79%     -    0s
     0     0 -313712.09    0   18 -308674.92 -313712.09  1.63%     -    0s
     0     0 -313211.35    0   21 -308674.92 -313211.35  1.47%     -    0s
     0     0 -312417.43    0   21 -308674.92 -312417.43  1.21%     -    0s
H    0     0                    -308740.1662 -312056.05  1.07%     -    0s
     0     0 -312056.05    0   21 -308740.17 -312056.05  1.07%     -    0s
     0     0 -311998.86    0   12 -308740.17 -311998.86  1.06%     -    0s
     0     0 -311972.02    0   24 -308740.17 -311972.02  1.05%     -    0s
     0     0 -311967.40    0   27 -308740.17 -311967.40  1.05%     -    0s
     0     0 -311955.33    0   21 -308740.17 -311955.33  1.04%     -    0s
     0     0 -311951.35    0   24 -308740.17 -311951.35  1.04%     -    0s
     0     0 -311951.35    0   24 -308740.17 -311951.35  1.04%     -    0s
     0     0 -311498.18    0    9 -308740.17 -311498.18  0.89%     -    0s
     0     0 -311432.98    0   15 -308740.17 -311432.98  0.87%     -    0s
     0     0 -311394.88    0   15 -308740.17 -311394.88  0.86%     -    0s
     0     0 -311388.09    0   21 -308740.17 -311388.09  0.86%     -    0s
     0     0 -311386.12    0   18 -308740.17 -311386.12  0.86%     -    0s
H    0     0                    -308863.9162 -311386.12  0.82%     -    0s
     0     0 -311382.90    0    9 -308863.92 -311382.90  0.82%     -    0s
     0     0 -311375.04    0   11 -308863.92 -311375.04  0.81%     -    0s
     0     0 -311375.04    0   11 -308863.92 -311375.04  0.81%     -    0s
     0     0 -311375.04    0   11 -308863.92 -311375.04  0.81%     -    0s
     0     0 -311375.04    0   12 -308863.92 -311375.04  0.81%     -    0s
     0     0 -311375.04    0    8 -308863.92 -311375.04  0.81%     -    0s
     0     0 -311375.04    0    7 -308863.92 -311375.04  0.81%     -    0s
     0     0 -311375.04    0    9 -308863.92 -311375.04  0.81%     -    0s
     0     0 -311375.04    0    9 -308863.92 -311375.04  0.81%     -    0s
     0     0 -311375.04    0    9 -308863.92 -311375.04  0.81%     -    0s
     0     0 -311375.04    0    8 -308863.92 -311375.04  0.81%     -    0s
     0     0 -311375.04    0    6 -308863.92 -311375.04  0.81%     -    0s
     0     0 -311375.04    0    6 -308863.92 -311375.04  0.81%     -    0s
     0     0 -311375.04    0    7 -308863.92 -311375.04  0.81%     -    0s
     0     0 -311375.04    0    6 -308863.92 -311375.04  0.81%     -    0s
     0     0 -311375.04    0    7 -308863.92 -311375.04  0.81%     -    0s
     0     0 -311375.04    0    7 -308863.92 -311375.04  0.81%     -    0s
     0     0 -311375.04    0    7 -308863.92 -311375.04  0.81%     -    0s
     0     0 -311375.04    0    6 -308863.92 -311375.04  0.81%     -    0s
     0     0 -311375.04    0    7 -308863.92 -311375.04  0.81%     -    0s
     0     0 -311375.04    0    6 -308863.92 -311375.04  0.81%     -    0s
     0     0 -311375.04    0    3 -308863.92 -311375.04  0.81%     -    0s
     0     0 -311375.04    0    6 -308863.92 -311375.04  0.81%     -    0s
     0     0 -311351.47    0    7 -308863.92 -311351.47  0.81%     -    0s
     0     0 -311345.62    0    6 -308863.92 -311345.62  0.80%     -    0s
     0     0 -311322.64    0    6 -308863.92 -311322.64  0.80%     -    0s
     0     0 -311002.19    0    6 -308863.92 -311002.19  0.69%     -    0s
     0     0 -310996.27    0    7 -308863.92 -310996.27  0.69%     -    0s
     0     0 -310991.83    0    5 -308863.92 -310991.83  0.69%     -    0s
     0     0 -310989.81    0    6 -308863.92 -310989.81  0.69%     -    0s
     0     0 -310986.66    0    6 -308863.92 -310986.66  0.69%     -    0s
     0     0 -310982.29    0    6 -308863.92 -310982.29  0.69%     -    0s
     0     0 -310981.71    0    6 -308863.92 -310981.71  0.69%     -    0s
H    0     0                    -309631.2431 -310981.71  0.44%     -    0s
     0     0 -310867.05    0    6 -309631.24 -310867.05  0.40%     -    0s
     0     0 -310867.05    0   11 -309631.24 -310867.05  0.40%     -    0s
     0     0 -310867.05    0   11 -309631.24 -310867.05  0.40%     -    0s
     0     0 -310867.05    0   11 -309631.24 -310867.05  0.40%     -    0s
     0     0 -310867.05    0   11 -309631.24 -310867.05  0.40%     -    0s
     0     0 -310867.05    0    9 -309631.24 -310867.05  0.40%     -    0s
     0     0 -310867.05    0    8 -309631.24 -310867.05  0.40%     -    0s
     0     0 -310867.05    0    9 -309631.24 -310867.05  0.40%     -    0s
     0     0 -310867.05    0   10 -309631.24 -310867.05  0.40%     -    0s
     0     0 -310867.05    0    9 -309631.24 -310867.05  0.40%     -    0s
     0     0 -310867.05    0    9 -309631.24 -310867.05  0.40%     -    0s
     0     0 -310867.05    0    7 -309631.24 -310867.05  0.40%     -    0s
     0     0 -310867.05    0    7 -309631.24 -310867.05  0.40%     -    0s
     0     0 -310867.05    0    8 -309631.24 -310867.05  0.40%     -    0s
     0     0 -310867.05    0    7 -309631.24 -310867.05  0.40%     -    0s
     0     0 -310867.05    0    8 -309631.24 -310867.05  0.40%     -    0s
     0     0 -310867.05    0    8 -309631.24 -310867.05  0.40%     -    0s
     0     0 -310867.05    0    8 -309631.24 -310867.05  0.40%     -    0s
     0     0 -310867.05    0    7 -309631.24 -310867.05  0.40%     -    0s
     0     0 -310860.20    0    6 -309631.24 -310860.20  0.40%     -    0s
     0     0 -310859.74    0    7 -309631.24 -310859.74  0.40%     -    0s
     0     0 -310849.71    0    6 -309631.24 -310849.71  0.39%     -    0s
     0     0 -310847.13    0    2 -309631.24 -310847.13  0.39%     -    0s
     0     0 -310846.82    0    2 -309631.24 -310846.82  0.39%     -    0s
     0     0 -310842.83    0    7 -309631.24 -310842.83  0.39%     -    0s
     0     0 -310842.66    0    2 -309631.24 -310842.66  0.39%     -    0s
     0     0 -310842.66    0    2 -309631.24 -310842.66  0.39%     -    0s
     0     0 -310842.66    0   11 -309631.24 -310842.66  0.39%     -    0s
     0     0 -310842.66    0   11 -309631.24 -310842.66  0.39%     -    0s
     0     0 -310842.66    0   11 -309631.24 -310842.66  0.39%     -    0s
     0     0 -310842.66    0   11 -309631.24 -310842.66  0.39%     -    0s
     0     0 -310842.66    0    9 -309631.24 -310842.66  0.39%     -    0s
     0     0 -310842.66    0    8 -309631.24 -310842.66  0.39%     -    0s
     0     0 -310842.66    0    9 -309631.24 -310842.66  0.39%     -    0s
     0     0 -310842.66    0    8 -309631.24 -310842.66  0.39%     -    0s
     0     0 -310842.66    0   11 -309631.24 -310842.66  0.39%     -    0s
     0     0 -310842.66    0    7 -309631.24 -310842.66  0.39%     -    0s
     0     0 -310842.66    0    7 -309631.24 -310842.66  0.39%     -    0s
     0     0 -310842.66    0    9 -309631.24 -310842.66  0.39%     -    0s
     0     0 -310842.66    0    8 -309631.24 -310842.66  0.39%     -    0s
     0     0 -310842.66    0    7 -309631.24 -310842.66  0.39%     -    0s
     0     0 -310842.66    0    6 -309631.24 -310842.66  0.39%     -    0s
     0     0 -310842.66    0    7 -309631.24 -310842.66  0.39%     -    0s
     0     0 -310842.66    0    6 -309631.24 -310842.66  0.39%     -    0s
     0     0 -310842.66    0    6 -309631.24 -310842.66  0.39%     -    0s
     0     0 -310842.66    0    6 -309631.24 -310842.66  0.39%     -    0s
     0     0 -310842.66    0    6 -309631.24 -310842.66  0.39%     -    0s
     0     0 -310842.66    0    2 -309631.24 -310842.66  0.39%     -    0s
     0     0 -310842.66    0    2 -309631.24 -310842.66  0.39%     -    0s
     0     0 -310760.88    0    6 -309631.24 -310760.88  0.36%     -    0s
     0     0 -310759.92    0    6 -309631.24 -310759.92  0.36%     -    0s
     0     0 -310751.66    0    6 -309631.24 -310751.66  0.36%     -    0s
     0     0 -310749.56    0    5 -309631.24 -310749.56  0.36%     -    0s
     0     0 -310749.56    0    5 -309631.24 -310749.56  0.36%     -    0s
     0     2 -310749.56    0    5 -309631.24 -310749.56  0.36%     -    0s

Optimal solution found at node 75 - now completing solution pool...

    Nodes    |    Current Node    |      Pool Obj. Bounds     |     Work
             |                    |   Worst                   |
 Expl Unexpl |  Obj  Depth IntInf | Incumbent    BestBd   Gap | It/Node Time

    75    63     cutoff    5      -307752.65 -309631.24  0.61%  17.3    0s

Cutting planes:
  Lift-and-project: 2
  Implied bound: 80
  MIR: 16
  Relax-and-lift: 9

Explored 311 nodes (5219 simplex iterations) in 0.35 seconds (0.48 work units)
Thread count was 10 (of 10 available processors)

Solution count 10: -309631 -309507 -308864 ... -308214
No other solutions better than -308214

Optimal solution found (tolerance 1.00e-04)
Best objective -3.096312431177e+05, best bound -3.096312431177e+05, gap 0.0000%

User-callback calls 1525, time in user-callback 0.00 sec

================================================================================
PRICING SUBPROBLEM TYPE 2 (SF) - ITERATION 3
================================================================================
Timestamp: 2025-12-03T00:53:10.063
Problem size: 6 scenarios, 25 facilities, 50 customers
================================================================================

Gurobi 12.0.3 (mac64[arm]) logging started Wed Dec  3 00:53:10 2025

Set parameter LogFile to value "/Users/arnav/projects/Candidate-Selection-via-Stochastic-IP/CCG/logs/CG_SF_FL_cap91_K2_S6_pricing_20251203_005306.log"
Set parameter LogToConsole to value 0
Set parameter MIPFocus to value 1
Set parameter WorkLimit to value 300

Gurobi 12.0.3 (mac64[arm]) logging started Wed Dec  3 00:53:10 2025

Set parameter LogFile to value "/Users/arnav/projects/Candidate-Selection-via-Stochastic-IP/CCG/logs/CG_SF_FL_cap91_K2_S6_pricing_20251203_005306.log"
Gurobi Optimizer version 12.0.3 build v12.0.3rc0 (mac64[arm] - Darwin 24.6.0 24G84)

CPU model: Apple M4
Thread count: 10 physical cores, 10 logical processors, using up to 10 threads

Non-default parameters:
WorkLimit  300
MIPFocus  1
LogToConsole  0
PoolSearchMode  2

Optimize a model with 900 rows, 7981 columns and 16795 nonzeros
Model fingerprint: 0x4dd282c5
Variable types: 7800 continuous, 181 integer (181 binary)
Coefficient statistics:
  Matrix range     [1e+00, 2e+04]
  Objective range  [3e-01, 2e+05]
  Bounds range     [0e+00, 0e+00]
  RHS range        [1e+00, 1e+00]
Found heuristic solution: objective 0.0000000
Presolve removed 155 rows and 4030 columns
Presolve time: 0.01s
Presolved: 745 rows, 3951 columns, 8740 nonzeros
Variable types: 3770 continuous, 181 integer (181 binary)

Root relaxation: objective -6.688651e+04, 419 iterations, 0.00 seconds (0.01 work units)

    Nodes    |    Current Node    |     Objective Bounds      |     Work
 Expl Unexpl |  Obj  Depth IntInf | Incumbent    BestBd   Gap | It/Node Time

     0     0 -66886.506    0   89    0.00000 -66886.506      -     -    0s
H    0     0                    -5625.643198 -66886.506  1089%     -    0s
H    0     0                    -19853.31497 -66886.506   237%     -    0s
H    0     0                    -21121.41808 -66886.506   217%     -    0s
H    0     0                    -26706.38615 -45250.104  69.4%     -    0s
H    0     0                    -29278.82037 -45250.104  54.5%     -    0s
     0     0 -44866.395    0   74 -29278.820 -44866.395  53.2%     -    0s
     0     0 -44224.833    0   77 -29278.820 -44224.833  51.0%     -    0s
     0     0 -44130.216    0   74 -29278.820 -44130.216  50.7%     -    0s
     0     0 -44069.581    0   74 -29278.820 -44069.581  50.5%     -    0s
     0     0 -44066.163    0   75 -29278.820 -44066.163  50.5%     -    0s
H    0     0                    -30904.31889 -41088.467  33.0%     -    0s
H    0     0                    -31438.39773 -41088.467  30.7%     -    0s
H    0     0                    -32283.99063 -41088.467  27.3%     -    0s
     0     0 -41088.467    0   78 -32283.991 -41088.467  27.3%     -    0s
H    0     0                    -33782.27076 -41088.467  21.6%     -    0s
     0     0 -38164.975    0   72 -33782.271 -38164.975  13.0%     -    0s
     0     0 -38164.975    0   71 -33782.271 -38164.975  13.0%     -    0s
     0     0 -38164.975    0   70 -33782.271 -38164.975  13.0%     -    0s
     0     0 -38164.975    0   70 -33782.271 -38164.975  13.0%     -    0s
     0     0 -38052.715    0   67 -33782.271 -38052.715  12.6%     -    0s
     0     0 -38046.743    0   61 -33782.271 -38046.743  12.6%     -    0s
     0     0 -38046.743    0   70 -33782.271 -38046.743  12.6%     -    0s
     0     0 -38046.743    0   73 -33782.271 -38046.743  12.6%     -    0s
     0     0 -38046.743    0   73 -33782.271 -38046.743  12.6%     -    0s
     0     0 -37785.303    0   73 -33782.271 -37785.303  11.8%     -    0s
     0     0 -37785.303    0   73 -33782.271 -37785.303  11.8%     -    0s
     0     0 -37785.303    0   74 -33782.271 -37785.303  11.8%     -    0s
     0     0 -36532.378    0   36 -33782.271 -36532.378  8.14%     -    0s
     0     0 -36311.235    0   40 -33782.271 -36311.235  7.49%     -    0s
     0     0 -35976.718    0   74 -33782.271 -35976.718  6.50%     -    0s
     0     0 -35976.718    0   67 -33782.271 -35976.718  6.50%     -    0s
     0     0 -35496.262    0   68 -33782.271 -35496.262  5.07%     -    0s
     0     0 -35496.262    0   68 -33782.271 -35496.262  5.07%     -    0s
     0     0 -35496.262    0   68 -33782.271 -35496.262  5.07%     -    0s
     0     0 -35486.010    0   61 -33782.271 -35486.010  5.04%     -    0s
     0     0 -35486.010    0   89 -33782.271 -35486.010  5.04%     -    0s
     0     0 -35486.010    0   74 -33782.271 -35486.010  5.04%     -    0s
     0     0 -35486.010    0   79 -33782.271 -35486.010  5.04%     -    0s
     0     0 -35486.010    0   74 -33782.271 -35486.010  5.04%     -    0s
     0     0 -35486.010    0   76 -33782.271 -35486.010  5.04%     -    0s
     0     0 -35486.010    0   75 -33782.271 -35486.010  5.04%     -    0s
     0     0 -35486.010    0   71 -33782.271 -35486.010  5.04%     -    0s
     0     0 -35486.010    0   71 -33782.271 -35486.010  5.04%     -    0s
     0     0 -35486.010    0   69 -33782.271 -35486.010  5.04%     -    0s
     0     0 -35486.010    0   68 -33782.271 -35486.010  5.04%     -    0s
     0     0 -35486.010    0   69 -33782.271 -35486.010  5.04%     -    0s
     0     0 -35486.010    0   68 -33782.271 -35486.010  5.04%     -    0s
     0     0 -35486.010    0   66 -33782.271 -35486.010  5.04%     -    0s
     0     0 -35486.010    0   65 -33782.271 -35486.010  5.04%     -    0s
     0     0 -35486.010    0   64 -33782.271 -35486.010  5.04%     -    0s
     0     0 -35486.010    0   62 -33782.271 -35486.010  5.04%     -    0s
     0     0 -35486.010    0   65 -33782.271 -35486.010  5.04%     -    0s
     0     0 -35486.010    0   63 -33782.271 -35486.010  5.04%     -    0s
     0     0 -35486.010    0   59 -33782.271 -35486.010  5.04%     -    0s
     0     0 -35486.010    0   29 -33782.271 -35486.010  5.04%     -    0s
     0     0 -35486.010    0   29 -33782.271 -35486.010  5.04%     -    0s
     0     0 -35486.010    0   61 -33782.271 -35486.010  5.04%     -    0s
     0     0 -35486.010    0   59 -33782.271 -35486.010  5.04%     -    0s
     0     0 -35486.010    0   60 -33782.271 -35486.010  5.04%     -    0s
     0     0 -35486.010    0   59 -33782.271 -35486.010  5.04%     -    0s
     0     0 -35486.010    0   60 -33782.271 -35486.010  5.04%     -    0s
     0     0 -35486.010    0   89 -33782.271 -35486.010  5.04%     -    0s
     0     0 -35486.010    0   74 -33782.271 -35486.010  5.04%     -    0s
     0     0 -35486.010    0   76 -33782.271 -35486.010  5.04%     -    0s
     0     0 -35486.010    0   74 -33782.271 -35486.010  5.04%     -    0s
     0     0 -35486.010    0   69 -33782.271 -35486.010  5.04%     -    0s
     0     0 -35486.010    0   73 -33782.271 -35486.010  5.04%     -    0s
     0     0 -35486.010    0   72 -33782.271 -35486.010  5.04%     -    0s
     0     0 -35486.010    0   63 -33782.271 -35486.010  5.04%     -    0s
     0     0 -35486.010    0   62 -33782.271 -35486.010  5.04%     -    0s
     0     0 -35486.010    0   61 -33782.271 -35486.010  5.04%     -    0s
     0     0 -35486.010    0   57 -33782.271 -35486.010  5.04%     -    0s
     0     0 -35486.010    0   57 -33782.271 -35486.010  5.04%     -    0s
     0     0 -35486.010    0   58 -33782.271 -35486.010  5.04%     -    0s
     0     0 -35486.010    0   59 -33782.271 -35486.010  5.04%     -    0s
     0     0 -35486.010    0   59 -33782.271 -35486.010  5.04%     -    0s
     0     0 -35486.010    0   59 -33782.271 -35486.010  5.04%     -    0s
     0     0 -35486.010    0   60 -33782.271 -35486.010  5.04%     -    0s
     0     0 -35486.010    0   60 -33782.271 -35486.010  5.04%     -    0s
     0     0 -35486.010    0   60 -33782.271 -35486.010  5.04%     -    0s
     0     0 -35486.010    0   57 -33782.271 -35486.010  5.04%     -    0s
     0     0 -35486.010    0   57 -33782.271 -35486.010  5.04%     -    0s
     0     0 -35486.010    0   57 -33782.271 -35486.010  5.04%     -    0s
     0     0 -35486.010    0   58 -33782.271 -35486.010  5.04%     -    0s
     0     0 -35486.010    0   35 -33782.271 -35486.010  5.04%     -    0s
     0     0 -35486.010    0   60 -33782.271 -35486.010  5.04%     -    0s
     0     0 -35486.010    0   36 -33782.271 -35486.010  5.04%     -    0s
     0     0 -35486.010    0   61 -33782.271 -35486.010  5.04%     -    0s
     0     0 -35486.010    0   61 -33782.271 -35486.010  5.04%     -    0s
     0     0 -35486.010    0   61 -33782.271 -35486.010  5.04%     -    0s
     0     0 -35486.010    0   60 -33782.271 -35486.010  5.04%     -    0s
     0     0 -35486.010    0   89 -33782.271 -35486.010  5.04%     -    0s
     0     0 -35486.010    0   74 -33782.271 -35486.010  5.04%     -    0s
     0     0 -35486.010    0   76 -33782.271 -35486.010  5.04%     -    0s
     0     0 -35486.010    0   72 -33782.271 -35486.010  5.04%     -    0s
     0     0 -35486.010    0   76 -33782.271 -35486.010  5.04%     -    0s
     0     0 -35486.010    0   74 -33782.271 -35486.010  5.04%     -    0s
     0     0 -35486.010    0   66 -33782.271 -35486.010  5.04%     -    0s
     0     0 -35486.010    0   70 -33782.271 -35486.010  5.04%     -    0s
     0     0 -35486.010    0   59 -33782.271 -35486.010  5.04%     -    0s
     0     0 -35486.010    0   58 -33782.271 -35486.010  5.04%     -    0s
     0     0 -35486.010    0   61 -33782.271 -35486.010  5.04%     -    0s
     0     0 -35486.010    0   57 -33782.271 -35486.010  5.04%     -    0s
     0     0 -35486.010    0   57 -33782.271 -35486.010  5.04%     -    0s
     0     0 -35486.010    0   57 -33782.271 -35486.010  5.04%     -    0s
     0     0 -35486.010    0   58 -33782.271 -35486.010  5.04%     -    0s
     0     0 -35486.010    0   57 -33782.271 -35486.010  5.04%     -    0s
     0     0 -35486.010    0   56 -33782.271 -35486.010  5.04%     -    0s
     0     0 -35486.010    0   56 -33782.271 -35486.010  5.04%     -    0s
     0     0 -35486.010    0   56 -33782.271 -35486.010  5.04%     -    0s
     0     0 -35486.010    0   61 -33782.271 -35486.010  5.04%     -    0s
     0     0 -35486.010    0   62 -33782.271 -35486.010  5.04%     -    0s
     0     0 -35486.010    0   60 -33782.271 -35486.010  5.04%     -    0s
     0     0 -35486.010    0   60 -33782.271 -35486.010  5.04%     -    0s
     0     0 -35486.010    0   39 -33782.271 -35486.010  5.04%     -    0s
     0     0 -35486.010    0   62 -33782.271 -35486.010  5.04%     -    0s
     0     0 -35486.010    0   62 -33782.271 -35486.010  5.04%     -    1s
     0     0 -35486.010    0   58 -33782.271 -35486.010  5.04%     -    1s
     0     2 -35486.010    0   58 -33782.271 -35486.010  5.04%     -    1s

Optimal solution found at node 167 - now completing solution pool...

    Nodes    |    Current Node    |      Pool Obj. Bounds     |     Work
             |                    |   Worst                   |
 Expl Unexpl |  Obj  Depth IntInf | Incumbent    BestBd   Gap | It/Node Time

   167   175          -    8      -29326.336 -33782.271  15.2%  13.5    1s

Cutting planes:
  Lift-and-project: 4
  Implied bound: 197
  MIR: 17
  Flow cover: 12
  RLT: 1
  Relax-and-lift: 5

Explored 559 nodes (10800 simplex iterations) in 1.18 seconds (1.82 work units)
Thread count was 10 (of 10 available processors)

Solution count 10: -33782.3 -32771.9 -32284 ... -31418.9
No other solutions better than -31418.9

Optimal solution found (tolerance 1.00e-04)
Best objective -3.378227076209e+04, best bound -3.378227076209e+04, gap 0.0000%

User-callback calls 2528, time in user-callback 0.00 sec

================================================================================
PRICING SUBPROBLEM TYPE 2 (SF) - ITERATION 4
================================================================================
Timestamp: 2025-12-03T00:53:11.657
Problem size: 6 scenarios, 25 facilities, 50 customers
================================================================================

Gurobi 12.0.3 (mac64[arm]) logging started Wed Dec  3 00:53:11 2025

Set parameter LogFile to value "/Users/arnav/projects/Candidate-Selection-via-Stochastic-IP/CCG/logs/CG_SF_FL_cap91_K2_S6_pricing_20251203_005306.log"
Set parameter LogToConsole to value 0
Set parameter MIPFocus to value 1
Set parameter WorkLimit to value 300

Gurobi 12.0.3 (mac64[arm]) logging started Wed Dec  3 00:53:11 2025

Set parameter LogFile to value "/Users/arnav/projects/Candidate-Selection-via-Stochastic-IP/CCG/logs/CG_SF_FL_cap91_K2_S6_pricing_20251203_005306.log"
Gurobi Optimizer version 12.0.3 build v12.0.3rc0 (mac64[arm] - Darwin 24.6.0 24G84)

CPU model: Apple M4
Thread count: 10 physical cores, 10 logical processors, using up to 10 threads

Non-default parameters:
WorkLimit  300
MIPFocus  1
LogToConsole  0
PoolSearchMode  2

Optimize a model with 900 rows, 7981 columns and 16795 nonzeros
Model fingerprint: 0x45dc2aa6
Variable types: 7800 continuous, 181 integer (181 binary)
Coefficient statistics:
  Matrix range     [1e+00, 2e+04]
  Objective range  [3e-01, 2e+05]
  Bounds range     [0e+00, 0e+00]
  RHS range        [1e+00, 1e+00]
Found heuristic solution: objective 0.0000000
Presolve removed 155 rows and 4030 columns
Presolve time: 0.01s
Presolved: 745 rows, 3951 columns, 8740 nonzeros
Variable types: 3770 continuous, 181 integer (181 binary)

Root relaxation: objective -2.252479e+04, 410 iterations, 0.00 seconds (0.00 work units)

    Nodes    |    Current Node    |     Objective Bounds      |     Work
 Expl Unexpl |  Obj  Depth IntInf | Incumbent    BestBd   Gap | It/Node Time

     0     0 -22524.795    0   43    0.00000 -22524.795      -     -    0s
     0     0 -9962.3146    0   24    0.00000 -9962.3146      -     -    0s
     0     0 -6843.5863    0   22    0.00000 -6843.5863      -     -    0s
     0     0 -6368.6312    0   20    0.00000 -6368.6312      -     -    0s
     0     0 -6299.9430    0   20    0.00000 -6299.9430      -     -    0s
     0     0 -3842.2046    0   14    0.00000 -3842.2046      -     -    0s
     0     0 -3200.2209    0   12    0.00000 -3200.2209      -     -    0s
     0     0 -3157.7463    0   20    0.00000 -3157.7463      -     -    0s
     0     0 -3099.9402    0   16    0.00000 -3099.9402      -     -    0s
     0     0 -3097.1205    0   14    0.00000 -3097.1205      -     -    0s
     0     0 -3079.6762    0   12    0.00000 -3079.6762      -     -    0s
     0     0 -3079.6762    0   12    0.00000 -3079.6762      -     -    0s
     0     0 -1984.0719    0   10    0.00000 -1984.0719      -     -    0s
     0     0 -1815.8143    0   10    0.00000 -1815.8143      -     -    0s
     0     0 -1680.0208    0   10    0.00000 -1680.0208      -     -    0s
     0     0 -1387.4237    0    8    0.00000 -1387.4237      -     -    0s
     0     0 -1192.4254    0    8    0.00000 -1192.4254      -     -    0s
     0     0 -965.17464    0    8    0.00000 -965.17464      -     -    0s
     0     0 -761.42957    0   10    0.00000 -761.42957      -     -    0s
     0     0 -760.91582    0   10    0.00000 -760.91582      -     -    0s
     0     0 -739.02651    0   12    0.00000 -739.02651      -     -    0s
     0     2 -739.02651    0   12    0.00000 -739.02651      -     -    0s
H    1     4                      -0.0000000 -735.36211      -   8.0    0s

Cutting planes:
  Lift-and-project: 3
  Implied bound: 84
  MIR: 8
  Flow cover: 6
  Relax-and-lift: 9

Explored 202 nodes (1397 simplex iterations) in 0.20 seconds (0.29 work units)
Thread count was 10 (of 10 available processors)

Solution count 10: -2.47383e-10 0 0 ... 3.79353e-12
No other solutions better than 3.79353e-12

Optimal solution found (tolerance 1.00e-04)
Best objective -2.473825588822e-10, best bound -2.473825588822e-10, gap 0.0000%

User-callback calls 819, time in user-callback 0.00 sec
Set parameter MIPFocus to value 0
Set parameter WorkLimit to value 2.9695787131021141e+04
Gurobi Optimizer version 12.0.3 build v12.0.3rc0 (mac64[arm] - Darwin 24.6.0 24G84)

CPU model: Apple M4
Thread count: 10 physical cores, 10 logical processors, using up to 10 threads

Non-default parameters:
WorkLimit  2.9695787131021141e+04
LogToConsole  0
PoolSearchMode  2

Optimize a model with 900 rows, 7981 columns and 16795 nonzeros
Model fingerprint: 0x45dc2aa6
Variable types: 7800 continuous, 181 integer (181 binary)
Coefficient statistics:
  Matrix range     [1e+00, 2e+04]
  Objective range  [3e-01, 2e+05]
  Bounds range     [0e+00, 0e+00]
  RHS range        [1e+00, 1e+00]
Presolved: 745 rows, 3951 columns, 8740 nonzeros

Continuing optimization...


Cutting planes:
  Lift-and-project: 3
  Implied bound: 84
  MIR: 8
  Flow cover: 6
  Relax-and-lift: 9

Explored 202 nodes (1397 simplex iterations) in 0.00 seconds (0.00 work units)
Thread count was 10 (of 10 available processors)

Solution count 10: -2.47383e-10 0 0 ... 3.79353e-12
No other solutions better than 3.79353e-12

Optimal solution found (tolerance 1.00e-04)
Best objective -2.473825588822e-10, best bound -2.473825588822e-10, gap 0.0000%

User-callback calls 39, time in user-callback 0.00 sec
