================================================================================
COLUMN GENERATION SF - PRICING SUBPROBLEM LOGS
================================================================================
Instance: ../Facility_Location/instances/cap91.txt
K: 2, S: 6
Pricing Type: 2
Started: 2025-12-03T01:34:41.962
================================================================================

================================================================================
PRICING SUBPROBLEM TYPE 2 (SF) - ITERATION 1
================================================================================
Timestamp: 2025-12-03T01:34:43.680
Problem size: 6 scenarios, 25 facilities, 50 customers
================================================================================

Gurobi 12.0.3 (mac64[arm]) logging started Wed Dec  3 01:34:43 2025

Set parameter LogFile to value "/Users/arnav/projects/Candidate-Selection-via-Stochastic-IP/CCG/logs/CG_SF_FL_cap91_K2_S6_pricing_20251203_013441.log"
Set parameter LogToConsole to value 0
Set parameter MIPFocus to value 1
Set parameter WorkLimit to value 300

Gurobi 12.0.3 (mac64[arm]) logging started Wed Dec  3 01:34:43 2025

Set parameter LogFile to value "/Users/arnav/projects/Candidate-Selection-via-Stochastic-IP/CCG/logs/CG_SF_FL_cap91_K2_S6_pricing_20251203_013441.log"
Gurobi Optimizer version 12.0.3 build v12.0.3rc0 (mac64[arm] - Darwin 24.6.0 24G84)

CPU model: Apple M4
Thread count: 10 physical cores, 10 logical processors, using up to 10 threads

Non-default parameters:
WorkLimit  300
MIPFocus  1
LogToConsole  0
PoolSearchMode  2

Optimize a model with 900 rows, 7981 columns and 16795 nonzeros
Model fingerprint: 0x9054229b
Variable types: 7800 continuous, 181 integer (181 binary)
Coefficient statistics:
  Matrix range     [1e+00, 2e+04]
  Objective range  [3e-01, 4e+05]
  Bounds range     [0e+00, 0e+00]
  RHS range        [1e+00, 1e+00]
Found heuristic solution: objective 0.0000000
Presolve removed 155 rows and 4030 columns
Presolve time: 0.01s
Presolved: 745 rows, 3951 columns, 8740 nonzeros
Variable types: 3770 continuous, 181 integer (181 binary)
Found heuristic solution: objective -270595.1540

Root relaxation: objective -4.920719e+05, 278 iterations, 0.00 seconds (0.00 work units)

    Nodes    |    Current Node    |     Objective Bounds      |     Work
 Expl Unexpl |  Obj  Depth IntInf | Incumbent    BestBd   Gap | It/Node Time

     0     0 -492071.86    0   30 -270595.15 -492071.86  81.8%     -    0s
H    0     0                    -351153.0043 -492071.86  40.1%     -    0s
H    0     0                    -387314.9949 -492071.86  27.0%     -    0s
H    0     0                    -440834.9608 -492071.86  11.6%     -    0s
     0     0 -484725.52    0   33 -440834.96 -484725.52  10.0%     -    0s
H    0     0                    -466433.3601 -483770.96  3.72%     -    0s
H    0     0                    -467175.1634 -483770.96  3.55%     -    0s
     0     0 -483770.96    0   33 -467175.16 -483770.96  3.55%     -    0s
     0     0 -483291.12    0   33 -467175.16 -483291.12  3.45%     -    0s
     0     0 -483168.90    0   33 -467175.16 -483168.90  3.42%     -    0s
     0     0 -483131.58    0   36 -467175.16 -483131.58  3.42%     -    0s
H    0     0                    -472934.8701 -483131.58  2.16%     -    0s
H    0     0                    -474269.2062 -483131.58  1.87%     -    0s
     0     0 -480323.48    0   27 -474269.21 -480323.48  1.28%     -    0s
     0     0 -479519.41    0   27 -474269.21 -479519.41  1.11%     -    0s
     0     0 -479486.98    0   27 -474269.21 -479486.98  1.10%     -    0s
     0     0 -479468.84    0   27 -474269.21 -479468.84  1.10%     -    0s
     0     0 -479438.20    0   27 -474269.21 -479438.20  1.09%     -    0s
     0     0 -479436.06    0   27 -474269.21 -479436.06  1.09%     -    0s
     0     0 -479429.24    0   27 -474269.21 -479429.24  1.09%     -    0s
     0     0 -477710.71    0   21 -474269.21 -477710.71  0.73%     -    0s
     0     0 -477367.66    0   18 -474269.21 -477367.66  0.65%     -    0s
     0     0 -477356.41    0   21 -474269.21 -477356.41  0.65%     -    0s
     0     0 -477344.57    0   18 -474269.21 -477344.57  0.65%     -    0s
     0     0 -477331.35    0   18 -474269.21 -477331.35  0.65%     -    0s
     0     0 -477329.72    0   15 -474269.21 -477329.72  0.65%     -    0s
     0     0 -477329.36    0    6 -474269.21 -477329.36  0.65%     -    0s
     0     0 -477236.83    0    6 -474269.21 -477236.83  0.63%     -    0s
     0     0 -477236.73    0    6 -474269.21 -477236.73  0.63%     -    0s
     0     0 -477233.58    0    6 -474269.21 -477233.58  0.63%     -    0s
     0     2 -477233.58    0    6 -474269.21 -477233.58  0.63%     -    0s

Optimal solution found at node 225 - now completing solution pool...

    Nodes    |    Current Node    |      Pool Obj. Bounds     |     Work
             |                    |   Worst                   |
 Expl Unexpl |  Obj  Depth IntInf | Incumbent    BestBd   Gap | It/Node Time

   225    60     cutoff   13      -471171.89 -474269.21  0.66%  17.5    0s

Cutting planes:
  Gomory: 2
  Lift-and-project: 1
  Implied bound: 93
  MIR: 6
  Flow cover: 4
  RLT: 15
  Relax-and-lift: 20

Explored 335 nodes (5005 simplex iterations) in 0.19 seconds (0.29 work units)
Thread count was 10 (of 10 available processors)

Solution count 10: -474269 -472686 -472430 ... -471172
No other solutions better than -471172

Optimal solution found (tolerance 1.00e-04)
Best objective -4.742692062319e+05, best bound -4.742692062319e+05, gap 0.0000%

User-callback calls 1096, time in user-callback 0.00 sec

================================================================================
PRICING SUBPROBLEM TYPE 2 (SF) - ITERATION 2
================================================================================
Timestamp: 2025-12-03T01:34:45.072
Problem size: 6 scenarios, 25 facilities, 50 customers
================================================================================

Gurobi 12.0.3 (mac64[arm]) logging started Wed Dec  3 01:34:45 2025

Set parameter LogFile to value "/Users/arnav/projects/Candidate-Selection-via-Stochastic-IP/CCG/logs/CG_SF_FL_cap91_K2_S6_pricing_20251203_013441.log"
Set parameter LogToConsole to value 0
Set parameter MIPFocus to value 1
Set parameter WorkLimit to value 300

Gurobi 12.0.3 (mac64[arm]) logging started Wed Dec  3 01:34:45 2025

Set parameter LogFile to value "/Users/arnav/projects/Candidate-Selection-via-Stochastic-IP/CCG/logs/CG_SF_FL_cap91_K2_S6_pricing_20251203_013441.log"
Gurobi Optimizer version 12.0.3 build v12.0.3rc0 (mac64[arm] - Darwin 24.6.0 24G84)

CPU model: Apple M4
Thread count: 10 physical cores, 10 logical processors, using up to 10 threads

Non-default parameters:
WorkLimit  300
MIPFocus  1
LogToConsole  0
PoolSearchMode  2

Optimize a model with 900 rows, 7981 columns and 16795 nonzeros
Model fingerprint: 0x62ea20dc
Variable types: 7800 continuous, 181 integer (181 binary)
Coefficient statistics:
  Matrix range     [1e+00, 2e+04]
  Objective range  [3e-01, 5e+05]
  Bounds range     [0e+00, 0e+00]
  RHS range        [1e+00, 1e+00]
Found heuristic solution: objective 0.0000000
Presolve removed 155 rows and 4030 columns
Presolve time: 0.01s
Presolved: 745 rows, 3951 columns, 8740 nonzeros
Variable types: 3770 continuous, 181 integer (181 binary)
Found heuristic solution: objective -344579.2870

Root relaxation: objective -5.550490e+05, 254 iterations, 0.00 seconds (0.00 work units)

    Nodes    |    Current Node    |     Objective Bounds      |     Work
 Expl Unexpl |  Obj  Depth IntInf | Incumbent    BestBd   Gap | It/Node Time

     0     0 -555048.96    0   33 -344579.29 -555048.96  61.1%     -    0s
H    0     0                    -409662.0277 -555048.96  35.5%     -    0s
H    0     0                    -447632.0484 -555048.96  24.0%     -    0s
H    0     0                    -506853.6197 -555048.96  9.51%     -    0s
     0     0 -539914.13    0   33 -506853.62 -539914.13  6.52%     -    0s
     0     0 -539514.42    0   30 -506853.62 -539514.42  6.44%     -    0s
     0     0 -539357.43    0   30 -506853.62 -539357.43  6.41%     -    0s
     0     0 -539312.19    0   30 -506853.62 -539312.19  6.40%     -    0s
     0     0 -539310.59    0   30 -506853.62 -539310.59  6.40%     -    0s
H    0     0                    -524013.2484 -539310.59  2.92%     -    0s
     0     0 -539301.47    0   27 -524013.25 -539301.47  2.92%     -    0s
     0     0 -539297.77    0   30 -524013.25 -539297.77  2.92%     -    0s
     0     0 -539297.77    0   30 -524013.25 -539297.77  2.92%     -    0s
     0     0 -537104.87    0   30 -524013.25 -537104.87  2.50%     -    0s
H    0     0                    -528297.6762 -535210.18  1.31%     -    0s
H    0     0                    -528914.3396 -535210.18  1.19%     -    0s
     0     0 -535210.18    0   33 -528914.34 -535210.18  1.19%     -    0s
     0     0 -534556.38    0   30 -528914.34 -534556.38  1.07%     -    0s
     0     0 -534443.18    0   33 -528914.34 -534443.18  1.05%     -    0s
     0     0 -534443.18    0   33 -528914.34 -534443.18  1.05%     -    0s
     0     0 -533951.51    0   18 -528914.34 -533951.51  0.95%     -    0s
     0     0 -533450.77    0   21 -528914.34 -533450.77  0.86%     -    0s
     0     0 -532656.85    0   21 -528914.34 -532656.85  0.71%     -    0s
     0     0 -532295.47    0   21 -528914.34 -532295.47  0.64%     -    0s
H    0     0                    -528979.5879 -532238.28  0.62%     -    0s
     0     0 -532238.28    0   12 -528979.59 -532238.28  0.62%     -    0s
     0     0 -532211.44    0   24 -528979.59 -532211.44  0.61%     -    0s
     0     0 -532206.82    0   27 -528979.59 -532206.82  0.61%     -    0s
     0     0 -532194.75    0   21 -528979.59 -532194.75  0.61%     -    0s
     0     0 -532190.78    0   24 -528979.59 -532190.78  0.61%     -    0s
     0     0 -532190.78    0   24 -528979.59 -532190.78  0.61%     -    0s
H    0     0                    -529103.3379 -532190.78  0.58%     -    0s
     0     0 -531737.60    0    9 -529103.34 -531737.60  0.50%     -    0s
     0     0 -531722.48    0   15 -529103.34 -531722.48  0.50%     -    0s
     0     0 -531702.76    0   18 -529103.34 -531702.76  0.49%     -    0s
     0     0 -531674.83    0    9 -529103.34 -531674.83  0.49%     -    0s
     0     0 -531636.15    0    9 -529103.34 -531636.15  0.48%     -    0s
     0     0 -531633.47    0    9 -529103.34 -531633.47  0.48%     -    0s
     0     0 -531618.38    0   15 -529103.34 -531618.38  0.48%     -    0s
     0     0 -531618.38    0   11 -529103.34 -531618.38  0.48%     -    0s
     0     0 -531618.38    0   11 -529103.34 -531618.38  0.48%     -    0s
     0     0 -531618.38    0   11 -529103.34 -531618.38  0.48%     -    0s
     0     0 -531618.38    0   12 -529103.34 -531618.38  0.48%     -    0s
     0     0 -531618.38    0    8 -529103.34 -531618.38  0.48%     -    0s
     0     0 -531618.38    0    7 -529103.34 -531618.38  0.48%     -    0s
     0     0 -531618.38    0    9 -529103.34 -531618.38  0.48%     -    0s
     0     0 -531618.38    0    9 -529103.34 -531618.38  0.48%     -    0s
     0     0 -531618.38    0    9 -529103.34 -531618.38  0.48%     -    0s
     0     0 -531618.38    0    8 -529103.34 -531618.38  0.48%     -    0s
     0     0 -531618.38    0    6 -529103.34 -531618.38  0.48%     -    0s
     0     0 -531618.38    0    7 -529103.34 -531618.38  0.48%     -    0s
     0     0 -531618.38    0    7 -529103.34 -531618.38  0.48%     -    0s
     0     0 -531618.38    0    7 -529103.34 -531618.38  0.48%     -    0s
     0     0 -531618.38    0    6 -529103.34 -531618.38  0.48%     -    0s
     0     0 -531618.38    0    7 -529103.34 -531618.38  0.48%     -    0s
     0     0 -531618.38    0    7 -529103.34 -531618.38  0.48%     -    0s
     0     0 -531618.38    0    6 -529103.34 -531618.38  0.48%     -    0s
     0     0 -531618.38    0    5 -529103.34 -531618.38  0.48%     -    0s
     0     0 -531618.38    0    5 -529103.34 -531618.38  0.48%     -    0s
     0     0 -531618.38    0    5 -529103.34 -531618.38  0.48%     -    0s
     0     0 -531616.15    0    7 -529103.34 -531616.15  0.47%     -    0s
     0     0 -531608.73    0    7 -529103.34 -531608.73  0.47%     -    0s
     0     0 -531607.93    0    7 -529103.34 -531607.93  0.47%     -    0s
     0     0 -531264.96    0    1 -529103.34 -531264.96  0.41%     -    0s
     0     0 -531262.10    0    1 -529103.34 -531262.10  0.41%     -    0s
     0     0 -531261.90    0    1 -529103.34 -531261.90  0.41%     -    0s
     0     0 -531259.01    0    1 -529103.34 -531259.01  0.41%     -    0s
     0     2 -531259.01    0    1 -529103.34 -531259.01  0.41%     -    0s
H   13    16                    -529870.6648 -530715.51  0.16%  23.6    0s

Optimal solution found at node 275 - now completing solution pool...

    Nodes    |    Current Node    |      Pool Obj. Bounds     |     Work
             |                    |   Worst                   |
 Expl Unexpl |  Obj  Depth IntInf | Incumbent    BestBd   Gap | It/Node Time

   275     5          -    9      -528453.00 -528752.00  0.06%  10.7    0s

Cutting planes:
  Lift-and-project: 5
  Implied bound: 84
  MIR: 12
  Flow cover: 7
  RLT: 1
  Relax-and-lift: 9

Explored 309 nodes (4345 simplex iterations) in 0.26 seconds (0.37 work units)
Thread count was 10 (of 10 available processors)

Solution count 10: -529871 -529747 -529103 ... -528453
No other solutions better than -528453

Optimal solution found (tolerance 1.00e-04)
Best objective -5.298706647544e+05, best bound -5.298706647544e+05, gap 0.0000%

User-callback calls 1228, time in user-callback 0.00 sec

================================================================================
PRICING SUBPROBLEM TYPE 2 (SF) - ITERATION 3
================================================================================
Timestamp: 2025-12-03T01:34:45.920
Problem size: 6 scenarios, 25 facilities, 50 customers
================================================================================

Gurobi 12.0.3 (mac64[arm]) logging started Wed Dec  3 01:34:45 2025

Set parameter LogFile to value "/Users/arnav/projects/Candidate-Selection-via-Stochastic-IP/CCG/logs/CG_SF_FL_cap91_K2_S6_pricing_20251203_013441.log"
Set parameter LogToConsole to value 0
Set parameter MIPFocus to value 1
Set parameter WorkLimit to value 300

Gurobi 12.0.3 (mac64[arm]) logging started Wed Dec  3 01:34:45 2025

Set parameter LogFile to value "/Users/arnav/projects/Candidate-Selection-via-Stochastic-IP/CCG/logs/CG_SF_FL_cap91_K2_S6_pricing_20251203_013441.log"
Gurobi Optimizer version 12.0.3 build v12.0.3rc0 (mac64[arm] - Darwin 24.6.0 24G84)

CPU model: Apple M4
Thread count: 10 physical cores, 10 logical processors, using up to 10 threads

Non-default parameters:
WorkLimit  300
MIPFocus  1
LogToConsole  0
PoolSearchMode  2

Optimize a model with 900 rows, 7981 columns and 16795 nonzeros
Model fingerprint: 0x07b34e4f
Variable types: 7800 continuous, 181 integer (181 binary)
Coefficient statistics:
  Matrix range     [1e+00, 2e+04]
  Objective range  [3e-01, 3e+05]
  Bounds range     [0e+00, 0e+00]
  RHS range        [1e+00, 1e+00]
Found heuristic solution: objective 0.0000000
Presolve removed 155 rows and 4030 columns
Presolve time: 0.01s
Presolved: 745 rows, 3951 columns, 8740 nonzeros
Variable types: 3770 continuous, 181 integer (181 binary)

Root relaxation: objective -2.406792e+05, 589 iterations, 0.00 seconds (0.01 work units)

    Nodes    |    Current Node    |     Objective Bounds      |     Work
 Expl Unexpl |  Obj  Depth IntInf | Incumbent    BestBd   Gap | It/Node Time

     0     0 -240679.22    0   78    0.00000 -240679.22      -     -    0s
H    0     0                    -10658.24657 -240679.22  2158%     -    0s
H    0     0                    -50654.31645 -240679.22   375%     -    0s
H    0     0                    -123020.0827 -240679.22  95.6%     -    0s
H    0     0                    -165789.7104 -214621.54  29.5%     -    0s
     0     0 -214621.54    0   86 -165789.71 -214621.54  29.5%     -    0s
     0     0 -209953.21    0   74 -165789.71 -209953.21  26.6%     -    0s
     0     0 -209480.48    0   77 -165789.71 -209480.48  26.4%     -    0s
H    0     0                    -186007.4748 -209305.54  12.5%     -    0s
     0     0 -209305.54    0   73 -186007.47 -209305.54  12.5%     -    0s
     0     0 -209298.71    0   73 -186007.47 -209298.71  12.5%     -    0s
H    0     0                    -191949.9356 -209298.71  9.04%     -    0s
     0     0 -204106.05    0   70 -191949.94 -204106.05  6.33%     -    0s
     0     0 -203432.89    0   70 -191949.94 -203432.89  5.98%     -    0s
     0     0 -203182.84    0   78 -191949.94 -203182.84  5.85%     -    0s
     0     0 -203128.64    0   74 -191949.94 -203128.64  5.82%     -    0s
     0     0 -203128.24    0   74 -191949.94 -203128.24  5.82%     -    0s
H    0     0                    -192884.2509 -203128.24  5.31%     -    0s
     0     0 -197922.33    0   65 -192884.25 -197922.33  2.61%     -    0s
     0     0 -197717.91    0   72 -192884.25 -197717.91  2.51%     -    0s
     0     0 -197717.91    0   61 -192884.25 -197717.91  2.51%     -    0s
     0     0 -197717.91    0   57 -192884.25 -197717.91  2.51%     -    0s
     0     0 -197717.91    0   52 -192884.25 -197717.91  2.51%     -    0s
     0     0 -197665.41    0   56 -192884.25 -197665.41  2.48%     -    0s
     0     0 -197665.41    0   60 -192884.25 -197665.41  2.48%     -    0s
     0     0 -197665.41    0   56 -192884.25 -197665.41  2.48%     -    0s
     0     0 -195949.16    0   49 -192884.25 -195949.16  1.59%     -    0s
     0     0 -195949.16    0   53 -192884.25 -195949.16  1.59%     -    0s
     0     0 -195949.16    0   53 -192884.25 -195949.16  1.59%     -    0s
     0     0 -195949.16    0   53 -192884.25 -195949.16  1.59%     -    0s
     0     0 -195722.66    0   57 -192884.25 -195722.66  1.47%     -    0s
     0     2 -195722.66    0   57 -192884.25 -195722.66  1.47%     -    0s

Optimal solution found at node 322 - now completing solution pool...

    Nodes    |    Current Node    |      Pool Obj. Bounds     |     Work
             |                    |   Worst                   |
 Expl Unexpl |  Obj  Depth IntInf | Incumbent    BestBd   Gap | It/Node Time

   322    93     cutoff   24      -191472.59 -192884.25  0.74%  13.6    0s

Cutting planes:
  Implied bound: 192
  MIR: 24
  Flow cover: 10
  RLT: 32
  Relax-and-lift: 31

Explored 521 nodes (6657 simplex iterations) in 0.38 seconds (0.66 work units)
Thread count was 10 (of 10 available processors)

Solution count 10: -192884 -192760 -192702 ... -191473
No other solutions better than -191473

Optimal solution found (tolerance 1.00e-04)
Best objective -1.928842509040e+05, best bound -1.928842509040e+05, gap 0.0000%

User-callback calls 1564, time in user-callback 0.00 sec

================================================================================
PRICING SUBPROBLEM TYPE 2 (SF) - ITERATION 4
================================================================================
Timestamp: 2025-12-03T01:34:47.320
Problem size: 6 scenarios, 25 facilities, 50 customers
================================================================================

Gurobi 12.0.3 (mac64[arm]) logging started Wed Dec  3 01:34:47 2025

Set parameter LogFile to value "/Users/arnav/projects/Candidate-Selection-via-Stochastic-IP/CCG/logs/CG_SF_FL_cap91_K2_S6_pricing_20251203_013441.log"
Set parameter LogToConsole to value 0
Set parameter MIPFocus to value 1
Set parameter WorkLimit to value 300

Gurobi 12.0.3 (mac64[arm]) logging started Wed Dec  3 01:34:47 2025

Set parameter LogFile to value "/Users/arnav/projects/Candidate-Selection-via-Stochastic-IP/CCG/logs/CG_SF_FL_cap91_K2_S6_pricing_20251203_013441.log"
Gurobi Optimizer version 12.0.3 build v12.0.3rc0 (mac64[arm] - Darwin 24.6.0 24G84)

CPU model: Apple M4
Thread count: 10 physical cores, 10 logical processors, using up to 10 threads

Non-default parameters:
WorkLimit  300
MIPFocus  1
LogToConsole  0
PoolSearchMode  2

Optimize a model with 900 rows, 7981 columns and 16795 nonzeros
Model fingerprint: 0xa7cf32aa
Variable types: 7800 continuous, 181 integer (181 binary)
Coefficient statistics:
  Matrix range     [1e+00, 2e+04]
  Objective range  [3e-01, 2e+05]
  Bounds range     [0e+00, 0e+00]
  RHS range        [1e+00, 1e+00]
Found heuristic solution: objective 0.0000000
Presolve removed 155 rows and 4030 columns
Presolve time: 0.01s
Presolved: 745 rows, 3951 columns, 8740 nonzeros
Variable types: 3770 continuous, 181 integer (181 binary)

Root relaxation: objective -1.370107e+05, 695 iterations, 0.01 seconds (0.01 work units)

    Nodes    |    Current Node    |     Objective Bounds      |     Work
 Expl Unexpl |  Obj  Depth IntInf | Incumbent    BestBd   Gap | It/Node Time

     0     0 -137010.74    0  133    0.00000 -137010.74      -     -    0s
H    0     0                    -656.3309987 -137010.74      -     -    0s
H    0     0                    -36837.40756 -137010.74   272%     -    0s
H    0     0                    -44301.94080 -137010.74   209%     -    0s
H    0     0                    -75513.63136 -109428.90  44.9%     -    0s
     0     0 -109428.90    0  127 -75513.631 -109428.90  44.9%     -    0s
     0     0 -106073.37    0  123 -75513.631 -106073.37  40.5%     -    0s
     0     0 -105364.15    0  123 -75513.631 -105364.15  39.5%     -    0s
     0     0 -105296.56    0  122 -75513.631 -105296.56  39.4%     -    0s
     0     0 -105249.46    0  122 -75513.631 -105249.46  39.4%     -    0s
     0     0 -105249.42    0  122 -75513.631 -105249.42  39.4%     -    0s
H    0     0                    -86693.58520 -99085.862  14.3%     -    0s
H    0     0                    -86800.02926 -99085.862  14.2%     -    0s
     0     0 -99085.862    0  128 -86800.029 -99085.862  14.2%     -    0s
     0     0 -97890.776    0  117 -86800.029 -97890.776  12.8%     -    0s
     0     0 -97297.741    0  122 -86800.029 -97297.741  12.1%     -    0s
     0     0 -97193.900    0  119 -86800.029 -97193.900  12.0%     -    0s
     0     0 -97138.534    0  119 -86800.029 -97138.534  11.9%     -    0s
     0     0 -97112.638    0  119 -86800.029 -97112.638  11.9%     -    0s
     0     0 -97110.707    0  119 -86800.029 -97110.707  11.9%     -    0s
     0     0 -96222.077    0  118 -86800.029 -96222.077  10.9%     -    0s
H    0     0                    -87717.09836 -96222.077  9.70%     -    0s
     0     0 -95801.049    0  116 -87717.098 -95801.049  9.22%     -    0s
     0     0 -95490.723    0  116 -87717.098 -95490.723  8.86%     -    0s
     0     0 -95378.704    0  111 -87717.098 -95378.704  8.73%     -    0s
     0     0 -95228.888    0  115 -87717.098 -95228.888  8.56%     -    0s
     0     0 -95201.307    0  111 -87717.098 -95201.307  8.53%     -    0s
     0     0 -95181.644    0  112 -87717.098 -95181.644  8.51%     -    0s
     0     0 -95168.798    0  111 -87717.098 -95168.798  8.50%     -    0s
     0     0 -95167.959    0  111 -87717.098 -95167.959  8.49%     -    0s
     0     0 -94511.076    0  110 -87717.098 -94511.076  7.75%     -    0s
     0     0 -94102.003    0  118 -87717.098 -94102.003  7.28%     -    0s
     0     0 -93928.162    0  116 -87717.098 -93928.162  7.08%     -    0s
     0     0 -93885.847    0  116 -87717.098 -93885.847  7.03%     -    0s
     0     0 -93845.552    0  115 -87717.098 -93845.552  6.99%     -    0s
     0     0 -93826.523    0  117 -87717.098 -93826.523  6.96%     -    0s
     0     0 -93816.003    0  106 -87717.098 -93816.003  6.95%     -    0s
     0     0 -93812.288    0  105 -87717.098 -93812.288  6.95%     -    0s
     0     0 -93561.572    0  105 -87717.098 -93561.572  6.66%     -    0s
     0     2 -93561.572    0  105 -87717.098 -93561.572  6.66%     -    0s

Optimal solution found at node 251 - now completing solution pool...

    Nodes    |    Current Node    |      Pool Obj. Bounds     |     Work
             |                    |   Worst                   |
 Expl Unexpl |  Obj  Depth IntInf | Incumbent    BestBd   Gap | It/Node Time

   251   194     cutoff    9      -82522.753 -87717.098  6.29%  30.4    0s

Cutting planes:
  Implied bound: 345
  MIR: 11
  Flow cover: 25
  Zero half: 7
  RLT: 11
  Relax-and-lift: 16

Explored 638 nodes (13095 simplex iterations) in 0.77 seconds (1.52 work units)
Thread count was 10 (of 10 available processors)

Solution count 10: -87717.1 -86800 -86693.6 ... -84825.9
No other solutions better than -84825.9

Optimal solution found (tolerance 1.00e-04)
Best objective -8.771709836207e+04, best bound -8.771709836207e+04, gap 0.0000%

User-callback calls 2022, time in user-callback 0.00 sec

================================================================================
PRICING SUBPROBLEM TYPE 2 (SF) - ITERATION 5
================================================================================
Timestamp: 2025-12-03T01:34:48.862
Problem size: 6 scenarios, 25 facilities, 50 customers
================================================================================

Gurobi 12.0.3 (mac64[arm]) logging started Wed Dec  3 01:34:48 2025

Set parameter LogFile to value "/Users/arnav/projects/Candidate-Selection-via-Stochastic-IP/CCG/logs/CG_SF_FL_cap91_K2_S6_pricing_20251203_013441.log"
Set parameter LogToConsole to value 0
Set parameter MIPFocus to value 1
Set parameter WorkLimit to value 300

Gurobi 12.0.3 (mac64[arm]) logging started Wed Dec  3 01:34:48 2025

Set parameter LogFile to value "/Users/arnav/projects/Candidate-Selection-via-Stochastic-IP/CCG/logs/CG_SF_FL_cap91_K2_S6_pricing_20251203_013441.log"
Gurobi Optimizer version 12.0.3 build v12.0.3rc0 (mac64[arm] - Darwin 24.6.0 24G84)

CPU model: Apple M4
Thread count: 10 physical cores, 10 logical processors, using up to 10 threads

Non-default parameters:
WorkLimit  300
MIPFocus  1
LogToConsole  0
PoolSearchMode  2

Optimize a model with 900 rows, 7981 columns and 16795 nonzeros
Model fingerprint: 0x48f812b9
Variable types: 7800 continuous, 181 integer (181 binary)
Coefficient statistics:
  Matrix range     [1e+00, 2e+04]
  Objective range  [3e-01, 2e+05]
  Bounds range     [0e+00, 0e+00]
  RHS range        [1e+00, 1e+00]
Found heuristic solution: objective 0.0000000
Presolve removed 155 rows and 4030 columns
Presolve time: 0.01s
Presolved: 745 rows, 3951 columns, 8740 nonzeros
Variable types: 3770 continuous, 181 integer (181 binary)

Root relaxation: objective -1.094982e+05, 623 iterations, 0.00 seconds (0.01 work units)

    Nodes    |    Current Node    |     Objective Bounds      |     Work
 Expl Unexpl |  Obj  Depth IntInf | Incumbent    BestBd   Gap | It/Node Time

     0     0 -109498.17    0  123    0.00000 -109498.17      -     -    0s
H    0     0                    -4559.617209 -109498.17  2301%     -    0s
H    0     0                    -13294.12546 -80501.558   506%     -    0s
     0     0 -80501.558    0  122 -13294.125 -80501.558   506%     -    0s
H    0     0                    -23017.04829 -79379.128   245%     -    0s
     0     0 -79379.128    0  114 -23017.048 -79379.128   245%     -    0s
     0     0 -79063.501    0  114 -23017.048 -79063.501   243%     -    0s
     0     0 -79039.810    0  115 -23017.048 -79039.810   243%     -    0s
H    0     0                    -33881.43494 -72779.170   115%     -    0s
     0     0 -72779.170    0  110 -33881.435 -72779.170   115%     -    0s
H    0     0                    -51007.55314 -71108.095  39.4%     -    0s
H    0     0                    -53093.67838 -71108.095  33.9%     -    0s
     0     0 -71108.095    0  113 -53093.678 -71108.095  33.9%     -    0s
     0     0 -70658.787    0  109 -53093.678 -70658.787  33.1%     -    0s
     0     0 -70583.704    0  110 -53093.678 -70583.704  32.9%     -    0s
     0     0 -70578.934    0  110 -53093.678 -70578.934  32.9%     -    0s
     0     0 -67832.825    0  111 -53093.678 -67832.825  27.8%     -    0s
H    0     0                    -53873.73254 -67342.263  25.0%     -    0s
     0     0 -67342.263    0  105 -53873.733 -67342.263  25.0%     -    0s
     0     0 -67086.405    0  110 -53873.733 -67086.405  24.5%     -    0s
     0     0 -66917.618    0  108 -53873.733 -66917.618  24.2%     -    0s
     0     0 -66855.126    0  106 -53873.733 -66855.126  24.1%     -    0s
     0     0 -66832.728    0  109 -53873.733 -66832.728  24.1%     -    0s
     0     0 -66826.615    0  107 -53873.733 -66826.615  24.0%     -    0s
     0     0 -66826.555    0  107 -53873.733 -66826.555  24.0%     -    0s
H    0     0                    -54614.65348 -66146.172  21.1%     -    0s
     0     0 -66146.172    0  109 -54614.653 -66146.172  21.1%     -    0s
     0     0 -65678.532    0  101 -54614.653 -65678.532  20.3%     -    0s
     0     0 -65561.512    0  103 -54614.653 -65561.512  20.0%     -    0s
     0     0 -65541.897    0  102 -54614.653 -65541.897  20.0%     -    0s
     0     0 -65523.178    0  103 -54614.653 -65523.178  20.0%     -    0s
     0     0 -64931.392    0  103 -54614.653 -64931.392  18.9%     -    0s
     0     2 -64931.392    0  103 -54614.653 -64931.392  18.9%     -    0s

Optimal solution found at node 190 - now completing solution pool...

    Nodes    |    Current Node    |      Pool Obj. Bounds     |     Work
             |                    |   Worst                   |
 Expl Unexpl |  Obj  Depth IntInf | Incumbent    BestBd   Gap | It/Node Time

   190   155          -   10      -49572.308 -54614.653  10.2%  35.4    0s

Cutting planes:
  Implied bound: 308
  MIR: 13
  Flow cover: 21
  Zero half: 3
  RLT: 8
  Relax-and-lift: 15

Explored 542 nodes (10762 simplex iterations) in 0.65 seconds (1.23 work units)
Thread count was 10 (of 10 available processors)

Solution count 10: -54614.7 -54012.8 -53873.7 ... -51147.6
No other solutions better than -51147.6

Optimal solution found (tolerance 1.00e-04)
Best objective -5.461465348162e+04, best bound -5.461465348162e+04, gap 0.0000%

User-callback calls 1764, time in user-callback 0.00 sec

================================================================================
PRICING SUBPROBLEM TYPE 2 (SF) - ITERATION 6
================================================================================
Timestamp: 2025-12-03T01:34:50.180
Problem size: 6 scenarios, 25 facilities, 50 customers
================================================================================

Gurobi 12.0.3 (mac64[arm]) logging started Wed Dec  3 01:34:50 2025

Set parameter LogFile to value "/Users/arnav/projects/Candidate-Selection-via-Stochastic-IP/CCG/logs/CG_SF_FL_cap91_K2_S6_pricing_20251203_013441.log"
Set parameter LogToConsole to value 0
Set parameter MIPFocus to value 1
Set parameter WorkLimit to value 300

Gurobi 12.0.3 (mac64[arm]) logging started Wed Dec  3 01:34:50 2025

Set parameter LogFile to value "/Users/arnav/projects/Candidate-Selection-via-Stochastic-IP/CCG/logs/CG_SF_FL_cap91_K2_S6_pricing_20251203_013441.log"
Gurobi Optimizer version 12.0.3 build v12.0.3rc0 (mac64[arm] - Darwin 24.6.0 24G84)

CPU model: Apple M4
Thread count: 10 physical cores, 10 logical processors, using up to 10 threads

Non-default parameters:
WorkLimit  300
MIPFocus  1
LogToConsole  0
PoolSearchMode  2

Optimize a model with 900 rows, 7981 columns and 16795 nonzeros
Model fingerprint: 0x606b907f
Variable types: 7800 continuous, 181 integer (181 binary)
Coefficient statistics:
  Matrix range     [1e+00, 2e+04]
  Objective range  [3e-01, 2e+05]
  Bounds range     [0e+00, 0e+00]
  RHS range        [1e+00, 1e+00]
Found heuristic solution: objective 54614.653482
Presolve removed 155 rows and 4030 columns
Presolve time: 0.01s
Presolved: 745 rows, 3951 columns, 8740 nonzeros
Variable types: 3770 continuous, 181 integer (181 binary)

Root relaxation: objective -1.096929e+05, 776 iterations, 0.01 seconds (0.01 work units)

    Nodes    |    Current Node    |     Objective Bounds      |     Work
 Expl Unexpl |  Obj  Depth IntInf | Incumbent    BestBd   Gap | It/Node Time

     0     0 -109692.91    0  146 54614.6535 -109692.91   301%     -    0s
H    0     0                    42389.135249 -76429.783   280%     -    0s
     0     0 -76429.783    0  138 42389.1352 -76429.783   280%     -    0s
H    0     0                    1420.7261962 -71188.026  5111%     -    0s
H    0     0                    -8936.316329 -71188.026   697%     -    0s
     0     0 -71188.026    0  134 -8936.3163 -71188.026   697%     -    0s
     0     0 -69539.065    0  133 -8936.3163 -69539.065   678%     -    0s
H    0     0                    -14278.03009 -69367.141   386%     -    0s
     0     0 -69367.141    0  133 -14278.030 -69367.141   386%     -    0s
     0     0 -69267.857    0  134 -14278.030 -69267.857   385%     -    0s
     0     0 -69267.857    0  134 -14278.030 -69267.857   385%     -    0s
     0     0 -62196.416    0  128 -14278.030 -62196.416   336%     -    0s
     0     0 -59218.006    0  125 -14278.030 -59218.006   315%     -    0s
H    0     0                    -14383.94521 -59218.006   312%     -    0s
H    0     0                    -15784.75387 -59218.006   275%     -    0s
     0     0 -56914.574    0  126 -15784.754 -56914.574   261%     -    0s
     0     0 -55629.094    0  124 -15784.754 -55629.094   252%     -    0s
     0     0 -55454.906    0  124 -15784.754 -55454.906   251%     -    0s
     0     0 -54712.256    0  124 -15784.754 -54712.256   247%     -    0s
     0     0 -49688.061    0  135 -15784.754 -49688.061   215%     -    0s
     0     0 -47440.840    0  124 -15784.754 -47440.840   201%     -    0s
     0     0 -46187.497    0  130 -15784.754 -46187.497   193%     -    0s
     0     0 -46039.833    0  131 -15784.754 -46039.833   192%     -    0s
     0     0 -46039.833    0  129 -15784.754 -46039.833   192%     -    0s
     0     0 -45452.441    0  128 -15784.754 -45452.441   188%     -    0s
     0     0 -45300.069    0  127 -15784.754 -45300.069   187%     -    0s
     0     0 -44433.995    0  126 -15784.754 -44433.995   181%     -    0s
     0     0 -43495.562    0  125 -15784.754 -43495.562   176%     -    0s
     0     0 -43093.487    0  120 -15784.754 -43093.487   173%     -    0s
     0     0 -43037.580    0  119 -15784.754 -43037.580   173%     -    0s
     0     0 -42850.452    0  118 -15784.754 -42850.452   171%     -    0s
     0     0 -41264.642    0  120 -15784.754 -41264.642   161%     -    0s
     0     2 -41264.642    0  120 -15784.754 -41264.642   161%     -    0s
H  225   195                    -15806.63876 -22188.031  40.4%  63.6    1s
*  303   258              11    -16380.72457 -21989.020  34.2%  53.7    1s

Optimal solution found at node 975 - now completing solution pool...

    Nodes    |    Current Node    |      Pool Obj. Bounds     |     Work
             |                    |   Worst                   |
 Expl Unexpl |  Obj  Depth IntInf | Incumbent    BestBd   Gap | It/Node Time

   975   102 -15323.252   10   20 -15015.166 -16365.903  9.00%  31.6    1s

Cutting planes:
  Implied bound: 406
  MIR: 53
  Flow cover: 47
  Zero half: 20
  RLT: 4
  Relax-and-lift: 25

Explored 1268 nodes (35107 simplex iterations) in 1.14 seconds (2.43 work units)
Thread count was 10 (of 10 available processors)

Solution count 10: -16380.7 -15806.6 -15784.8 ... -15015.2
No other solutions better than -15015.2

Optimal solution found (tolerance 1.00e-04)
Best objective -1.638072457316e+04, best bound -1.638072457316e+04, gap 0.0000%

User-callback calls 3400, time in user-callback 0.00 sec

================================================================================
PRICING SUBPROBLEM TYPE 2 (SF) - ITERATION 7
================================================================================
Timestamp: 2025-12-03T01:34:52.109
Problem size: 6 scenarios, 25 facilities, 50 customers
================================================================================

Gurobi 12.0.3 (mac64[arm]) logging started Wed Dec  3 01:34:52 2025

Set parameter LogFile to value "/Users/arnav/projects/Candidate-Selection-via-Stochastic-IP/CCG/logs/CG_SF_FL_cap91_K2_S6_pricing_20251203_013441.log"
Set parameter LogToConsole to value 0
Set parameter MIPFocus to value 1
Set parameter WorkLimit to value 300

Gurobi 12.0.3 (mac64[arm]) logging started Wed Dec  3 01:34:52 2025

Set parameter LogFile to value "/Users/arnav/projects/Candidate-Selection-via-Stochastic-IP/CCG/logs/CG_SF_FL_cap91_K2_S6_pricing_20251203_013441.log"
Gurobi Optimizer version 12.0.3 build v12.0.3rc0 (mac64[arm] - Darwin 24.6.0 24G84)

CPU model: Apple M4
Thread count: 10 physical cores, 10 logical processors, using up to 10 threads

Non-default parameters:
WorkLimit  300
MIPFocus  1
LogToConsole  0
PoolSearchMode  2

Optimize a model with 900 rows, 7981 columns and 16795 nonzeros
Model fingerprint: 0xc2917dec
Variable types: 7800 continuous, 181 integer (181 binary)
Coefficient statistics:
  Matrix range     [1e+00, 2e+04]
  Objective range  [3e-01, 2e+05]
  Bounds range     [0e+00, 0e+00]
  RHS range        [1e+00, 1e+00]
Found heuristic solution: objective 54614.653482
Presolve removed 155 rows and 4030 columns
Presolve time: 0.01s
Presolved: 745 rows, 3951 columns, 8740 nonzeros
Variable types: 3770 continuous, 181 integer (181 binary)

Root relaxation: objective -1.050116e+05, 826 iterations, 0.01 seconds (0.02 work units)

    Nodes    |    Current Node    |     Objective Bounds      |     Work
 Expl Unexpl |  Obj  Depth IntInf | Incumbent    BestBd   Gap | It/Node Time

     0     0 -105011.61    0  142 54614.6535 -105011.61   292%     -    0s
H    0     0                    21081.675668 -105011.61   598%     -    0s
     0     0 -71572.501    0  134 21081.6757 -71572.501   440%     -    0s
     0     0 -69896.892    0  126 21081.6757 -69896.892   432%     -    0s
     0     0 -69578.904    0  125 21081.6757 -69578.904   430%     -    0s
     0     0 -69570.062    0  127 21081.6757 -69570.062   430%     -    0s
     0     0 -69568.624    0  127 21081.6757 -69568.624   430%     -    0s
H    0     0                    15064.564978 -63405.009   521%     -    0s
H    0     0                    4121.5530611 -63405.009  1638%     -    0s
H    0     0                     853.9352910 -63405.009  7525%     -    0s
H    0     0                    -4822.275454 -63405.009  1215%     -    0s
H    0     0                    -8791.520571 -63405.009   621%     -    0s
     0     0 -63405.009    0  121 -8791.5206 -63405.009   621%     -    0s
     0     0 -59275.039    0  121 -8791.5206 -59275.039   574%     -    0s
     0     0 -50588.257    0  120 -8791.5206 -50588.257   475%     -    0s
     0     0 -50093.097    0  121 -8791.5206 -50093.097   470%     -    0s
     0     0 -49673.717    0  120 -8791.5206 -49673.717   465%     -    0s
     0     0 -49472.246    0  120 -8791.5206 -49472.246   463%     -    0s
     0     0 -49472.246    0  120 -8791.5206 -49472.246   463%     -    0s
     0     0 -42730.162    0  135 -8791.5206 -42730.162   386%     -    0s
     0     0 -39153.482    0  131 -8791.5206 -39153.482   345%     -    0s
H    0     0                    -11475.71464 -39153.482   241%     -    0s
     0     0 -39153.482    0  132 -11475.715 -39153.482   241%     -    0s
     0     0 -38445.722    0  131 -11475.715 -38445.722   235%     -    0s
     0     0 -37798.199    0  132 -11475.715 -37798.199   229%     -    0s
     0     0 -37524.326    0  131 -11475.715 -37524.326   227%     -    0s
     0     0 -37486.205    0  132 -11475.715 -37486.205   227%     -    0s
     0     0 -35470.679    0  131 -11475.715 -35470.679   209%     -    0s
     0     0 -35005.643    0  128 -11475.715 -35005.643   205%     -    0s
     0     0 -35005.643    0  124 -11475.715 -35005.643   205%     -    0s
     0     0 -34993.184    0  118 -11475.715 -34993.184   205%     -    0s
     0     0 -34993.184    0  118 -11475.715 -34993.184   205%     -    0s
H    0     0                    -12737.90383 -34993.184   175%     -    0s
     0     0 -33797.352    0  116 -12737.904 -33797.352   165%     -    0s
H    0     0                    -12868.86087 -33797.352   163%     -    0s
     0     2 -33797.352    0  116 -12868.861 -33797.352   163%     -    0s

Optimal solution found at node 449 - now completing solution pool...

    Nodes    |    Current Node    |      Pool Obj. Bounds     |     Work
             |                    |   Worst                   |
 Expl Unexpl |  Obj  Depth IntInf | Incumbent    BestBd   Gap | It/Node Time

   449   199     cutoff   14      -8623.4542 -12868.861  49.2%  38.8    1s

Cutting planes:
  Gomory: 2
  Implied bound: 396
  MIR: 34
  Flow cover: 36
  Zero half: 25
  RLT: 3
  Relax-and-lift: 20

Explored 633 nodes (22941 simplex iterations) in 1.11 seconds (2.46 work units)
Thread count was 10 (of 10 available processors)

Solution count 10: -12868.9 -12241.2 -11475.7 ... -8683.35
No other solutions better than -8683.35

Optimal solution found (tolerance 1.00e-04)
Best objective -1.286886087233e+04, best bound -1.286886087233e+04, gap 0.0000%

User-callback calls 2143, time in user-callback 0.00 sec

================================================================================
PRICING SUBPROBLEM TYPE 2 (SF) - ITERATION 8
================================================================================
Timestamp: 2025-12-03T01:34:54.895
Problem size: 6 scenarios, 25 facilities, 50 customers
================================================================================

Gurobi 12.0.3 (mac64[arm]) logging started Wed Dec  3 01:34:54 2025

Set parameter LogFile to value "/Users/arnav/projects/Candidate-Selection-via-Stochastic-IP/CCG/logs/CG_SF_FL_cap91_K2_S6_pricing_20251203_013441.log"
Set parameter LogToConsole to value 0
Set parameter MIPFocus to value 1
Set parameter WorkLimit to value 300

Gurobi 12.0.3 (mac64[arm]) logging started Wed Dec  3 01:34:54 2025

Set parameter LogFile to value "/Users/arnav/projects/Candidate-Selection-via-Stochastic-IP/CCG/logs/CG_SF_FL_cap91_K2_S6_pricing_20251203_013441.log"
Gurobi Optimizer version 12.0.3 build v12.0.3rc0 (mac64[arm] - Darwin 24.6.0 24G84)

CPU model: Apple M4
Thread count: 10 physical cores, 10 logical processors, using up to 10 threads

Non-default parameters:
WorkLimit  300
MIPFocus  1
LogToConsole  0
PoolSearchMode  2

Optimize a model with 900 rows, 7981 columns and 16795 nonzeros
Model fingerprint: 0x547115a3
Variable types: 7800 continuous, 181 integer (181 binary)
Coefficient statistics:
  Matrix range     [1e+00, 2e+04]
  Objective range  [3e-01, 2e+05]
  Bounds range     [0e+00, 0e+00]
  RHS range        [1e+00, 1e+00]
Found heuristic solution: objective 52294.731196
Presolve removed 155 rows and 4030 columns
Presolve time: 0.01s
Presolved: 745 rows, 3951 columns, 8740 nonzeros
Variable types: 3770 continuous, 181 integer (181 binary)

Root relaxation: objective -1.060616e+05, 768 iterations, 0.01 seconds (0.02 work units)

    Nodes    |    Current Node    |     Objective Bounds      |     Work
 Expl Unexpl |  Obj  Depth IntInf | Incumbent    BestBd   Gap | It/Node Time

     0     0 -106061.58    0  141 52294.7312 -106061.58   303%     -    0s
H    0     0                    51371.466953 -70961.971   238%     -    0s
     0     0 -70961.971    0  131 51371.4670 -70961.971   238%     -    0s
H    0     0                    27757.874811 -68477.852   347%     -    0s
     0     0 -68477.852    0  125 27757.8748 -68477.852   347%     -    0s
     0     0 -68128.935    0  124 27757.8748 -68128.935   345%     -    0s
     0     0 -68063.200    0  124 27757.8748 -68063.200   345%     -    0s
H    0     0                    14251.094029 -68063.200   578%     -    0s
H    0     0                    13408.124742 -68063.200   608%     -    0s
     0     0 -61028.791    0  128 13408.1247 -61028.791   555%     -    0s
     0     0 -58681.745    0  124 13408.1247 -58681.745   538%     -    0s
     0     0 -58249.944    0  125 13408.1247 -58249.944   534%     -    0s
     0     0 -57952.978    0  126 13408.1247 -57952.978   532%     -    0s
     0     0 -57801.002    0  126 13408.1247 -57801.002   531%     -    0s
     0     0 -57800.639    0  126 13408.1247 -57800.639   531%     -    0s
     0     0 -49809.474    0  130 13408.1247 -49809.474   471%     -    0s
H    0     0                    10354.842780 -49809.474   581%     -    0s
     0     0 -49809.474    0  123 10354.8428 -49809.474   581%     -    0s
     0     0 -49809.474    0  128 10354.8428 -49809.474   581%     -    0s
H    0     0                    9618.0390597 -49809.474   618%     -    0s
H    0     0                    6935.6093205 -49809.474   818%     -    0s
     0     0 -49809.474    0  121 6935.60932 -49809.474   818%     -    0s
     0     0 -49143.745    0  120 6935.60932 -49143.745   809%     -    0s
     0     0 -49143.745    0  120 6935.60932 -49143.745   809%     -    0s
H    0     0                    3200.5670107 -46003.687  1537%     -    0s
H    0     0                    2931.9860124 -39557.154  1449%     -    0s
     0     0 -39557.154    0  124 2931.98601 -39557.154  1449%     -    0s
H    0     0                    1614.8673957 -39557.154  2550%     -    0s
     0     0 -39162.643    0  128 1614.86740 -39162.643  2525%     -    0s
H    0     0                    1342.2500758 -39162.643  3018%     -    0s
H    0     0                    -1146.649925 -39162.643  3315%     -    0s
     0     0 -39162.224    0  130 -1146.6499 -39162.224  3315%     -    0s
     0     0 -39045.175    0  132 -1146.6499 -39045.175  3305%     -    0s
     0     0 -38914.958    0  128 -1146.6499 -38914.958  3294%     -    0s
     0     0 -38583.863    0  132 -1146.6499 -38583.863  3265%     -    0s
     0     0 -38447.020    0  131 -1146.6499 -38447.020  3253%     -    0s
     0     0 -36951.409    0  115 -1146.6499 -36951.409  3123%     -    0s
     0     2 -36951.409    0  115 -1146.6499 -36951.409  3123%     -    0s

Optimal solution found at node 1295 - now completing solution pool...

    Nodes    |    Current Node    |      Pool Obj. Bounds     |     Work
             |                    |   Worst                   |
 Expl Unexpl |  Obj  Depth IntInf | Incumbent    BestBd   Gap | It/Node Time

  1295    30     cutoff   16         0.00000 -854.13641      -  31.1    1s

Cutting planes:
  Implied bound: 401
  MIR: 37
  Flow cover: 47
  Zero half: 11
  RLT: 10
  Relax-and-lift: 15

Explored 1555 nodes (44417 simplex iterations) in 1.25 seconds (2.63 work units)
Thread count was 10 (of 10 available processors)

Solution count 10: -1146.65 -712.422 -521.662 ... 0
No other solutions better than 0

Optimal solution found (tolerance 1.00e-04)
Best objective -1.146649925275e+03, best bound -1.146649925275e+03, gap 0.0000%

User-callback calls 3995, time in user-callback 0.00 sec

================================================================================
PRICING SUBPROBLEM TYPE 2 (SF) - ITERATION 9
================================================================================
Timestamp: 2025-12-03T01:34:56.880
Problem size: 6 scenarios, 25 facilities, 50 customers
================================================================================

Gurobi 12.0.3 (mac64[arm]) logging started Wed Dec  3 01:34:56 2025

Set parameter LogFile to value "/Users/arnav/projects/Candidate-Selection-via-Stochastic-IP/CCG/logs/CG_SF_FL_cap91_K2_S6_pricing_20251203_013441.log"
Set parameter LogToConsole to value 0
Set parameter MIPFocus to value 1
Set parameter WorkLimit to value 300

Gurobi 12.0.3 (mac64[arm]) logging started Wed Dec  3 01:34:56 2025

Set parameter LogFile to value "/Users/arnav/projects/Candidate-Selection-via-Stochastic-IP/CCG/logs/CG_SF_FL_cap91_K2_S6_pricing_20251203_013441.log"
Gurobi Optimizer version 12.0.3 build v12.0.3rc0 (mac64[arm] - Darwin 24.6.0 24G84)

CPU model: Apple M4
Thread count: 10 physical cores, 10 logical processors, using up to 10 threads

Non-default parameters:
WorkLimit  300
MIPFocus  1
LogToConsole  0
PoolSearchMode  2

Optimize a model with 900 rows, 7981 columns and 16795 nonzeros
Model fingerprint: 0xa8616c7e
Variable types: 7800 continuous, 181 integer (181 binary)
Coefficient statistics:
  Matrix range     [1e+00, 2e+04]
  Objective range  [3e-01, 2e+05]
  Bounds range     [0e+00, 0e+00]
  RHS range        [1e+00, 1e+00]
Found heuristic solution: objective 52278.034060
Presolve removed 155 rows and 4030 columns
Presolve time: 0.01s
Presolved: 745 rows, 3951 columns, 8740 nonzeros
Variable types: 3770 continuous, 181 integer (181 binary)

Root relaxation: objective -1.060405e+05, 810 iterations, 0.01 seconds (0.02 work units)

    Nodes    |    Current Node    |     Objective Bounds      |     Work
 Expl Unexpl |  Obj  Depth IntInf | Incumbent    BestBd   Gap | It/Node Time

     0     0 -106040.51    0  141 52278.0341 -106040.51   303%     -    0s
H    0     0                    26308.457396 -73065.132   378%     -    0s
     0     0 -73065.132    0  135 26308.4574 -73065.132   378%     -    0s
     0     0 -68447.641    0  125 26308.4574 -68447.641   360%     -    0s
     0     0 -68110.566    0  124 26308.4574 -68110.566   359%     -    0s
     0     0 -68044.848    0  124 26308.4574 -68044.848   359%     -    0s
H    0     0                    5829.7233752 -68044.848  1267%     -    0s
     0     0 -60948.234    0  126 5829.72338 -60948.234  1145%     -    0s
     0     0 -58517.621    0  124 5829.72338 -58517.621  1104%     -    0s
     0     0 -58015.415    0  123 5829.72338 -58015.415  1095%     -    0s
     0     0 -57715.778    0  122 5829.72338 -57715.778  1090%     -    0s
     0     0 -57675.764    0  125 5829.72338 -57675.764  1089%     -    0s
     0     0 -57675.427    0  125 5829.72338 -57675.427  1089%     -    0s
     0     0 -53058.277    0  128 5829.72338 -53058.277  1010%     -    0s
     0     0 -49002.779    0  123 5829.72338 -49002.779   941%     -    0s
     0     0 -48493.125    0  127 5829.72338 -48493.125   932%     -    0s
     0     0 -48336.471    0  121 5829.72338 -48336.471   929%     -    0s
     0     0 -47566.010    0  122 5829.72338 -47566.010   916%     -    0s
     0     0 -46299.431    0  120 5829.72338 -46299.431   894%     -    0s
H    0     0                    3217.2641468 -44133.848  1472%     -    0s
     0     0 -39794.940    0  133 3217.26415 -39794.940  1337%     -    0s
     0     0 -39128.830    0  126 3217.26415 -39128.830  1316%     -    0s
     0     0 -39028.478    0  128 3217.26415 -39028.478  1313%     -    0s
     0     0 -38557.419    0  126 3217.26415 -38557.419  1298%     -    0s
     0     0 -38283.016    0  127 3217.26415 -38283.016  1290%     -    0s
     0     0 -38283.016    0  128 3217.26415 -38283.016  1290%     -    0s
H    0     0                     583.8560101 -36180.963  6297%     -    0s
     0     0 -36180.963    0  118  583.85601 -36180.963  6297%     -    0s
H    0     0                       0.0000000 -36180.963      -     -    0s
H    0     0                      -0.0027737 -36180.963      -     -    0s
     0     2 -36180.963    0  118   -0.00277 -36180.963      -     -    0s
H  882   427                      -0.0056826 -3299.2093      -  35.2    1s

Cutting planes:
  Gomory: 1
  Implied bound: 407
  MIR: 46
  Flow cover: 37
  Zero half: 7
  RLT: 12
  Relax-and-lift: 18

Explored 1814 nodes (48168 simplex iterations) in 1.37 seconds (2.93 work units)
Thread count was 10 (of 10 available processors)

Solution count 10: -0.00568263 -5.82077e-11 -5.82077e-11 ... 434.228
No other solutions better than 434.228

Optimal solution found (tolerance 1.00e-04)
Best objective -5.682630289812e-03, best bound -5.682630289812e-03, gap 0.0000%

User-callback calls 4562, time in user-callback 0.00 sec
Set parameter MIPFocus to value 0
Set parameter WorkLimit to value 2.9679185557337558e+04
Gurobi Optimizer version 12.0.3 build v12.0.3rc0 (mac64[arm] - Darwin 24.6.0 24G84)

CPU model: Apple M4
Thread count: 10 physical cores, 10 logical processors, using up to 10 threads

Non-default parameters:
WorkLimit  2.9679185557337558e+04
LogToConsole  0
PoolSearchMode  2

Optimize a model with 900 rows, 7981 columns and 16795 nonzeros
Model fingerprint: 0xa8616c7e
Variable types: 7800 continuous, 181 integer (181 binary)
Coefficient statistics:
  Matrix range     [1e+00, 2e+04]
  Objective range  [3e-01, 2e+05]
  Bounds range     [0e+00, 0e+00]
  RHS range        [1e+00, 1e+00]
Presolved: 745 rows, 3951 columns, 8740 nonzeros

Continuing optimization...


Cutting planes:
  Gomory: 1
  Implied bound: 407
  MIR: 46
  Flow cover: 37
  Zero half: 7
  RLT: 12
  Relax-and-lift: 18

Explored 1814 nodes (48168 simplex iterations) in 0.00 seconds (0.00 work units)
Thread count was 10 (of 10 available processors)

Solution count 10: -0.00568263 -5.82077e-11 -5.82077e-11 ... 434.228
No other solutions better than 434.228

Optimal solution found (tolerance 1.00e-04)
Best objective -5.682630289812e-03, best bound -5.682630289812e-03, gap 0.0000%

User-callback calls 41, time in user-callback 0.00 sec
