================================================================================
COLUMN GENERATION SF - MASTER PROBLEM LOGS
================================================================================
Instance: ../Facility_Location/instances/cap91.txt
K: 2, S: 25
Pricing Type: 2
Started: 2025-12-03T03:03:42.508
================================================================================

================================================================================
MASTER PROBLEM - ITERATION 0
================================================================================
Timestamp: 2025-12-03T03:03:44.250
Problem size: 25 scenarios, 2 subsets, K=2
Type: LINEAR RELAXATION
================================================================================

Gurobi 12.0.3 (mac64[arm]) logging started Wed Dec  3 03:03:44 2025

Set parameter LogFile to value "/Users/arnav/projects/Candidate-Selection-via-Stochastic-IP/CCG/logs/CG_SF_FL_cap91_K2_S25_master_20251203_030342.log"
Set parameter LogToConsole to value 1

Gurobi 12.0.3 (mac64[arm]) logging started Wed Dec  3 03:03:44 2025

Set parameter LogFile to value "/Users/arnav/projects/Candidate-Selection-via-Stochastic-IP/CCG/logs/CG_SF_FL_cap91_K2_S25_master_20251203_030342.log"
Gurobi Optimizer version 12.0.3 build v12.0.3rc0 (mac64[arm] - Darwin 24.6.0 24G84)

CPU model: Apple M4
Thread count: 10 physical cores, 10 logical processors, using up to 10 threads

Optimize a model with 26 rows, 2 columns and 27 nonzeros
Model fingerprint: 0xd0106451
Coefficient statistics:
  Matrix range     [1e+00, 1e+00]
  Objective range  [1e+06, 2e+06]
  Bounds range     [1e+00, 1e+00]
  RHS range        [1e+00, 2e+00]
Presolve removed 26 rows and 2 columns
Presolve time: 0.00s
Presolve: All rows and columns removed
Iteration    Objective       Primal Inf.    Dual Inf.      Time
       0    3.3835855e+06   0.000000e+00   0.000000e+00      0s

Solved in 0 iterations and 0.00 seconds (0.00 work units)
Optimal objective  3.383585469e+06

User-callback calls 32, time in user-callback 0.00 sec

================================================================================
MASTER PROBLEM - ITERATION 1
================================================================================
Timestamp: 2025-12-03T03:03:44.292
Problem size: 25 scenarios, 2 subsets, K=2
Type: LINEAR RELAXATION
================================================================================
Gurobi Optimizer version 12.0.3 build v12.0.3rc0 (mac64[arm] - Darwin 24.6.0 24G84)

CPU model: Apple M4
Thread count: 10 physical cores, 10 logical processors, using up to 10 threads

Optimize a model with 26 rows, 2 columns and 27 nonzeros
Coefficient statistics:
  Matrix range     [1e+00, 1e+00]
  Objective range  [1e+06, 2e+06]
  Bounds range     [1e+00, 1e+00]
  RHS range        [1e+00, 2e+00]

Solved in 0 iterations and 0.00 seconds (0.00 work units)
Optimal objective  3.383585469e+06

User-callback calls 15, time in user-callback 0.00 sec

================================================================================
MASTER PROBLEM - ITERATION 2
================================================================================
Timestamp: 2025-12-03T03:03:47.170
Problem size: 25 scenarios, 12 subsets, K=2
Type: LINEAR RELAXATION
================================================================================
Gurobi Optimizer version 12.0.3 build v12.0.3rc0 (mac64[arm] - Darwin 24.6.0 24G84)

CPU model: Apple M4
Thread count: 10 physical cores, 10 logical processors, using up to 10 threads

Optimize a model with 26 rows, 12 columns and 57 nonzeros
Coefficient statistics:
  Matrix range     [1e+00, 1e+00]
  Objective range  [3e+05, 2e+06]
  Bounds range     [1e+00, 1e+00]
  RHS range        [1e+00, 2e+00]
LP warm-start: use basis

Iteration    Objective       Primal Inf.    Dual Inf.      Time
       0   -2.7605766e+07   2.480000e+02   0.000000e+00      0s
       1    3.3835855e+06   0.000000e+00   0.000000e+00      0s

Solved in 1 iterations and 0.00 seconds (0.00 work units)
Optimal objective  3.383585469e+06

User-callback calls 23, time in user-callback 0.00 sec

================================================================================
MASTER PROBLEM - ITERATION 3
================================================================================
Timestamp: 2025-12-03T03:03:49.178
Problem size: 25 scenarios, 22 subsets, K=2
Type: LINEAR RELAXATION
================================================================================
Gurobi Optimizer version 12.0.3 build v12.0.3rc0 (mac64[arm] - Darwin 24.6.0 24G84)

CPU model: Apple M4
Thread count: 10 physical cores, 10 logical processors, using up to 10 threads

Optimize a model with 26 rows, 22 columns and 87 nonzeros
Coefficient statistics:
  Matrix range     [1e+00, 1e+00]
  Objective range  [3e+05, 2e+06]
  Bounds range     [1e+00, 1e+00]
  RHS range        [1e+00, 2e+00]
LP warm-start: use basis

Iteration    Objective       Primal Inf.    Dual Inf.      Time
       0   -4.3537958e+07   3.570000e+02   0.000000e+00      0s
       1    3.3835855e+06   0.000000e+00   0.000000e+00      0s

Solved in 1 iterations and 0.00 seconds (0.00 work units)
Optimal objective  3.383585469e+06

User-callback calls 23, time in user-callback 0.00 sec

================================================================================
MASTER PROBLEM - ITERATION 4
================================================================================
Timestamp: 2025-12-03T03:03:52.417
Problem size: 25 scenarios, 32 subsets, K=2
Type: LINEAR RELAXATION
================================================================================
Gurobi Optimizer version 12.0.3 build v12.0.3rc0 (mac64[arm] - Darwin 24.6.0 24G84)

CPU model: Apple M4
Thread count: 10 physical cores, 10 logical processors, using up to 10 threads

Optimize a model with 26 rows, 32 columns and 127 nonzeros
Coefficient statistics:
  Matrix range     [1e+00, 1e+00]
  Objective range  [3e+05, 2e+06]
  Bounds range     [1e+00, 1e+00]
  RHS range        [1e+00, 2e+00]
LP warm-start: use basis

Iteration    Objective       Primal Inf.    Dual Inf.      Time
       0   -3.0227158e+07   3.010000e+02   0.000000e+00      0s
       1    3.3835855e+06   0.000000e+00   0.000000e+00      0s

Solved in 1 iterations and 0.00 seconds (0.00 work units)
Optimal objective  3.383585469e+06

User-callback calls 23, time in user-callback 0.00 sec

================================================================================
MASTER PROBLEM - ITERATION 5
================================================================================
Timestamp: 2025-12-03T03:03:54.620
Problem size: 25 scenarios, 42 subsets, K=2
Type: LINEAR RELAXATION
================================================================================
Gurobi Optimizer version 12.0.3 build v12.0.3rc0 (mac64[arm] - Darwin 24.6.0 24G84)

CPU model: Apple M4
Thread count: 10 physical cores, 10 logical processors, using up to 10 threads

Optimize a model with 26 rows, 42 columns and 167 nonzeros
Coefficient statistics:
  Matrix range     [1e+00, 1e+00]
  Objective range  [3e+05, 2e+06]
  Bounds range     [1e+00, 1e+00]
  RHS range        [1e+00, 2e+00]
LP warm-start: use basis

Iteration    Objective       Primal Inf.    Dual Inf.      Time
       0   -3.3227399e+07   2.950000e+02   0.000000e+00      0s
       1    3.3835855e+06   0.000000e+00   0.000000e+00      0s

Solved in 1 iterations and 0.00 seconds (0.00 work units)
Optimal objective  3.383585469e+06

User-callback calls 23, time in user-callback 0.00 sec

================================================================================
MASTER PROBLEM - ITERATION 6
================================================================================
Timestamp: 2025-12-03T03:03:57.930
Problem size: 25 scenarios, 52 subsets, K=2
Type: LINEAR RELAXATION
================================================================================
Gurobi Optimizer version 12.0.3 build v12.0.3rc0 (mac64[arm] - Darwin 24.6.0 24G84)

CPU model: Apple M4
Thread count: 10 physical cores, 10 logical processors, using up to 10 threads

Optimize a model with 26 rows, 52 columns and 217 nonzeros
Coefficient statistics:
  Matrix range     [1e+00, 1e+00]
  Objective range  [3e+05, 2e+06]
  Bounds range     [1e+00, 1e+00]
  RHS range        [1e+00, 2e+00]
LP warm-start: use basis

Iteration    Objective       Primal Inf.    Dual Inf.      Time
       0   -2.8329379e+07   2.900000e+02   0.000000e+00      0s
       1    3.3835855e+06   0.000000e+00   0.000000e+00      0s

Solved in 1 iterations and 0.00 seconds (0.00 work units)
Optimal objective  3.383585469e+06

User-callback calls 23, time in user-callback 0.00 sec

================================================================================
MASTER PROBLEM - ITERATION 7
================================================================================
Timestamp: 2025-12-03T03:04:00.602
Problem size: 25 scenarios, 62 subsets, K=2
Type: LINEAR RELAXATION
================================================================================
Gurobi Optimizer version 12.0.3 build v12.0.3rc0 (mac64[arm] - Darwin 24.6.0 24G84)

CPU model: Apple M4
Thread count: 10 physical cores, 10 logical processors, using up to 10 threads

Optimize a model with 26 rows, 62 columns and 267 nonzeros
Coefficient statistics:
  Matrix range     [1e+00, 1e+00]
  Objective range  [3e+05, 2e+06]
  Bounds range     [1e+00, 1e+00]
  RHS range        [1e+00, 2e+00]
LP warm-start: use basis

Iteration    Objective       Primal Inf.    Dual Inf.      Time
       0   -2.8856725e+07   2.642500e+02   0.000000e+00      0s
       1    3.3835855e+06   0.000000e+00   0.000000e+00      0s

Solved in 1 iterations and 0.00 seconds (0.00 work units)
Optimal objective  3.383585469e+06

User-callback calls 23, time in user-callback 0.00 sec

================================================================================
MASTER PROBLEM - ITERATION 8
================================================================================
Timestamp: 2025-12-03T03:04:04.358
Problem size: 25 scenarios, 72 subsets, K=2
Type: LINEAR RELAXATION
================================================================================
Gurobi Optimizer version 12.0.3 build v12.0.3rc0 (mac64[arm] - Darwin 24.6.0 24G84)

CPU model: Apple M4
Thread count: 10 physical cores, 10 logical processors, using up to 10 threads

Optimize a model with 26 rows, 72 columns and 327 nonzeros
Coefficient statistics:
  Matrix range     [1e+00, 1e+00]
  Objective range  [3e+05, 2e+06]
  Bounds range     [1e+00, 1e+00]
  RHS range        [1e+00, 2e+00]
LP warm-start: use basis

Iteration    Objective       Primal Inf.    Dual Inf.      Time
       0   -2.5573592e+07   2.655385e+02   0.000000e+00      0s
       1    3.3835855e+06   0.000000e+00   0.000000e+00      0s

Solved in 1 iterations and 0.00 seconds (0.00 work units)
Optimal objective  3.383585469e+06

User-callback calls 23, time in user-callback 0.00 sec

================================================================================
MASTER PROBLEM - ITERATION 9
================================================================================
Timestamp: 2025-12-03T03:04:07.926
Problem size: 25 scenarios, 82 subsets, K=2
Type: LINEAR RELAXATION
================================================================================
Gurobi Optimizer version 12.0.3 build v12.0.3rc0 (mac64[arm] - Darwin 24.6.0 24G84)

CPU model: Apple M4
Thread count: 10 physical cores, 10 logical processors, using up to 10 threads

Optimize a model with 26 rows, 82 columns and 387 nonzeros
Coefficient statistics:
  Matrix range     [1e+00, 1e+00]
  Objective range  [3e+05, 2e+06]
  Bounds range     [1e+00, 1e+00]
  RHS range        [1e+00, 2e+00]
LP warm-start: use basis

Iteration    Objective       Primal Inf.    Dual Inf.      Time
       0   -2.4909611e+07   2.373333e+02   0.000000e+00      0s
       1    3.3835855e+06   0.000000e+00   0.000000e+00      0s

Solved in 1 iterations and 0.00 seconds (0.00 work units)
Optimal objective  3.383585469e+06

User-callback calls 23, time in user-callback 0.00 sec

================================================================================
MASTER PROBLEM - ITERATION 10
================================================================================
Timestamp: 2025-12-03T03:04:13.776
Problem size: 25 scenarios, 92 subsets, K=2
Type: LINEAR RELAXATION
================================================================================
Gurobi Optimizer version 12.0.3 build v12.0.3rc0 (mac64[arm] - Darwin 24.6.0 24G84)

CPU model: Apple M4
Thread count: 10 physical cores, 10 logical processors, using up to 10 threads

Optimize a model with 26 rows, 92 columns and 457 nonzeros
Coefficient statistics:
  Matrix range     [1e+00, 1e+00]
  Objective range  [3e+05, 2e+06]
  Bounds range     [1e+00, 1e+00]
  RHS range        [1e+00, 2e+00]
LP warm-start: use basis

Iteration    Objective       Primal Inf.    Dual Inf.      Time
       0   -2.1047976e+07   2.395882e+02   0.000000e+00      0s
       1    3.3835855e+06   0.000000e+00   0.000000e+00      0s

Solved in 1 iterations and 0.00 seconds (0.00 work units)
Optimal objective  3.383585469e+06

User-callback calls 23, time in user-callback 0.00 sec

================================================================================
MASTER PROBLEM - ITERATION 11
================================================================================
Timestamp: 2025-12-03T03:04:18.798
Problem size: 25 scenarios, 102 subsets, K=2
Type: LINEAR RELAXATION
================================================================================
Gurobi Optimizer version 12.0.3 build v12.0.3rc0 (mac64[arm] - Darwin 24.6.0 24G84)

CPU model: Apple M4
Thread count: 10 physical cores, 10 logical processors, using up to 10 threads

Optimize a model with 26 rows, 102 columns and 523 nonzeros
Coefficient statistics:
  Matrix range     [1e+00, 1e+00]
  Objective range  [3e+05, 2e+06]
  Bounds range     [1e+00, 1e+00]
  RHS range        [1e+00, 2e+00]
LP warm-start: use basis

Iteration    Objective       Primal Inf.    Dual Inf.      Time
       0   -2.0711890e+07   2.150727e+02   0.000000e+00      0s
       1    3.3835855e+06   0.000000e+00   0.000000e+00      0s

Solved in 1 iterations and 0.00 seconds (0.00 work units)
Optimal objective  3.383585469e+06

User-callback calls 23, time in user-callback 0.00 sec

================================================================================
MASTER PROBLEM - ITERATION 12
================================================================================
Timestamp: 2025-12-03T03:04:24.059
Problem size: 25 scenarios, 112 subsets, K=2
Type: LINEAR RELAXATION
================================================================================
Gurobi Optimizer version 12.0.3 build v12.0.3rc0 (mac64[arm] - Darwin 24.6.0 24G84)

CPU model: Apple M4
Thread count: 10 physical cores, 10 logical processors, using up to 10 threads

Optimize a model with 26 rows, 112 columns and 597 nonzeros
Coefficient statistics:
  Matrix range     [1e+00, 1e+00]
  Objective range  [3e+05, 2e+06]
  Bounds range     [1e+00, 1e+00]
  RHS range        [1e+00, 2e+00]
LP warm-start: use basis

Iteration    Objective       Primal Inf.    Dual Inf.      Time
       0   -1.7874659e+07   2.246364e+02   0.000000e+00      0s
       1    3.3835855e+06   0.000000e+00   0.000000e+00      0s

Solved in 1 iterations and 0.00 seconds (0.00 work units)
Optimal objective  3.383585469e+06

User-callback calls 23, time in user-callback 0.00 sec

================================================================================
MASTER PROBLEM - ITERATION 13
================================================================================
Timestamp: 2025-12-03T03:04:28.417
Problem size: 25 scenarios, 122 subsets, K=2
Type: LINEAR RELAXATION
================================================================================
Gurobi Optimizer version 12.0.3 build v12.0.3rc0 (mac64[arm] - Darwin 24.6.0 24G84)

CPU model: Apple M4
Thread count: 10 physical cores, 10 logical processors, using up to 10 threads

Optimize a model with 26 rows, 122 columns and 667 nonzeros
Coefficient statistics:
  Matrix range     [1e+00, 1e+00]
  Objective range  [3e+05, 2e+06]
  Bounds range     [1e+00, 1e+00]
  RHS range        [1e+00, 2e+00]
LP warm-start: use basis

Iteration    Objective       Primal Inf.    Dual Inf.      Time
       0   -1.7055682e+07   2.080423e+02   0.000000e+00      0s
       1    3.3835855e+06   0.000000e+00   0.000000e+00      0s

Solved in 1 iterations and 0.00 seconds (0.00 work units)
Optimal objective  3.383585469e+06

User-callback calls 23, time in user-callback 0.00 sec

================================================================================
MASTER PROBLEM - ITERATION 14
================================================================================
Timestamp: 2025-12-03T03:04:33.568
Problem size: 25 scenarios, 132 subsets, K=2
Type: LINEAR RELAXATION
================================================================================
Gurobi Optimizer version 12.0.3 build v12.0.3rc0 (mac64[arm] - Darwin 24.6.0 24G84)

CPU model: Apple M4
Thread count: 10 physical cores, 10 logical processors, using up to 10 threads

Optimize a model with 26 rows, 132 columns and 737 nonzeros
Coefficient statistics:
  Matrix range     [1e+00, 1e+00]
  Objective range  [3e+05, 2e+06]
  Bounds range     [1e+00, 1e+00]
  RHS range        [1e+00, 2e+00]
LP warm-start: use basis

Iteration    Objective       Primal Inf.    Dual Inf.      Time
       0   -1.4265203e+07   2.248908e+02   0.000000e+00      0s
       1    3.3835855e+06   0.000000e+00   0.000000e+00      0s

Solved in 1 iterations and 0.00 seconds (0.00 work units)
Optimal objective  3.383585469e+06

User-callback calls 23, time in user-callback 0.00 sec

================================================================================
MASTER PROBLEM - ITERATION 15
================================================================================
Timestamp: 2025-12-03T03:04:40.809
Problem size: 25 scenarios, 142 subsets, K=2
Type: LINEAR RELAXATION
================================================================================
Gurobi Optimizer version 12.0.3 build v12.0.3rc0 (mac64[arm] - Darwin 24.6.0 24G84)

CPU model: Apple M4
Thread count: 10 physical cores, 10 logical processors, using up to 10 threads

Optimize a model with 26 rows, 142 columns and 809 nonzeros
Coefficient statistics:
  Matrix range     [1e+00, 1e+00]
  Objective range  [3e+05, 2e+06]
  Bounds range     [1e+00, 1e+00]
  RHS range        [1e+00, 2e+00]
LP warm-start: use basis

Iteration    Objective       Primal Inf.    Dual Inf.      Time
       0   -1.3745210e+07   1.999231e+02   0.000000e+00      0s
       1    3.3835855e+06   0.000000e+00   0.000000e+00      0s

Solved in 1 iterations and 0.00 seconds (0.00 work units)
Optimal objective  3.383585469e+06

User-callback calls 23, time in user-callback 0.00 sec

================================================================================
MASTER PROBLEM - ITERATION 16
================================================================================
Timestamp: 2025-12-03T03:04:49.310
Problem size: 25 scenarios, 152 subsets, K=2
Type: LINEAR RELAXATION
================================================================================
Gurobi Optimizer version 12.0.3 build v12.0.3rc0 (mac64[arm] - Darwin 24.6.0 24G84)

CPU model: Apple M4
Thread count: 10 physical cores, 10 logical processors, using up to 10 threads

Optimize a model with 26 rows, 152 columns and 893 nonzeros
Coefficient statistics:
  Matrix range     [1e+00, 1e+00]
  Objective range  [3e+05, 2e+06]
  Bounds range     [1e+00, 1e+00]
  RHS range        [1e+00, 2e+00]
LP warm-start: use basis

Iteration    Objective       Primal Inf.    Dual Inf.      Time
       0   -1.2442483e+07   1.976678e+02   0.000000e+00      0s
       2    3.3835855e+06   0.000000e+00   0.000000e+00      0s

Solved in 2 iterations and 0.00 seconds (0.00 work units)
Optimal objective  3.383585469e+06

User-callback calls 24, time in user-callback 0.00 sec

================================================================================
MASTER PROBLEM - ITERATION 17
================================================================================
Timestamp: 2025-12-03T03:04:58.262
Problem size: 25 scenarios, 162 subsets, K=2
Type: LINEAR RELAXATION
================================================================================
Gurobi Optimizer version 12.0.3 build v12.0.3rc0 (mac64[arm] - Darwin 24.6.0 24G84)

CPU model: Apple M4
Thread count: 10 physical cores, 10 logical processors, using up to 10 threads

Optimize a model with 26 rows, 162 columns and 963 nonzeros
Coefficient statistics:
  Matrix range     [1e+00, 1e+00]
  Objective range  [3e+05, 2e+06]
  Bounds range     [1e+00, 1e+00]
  RHS range        [1e+00, 2e+00]
LP warm-start: use basis

Iteration    Objective       Primal Inf.    Dual Inf.      Time
       0   -1.0947375e+07   1.831003e+02   0.000000e+00      0s
       8    3.3835855e+06   0.000000e+00   0.000000e+00      0s

Solved in 8 iterations and 0.00 seconds (0.00 work units)
Optimal objective  3.383585469e+06

User-callback calls 30, time in user-callback 0.00 sec

================================================================================
MASTER PROBLEM - ITERATION 18
================================================================================
Timestamp: 2025-12-03T03:05:05.466
Problem size: 25 scenarios, 172 subsets, K=2
Type: LINEAR RELAXATION
================================================================================
Gurobi Optimizer version 12.0.3 build v12.0.3rc0 (mac64[arm] - Darwin 24.6.0 24G84)

CPU model: Apple M4
Thread count: 10 physical cores, 10 logical processors, using up to 10 threads

Optimize a model with 26 rows, 172 columns and 1104 nonzeros
Coefficient statistics:
  Matrix range     [1e+00, 1e+00]
  Objective range  [3e+05, 2e+06]
  Bounds range     [1e+00, 1e+00]
  RHS range        [1e+00, 2e+00]
LP warm-start: use basis

Iteration    Objective       Primal Inf.    Dual Inf.      Time
       0   -1.9313269e+07   2.750450e+02   0.000000e+00      0s
       4    3.3835855e+06   0.000000e+00   0.000000e+00      0s

Solved in 4 iterations and 0.00 seconds (0.00 work units)
Optimal objective  3.383585469e+06

User-callback calls 26, time in user-callback 0.00 sec

================================================================================
MASTER PROBLEM - ITERATION 19
================================================================================
Timestamp: 2025-12-03T03:05:11.254
Problem size: 25 scenarios, 182 subsets, K=2
Type: LINEAR RELAXATION
================================================================================
Gurobi Optimizer version 12.0.3 build v12.0.3rc0 (mac64[arm] - Darwin 24.6.0 24G84)

CPU model: Apple M4
Thread count: 10 physical cores, 10 logical processors, using up to 10 threads

Optimize a model with 26 rows, 182 columns and 1204 nonzeros
Coefficient statistics:
  Matrix range     [1e+00, 1e+00]
  Objective range  [3e+05, 2e+06]
  Bounds range     [1e+00, 1e+00]
  RHS range        [1e+00, 2e+00]
LP warm-start: use basis

Iteration    Objective       Primal Inf.    Dual Inf.      Time
       0   -1.3266468e+07   3.884054e+02   0.000000e+00      0s
       6    3.3835855e+06   0.000000e+00   0.000000e+00      0s

Solved in 6 iterations and 0.00 seconds (0.00 work units)
Optimal objective  3.383585469e+06

User-callback calls 28, time in user-callback 0.00 sec

================================================================================
MASTER PROBLEM - ITERATION 20
================================================================================
Timestamp: 2025-12-03T03:05:25.382
Problem size: 25 scenarios, 192 subsets, K=2
Type: LINEAR RELAXATION
================================================================================
Gurobi Optimizer version 12.0.3 build v12.0.3rc0 (mac64[arm] - Darwin 24.6.0 24G84)

CPU model: Apple M4
Thread count: 10 physical cores, 10 logical processors, using up to 10 threads

Optimize a model with 26 rows, 192 columns and 1289 nonzeros
Coefficient statistics:
  Matrix range     [1e+00, 1e+00]
  Objective range  [3e+05, 2e+06]
  Bounds range     [1e+00, 1e+00]
  RHS range        [1e+00, 2e+00]
LP warm-start: use basis

Iteration    Objective       Primal Inf.    Dual Inf.      Time
       0   -7.0758914e+06   2.790114e+02   0.000000e+00      0s
       5    3.3835855e+06   0.000000e+00   0.000000e+00      0s

Solved in 5 iterations and 0.00 seconds (0.00 work units)
Optimal objective  3.383585469e+06

User-callback calls 27, time in user-callback 0.00 sec

================================================================================
MASTER PROBLEM - ITERATION 21
================================================================================
Timestamp: 2025-12-03T03:05:40.591
Problem size: 25 scenarios, 202 subsets, K=2
Type: LINEAR RELAXATION
================================================================================
Gurobi Optimizer version 12.0.3 build v12.0.3rc0 (mac64[arm] - Darwin 24.6.0 24G84)

CPU model: Apple M4
Thread count: 10 physical cores, 10 logical processors, using up to 10 threads

Optimize a model with 26 rows, 202 columns and 1369 nonzeros
Coefficient statistics:
  Matrix range     [1e+00, 1e+00]
  Objective range  [3e+05, 2e+06]
  Bounds range     [1e+00, 1e+00]
  RHS range        [1e+00, 2e+00]
LP warm-start: use basis

Iteration    Objective       Primal Inf.    Dual Inf.      Time
       0   -4.5047006e+06   4.258224e+02   0.000000e+00      0s
      13    3.3835855e+06   0.000000e+00   0.000000e+00      0s

Solved in 13 iterations and 0.00 seconds (0.00 work units)
Optimal objective  3.383585469e+06

User-callback calls 35, time in user-callback 0.00 sec

================================================================================
MASTER PROBLEM - ITERATION 22
================================================================================
Timestamp: 2025-12-03T03:05:52.645
Problem size: 25 scenarios, 212 subsets, K=2
Type: LINEAR RELAXATION
================================================================================
Gurobi Optimizer version 12.0.3 build v12.0.3rc0 (mac64[arm] - Darwin 24.6.0 24G84)

CPU model: Apple M4
Thread count: 10 physical cores, 10 logical processors, using up to 10 threads

Optimize a model with 26 rows, 212 columns and 1449 nonzeros
Coefficient statistics:
  Matrix range     [1e+00, 1e+00]
  Objective range  [3e+05, 2e+06]
  Bounds range     [1e+00, 1e+00]
  RHS range        [1e+00, 2e+00]
LP warm-start: use basis

Iteration    Objective       Primal Inf.    Dual Inf.      Time
       0   -2.9825556e+06   2.466096e+02   0.000000e+00      0s
      11    3.3835855e+06   0.000000e+00   0.000000e+00      0s

Solved in 11 iterations and 0.00 seconds (0.00 work units)
Optimal objective  3.383585469e+06

User-callback calls 33, time in user-callback 0.00 sec

================================================================================
MASTER PROBLEM - ITERATION 23
================================================================================
Timestamp: 2025-12-03T03:06:16.404
Problem size: 25 scenarios, 222 subsets, K=2
Type: LINEAR RELAXATION
================================================================================
Gurobi Optimizer version 12.0.3 build v12.0.3rc0 (mac64[arm] - Darwin 24.6.0 24G84)

CPU model: Apple M4
Thread count: 10 physical cores, 10 logical processors, using up to 10 threads

Optimize a model with 26 rows, 222 columns and 1554 nonzeros
Coefficient statistics:
  Matrix range     [1e+00, 1e+00]
  Objective range  [3e+05, 2e+06]
  Bounds range     [1e+00, 1e+00]
  RHS range        [1e+00, 2e+00]
LP warm-start: use basis

Iteration    Objective       Primal Inf.    Dual Inf.      Time
       0   -1.9216177e+07   9.955000e+02   0.000000e+00      0s
      21    3.3835855e+06   0.000000e+00   0.000000e+00      0s

Solved in 21 iterations and 0.00 seconds (0.00 work units)
Optimal objective  3.383585469e+06

User-callback calls 43, time in user-callback 0.00 sec

================================================================================
MASTER PROBLEM - ITERATION 24
================================================================================
Timestamp: 2025-12-03T03:06:29.324
Problem size: 25 scenarios, 232 subsets, K=2
Type: LINEAR RELAXATION
================================================================================
Gurobi Optimizer version 12.0.3 build v12.0.3rc0 (mac64[arm] - Darwin 24.6.0 24G84)

CPU model: Apple M4
Thread count: 10 physical cores, 10 logical processors, using up to 10 threads

Optimize a model with 26 rows, 232 columns and 1634 nonzeros
Coefficient statistics:
  Matrix range     [1e+00, 1e+00]
  Objective range  [3e+05, 2e+06]
  Bounds range     [1e+00, 1e+00]
  RHS range        [1e+00, 2e+00]
LP warm-start: use basis

Iteration    Objective       Primal Inf.    Dual Inf.      Time
       0   -4.3929380e+06   2.782078e+02   0.000000e+00      0s
      11    3.3835855e+06   0.000000e+00   0.000000e+00      0s

Solved in 11 iterations and 0.00 seconds (0.00 work units)
Optimal objective  3.383585469e+06

User-callback calls 33, time in user-callback 0.00 sec

================================================================================
MASTER PROBLEM - ITERATION 25
================================================================================
Timestamp: 2025-12-03T03:08:05.887
Problem size: 25 scenarios, 242 subsets, K=2
Type: LINEAR RELAXATION
================================================================================
Gurobi Optimizer version 12.0.3 build v12.0.3rc0 (mac64[arm] - Darwin 24.6.0 24G84)

CPU model: Apple M4
Thread count: 10 physical cores, 10 logical processors, using up to 10 threads

Optimize a model with 26 rows, 242 columns and 1748 nonzeros
Coefficient statistics:
  Matrix range     [1e+00, 1e+00]
  Objective range  [3e+05, 2e+06]
  Bounds range     [1e+00, 1e+00]
  RHS range        [1e+00, 2e+00]
LP warm-start: use basis

Iteration    Objective       Primal Inf.    Dual Inf.      Time
       0    4.4592835e+05   2.640188e+02   0.000000e+00      0s
      15    3.3835855e+06   0.000000e+00   0.000000e+00      0s

Solved in 15 iterations and 0.00 seconds (0.00 work units)
Optimal objective  3.383585469e+06

User-callback calls 37, time in user-callback 0.00 sec

================================================================================
MASTER PROBLEM - ITERATION 26
================================================================================
Timestamp: 2025-12-03T03:08:16.507
Problem size: 25 scenarios, 252 subsets, K=2
Type: LINEAR RELAXATION
================================================================================
Gurobi Optimizer version 12.0.3 build v12.0.3rc0 (mac64[arm] - Darwin 24.6.0 24G84)

CPU model: Apple M4
Thread count: 10 physical cores, 10 logical processors, using up to 10 threads

Optimize a model with 26 rows, 252 columns and 1889 nonzeros
Coefficient statistics:
  Matrix range     [1e+00, 1e+00]
  Objective range  [3e+05, 2e+06]
  Bounds range     [1e+00, 1e+00]
  RHS range        [1e+00, 2e+00]
LP warm-start: use basis

Iteration    Objective       Primal Inf.    Dual Inf.      Time
       0   -1.0361996e+07   1.638891e+03   0.000000e+00      0s
       4    3.3835855e+06   0.000000e+00   0.000000e+00      0s

Solved in 4 iterations and 0.00 seconds (0.00 work units)
Optimal objective  3.383585469e+06

User-callback calls 26, time in user-callback 0.00 sec

================================================================================
MASTER PROBLEM - ITERATION 27
================================================================================
Timestamp: 2025-12-03T03:08:50.555
Problem size: 25 scenarios, 262 subsets, K=2
Type: LINEAR RELAXATION
================================================================================
Gurobi Optimizer version 12.0.3 build v12.0.3rc0 (mac64[arm] - Darwin 24.6.0 24G84)

CPU model: Apple M4
Thread count: 10 physical cores, 10 logical processors, using up to 10 threads

Optimize a model with 26 rows, 262 columns and 2043 nonzeros
Coefficient statistics:
  Matrix range     [1e+00, 1e+00]
  Objective range  [3e+05, 2e+06]
  Bounds range     [1e+00, 1e+00]
  RHS range        [1e+00, 2e+00]
LP warm-start: use basis

Iteration    Objective       Primal Inf.    Dual Inf.      Time
       0   -1.2691297e+06   2.841631e+03   0.000000e+00      0s
       6    3.3835855e+06   0.000000e+00   0.000000e+00      0s

Solved in 6 iterations and 0.00 seconds (0.00 work units)
Optimal objective  3.383585469e+06

User-callback calls 28, time in user-callback 0.00 sec

================================================================================
MASTER PROBLEM - ITERATION 28
================================================================================
Timestamp: 2025-12-03T03:12:35.118
Problem size: 25 scenarios, 272 subsets, K=2
Type: LINEAR RELAXATION
================================================================================
Gurobi Optimizer version 12.0.3 build v12.0.3rc0 (mac64[arm] - Darwin 24.6.0 24G84)

CPU model: Apple M4
Thread count: 10 physical cores, 10 logical processors, using up to 10 threads

Optimize a model with 26 rows, 272 columns and 2154 nonzeros
Coefficient statistics:
  Matrix range     [1e+00, 1e+00]
  Objective range  [3e+05, 2e+06]
  Bounds range     [1e+00, 1e+00]
  RHS range        [1e+00, 2e+00]
LP warm-start: use basis

Iteration    Objective       Primal Inf.    Dual Inf.      Time
       0    2.1057963e+06   9.038309e+01   0.000000e+00      0s
      10    3.3835855e+06   0.000000e+00   0.000000e+00      0s

Solved in 10 iterations and 0.00 seconds (0.00 work units)
Optimal objective  3.383585469e+06

User-callback calls 31, time in user-callback 0.00 sec

================================================================================
MASTER PROBLEM - ITERATION 29
================================================================================
Timestamp: 2025-12-03T03:13:34.243
Problem size: 25 scenarios, 282 subsets, K=2
Type: LINEAR RELAXATION
================================================================================
Gurobi Optimizer version 12.0.3 build v12.0.3rc0 (mac64[arm] - Darwin 24.6.0 24G84)

CPU model: Apple M4
Thread count: 10 physical cores, 10 logical processors, using up to 10 threads

Optimize a model with 26 rows, 282 columns and 2262 nonzeros
Coefficient statistics:
  Matrix range     [1e+00, 1e+00]
  Objective range  [3e+05, 2e+06]
  Bounds range     [1e+00, 1e+00]
  RHS range        [1e+00, 2e+00]
LP warm-start: use basis

Iteration    Objective       Primal Inf.    Dual Inf.      Time
       0    8.6611437e+05   2.388428e+02   0.000000e+00      0s
      19    3.3835855e+06   0.000000e+00   0.000000e+00      0s

Solved in 19 iterations and 0.00 seconds (0.00 work units)
Optimal objective  3.383585469e+06

User-callback calls 41, time in user-callback 0.00 sec

================================================================================
MASTER PROBLEM - ITERATION 30
================================================================================
Timestamp: 2025-12-03T03:13:54.282
Problem size: 25 scenarios, 292 subsets, K=2
Type: LINEAR RELAXATION
================================================================================
Gurobi Optimizer version 12.0.3 build v12.0.3rc0 (mac64[arm] - Darwin 24.6.0 24G84)

CPU model: Apple M4
Thread count: 10 physical cores, 10 logical processors, using up to 10 threads

Optimize a model with 26 rows, 292 columns and 2355 nonzeros
Coefficient statistics:
  Matrix range     [1e+00, 1e+00]
  Objective range  [3e+05, 2e+06]
  Bounds range     [1e+00, 1e+00]
  RHS range        [1e+00, 2e+00]
LP warm-start: use basis

Iteration    Objective       Primal Inf.    Dual Inf.      Time
       0   -3.0393828e+05   5.631667e+02   0.000000e+00      0s
      26    3.3835855e+06   0.000000e+00   0.000000e+00      0s

Solved in 26 iterations and 0.00 seconds (0.00 work units)
Optimal objective  3.383585469e+06

User-callback calls 48, time in user-callback 0.00 sec

================================================================================
MASTER PROBLEM - ITERATION 31
================================================================================
Timestamp: 2025-12-03T03:14:51.340
Problem size: 25 scenarios, 302 subsets, K=2
Type: LINEAR RELAXATION
================================================================================
Gurobi Optimizer version 12.0.3 build v12.0.3rc0 (mac64[arm] - Darwin 24.6.0 24G84)

CPU model: Apple M4
Thread count: 10 physical cores, 10 logical processors, using up to 10 threads

Optimize a model with 26 rows, 302 columns and 2480 nonzeros
Coefficient statistics:
  Matrix range     [1e+00, 1e+00]
  Objective range  [3e+05, 2e+06]
  Bounds range     [1e+00, 1e+00]
  RHS range        [1e+00, 2e+00]
LP warm-start: use basis

Iteration    Objective       Primal Inf.    Dual Inf.      Time
       0    1.2806676e+06   2.774387e+02   0.000000e+00      0s
      14    3.3835855e+06   0.000000e+00   0.000000e+00      0s

Solved in 14 iterations and 0.00 seconds (0.00 work units)
Optimal objective  3.383585469e+06

User-callback calls 36, time in user-callback 0.00 sec

================================================================================
MASTER PROBLEM - ITERATION 32
================================================================================
Timestamp: 2025-12-03T03:15:50.365
Problem size: 25 scenarios, 312 subsets, K=2
Type: LINEAR RELAXATION
================================================================================
Gurobi Optimizer version 12.0.3 build v12.0.3rc0 (mac64[arm] - Darwin 24.6.0 24G84)

CPU model: Apple M4
Thread count: 10 physical cores, 10 logical processors, using up to 10 threads

Optimize a model with 26 rows, 312 columns and 2601 nonzeros
Coefficient statistics:
  Matrix range     [1e+00, 1e+00]
  Objective range  [3e+05, 2e+06]
  Bounds range     [1e+00, 1e+00]
  RHS range        [1e+00, 2e+00]
LP warm-start: use basis

Iteration    Objective       Primal Inf.    Dual Inf.      Time
       0    7.4189037e+05   1.880357e+03   0.000000e+00      0s
      10    3.3835855e+06   0.000000e+00   0.000000e+00      0s

Solved in 10 iterations and 0.00 seconds (0.00 work units)
Optimal objective  3.383585469e+06

User-callback calls 32, time in user-callback 0.00 sec

================================================================================
MASTER PROBLEM - ITERATION 33
================================================================================
Timestamp: 2025-12-03T03:19:52.326
Problem size: 25 scenarios, 322 subsets, K=2
Type: LINEAR RELAXATION
================================================================================
Gurobi Optimizer version 12.0.3 build v12.0.3rc0 (mac64[arm] - Darwin 24.6.0 24G84)

CPU model: Apple M4
Thread count: 10 physical cores, 10 logical processors, using up to 10 threads

Optimize a model with 26 rows, 322 columns and 2687 nonzeros
Coefficient statistics:
  Matrix range     [1e+00, 1e+00]
  Objective range  [3e+05, 2e+06]
  Bounds range     [1e+00, 1e+00]
  RHS range        [1e+00, 2e+00]
LP warm-start: use basis

Iteration    Objective       Primal Inf.    Dual Inf.      Time
       0    2.2269904e+06   6.715509e+01   0.000000e+00      0s
      23    3.3835855e+06   0.000000e+00   0.000000e+00      0s

Solved in 23 iterations and 0.00 seconds (0.00 work units)
Optimal objective  3.383585469e+06

User-callback calls 45, time in user-callback 0.00 sec

================================================================================
MASTER PROBLEM - ITERATION 34
================================================================================
Timestamp: 2025-12-03T03:23:50.877
Problem size: 25 scenarios, 332 subsets, K=2
Type: LINEAR RELAXATION
================================================================================
Gurobi Optimizer version 12.0.3 build v12.0.3rc0 (mac64[arm] - Darwin 24.6.0 24G84)

CPU model: Apple M4
Thread count: 10 physical cores, 10 logical processors, using up to 10 threads

Optimize a model with 26 rows, 332 columns and 2792 nonzeros
Coefficient statistics:
  Matrix range     [1e+00, 1e+00]
  Objective range  [3e+05, 2e+06]
  Bounds range     [1e+00, 1e+00]
  RHS range        [1e+00, 2e+00]
LP warm-start: use basis

Iteration    Objective       Primal Inf.    Dual Inf.      Time
       0    2.1600742e+06   2.274299e+02   0.000000e+00      0s
      17    3.3835855e+06   0.000000e+00   0.000000e+00      0s

Solved in 17 iterations and 0.00 seconds (0.00 work units)
Optimal objective  3.383585469e+06

User-callback calls 39, time in user-callback 0.00 sec

================================================================================
MASTER PROBLEM - ITERATION 35
================================================================================
Timestamp: 2025-12-03T03:27:45.116
Problem size: 25 scenarios, 342 subsets, K=2
Type: LINEAR RELAXATION
================================================================================
Gurobi Optimizer version 12.0.3 build v12.0.3rc0 (mac64[arm] - Darwin 24.6.0 24G84)

CPU model: Apple M4
Thread count: 10 physical cores, 10 logical processors, using up to 10 threads

Optimize a model with 26 rows, 342 columns and 2915 nonzeros
Coefficient statistics:
  Matrix range     [1e+00, 1e+00]
  Objective range  [3e+05, 2e+06]
  Bounds range     [1e+00, 1e+00]
  RHS range        [1e+00, 2e+00]
LP warm-start: use basis

Iteration    Objective       Primal Inf.    Dual Inf.      Time
       0    2.1087575e+06   2.129813e+02   0.000000e+00      0s
      24    3.3835855e+06   0.000000e+00   0.000000e+00      0s

Solved in 24 iterations and 0.00 seconds (0.00 work units)
Optimal objective  3.383585469e+06

User-callback calls 46, time in user-callback 0.00 sec

================================================================================
MASTER PROBLEM - ITERATION 36
================================================================================
Timestamp: 2025-12-03T03:28:20.407
Problem size: 25 scenarios, 352 subsets, K=2
Type: LINEAR RELAXATION
================================================================================
Gurobi Optimizer version 12.0.3 build v12.0.3rc0 (mac64[arm] - Darwin 24.6.0 24G84)

CPU model: Apple M4
Thread count: 10 physical cores, 10 logical processors, using up to 10 threads

Optimize a model with 26 rows, 352 columns and 3025 nonzeros
Coefficient statistics:
  Matrix range     [1e+00, 1e+00]
  Objective range  [3e+05, 2e+06]
  Bounds range     [1e+00, 1e+00]
  RHS range        [1e+00, 2e+00]
LP warm-start: use basis

Iteration    Objective       Primal Inf.    Dual Inf.      Time
       0    5.6923296e+05   3.725207e+02   0.000000e+00      0s
      29    3.3835855e+06   0.000000e+00   0.000000e+00      0s

Solved in 29 iterations and 0.00 seconds (0.00 work units)
Optimal objective  3.383585469e+06

User-callback calls 52, time in user-callback 0.00 sec

================================================================================
MASTER PROBLEM - ITERATION 37
================================================================================
Timestamp: 2025-12-03T03:31:01.585
Problem size: 25 scenarios, 362 subsets, K=2
Type: LINEAR RELAXATION
================================================================================
Gurobi Optimizer version 12.0.3 build v12.0.3rc0 (mac64[arm] - Darwin 24.6.0 24G84)

CPU model: Apple M4
Thread count: 10 physical cores, 10 logical processors, using up to 10 threads

Optimize a model with 26 rows, 362 columns and 3120 nonzeros
Coefficient statistics:
  Matrix range     [1e+00, 1e+00]
  Objective range  [3e+05, 2e+06]
  Bounds range     [1e+00, 1e+00]
  RHS range        [1e+00, 2e+00]
LP warm-start: use basis

Iteration    Objective       Primal Inf.    Dual Inf.      Time
       0    2.0478626e+06   3.009839e+02   0.000000e+00      0s
      14    3.3835855e+06   0.000000e+00   0.000000e+00      0s

Solved in 14 iterations and 0.00 seconds (0.00 work units)
Optimal objective  3.383585469e+06

User-callback calls 36, time in user-callback 0.00 sec

================================================================================
MASTER PROBLEM - ITERATION 38
================================================================================
Timestamp: 2025-12-03T03:34:49.583
Problem size: 25 scenarios, 372 subsets, K=2
Type: LINEAR RELAXATION
================================================================================
Gurobi Optimizer version 12.0.3 build v12.0.3rc0 (mac64[arm] - Darwin 24.6.0 24G84)

CPU model: Apple M4
Thread count: 10 physical cores, 10 logical processors, using up to 10 threads

Optimize a model with 26 rows, 372 columns and 3233 nonzeros
Coefficient statistics:
  Matrix range     [1e+00, 1e+00]
  Objective range  [3e+05, 2e+06]
  Bounds range     [1e+00, 1e+00]
  RHS range        [1e+00, 2e+00]
LP warm-start: use basis

Iteration    Objective       Primal Inf.    Dual Inf.      Time
       0    2.2286230e+06   2.644488e+02   0.000000e+00      0s
      15    3.3835855e+06   0.000000e+00   0.000000e+00      0s

Solved in 15 iterations and 0.00 seconds (0.00 work units)
Optimal objective  3.383585469e+06

User-callback calls 37, time in user-callback 0.00 sec

================================================================================
MASTER PROBLEM - ITERATION 39
================================================================================
Timestamp: 2025-12-03T03:38:24.821
Problem size: 25 scenarios, 382 subsets, K=2
Type: LINEAR RELAXATION
================================================================================
Gurobi Optimizer version 12.0.3 build v12.0.3rc0 (mac64[arm] - Darwin 24.6.0 24G84)

CPU model: Apple M4
Thread count: 10 physical cores, 10 logical processors, using up to 10 threads

Optimize a model with 26 rows, 382 columns and 3336 nonzeros
Coefficient statistics:
  Matrix range     [1e+00, 1e+00]
  Objective range  [3e+05, 2e+06]
  Bounds range     [1e+00, 1e+00]
  RHS range        [1e+00, 2e+00]
LP warm-start: use basis

Iteration    Objective       Primal Inf.    Dual Inf.      Time
       0    2.8510697e+06   1.909783e+02   0.000000e+00      0s
      13    3.3835855e+06   0.000000e+00   0.000000e+00      0s

Solved in 13 iterations and 0.00 seconds (0.00 work units)
Optimal objective  3.383585469e+06

User-callback calls 34, time in user-callback 0.00 sec

================================================================================
MASTER PROBLEM - ITERATION 40
================================================================================
Timestamp: 2025-12-03T03:43:26.517
Problem size: 25 scenarios, 392 subsets, K=2
Type: LINEAR RELAXATION
================================================================================
Gurobi Optimizer version 12.0.3 build v12.0.3rc0 (mac64[arm] - Darwin 24.6.0 24G84)

CPU model: Apple M4
Thread count: 10 physical cores, 10 logical processors, using up to 10 threads

Optimize a model with 26 rows, 392 columns and 3475 nonzeros
Coefficient statistics:
  Matrix range     [1e+00, 1e+00]
  Objective range  [3e+05, 2e+06]
  Bounds range     [1e+00, 1e+00]
  RHS range        [1e+00, 2e+00]
LP warm-start: use basis

Iteration    Objective       Primal Inf.    Dual Inf.      Time
       0    2.4975853e+06   4.381062e+02   0.000000e+00      0s
      17    3.3835855e+06   0.000000e+00   0.000000e+00      0s

Solved in 17 iterations and 0.00 seconds (0.00 work units)
Optimal objective  3.383585469e+06

User-callback calls 39, time in user-callback 0.00 sec

================================================================================
MASTER PROBLEM - ITERATION 41
================================================================================
Timestamp: 2025-12-03T03:48:42.417
Problem size: 25 scenarios, 402 subsets, K=2
Type: LINEAR RELAXATION
================================================================================
Gurobi Optimizer version 12.0.3 build v12.0.3rc0 (mac64[arm] - Darwin 24.6.0 24G84)

CPU model: Apple M4
Thread count: 10 physical cores, 10 logical processors, using up to 10 threads

Optimize a model with 26 rows, 402 columns and 3554 nonzeros
Coefficient statistics:
  Matrix range     [1e+00, 1e+00]
  Objective range  [3e+05, 2e+06]
  Bounds range     [1e+00, 1e+00]
  RHS range        [1e+00, 2e+00]
LP warm-start: use basis

Iteration    Objective       Primal Inf.    Dual Inf.      Time
       0    2.8335066e+06   7.084783e+01   0.000000e+00      0s
      17    3.3835855e+06   0.000000e+00   0.000000e+00      0s

Solved in 17 iterations and 0.00 seconds (0.00 work units)
Optimal objective  3.383585469e+06

User-callback calls 39, time in user-callback 0.00 sec

================================================================================
MASTER PROBLEM - ITERATION 42
================================================================================
Timestamp: 2025-12-03T03:52:40.511
Problem size: 25 scenarios, 412 subsets, K=2
Type: LINEAR RELAXATION
================================================================================
Gurobi Optimizer version 12.0.3 build v12.0.3rc0 (mac64[arm] - Darwin 24.6.0 24G84)

CPU model: Apple M4
Thread count: 10 physical cores, 10 logical processors, using up to 10 threads

Optimize a model with 26 rows, 412 columns and 3648 nonzeros
Coefficient statistics:
  Matrix range     [1e+00, 1e+00]
  Objective range  [3e+05, 2e+06]
  Bounds range     [1e+00, 1e+00]
  RHS range        [1e+00, 2e+00]
LP warm-start: use basis

Iteration    Objective       Primal Inf.    Dual Inf.      Time
       0    2.3228366e+06   4.962024e+02   0.000000e+00      0s
      15    3.3835855e+06   0.000000e+00   0.000000e+00      0s

Solved in 15 iterations and 0.00 seconds (0.00 work units)
Optimal objective  3.383585469e+06

User-callback calls 37, time in user-callback 0.00 sec

================================================================================
MASTER PROBLEM - ITERATION 43
================================================================================
Timestamp: 2025-12-03T03:58:26.465
Problem size: 25 scenarios, 422 subsets, K=2
Type: LINEAR RELAXATION
================================================================================
Gurobi Optimizer version 12.0.3 build v12.0.3rc0 (mac64[arm] - Darwin 24.6.0 24G84)

CPU model: Apple M4
Thread count: 10 physical cores, 10 logical processors, using up to 10 threads

Optimize a model with 26 rows, 422 columns and 3754 nonzeros
Coefficient statistics:
  Matrix range     [1e+00, 1e+00]
  Objective range  [3e+05, 2e+06]
  Bounds range     [1e+00, 1e+00]
  RHS range        [1e+00, 2e+00]
LP warm-start: use basis

Iteration    Objective       Primal Inf.    Dual Inf.      Time
       0    2.1552213e+06   2.560000e+02   0.000000e+00      0s
      15    3.3835855e+06   0.000000e+00   0.000000e+00      0s

Solved in 15 iterations and 0.00 seconds (0.00 work units)
Optimal objective  3.383585469e+06

User-callback calls 37, time in user-callback 0.00 sec

================================================================================
MASTER PROBLEM - ITERATION 44
================================================================================
Timestamp: 2025-12-03T04:02:14.365
Problem size: 25 scenarios, 432 subsets, K=2
Type: LINEAR RELAXATION
================================================================================
Gurobi Optimizer version 12.0.3 build v12.0.3rc0 (mac64[arm] - Darwin 24.6.0 24G84)

CPU model: Apple M4
Thread count: 10 physical cores, 10 logical processors, using up to 10 threads

Optimize a model with 26 rows, 432 columns and 3845 nonzeros
Coefficient statistics:
  Matrix range     [1e+00, 1e+00]
  Objective range  [3e+05, 2e+06]
  Bounds range     [1e+00, 1e+00]
  RHS range        [1e+00, 2e+00]
LP warm-start: use basis

Iteration    Objective       Primal Inf.    Dual Inf.      Time
       0    2.8531622e+06   2.023529e+02   0.000000e+00      0s
      22    3.3835855e+06   0.000000e+00   0.000000e+00      0s

Solved in 22 iterations and 0.00 seconds (0.00 work units)
Optimal objective  3.383585469e+06

User-callback calls 44, time in user-callback 0.00 sec

================================================================================
MASTER PROBLEM - ITERATION 45
================================================================================
Timestamp: 2025-12-03T04:03:03.261
Problem size: 25 scenarios, 442 subsets, K=2
Type: LINEAR RELAXATION
================================================================================
Gurobi Optimizer version 12.0.3 build v12.0.3rc0 (mac64[arm] - Darwin 24.6.0 24G84)

CPU model: Apple M4
Thread count: 10 physical cores, 10 logical processors, using up to 10 threads

Optimize a model with 26 rows, 442 columns and 3977 nonzeros
Coefficient statistics:
  Matrix range     [1e+00, 1e+00]
  Objective range  [3e+05, 2e+06]
  Bounds range     [1e+00, 1e+00]
  RHS range        [1e+00, 2e+00]
LP warm-start: use basis

Iteration    Objective       Primal Inf.    Dual Inf.      Time
       0    1.6436460e+06   3.053437e+02   0.000000e+00      0s
      21    3.3835855e+06   0.000000e+00   0.000000e+00      0s

Solved in 21 iterations and 0.00 seconds (0.00 work units)
Optimal objective  3.383585469e+06

User-callback calls 43, time in user-callback 0.00 sec

================================================================================
MASTER PROBLEM - ITERATION 46
================================================================================
Timestamp: 2025-12-03T04:05:37.090
Problem size: 25 scenarios, 452 subsets, K=2
Type: LINEAR RELAXATION
================================================================================
Gurobi Optimizer version 12.0.3 build v12.0.3rc0 (mac64[arm] - Darwin 24.6.0 24G84)

CPU model: Apple M4
Thread count: 10 physical cores, 10 logical processors, using up to 10 threads

Optimize a model with 26 rows, 452 columns and 4094 nonzeros
Coefficient statistics:
  Matrix range     [1e+00, 1e+00]
  Objective range  [3e+05, 2e+06]
  Bounds range     [1e+00, 1e+00]
  RHS range        [1e+00, 2e+00]
LP warm-start: use basis

Iteration    Objective       Primal Inf.    Dual Inf.      Time
       0    2.4160256e+06   2.130270e+02   0.000000e+00      0s
      25    3.3835855e+06   0.000000e+00   0.000000e+00      0s

Solved in 25 iterations and 0.00 seconds (0.00 work units)
Optimal objective  3.383585469e+06

User-callback calls 47, time in user-callback 0.00 sec

================================================================================
MASTER PROBLEM - ITERATION 47
================================================================================
Timestamp: 2025-12-03T04:07:48.493
Problem size: 25 scenarios, 462 subsets, K=2
Type: LINEAR RELAXATION
================================================================================
Gurobi Optimizer version 12.0.3 build v12.0.3rc0 (mac64[arm] - Darwin 24.6.0 24G84)

CPU model: Apple M4
Thread count: 10 physical cores, 10 logical processors, using up to 10 threads

Optimize a model with 26 rows, 462 columns and 4268 nonzeros
Coefficient statistics:
  Matrix range     [1e+00, 1e+00]
  Objective range  [3e+05, 2e+06]
  Bounds range     [1e+00, 1e+00]
  RHS range        [1e+00, 2e+00]
LP warm-start: use basis

Iteration    Objective       Primal Inf.    Dual Inf.      Time
       0    2.7531230e+06   1.998627e+02   0.000000e+00      0s
      23    3.3835855e+06   0.000000e+00   0.000000e+00      0s

Solved in 23 iterations and 0.00 seconds (0.00 work units)
Optimal objective  3.383585469e+06

User-callback calls 45, time in user-callback 0.00 sec

================================================================================
MASTER PROBLEM - ITERATION 48
================================================================================
Timestamp: 2025-12-03T04:09:57.051
Problem size: 25 scenarios, 472 subsets, K=2
Type: LINEAR RELAXATION
================================================================================
Gurobi Optimizer version 12.0.3 build v12.0.3rc0 (mac64[arm] - Darwin 24.6.0 24G84)

CPU model: Apple M4
Thread count: 10 physical cores, 10 logical processors, using up to 10 threads

Optimize a model with 26 rows, 472 columns and 4398 nonzeros
Coefficient statistics:
  Matrix range     [1e+00, 1e+00]
  Objective range  [3e+05, 2e+06]
  Bounds range     [1e+00, 1e+00]
  RHS range        [1e+00, 2e+00]
LP warm-start: use basis

Iteration    Objective       Primal Inf.    Dual Inf.      Time
       0    2.7457394e+06   1.859741e+02   0.000000e+00      0s
      21    3.3835855e+06   0.000000e+00   0.000000e+00      0s

Solved in 21 iterations and 0.00 seconds (0.00 work units)
Optimal objective  3.383585469e+06

User-callback calls 43, time in user-callback 0.00 sec

================================================================================
MASTER PROBLEM - ITERATION 49
================================================================================
Timestamp: 2025-12-03T04:12:09.615
Problem size: 25 scenarios, 482 subsets, K=2
Type: LINEAR RELAXATION
================================================================================
Gurobi Optimizer version 12.0.3 build v12.0.3rc0 (mac64[arm] - Darwin 24.6.0 24G84)

CPU model: Apple M4
Thread count: 10 physical cores, 10 logical processors, using up to 10 threads

Optimize a model with 26 rows, 482 columns and 4568 nonzeros
Coefficient statistics:
  Matrix range     [1e+00, 1e+00]
  Objective range  [3e+05, 2e+06]
  Bounds range     [1e+00, 1e+00]
  RHS range        [1e+00, 2e+00]
LP warm-start: use basis

Iteration    Objective       Primal Inf.    Dual Inf.      Time
       0    2.8503882e+06   4.880000e+02   0.000000e+00      0s
      25    3.3835855e+06   0.000000e+00   0.000000e+00      0s

Solved in 25 iterations and 0.00 seconds (0.00 work units)
Optimal objective  3.383585469e+06

User-callback calls 47, time in user-callback 0.00 sec

================================================================================
MASTER PROBLEM - ITERATION 50
================================================================================
Timestamp: 2025-12-03T04:14:30.532
Problem size: 25 scenarios, 492 subsets, K=2
Type: LINEAR RELAXATION
================================================================================
Gurobi Optimizer version 12.0.3 build v12.0.3rc0 (mac64[arm] - Darwin 24.6.0 24G84)

CPU model: Apple M4
Thread count: 10 physical cores, 10 logical processors, using up to 10 threads

Optimize a model with 26 rows, 492 columns and 4678 nonzeros
Coefficient statistics:
  Matrix range     [1e+00, 1e+00]
  Objective range  [3e+05, 2e+06]
  Bounds range     [1e+00, 1e+00]
  RHS range        [1e+00, 2e+00]
LP warm-start: use basis

Iteration    Objective       Primal Inf.    Dual Inf.      Time
       0    2.9195773e+06   2.189154e+02   0.000000e+00      0s
       9    3.3835855e+06   0.000000e+00   0.000000e+00      0s

Solved in 9 iterations and 0.00 seconds (0.00 work units)
Optimal objective  3.383585469e+06

User-callback calls 31, time in user-callback 0.00 sec

================================================================================
MASTER PROBLEM - ITERATION 51
================================================================================
Timestamp: 2025-12-03T04:16:52.835
Problem size: 25 scenarios, 502 subsets, K=2
Type: LINEAR RELAXATION
================================================================================
Gurobi Optimizer version 12.0.3 build v12.0.3rc0 (mac64[arm] - Darwin 24.6.0 24G84)

CPU model: Apple M4
Thread count: 10 physical cores, 10 logical processors, using up to 10 threads

Optimize a model with 26 rows, 502 columns and 4788 nonzeros
Coefficient statistics:
  Matrix range     [1e+00, 1e+00]
  Objective range  [3e+05, 2e+06]
  Bounds range     [1e+00, 1e+00]
  RHS range        [1e+00, 2e+00]
LP warm-start: use basis

Iteration    Objective       Primal Inf.    Dual Inf.      Time
       0    2.6281554e+06   1.553273e+02   0.000000e+00      0s
      26    3.3835855e+06   0.000000e+00   0.000000e+00      0s

Solved in 26 iterations and 0.00 seconds (0.00 work units)
Optimal objective  3.383585469e+06

User-callback calls 47, time in user-callback 0.00 sec

================================================================================
MASTER PROBLEM - ITERATION 52
================================================================================
Timestamp: 2025-12-03T04:19:04.470
Problem size: 25 scenarios, 512 subsets, K=2
Type: LINEAR RELAXATION
================================================================================
Gurobi Optimizer version 12.0.3 build v12.0.3rc0 (mac64[arm] - Darwin 24.6.0 24G84)

CPU model: Apple M4
Thread count: 10 physical cores, 10 logical processors, using up to 10 threads

Optimize a model with 26 rows, 512 columns and 4910 nonzeros
Coefficient statistics:
  Matrix range     [1e+00, 1e+00]
  Objective range  [3e+05, 3e+06]
  Bounds range     [1e+00, 1e+00]
  RHS range        [1e+00, 2e+00]
LP warm-start: use basis

Iteration    Objective       Primal Inf.    Dual Inf.      Time
       0    3.1399218e+06   1.248875e+02   0.000000e+00      0s
      21    3.3835855e+06   0.000000e+00   0.000000e+00      0s

Solved in 21 iterations and 0.00 seconds (0.00 work units)
Optimal objective  3.383585469e+06

User-callback calls 43, time in user-callback 0.00 sec

================================================================================
MASTER PROBLEM - ITERATION 53
================================================================================
Timestamp: 2025-12-03T04:21:18.845
Problem size: 25 scenarios, 522 subsets, K=2
Type: LINEAR RELAXATION
================================================================================
Gurobi Optimizer version 12.0.3 build v12.0.3rc0 (mac64[arm] - Darwin 24.6.0 24G84)

CPU model: Apple M4
Thread count: 10 physical cores, 10 logical processors, using up to 10 threads

Optimize a model with 26 rows, 522 columns and 5029 nonzeros
Coefficient statistics:
  Matrix range     [1e+00, 1e+00]
  Objective range  [3e+05, 3e+06]
  Bounds range     [1e+00, 1e+00]
  RHS range        [1e+00, 2e+00]
LP warm-start: use basis

Iteration    Objective       Primal Inf.    Dual Inf.      Time
       0    3.0475892e+06   1.323927e+02   0.000000e+00      0s
      34    3.3835855e+06   0.000000e+00   0.000000e+00      0s

Solved in 34 iterations and 0.00 seconds (0.00 work units)
Optimal objective  3.383585469e+06

User-callback calls 56, time in user-callback 0.00 sec

================================================================================
MASTER PROBLEM - ITERATION 54
================================================================================
Timestamp: 2025-12-03T04:23:24.544
Problem size: 25 scenarios, 532 subsets, K=2
Type: LINEAR RELAXATION
================================================================================
Gurobi Optimizer version 12.0.3 build v12.0.3rc0 (mac64[arm] - Darwin 24.6.0 24G84)

CPU model: Apple M4
Thread count: 10 physical cores, 10 logical processors, using up to 10 threads

Optimize a model with 26 rows, 532 columns and 5124 nonzeros
Coefficient statistics:
  Matrix range     [1e+00, 1e+00]
  Objective range  [3e+05, 3e+06]
  Bounds range     [1e+00, 1e+00]
  RHS range        [1e+00, 2e+00]
LP warm-start: use basis

Iteration    Objective       Primal Inf.    Dual Inf.      Time
       0    3.2561481e+06   1.113611e+02   0.000000e+00      0s
      10    3.3835855e+06   0.000000e+00   0.000000e+00      0s

Solved in 10 iterations and 0.00 seconds (0.00 work units)
Optimal objective  3.383585469e+06

User-callback calls 32, time in user-callback 0.00 sec

================================================================================
MASTER PROBLEM - ITERATION 55
================================================================================
Timestamp: 2025-12-03T04:25:25.645
Problem size: 25 scenarios, 542 subsets, K=2
Type: LINEAR RELAXATION
================================================================================
Gurobi Optimizer version 12.0.3 build v12.0.3rc0 (mac64[arm] - Darwin 24.6.0 24G84)

CPU model: Apple M4
Thread count: 10 physical cores, 10 logical processors, using up to 10 threads

Optimize a model with 26 rows, 542 columns and 5219 nonzeros
Coefficient statistics:
  Matrix range     [1e+00, 1e+00]
  Objective range  [3e+05, 3e+06]
  Bounds range     [1e+00, 1e+00]
  RHS range        [1e+00, 2e+00]
LP warm-start: use basis

Iteration    Objective       Primal Inf.    Dual Inf.      Time
       0    3.2052328e+06   4.305233e+01   0.000000e+00      0s
      18    3.3835855e+06   0.000000e+00   0.000000e+00      0s

Solved in 18 iterations and 0.00 seconds (0.00 work units)
Optimal objective  3.383585469e+06

User-callback calls 40, time in user-callback 0.00 sec

================================================================================
MASTER PROBLEM - ITERATION 56
================================================================================
Timestamp: 2025-12-03T04:27:31.506
Problem size: 25 scenarios, 552 subsets, K=2
Type: LINEAR RELAXATION
================================================================================
Gurobi Optimizer version 12.0.3 build v12.0.3rc0 (mac64[arm] - Darwin 24.6.0 24G84)

CPU model: Apple M4
Thread count: 10 physical cores, 10 logical processors, using up to 10 threads

Optimize a model with 26 rows, 552 columns and 5325 nonzeros
Coefficient statistics:
  Matrix range     [1e+00, 1e+00]
  Objective range  [3e+05, 3e+06]
  Bounds range     [1e+00, 1e+00]
  RHS range        [1e+00, 2e+00]
LP warm-start: use basis

Iteration    Objective       Primal Inf.    Dual Inf.      Time
       0    3.1099650e+06   9.252885e+01   0.000000e+00      0s
      16    3.3835855e+06   0.000000e+00   0.000000e+00      0s

Solved in 16 iterations and 0.00 seconds (0.00 work units)
Optimal objective  3.383585469e+06

User-callback calls 38, time in user-callback 0.00 sec

================================================================================
MASTER PROBLEM - ITERATION 57
================================================================================
Timestamp: 2025-12-03T04:29:38.249
Problem size: 25 scenarios, 558 subsets, K=2
Type: LINEAR RELAXATION
================================================================================
Gurobi Optimizer version 12.0.3 build v12.0.3rc0 (mac64[arm] - Darwin 24.6.0 24G84)

CPU model: Apple M4
Thread count: 10 physical cores, 10 logical processors, using up to 10 threads

Optimize a model with 26 rows, 558 columns and 5422 nonzeros
Coefficient statistics:
  Matrix range     [1e+00, 1e+00]
  Objective range  [3e+05, 3e+06]
  Bounds range     [1e+00, 1e+00]
  RHS range        [1e+00, 2e+00]
LP warm-start: use basis

Iteration    Objective       Primal Inf.    Dual Inf.      Time
       0    3.2766997e+06   1.753333e+02   0.000000e+00      0s
       8    3.3835855e+06   0.000000e+00   0.000000e+00      0s

Solved in 8 iterations and 0.00 seconds (0.00 work units)
Optimal objective  3.383585469e+06

User-callback calls 30, time in user-callback 0.00 sec

================================================================================
MASTER PROBLEM - ITERATION 58
================================================================================
Timestamp: 2025-12-03T04:31:49.007
Problem size: 25 scenarios, 568 subsets, K=2
Type: LINEAR RELAXATION
================================================================================
Gurobi Optimizer version 12.0.3 build v12.0.3rc0 (mac64[arm] - Darwin 24.6.0 24G84)

CPU model: Apple M4
Thread count: 10 physical cores, 10 logical processors, using up to 10 threads

Optimize a model with 26 rows, 568 columns and 5533 nonzeros
Coefficient statistics:
  Matrix range     [1e+00, 1e+00]
  Objective range  [3e+05, 3e+06]
  Bounds range     [1e+00, 1e+00]
  RHS range        [1e+00, 2e+00]
LP warm-start: use basis

Iteration    Objective       Primal Inf.    Dual Inf.      Time
       0    3.1171299e+06   3.488125e+02   0.000000e+00      0s
      24    3.3835855e+06   0.000000e+00   0.000000e+00      0s

Solved in 24 iterations and 0.00 seconds (0.00 work units)
Optimal objective  3.383585469e+06

User-callback calls 46, time in user-callback 0.00 sec

================================================================================
MASTER PROBLEM - ITERATION 59
================================================================================
Timestamp: 2025-12-03T04:33:49.810
Problem size: 25 scenarios, 578 subsets, K=2
Type: LINEAR RELAXATION
================================================================================
Gurobi Optimizer version 12.0.3 build v12.0.3rc0 (mac64[arm] - Darwin 24.6.0 24G84)

CPU model: Apple M4
Thread count: 10 physical cores, 10 logical processors, using up to 10 threads

Optimize a model with 26 rows, 578 columns and 5645 nonzeros
Coefficient statistics:
  Matrix range     [1e+00, 1e+00]
  Objective range  [3e+05, 3e+06]
  Bounds range     [1e+00, 1e+00]
  RHS range        [1e+00, 2e+00]
LP warm-start: use basis

Iteration    Objective       Primal Inf.    Dual Inf.      Time
       0    3.0500598e+06   2.669877e+02   0.000000e+00      0s
      15    3.3835855e+06   0.000000e+00   0.000000e+00      0s

Solved in 15 iterations and 0.00 seconds (0.00 work units)
Optimal objective  3.383585469e+06

User-callback calls 37, time in user-callback 0.00 sec

================================================================================
MASTER PROBLEM - ITERATION 60
================================================================================
Timestamp: 2025-12-03T04:35:54.805
Problem size: 25 scenarios, 588 subsets, K=2
Type: LINEAR RELAXATION
================================================================================
Gurobi Optimizer version 12.0.3 build v12.0.3rc0 (mac64[arm] - Darwin 24.6.0 24G84)

CPU model: Apple M4
Thread count: 10 physical cores, 10 logical processors, using up to 10 threads

Optimize a model with 26 rows, 588 columns and 5819 nonzeros
Coefficient statistics:
  Matrix range     [1e+00, 1e+00]
  Objective range  [3e+05, 3e+06]
  Bounds range     [1e+00, 1e+00]
  RHS range        [1e+00, 2e+00]
LP warm-start: use basis

Iteration    Objective       Primal Inf.    Dual Inf.      Time
       0    3.2308889e+06   7.034745e+01   0.000000e+00      0s
      17    3.3835855e+06   0.000000e+00   0.000000e+00      0s

Solved in 17 iterations and 0.00 seconds (0.00 work units)
Optimal objective  3.383585469e+06

User-callback calls 39, time in user-callback 0.00 sec

================================================================================
MASTER PROBLEM - ITERATION 61
================================================================================
Timestamp: 2025-12-03T04:38:07.912
Problem size: 25 scenarios, 598 subsets, K=2
Type: LINEAR RELAXATION
================================================================================
Gurobi Optimizer version 12.0.3 build v12.0.3rc0 (mac64[arm] - Darwin 24.6.0 24G84)

CPU model: Apple M4
Thread count: 10 physical cores, 10 logical processors, using up to 10 threads

Optimize a model with 26 rows, 598 columns and 5954 nonzeros
Coefficient statistics:
  Matrix range     [1e+00, 1e+00]
  Objective range  [3e+05, 3e+06]
  Bounds range     [1e+00, 1e+00]
  RHS range        [1e+00, 2e+00]
LP warm-start: use basis

Iteration    Objective       Primal Inf.    Dual Inf.      Time
       0    3.3106874e+06   6.800743e+01   0.000000e+00      0s
      17    3.3835855e+06   0.000000e+00   0.000000e+00      0s

Solved in 17 iterations and 0.00 seconds (0.00 work units)
Optimal objective  3.383585469e+06

User-callback calls 39, time in user-callback 0.00 sec

================================================================================
MASTER PROBLEM - ITERATION 62
================================================================================
Timestamp: 2025-12-03T04:40:12.533
Problem size: 25 scenarios, 608 subsets, K=2
Type: LINEAR RELAXATION
================================================================================
Gurobi Optimizer version 12.0.3 build v12.0.3rc0 (mac64[arm] - Darwin 24.6.0 24G84)

CPU model: Apple M4
Thread count: 10 physical cores, 10 logical processors, using up to 10 threads

Optimize a model with 26 rows, 608 columns and 6080 nonzeros
Coefficient statistics:
  Matrix range     [1e+00, 1e+00]
  Objective range  [3e+05, 3e+06]
  Bounds range     [1e+00, 1e+00]
  RHS range        [1e+00, 2e+00]
LP warm-start: use basis

Iteration    Objective       Primal Inf.    Dual Inf.      Time
       0    3.2794442e+06   1.837778e+02   0.000000e+00      0s
       6    3.3835855e+06   0.000000e+00   0.000000e+00      0s

Solved in 6 iterations and 0.00 seconds (0.00 work units)
Optimal objective  3.383585469e+06

User-callback calls 28, time in user-callback 0.00 sec

================================================================================
MASTER PROBLEM - ITERATION 63
================================================================================
Timestamp: 2025-12-03T05:13:39.233
Problem size: 25 scenarios, 612 subsets, K=2
Type: LINEAR RELAXATION
================================================================================
Gurobi Optimizer version 12.0.3 build v12.0.3rc0 (mac64[arm] - Darwin 24.6.0 24G84)

CPU model: Apple M4
Thread count: 10 physical cores, 10 logical processors, using up to 10 threads

Optimize a model with 26 rows, 612 columns and 6139 nonzeros
Coefficient statistics:
  Matrix range     [1e+00, 1e+00]
  Objective range  [3e+05, 3e+06]
  Bounds range     [1e+00, 1e+00]
  RHS range        [1e+00, 2e+00]
LP warm-start: use basis

Iteration    Objective       Primal Inf.    Dual Inf.      Time
       0    3.3412911e+06   1.348947e+02   0.000000e+00      0s
      12    3.3835855e+06   0.000000e+00   0.000000e+00      0s

Solved in 12 iterations and 0.00 seconds (0.00 work units)
Optimal objective  3.383585469e+06

User-callback calls 34, time in user-callback 0.00 sec

================================================================================
MASTER PROBLEM - ITERATION 64
================================================================================
Timestamp: 2025-12-03T05:25:43.014
Problem size: 25 scenarios, 618 subsets, K=2
Type: LINEAR RELAXATION
================================================================================
Gurobi Optimizer version 12.0.3 build v12.0.3rc0 (mac64[arm] - Darwin 24.6.0 24G84)

CPU model: Apple M4
Thread count: 10 physical cores, 10 logical processors, using up to 10 threads

Optimize a model with 26 rows, 618 columns and 6227 nonzeros
Coefficient statistics:
  Matrix range     [1e+00, 1e+00]
  Objective range  [3e+05, 3e+06]
  Bounds range     [1e+00, 1e+00]
  RHS range        [1e+00, 2e+00]
LP warm-start: use basis

Iteration    Objective       Primal Inf.    Dual Inf.      Time
       0    3.3110900e+06   4.950000e+01   0.000000e+00      0s
      14    3.3835855e+06   0.000000e+00   0.000000e+00      0s

Solved in 14 iterations and 0.00 seconds (0.00 work units)
Optimal objective  3.383585469e+06

User-callback calls 36, time in user-callback 0.00 sec

================================================================================
MASTER PROBLEM - ITERATION 65
================================================================================
Timestamp: 2025-12-03T05:27:24.711
Problem size: 25 scenarios, 624 subsets, K=2
Type: LINEAR RELAXATION
================================================================================
Gurobi Optimizer version 12.0.3 build v12.0.3rc0 (mac64[arm] - Darwin 24.6.0 24G84)

CPU model: Apple M4
Thread count: 10 physical cores, 10 logical processors, using up to 10 threads

Optimize a model with 26 rows, 624 columns and 6291 nonzeros
Coefficient statistics:
  Matrix range     [1e+00, 1e+00]
  Objective range  [3e+05, 3e+06]
  Bounds range     [1e+00, 1e+00]
  RHS range        [1e+00, 2e+00]
LP warm-start: use basis

Iteration    Objective       Primal Inf.    Dual Inf.      Time
       0    3.2909323e+06   3.907246e+01   0.000000e+00      0s
      13    3.3835855e+06   0.000000e+00   0.000000e+00      0s

Solved in 13 iterations and 0.00 seconds (0.00 work units)
Optimal objective  3.383585469e+06

User-callback calls 35, time in user-callback 0.00 sec

================================================================================
MASTER PROBLEM - ITERATION 66
================================================================================
Timestamp: 2025-12-03T05:29:10.434
Problem size: 25 scenarios, 634 subsets, K=2
Type: LINEAR RELAXATION
================================================================================
Gurobi Optimizer version 12.0.3 build v12.0.3rc0 (mac64[arm] - Darwin 24.6.0 24G84)

CPU model: Apple M4
Thread count: 10 physical cores, 10 logical processors, using up to 10 threads

Optimize a model with 26 rows, 634 columns and 6415 nonzeros
Coefficient statistics:
  Matrix range     [1e+00, 1e+00]
  Objective range  [3e+05, 3e+06]
  Bounds range     [1e+00, 1e+00]
  RHS range        [1e+00, 2e+00]
LP warm-start: use basis

Iteration    Objective       Primal Inf.    Dual Inf.      Time
       0    2.9430569e+06   1.688417e+03   0.000000e+00      0s
       9    3.3835855e+06   0.000000e+00   0.000000e+00      0s

Solved in 9 iterations and 0.00 seconds (0.00 work units)
Optimal objective  3.383585469e+06

User-callback calls 31, time in user-callback 0.00 sec

================================================================================
MASTER PROBLEM - ITERATION 67
================================================================================
Timestamp: 2025-12-03T05:30:57.918
Problem size: 25 scenarios, 642 subsets, K=2
Type: LINEAR RELAXATION
================================================================================
Gurobi Optimizer version 12.0.3 build v12.0.3rc0 (mac64[arm] - Darwin 24.6.0 24G84)

CPU model: Apple M4
Thread count: 10 physical cores, 10 logical processors, using up to 10 threads

Optimize a model with 26 rows, 642 columns and 6465 nonzeros
Coefficient statistics:
  Matrix range     [1e+00, 1e+00]
  Objective range  [3e+05, 3e+06]
  Bounds range     [1e+00, 1e+00]
  RHS range        [1e+00, 2e+00]
LP warm-start: use basis

Iteration    Objective       Primal Inf.    Dual Inf.      Time
       0    3.3255443e+06   5.534375e+01   0.000000e+00      0s
      17    3.3835855e+06   0.000000e+00   0.000000e+00      0s

Solved in 17 iterations and 0.00 seconds (0.00 work units)
Optimal objective  3.383585469e+06

User-callback calls 39, time in user-callback 0.00 sec

================================================================================
MASTER PROBLEM - ITERATION 68
================================================================================
Timestamp: 2025-12-03T05:32:46.167
Problem size: 25 scenarios, 652 subsets, K=2
Type: LINEAR RELAXATION
================================================================================
Gurobi Optimizer version 12.0.3 build v12.0.3rc0 (mac64[arm] - Darwin 24.6.0 24G84)

CPU model: Apple M4
Thread count: 10 physical cores, 10 logical processors, using up to 10 threads

Optimize a model with 26 rows, 652 columns and 6596 nonzeros
Coefficient statistics:
  Matrix range     [1e+00, 1e+00]
  Objective range  [3e+05, 3e+06]
  Bounds range     [1e+00, 1e+00]
  RHS range        [1e+00, 2e+00]
LP warm-start: use basis

Iteration    Objective       Primal Inf.    Dual Inf.      Time
       0    3.2713369e+06   5.928000e+02   0.000000e+00      0s
       7    3.3835855e+06   0.000000e+00   0.000000e+00      0s

Solved in 7 iterations and 0.00 seconds (0.00 work units)
Optimal objective  3.383585469e+06

User-callback calls 29, time in user-callback 0.00 sec

================================================================================
MASTER PROBLEM - ITERATION 69
================================================================================
Timestamp: 2025-12-03T05:34:35.997
Problem size: 25 scenarios, 661 subsets, K=2
Type: LINEAR RELAXATION
================================================================================
Gurobi Optimizer version 12.0.3 build v12.0.3rc0 (mac64[arm] - Darwin 24.6.0 24G84)

CPU model: Apple M4
Thread count: 10 physical cores, 10 logical processors, using up to 10 threads

Optimize a model with 26 rows, 661 columns and 6696 nonzeros
Coefficient statistics:
  Matrix range     [1e+00, 1e+00]
  Objective range  [3e+05, 3e+06]
  Bounds range     [1e+00, 1e+00]
  RHS range        [1e+00, 2e+00]
LP warm-start: use basis

Iteration    Objective       Primal Inf.    Dual Inf.      Time
       0    3.3272027e+06   5.933333e+01   0.000000e+00      0s
      13    3.3835855e+06   0.000000e+00   0.000000e+00      0s

Solved in 13 iterations and 0.00 seconds (0.00 work units)
Optimal objective  3.383585469e+06

User-callback calls 35, time in user-callback 0.00 sec

================================================================================
MASTER PROBLEM - ITERATION 70
================================================================================
Timestamp: 2025-12-03T05:36:29.472
Problem size: 25 scenarios, 666 subsets, K=2
Type: LINEAR RELAXATION
================================================================================
Gurobi Optimizer version 12.0.3 build v12.0.3rc0 (mac64[arm] - Darwin 24.6.0 24G84)

CPU model: Apple M4
Thread count: 10 physical cores, 10 logical processors, using up to 10 threads

Optimize a model with 26 rows, 666 columns and 6787 nonzeros
Coefficient statistics:
  Matrix range     [1e+00, 1e+00]
  Objective range  [3e+05, 3e+06]
  Bounds range     [1e+00, 1e+00]
  RHS range        [1e+00, 2e+00]
LP warm-start: use basis

Iteration    Objective       Primal Inf.    Dual Inf.      Time
       0    3.3446332e+06   2.858621e+01   0.000000e+00      0s
      11    3.3835855e+06   0.000000e+00   0.000000e+00      0s

Solved in 11 iterations and 0.00 seconds (0.00 work units)
Optimal objective  3.383585469e+06

User-callback calls 33, time in user-callback 0.00 sec

================================================================================
MASTER PROBLEM - ITERATION 71
================================================================================
Timestamp: 2025-12-03T06:07:41.872
Problem size: 25 scenarios, 676 subsets, K=2
Type: LINEAR RELAXATION
================================================================================
Gurobi Optimizer version 12.0.3 build v12.0.3rc0 (mac64[arm] - Darwin 24.6.0 24G84)

CPU model: Apple M4
Thread count: 10 physical cores, 10 logical processors, using up to 10 threads

Optimize a model with 26 rows, 676 columns and 6877 nonzeros
Coefficient statistics:
  Matrix range     [1e+00, 1e+00]
  Objective range  [3e+05, 3e+06]
  Bounds range     [1e+00, 1e+00]
  RHS range        [1e+00, 2e+00]
LP warm-start: use basis

Iteration    Objective       Primal Inf.    Dual Inf.      Time
       0    3.2064722e+06   1.376667e+02   0.000000e+00      0s
      22    3.3835855e+06   0.000000e+00   0.000000e+00      0s

Solved in 22 iterations and 0.00 seconds (0.00 work units)
Optimal objective  3.383585469e+06

User-callback calls 44, time in user-callback 0.00 sec

================================================================================
MASTER PROBLEM - ITERATION 72
================================================================================
Timestamp: 2025-12-03T06:09:38.517
Problem size: 25 scenarios, 683 subsets, K=2
Type: LINEAR RELAXATION
================================================================================
Gurobi Optimizer version 12.0.3 build v12.0.3rc0 (mac64[arm] - Darwin 24.6.0 24G84)

CPU model: Apple M4
Thread count: 10 physical cores, 10 logical processors, using up to 10 threads

Optimize a model with 26 rows, 683 columns and 6947 nonzeros
Coefficient statistics:
  Matrix range     [1e+00, 1e+00]
  Objective range  [3e+05, 3e+06]
  Bounds range     [1e+00, 1e+00]
  RHS range        [1e+00, 2e+00]
LP warm-start: use basis

Iteration    Objective       Primal Inf.    Dual Inf.      Time
       0    3.3242613e+06   1.482941e+02   0.000000e+00      0s
      14    3.3835855e+06   0.000000e+00   0.000000e+00      0s

Solved in 14 iterations and 0.00 seconds (0.00 work units)
Optimal objective  3.383585469e+06

User-callback calls 36, time in user-callback 0.00 sec

================================================================================
MASTER PROBLEM - ITERATION 73
================================================================================
Timestamp: 2025-12-03T06:11:30.471
Problem size: 25 scenarios, 689 subsets, K=2
Type: LINEAR RELAXATION
================================================================================
Gurobi Optimizer version 12.0.3 build v12.0.3rc0 (mac64[arm] - Darwin 24.6.0 24G84)

CPU model: Apple M4
Thread count: 10 physical cores, 10 logical processors, using up to 10 threads

Optimize a model with 26 rows, 689 columns and 7051 nonzeros
Coefficient statistics:
  Matrix range     [1e+00, 1e+00]
  Objective range  [3e+05, 3e+06]
  Bounds range     [1e+00, 1e+00]
  RHS range        [1e+00, 2e+00]
LP warm-start: use basis

Iteration    Objective       Primal Inf.    Dual Inf.      Time
       0    3.3116750e+06   5.189066e+01   0.000000e+00      0s
       5    3.3835855e+06   0.000000e+00   0.000000e+00      0s

Solved in 5 iterations and 0.00 seconds (0.00 work units)
Optimal objective  3.383585469e+06

User-callback calls 27, time in user-callback 0.00 sec

================================================================================
MASTER PROBLEM - ITERATION 74
================================================================================
Timestamp: 2025-12-03T06:13:28.194
Problem size: 25 scenarios, 699 subsets, K=2
Type: LINEAR RELAXATION
================================================================================
Gurobi Optimizer version 12.0.3 build v12.0.3rc0 (mac64[arm] - Darwin 24.6.0 24G84)

CPU model: Apple M4
Thread count: 10 physical cores, 10 logical processors, using up to 10 threads

Optimize a model with 26 rows, 699 columns and 7175 nonzeros
Coefficient statistics:
  Matrix range     [1e+00, 1e+00]
  Objective range  [3e+05, 3e+06]
  Bounds range     [1e+00, 1e+00]
  RHS range        [1e+00, 2e+00]
LP warm-start: use basis

Iteration    Objective       Primal Inf.    Dual Inf.      Time
       0    3.3191750e+06   1.625080e+02   0.000000e+00      0s
       9    3.3835855e+06   0.000000e+00   0.000000e+00      0s

Solved in 9 iterations and 0.00 seconds (0.00 work units)
Optimal objective  3.383585469e+06

User-callback calls 31, time in user-callback 0.00 sec

================================================================================
MASTER PROBLEM - ITERATION 75
================================================================================
Timestamp: 2025-12-03T06:15:29.198
Problem size: 25 scenarios, 706 subsets, K=2
Type: LINEAR RELAXATION
================================================================================
Gurobi Optimizer version 12.0.3 build v12.0.3rc0 (mac64[arm] - Darwin 24.6.0 24G84)

CPU model: Apple M4
Thread count: 10 physical cores, 10 logical processors, using up to 10 threads

Optimize a model with 26 rows, 706 columns and 7249 nonzeros
Coefficient statistics:
  Matrix range     [1e+00, 1e+00]
  Objective range  [3e+05, 3e+06]
  Bounds range     [1e+00, 1e+00]
  RHS range        [1e+00, 2e+00]
LP warm-start: use basis

Iteration    Objective       Primal Inf.    Dual Inf.      Time
       0    3.3053084e+06   3.426829e+01   0.000000e+00      0s
      29    3.3835855e+06   0.000000e+00   0.000000e+00      0s

Solved in 29 iterations and 0.00 seconds (0.00 work units)
Optimal objective  3.383585469e+06

User-callback calls 51, time in user-callback 0.00 sec

================================================================================
MASTER PROBLEM - ITERATION 76
================================================================================
Timestamp: 2025-12-03T06:17:45.731
Problem size: 25 scenarios, 711 subsets, K=2
Type: LINEAR RELAXATION
================================================================================
Gurobi Optimizer version 12.0.3 build v12.0.3rc0 (mac64[arm] - Darwin 24.6.0 24G84)

CPU model: Apple M4
Thread count: 10 physical cores, 10 logical processors, using up to 10 threads

Optimize a model with 26 rows, 711 columns and 7319 nonzeros
Coefficient statistics:
  Matrix range     [1e+00, 1e+00]
  Objective range  [3e+05, 3e+06]
  Bounds range     [1e+00, 1e+00]
  RHS range        [1e+00, 2e+00]
LP warm-start: use basis

Iteration    Objective       Primal Inf.    Dual Inf.      Time
       0    3.3060077e+06   6.600000e+01   0.000000e+00      0s
      21    3.3835855e+06   0.000000e+00   0.000000e+00      0s

Solved in 21 iterations and 0.00 seconds (0.00 work units)
Optimal objective  3.383585469e+06

User-callback calls 43, time in user-callback 0.00 sec

================================================================================
MASTER PROBLEM - ITERATION 77
================================================================================
Timestamp: 2025-12-03T06:19:52.648
Problem size: 25 scenarios, 716 subsets, K=2
Type: LINEAR RELAXATION
================================================================================
Gurobi Optimizer version 12.0.3 build v12.0.3rc0 (mac64[arm] - Darwin 24.6.0 24G84)

CPU model: Apple M4
Thread count: 10 physical cores, 10 logical processors, using up to 10 threads

Optimize a model with 26 rows, 716 columns and 7366 nonzeros
Coefficient statistics:
  Matrix range     [1e+00, 1e+00]
  Objective range  [3e+05, 3e+06]
  Bounds range     [1e+00, 1e+00]
  RHS range        [1e+00, 2e+00]
LP warm-start: use basis

Iteration    Objective       Primal Inf.    Dual Inf.      Time
       0    3.3674644e+06   1.963333e+02   0.000000e+00      0s
       8    3.3835855e+06   0.000000e+00   0.000000e+00      0s

Solved in 8 iterations and 0.00 seconds (0.00 work units)
Optimal objective  3.383585469e+06

User-callback calls 30, time in user-callback 0.00 sec

================================================================================
MASTER PROBLEM - ITERATION 78
================================================================================
Timestamp: 2025-12-03T06:21:54.037
Problem size: 25 scenarios, 720 subsets, K=2
Type: LINEAR RELAXATION
================================================================================
Gurobi Optimizer version 12.0.3 build v12.0.3rc0 (mac64[arm] - Darwin 24.6.0 24G84)

CPU model: Apple M4
Thread count: 10 physical cores, 10 logical processors, using up to 10 threads

Optimize a model with 26 rows, 720 columns and 7437 nonzeros
Coefficient statistics:
  Matrix range     [1e+00, 1e+00]
  Objective range  [3e+05, 3e+06]
  Bounds range     [1e+00, 1e+00]
  RHS range        [1e+00, 2e+00]
LP warm-start: use basis

Iteration    Objective       Primal Inf.    Dual Inf.      Time
       0    3.3411904e+06   3.122353e+01   0.000000e+00      0s
       8    3.3835855e+06   0.000000e+00   0.000000e+00      0s

Solved in 8 iterations and 0.00 seconds (0.00 work units)
Optimal objective  3.383585469e+06

User-callback calls 30, time in user-callback 0.00 sec

================================================================================
MASTER PROBLEM - ITERATION 79
================================================================================
Timestamp: 2025-12-03T06:24:07.462
Problem size: 25 scenarios, 730 subsets, K=2
Type: LINEAR RELAXATION
================================================================================
Gurobi Optimizer version 12.0.3 build v12.0.3rc0 (mac64[arm] - Darwin 24.6.0 24G84)

CPU model: Apple M4
Thread count: 10 physical cores, 10 logical processors, using up to 10 threads

Optimize a model with 26 rows, 730 columns and 7536 nonzeros
Coefficient statistics:
  Matrix range     [1e+00, 1e+00]
  Objective range  [3e+05, 3e+06]
  Bounds range     [1e+00, 1e+00]
  RHS range        [1e+00, 2e+00]
LP warm-start: use basis

Iteration    Objective       Primal Inf.    Dual Inf.      Time
       0    3.3285962e+06   1.500000e+02   0.000000e+00      0s
      10    3.3835855e+06   0.000000e+00   0.000000e+00      0s

Solved in 10 iterations and 0.00 seconds (0.00 work units)
Optimal objective  3.383585469e+06

User-callback calls 32, time in user-callback 0.00 sec

================================================================================
MASTER PROBLEM - ITERATION 80
================================================================================
Timestamp: 2025-12-03T06:26:29.337
Problem size: 25 scenarios, 736 subsets, K=2
Type: LINEAR RELAXATION
================================================================================
Gurobi Optimizer version 12.0.3 build v12.0.3rc0 (mac64[arm] - Darwin 24.6.0 24G84)

CPU model: Apple M4
Thread count: 10 physical cores, 10 logical processors, using up to 10 threads

Optimize a model with 26 rows, 736 columns and 7627 nonzeros
Coefficient statistics:
  Matrix range     [1e+00, 1e+00]
  Objective range  [3e+05, 3e+06]
  Bounds range     [1e+00, 1e+00]
  RHS range        [1e+00, 2e+00]
LP warm-start: use basis

Iteration    Objective       Primal Inf.    Dual Inf.      Time
       0    3.3543973e+06   3.912500e+01   0.000000e+00      0s
      18    3.3835855e+06   0.000000e+00   0.000000e+00      0s

Solved in 18 iterations and 0.00 seconds (0.00 work units)
Optimal objective  3.383585469e+06

User-callback calls 40, time in user-callback 0.00 sec

================================================================================
MASTER PROBLEM - ITERATION 81
================================================================================
Timestamp: 2025-12-03T06:28:50.090
Problem size: 25 scenarios, 744 subsets, K=2
Type: LINEAR RELAXATION
================================================================================
Gurobi Optimizer version 12.0.3 build v12.0.3rc0 (mac64[arm] - Darwin 24.6.0 24G84)

CPU model: Apple M4
Thread count: 10 physical cores, 10 logical processors, using up to 10 threads

Optimize a model with 26 rows, 744 columns and 7761 nonzeros
Coefficient statistics:
  Matrix range     [1e+00, 1e+00]
  Objective range  [3e+05, 3e+06]
  Bounds range     [1e+00, 1e+00]
  RHS range        [1e+00, 2e+00]
LP warm-start: use basis

Iteration    Objective       Primal Inf.    Dual Inf.      Time
       0    3.3695897e+06   3.580000e+02   0.000000e+00      0s
       6    3.3835855e+06   0.000000e+00   0.000000e+00      0s

Solved in 6 iterations and 0.00 seconds (0.00 work units)
Optimal objective  3.383585469e+06

User-callback calls 28, time in user-callback 0.00 sec
