================================================================================
COLUMN GENERATION SF - MASTER PROBLEM LOGS
================================================================================
Instance: ../Facility_Location/instances/cap91.txt
K: 2, S: 6
Pricing Type: 2
Init Type: 1
Started: 2025-12-02T23:15:05.231
================================================================================

================================================================================
MASTER PROBLEM - ITERATION 0
================================================================================
Timestamp: 2025-12-02T23:15:09.210
Problem size: 6 scenarios, 2 subsets, K=2
Type: LINEAR RELAXATION
================================================================================

Gurobi 12.0.3 (mac64[arm]) logging started Tue Dec  2 23:15:09 2025

Set parameter LogFile to value "/Users/arnav/projects/Candidate-Selection-via-Stochastic-IP/CCG/logs/CG_SF_FL_cap91_K2_S6_master_20251202_231505.log"
Set parameter LogToConsole to value 0
Set parameter OutputFlag to value 1

Gurobi 12.0.3 (mac64[arm]) logging started Tue Dec  2 23:15:09 2025

Set parameter LogFile to value "/Users/arnav/projects/Candidate-Selection-via-Stochastic-IP/CCG/logs/CG_SF_FL_cap91_K2_S6_master_20251202_231505.log"
Set parameter OutputFlag to value 1
Gurobi Optimizer version 12.0.3 build v12.0.3rc0 (mac64[arm] - Darwin 24.6.0 24G84)

CPU model: Apple M4
Thread count: 10 physical cores, 10 logical processors, using up to 10 threads

Non-default parameters:
LogToConsole  0

Optimize a model with 7 rows, 2 columns and 4 nonzeros
Model fingerprint: 0xae379047
Coefficient statistics:
  Matrix range     [1e+00, 1e+00]
  Objective range  [9e+04, 2e+05]
  Bounds range     [1e+00, 1e+00]
  RHS range        [1e+00, 2e+00]
Presolve time: 0.00s

Solved in 0 iterations and 0.00 seconds (0.00 work units)
Infeasible model

User-callback calls 20, time in user-callback 0.00 sec
