
Gurobi 12.0.3 (mac64[arm]) logging started Tue Sep 23 14:01:23 2025

Set parameter LogFile to value "Logs/Facility Location Logs/L50/phase2/reformulated_extensive_form_K6.log"
Set parameter LogToConsole to value 0

Gurobi 12.0.3 (mac64[arm]) logging started Tue Sep 23 14:01:23 2025

Set parameter LogFile to value "Logs/Facility Location Logs/L50/phase2/reformulated_extensive_form_K6.log"
Gurobi Optimizer version 12.0.3 build v12.0.3rc0 (mac64[arm] - Darwin 24.6.0 24G222)

CPU model: Apple M3
Thread count: 8 physical cores, 8 logical processors, using up to 8 threads

Non-default parameters:
TimeLimit  30
LogToConsole  0

Optimize a model with 5101 rows, 5050 columns and 15050 nonzeros
Model fingerprint: 0x7715810c
Variable types: 0 continuous, 5050 integer (5050 binary)
Coefficient statistics:
  Matrix range     [1e+00, 1e+00]
  Objective range  [8e+02, 4e+04]
  Bounds range     [0e+00, 0e+00]
  RHS range        [1e+00, 6e+00]
Presolve time: 0.02s
Presolved: 5101 rows, 5050 columns, 15050 nonzeros
Variable types: 0 continuous, 5050 integer (5050 binary)
Found heuristic solution: objective 134453.48042

Root relaxation: objective 1.139577e+05, 974 iterations, 0.01 seconds (0.03 work units)

    Nodes    |    Current Node    |     Objective Bounds      |     Work
 Expl Unexpl |  Obj  Depth IntInf | Incumbent    BestBd   Gap | It/Node Time

*    0     0               0    113957.66376 113957.664  0.00%     -    0s

Explored 1 nodes (974 simplex iterations) in 0.03 seconds (0.08 work units)
Thread count was 8 (of 8 available processors)

Solution count 2: 113958 134453 

Optimal solution found (tolerance 1.00e-04)
Best objective 1.139576637634e+05, best bound 1.139576637634e+05, gap 0.0000%

User-callback calls 159, time in user-callback 0.00 sec

============================================================
SUMMARY STATISTICS - PHASE 2B: REFORMULATED EXTENSIVE FORM (K=6)
============================================================
Parameters:
  nsamples: 100
  nscen: 50
  infeasible_pairs: 0

Results:
  selected_solutions: 6
  objective_value: 113957.66376344246
============================================================

Gurobi 12.0.3 (mac64[arm]) logging started Tue Sep 23 15:45:59 2025

Set parameter LogFile to value "Logs/Facility Location Logs/L50/phase2/reformulated_extensive_form_K6.log"
Set parameter LogToConsole to value 0

Gurobi 12.0.3 (mac64[arm]) logging started Tue Sep 23 15:45:59 2025

Set parameter LogFile to value "Logs/Facility Location Logs/L50/phase2/reformulated_extensive_form_K6.log"
Gurobi Optimizer version 12.0.3 build v12.0.3rc0 (mac64[arm] - Darwin 24.6.0 24G222)

CPU model: Apple M3
Thread count: 8 physical cores, 8 logical processors, using up to 8 threads

Non-default parameters:
TimeLimit  30
LogToConsole  0

Optimize a model with 5101 rows, 5050 columns and 15050 nonzeros
Model fingerprint: 0xb17ad285
Variable types: 0 continuous, 5050 integer (5050 binary)
Coefficient statistics:
  Matrix range     [1e+00, 1e+00]
  Objective range  [6e+02, 4e+04]
  Bounds range     [0e+00, 0e+00]
  RHS range        [1e+00, 6e+00]
Presolve time: 0.02s
Presolved: 5101 rows, 5050 columns, 15050 nonzeros
Variable types: 0 continuous, 5050 integer (5050 binary)
Found heuristic solution: objective 122404.59737

Root relaxation: objective 1.093978e+05, 802 iterations, 0.01 seconds (0.02 work units)

    Nodes    |    Current Node    |     Objective Bounds      |     Work
 Expl Unexpl |  Obj  Depth IntInf | Incumbent    BestBd   Gap | It/Node Time

*    0     0               0    109397.75776 109397.758  0.00%     -    0s

Explored 1 nodes (802 simplex iterations) in 0.03 seconds (0.07 work units)
Thread count was 8 (of 8 available processors)

Solution count 2: 109398 122405 

Optimal solution found (tolerance 1.00e-04)
Best objective 1.093977577580e+05, best bound 1.093977577580e+05, gap 0.0000%

User-callback calls 156, time in user-callback 0.00 sec

============================================================
SUMMARY STATISTICS - PHASE 2B: REFORMULATED EXTENSIVE FORM (K=6)
============================================================
Parameters:
  nsamples: 100
  nscen: 50
  infeasible_pairs: 0

Results:
  selected_solutions: 6
  objective_value: 109397.75775803627
============================================================
