
Gurobi 12.0.3 (mac64[arm]) logging started Thu Oct 16 17:02:00 2025

Set parameter LogFile to value "Logs/Facility Location Logs/bernoulli_false/L100/phase2/reformulated_extensive_form_K6.log"
Set parameter LogToConsole to value 0

Gurobi 12.0.3 (mac64[arm]) logging started Thu Oct 16 17:02:00 2025

Set parameter LogFile to value "Logs/Facility Location Logs/bernoulli_false/L100/phase2/reformulated_extensive_form_K6.log"
Gurobi Optimizer version 12.0.3 build v12.0.3rc0 (mac64[arm] - Darwin 24.6.0 24G84)

CPU model: Apple M4
Thread count: 10 physical cores, 10 logical processors, using up to 10 threads

Non-default parameters:
TimeLimit  30
LogToConsole  0

Optimize a model with 10101 rows, 10100 columns and 30100 nonzeros
Model fingerprint: 0xcd6bbae4
Variable types: 0 continuous, 10100 integer (10100 binary)
Coefficient statistics:
  Matrix range     [1e+00, 1e+00]
  Objective range  [6e+02, 4e+04]
  Bounds range     [0e+00, 0e+00]
  RHS range        [1e+00, 6e+00]
Presolve time: 0.06s
Presolved: 10101 rows, 10100 columns, 30100 nonzeros
Variable types: 0 continuous, 10100 integer (10100 binary)
Found heuristic solution: objective 121025.81152

Root relaxation: objective 1.093887e+05, 1528 iterations, 0.03 seconds (0.05 work units)

    Nodes    |    Current Node    |     Objective Bounds      |     Work
 Expl Unexpl |  Obj  Depth IntInf | Incumbent    BestBd   Gap | It/Node Time

*    0     0               0    109388.72910 109388.729  0.00%     -    0s

Explored 1 nodes (1528 simplex iterations) in 0.13 seconds (0.16 work units)
Thread count was 10 (of 10 available processors)

Solution count 2: 109389 121026 

Optimal solution found (tolerance 1.00e-04)
Best objective 1.093887290966e+05, best bound 1.093887290966e+05, gap 0.0000%

User-callback calls 184, time in user-callback 0.00 sec

============================================================
SUMMARY STATISTICS - PHASE 2B: REFORMULATED EXTENSIVE FORM (K=6)
============================================================
Parameters:
  nsamples: 100
  nscen: 100
  infeasible_pairs: 0

Results:
  selected_solutions: 6
  objective_value: 109388.7290966081
============================================================
