
Gurobi 12.0.3 (mac64[arm]) logging started Tue Sep 23 15:47:27 2025

Set parameter LogFile to value "Logs/Facility Location Logs/L100/phase2/reformulated_extensive_form_K6.log"
Set parameter LogToConsole to value 0

Gurobi 12.0.3 (mac64[arm]) logging started Tue Sep 23 15:47:28 2025

Set parameter LogFile to value "Logs/Facility Location Logs/L100/phase2/reformulated_extensive_form_K6.log"
Gurobi Optimizer version 12.0.3 build v12.0.3rc0 (mac64[arm] - Darwin 24.6.0 24G222)

CPU model: Apple M3
Thread count: 8 physical cores, 8 logical processors, using up to 8 threads

Non-default parameters:
TimeLimit  30
LogToConsole  0

Optimize a model with 10101 rows, 10100 columns and 30100 nonzeros
Model fingerprint: 0xcd6bbae4
Variable types: 0 continuous, 10100 integer (10100 binary)
Coefficient statistics:
  Matrix range     [1e+00, 1e+00]
  Objective range  [6e+02, 4e+04]
  Bounds range     [0e+00, 0e+00]
  RHS range        [1e+00, 6e+00]
Presolve time: 0.04s
Presolved: 10101 rows, 10100 columns, 30100 nonzeros
Variable types: 0 continuous, 10100 integer (10100 binary)
Found heuristic solution: objective 121025.81152

Root relaxation: objective 1.093887e+05, 1528 iterations, 0.02 seconds (0.05 work units)

    Nodes    |    Current Node    |     Objective Bounds      |     Work
 Expl Unexpl |  Obj  Depth IntInf | Incumbent    BestBd   Gap | It/Node Time

*    0     0               0    109388.72910 109388.729  0.00%     -    0s

Explored 1 nodes (1528 simplex iterations) in 0.07 seconds (0.16 work units)
Thread count was 8 (of 8 available processors)

Solution count 2: 109389 121026 

Optimal solution found (tolerance 1.00e-04)
Best objective 1.093887290966e+05, best bound 1.093887290966e+05, gap 0.0000%

User-callback calls 172, time in user-callback 0.00 sec

============================================================
SUMMARY STATISTICS - PHASE 2B: REFORMULATED EXTENSIVE FORM (K=6)
============================================================
Parameters:
  nsamples: 100
  nscen: 100
  infeasible_pairs: 0

Results:
  selected_solutions: 6
  objective_value: 109388.7290966081
============================================================

Gurobi 12.0.3 (mac64[arm]) logging started Fri Sep 26 17:52:20 2025

Set parameter LogFile to value "Logs/Facility Location Logs/L100/phase2/reformulated_extensive_form_K6.log"
Set parameter LogToConsole to value 0

Gurobi 12.0.3 (mac64[arm]) logging started Fri Sep 26 17:52:20 2025

Set parameter LogFile to value "Logs/Facility Location Logs/L100/phase2/reformulated_extensive_form_K6.log"
Gurobi Optimizer version 12.0.3 build v12.0.3rc0 (mac64[arm] - Darwin 24.6.0 24G222)

CPU model: Apple M3
Thread count: 8 physical cores, 8 logical processors, using up to 8 threads

Non-default parameters:
TimeLimit  30
LogToConsole  0

Optimize a model with 10101 rows, 10100 columns and 30100 nonzeros
Model fingerprint: 0xc2bb41bb
Variable types: 0 continuous, 10100 integer (10100 binary)
Coefficient statistics:
  Matrix range     [1e+00, 1e+00]
  Objective range  [1e+02, 3e+04]
  Bounds range     [0e+00, 0e+00]
  RHS range        [1e+00, 6e+00]
Presolve time: 0.03s
Presolved: 10101 rows, 10100 columns, 30100 nonzeros
Variable types: 0 continuous, 10100 integer (10100 binary)
Found heuristic solution: objective 110901.07704

Root relaxation: objective 6.002998e+04, 1316 iterations, 0.02 seconds (0.06 work units)

    Nodes    |    Current Node    |     Objective Bounds      |     Work
 Expl Unexpl |  Obj  Depth IntInf | Incumbent    BestBd   Gap | It/Node Time

*    0     0               0    60029.976494 60029.9765  0.00%     -    0s

Explored 1 nodes (1316 simplex iterations) in 0.07 seconds (0.17 work units)
Thread count was 8 (of 8 available processors)

Solution count 2: 60030 110901 

Optimal solution found (tolerance 1.00e-04)
Best objective 6.002997649428e+04, best bound 6.002997649428e+04, gap 0.0000%

User-callback calls 174, time in user-callback 0.00 sec

============================================================
SUMMARY STATISTICS - PHASE 2B: REFORMULATED EXTENSIVE FORM (K=6)
============================================================
Parameters:
  nsamples: 100
  nscen: 100
  infeasible_pairs: 0

Results:
  selected_solutions: 6
  objective_value: 60029.976494279355
============================================================

Gurobi 12.0.3 (mac64[arm]) logging started Fri Sep 26 17:57:19 2025

Set parameter LogFile to value "Logs/Facility Location Logs/L100/phase2/reformulated_extensive_form_K6.log"
Set parameter LogToConsole to value 0

Gurobi 12.0.3 (mac64[arm]) logging started Fri Sep 26 17:57:19 2025

Set parameter LogFile to value "Logs/Facility Location Logs/L100/phase2/reformulated_extensive_form_K6.log"
Gurobi Optimizer version 12.0.3 build v12.0.3rc0 (mac64[arm] - Darwin 24.6.0 24G222)

CPU model: Apple M3
Thread count: 8 physical cores, 8 logical processors, using up to 8 threads

Non-default parameters:
TimeLimit  30
LogToConsole  0

Optimize a model with 10101 rows, 10100 columns and 30100 nonzeros
Model fingerprint: 0xc2bb41bb
Variable types: 0 continuous, 10100 integer (10100 binary)
Coefficient statistics:
  Matrix range     [1e+00, 1e+00]
  Objective range  [1e+02, 3e+04]
  Bounds range     [0e+00, 0e+00]
  RHS range        [1e+00, 6e+00]
Presolve time: 0.04s
Presolved: 10101 rows, 10100 columns, 30100 nonzeros
Variable types: 0 continuous, 10100 integer (10100 binary)
Found heuristic solution: objective 110901.07704

Root relaxation: objective 6.002998e+04, 1316 iterations, 0.02 seconds (0.06 work units)

    Nodes    |    Current Node    |     Objective Bounds      |     Work
 Expl Unexpl |  Obj  Depth IntInf | Incumbent    BestBd   Gap | It/Node Time

*    0     0               0    60029.976494 60029.9765  0.00%     -    0s

Explored 1 nodes (1316 simplex iterations) in 0.08 seconds (0.17 work units)
Thread count was 8 (of 8 available processors)

Solution count 2: 60030 110901 

Optimal solution found (tolerance 1.00e-04)
Best objective 6.002997649428e+04, best bound 6.002997649428e+04, gap 0.0000%

User-callback calls 175, time in user-callback 0.00 sec

============================================================
SUMMARY STATISTICS - PHASE 2B: REFORMULATED EXTENSIVE FORM (K=6)
============================================================
Parameters:
  nsamples: 100
  nscen: 100
  infeasible_pairs: 0

Results:
  selected_solutions: 6
  objective_value: 60029.976494279355
============================================================
