
Gurobi 12.0.3 (mac64[arm]) logging started Tue Sep 23 15:47:22 2025

Set parameter LogFile to value "Logs/Facility Location Logs/L100/phase2/reformulated_extensive_form_K1.log"
Set parameter LogToConsole to value 0

Gurobi 12.0.3 (mac64[arm]) logging started Tue Sep 23 15:47:22 2025

Set parameter LogFile to value "Logs/Facility Location Logs/L100/phase2/reformulated_extensive_form_K1.log"
Gurobi Optimizer version 12.0.3 build v12.0.3rc0 (mac64[arm] - Darwin 24.6.0 24G222)

CPU model: Apple M3
Thread count: 8 physical cores, 8 logical processors, using up to 8 threads

Non-default parameters:
TimeLimit  30
LogToConsole  0

Optimize a model with 10101 rows, 10100 columns and 30100 nonzeros
Model fingerprint: 0x48381bb0
Variable types: 0 continuous, 10100 integer (10100 binary)
Coefficient statistics:
  Matrix range     [1e+00, 1e+00]
  Objective range  [6e+02, 4e+04]
  Bounds range     [0e+00, 0e+00]
  RHS range        [1e+00, 1e+00]
Presolve time: 0.05s
Presolved: 10101 rows, 10100 columns, 30100 nonzeros
Variable types: 0 continuous, 10100 integer (10100 binary)
Found heuristic solution: objective 1080062.5423
Found heuristic solution: objective 129474.30480

Root relaxation: objective 1.245630e+05, 6004 iterations, 0.05 seconds (0.16 work units)

    Nodes    |    Current Node    |     Objective Bounds      |     Work
 Expl Unexpl |  Obj  Depth IntInf | Incumbent    BestBd   Gap | It/Node Time

*    0     0               0    124562.97518 124562.975  0.00%     -    0s

Explored 1 nodes (6004 simplex iterations) in 0.12 seconds (0.31 work units)
Thread count was 8 (of 8 available processors)

Solution count 3: 124563 129474 1.08006e+06 

Optimal solution found (tolerance 1.00e-04)
Best objective 1.245629751833e+05, best bound 1.245629751833e+05, gap 0.0000%

User-callback calls 191, time in user-callback 0.00 sec

============================================================
SUMMARY STATISTICS - PHASE 2B: REFORMULATED EXTENSIVE FORM (K=1)
============================================================
Parameters:
  nsamples: 100
  nscen: 100
  infeasible_pairs: 0

Results:
  selected_solutions: 1
  objective_value: 124562.97518328378
============================================================

Gurobi 12.0.3 (mac64[arm]) logging started Fri Sep 26 17:52:16 2025

Set parameter LogFile to value "Logs/Facility Location Logs/L100/phase2/reformulated_extensive_form_K1.log"
Set parameter LogToConsole to value 0

Gurobi 12.0.3 (mac64[arm]) logging started Fri Sep 26 17:52:16 2025

Set parameter LogFile to value "Logs/Facility Location Logs/L100/phase2/reformulated_extensive_form_K1.log"
Gurobi Optimizer version 12.0.3 build v12.0.3rc0 (mac64[arm] - Darwin 24.6.0 24G222)

CPU model: Apple M3
Thread count: 8 physical cores, 8 logical processors, using up to 8 threads

Non-default parameters:
TimeLimit  30
LogToConsole  0

Optimize a model with 10101 rows, 10100 columns and 30100 nonzeros
Model fingerprint: 0x749dae89
Variable types: 0 continuous, 10100 integer (10100 binary)
Coefficient statistics:
  Matrix range     [1e+00, 1e+00]
  Objective range  [1e+02, 3e+04]
  Bounds range     [0e+00, 0e+00]
  RHS range        [1e+00, 1e+00]
Presolve time: 0.05s
Presolved: 10101 rows, 10100 columns, 30100 nonzeros
Variable types: 0 continuous, 10100 integer (10100 binary)
Found heuristic solution: objective 115856.94599

Root relaxation: objective 7.173211e+04, 5041 iterations, 0.05 seconds (0.16 work units)

    Nodes    |    Current Node    |     Objective Bounds      |     Work
 Expl Unexpl |  Obj  Depth IntInf | Incumbent    BestBd   Gap | It/Node Time

*    0     0               0    71732.108831 71732.1088  0.00%     -    0s

Explored 1 nodes (5041 simplex iterations) in 0.12 seconds (0.30 work units)
Thread count was 8 (of 8 available processors)

Solution count 2: 71732.1 115857 

Optimal solution found (tolerance 1.00e-04)
Best objective 7.173210883102e+04, best bound 7.173210883102e+04, gap 0.0000%

User-callback calls 192, time in user-callback 0.00 sec

============================================================
SUMMARY STATISTICS - PHASE 2B: REFORMULATED EXTENSIVE FORM (K=1)
============================================================
Parameters:
  nsamples: 100
  nscen: 100
  infeasible_pairs: 0

Results:
  selected_solutions: 1
  objective_value: 71732.10883102061
============================================================

Gurobi 12.0.3 (mac64[arm]) logging started Fri Sep 26 17:57:13 2025

Set parameter LogFile to value "Logs/Facility Location Logs/L100/phase2/reformulated_extensive_form_K1.log"
Set parameter LogToConsole to value 0

Gurobi 12.0.3 (mac64[arm]) logging started Fri Sep 26 17:57:14 2025

Set parameter LogFile to value "Logs/Facility Location Logs/L100/phase2/reformulated_extensive_form_K1.log"
Gurobi Optimizer version 12.0.3 build v12.0.3rc0 (mac64[arm] - Darwin 24.6.0 24G222)

CPU model: Apple M3
Thread count: 8 physical cores, 8 logical processors, using up to 8 threads

Non-default parameters:
TimeLimit  30
LogToConsole  0

Optimize a model with 10101 rows, 10100 columns and 30100 nonzeros
Model fingerprint: 0x749dae89
Variable types: 0 continuous, 10100 integer (10100 binary)
Coefficient statistics:
  Matrix range     [1e+00, 1e+00]
  Objective range  [1e+02, 3e+04]
  Bounds range     [0e+00, 0e+00]
  RHS range        [1e+00, 1e+00]
Presolve time: 0.05s
Presolved: 10101 rows, 10100 columns, 30100 nonzeros
Variable types: 0 continuous, 10100 integer (10100 binary)
Found heuristic solution: objective 115856.94599

Root relaxation: objective 7.173211e+04, 5041 iterations, 0.05 seconds (0.16 work units)

    Nodes    |    Current Node    |     Objective Bounds      |     Work
 Expl Unexpl |  Obj  Depth IntInf | Incumbent    BestBd   Gap | It/Node Time

*    0     0               0    71732.108831 71732.1088  0.00%     -    0s

Explored 1 nodes (5041 simplex iterations) in 0.13 seconds (0.30 work units)
Thread count was 8 (of 8 available processors)

Solution count 2: 71732.1 115857 

Optimal solution found (tolerance 1.00e-04)
Best objective 7.173210883102e+04, best bound 7.173210883102e+04, gap 0.0000%

User-callback calls 195, time in user-callback 0.00 sec

============================================================
SUMMARY STATISTICS - PHASE 2B: REFORMULATED EXTENSIVE FORM (K=1)
============================================================
Parameters:
  nsamples: 100
  nscen: 100
  infeasible_pairs: 0

Results:
  selected_solutions: 1
  objective_value: 71732.10883102061
============================================================
