
Gurobi 12.0.3 (mac64[arm]) logging started Tue Sep 23 13:53:28 2025

Set parameter LogFile to value "Logs/Facility Location Logs/L30/phase2/reformulated_extensive_form_K7.log"
Set parameter LogToConsole to value 0

Gurobi 12.0.3 (mac64[arm]) logging started Tue Sep 23 13:53:28 2025

Set parameter LogFile to value "Logs/Facility Location Logs/L30/phase2/reformulated_extensive_form_K7.log"
Gurobi Optimizer version 12.0.3 build v12.0.3rc0 (mac64[arm] - Darwin 24.6.0 24G222)

CPU model: Apple M3
Thread count: 8 physical cores, 8 logical processors, using up to 8 threads

Non-default parameters:
TimeLimit  30
LogToConsole  0

Optimize a model with 3101 rows, 3030 columns and 9030 nonzeros
Model fingerprint: 0xf92e3560
Variable types: 0 continuous, 3030 integer (3030 binary)
Coefficient statistics:
  Matrix range     [1e+00, 1e+00]
  Objective range  [6e+02, 4e+04]
  Bounds range     [0e+00, 0e+00]
  RHS range        [1e+00, 7e+00]
Presolve time: 0.01s
Presolved: 3101 rows, 3030 columns, 9030 nonzeros
Variable types: 0 continuous, 3030 integer (3030 binary)
Found heuristic solution: objective 129497.28578

Root relaxation: objective 1.123607e+05, 473 iterations, 0.00 seconds (0.01 work units)

    Nodes    |    Current Node    |     Objective Bounds      |     Work
 Expl Unexpl |  Obj  Depth IntInf | Incumbent    BestBd   Gap | It/Node Time

*    0     0               0    112360.68561 112360.686  0.00%     -    0s

Explored 1 nodes (473 simplex iterations) in 0.02 seconds (0.03 work units)
Thread count was 8 (of 8 available processors)

Solution count 2: 112361 129497 

Optimal solution found (tolerance 1.00e-04)
Best objective 1.123606856132e+05, best bound 1.123606856132e+05, gap 0.0000%

User-callback calls 151, time in user-callback 0.00 sec

============================================================
SUMMARY STATISTICS - PHASE 2B: REFORMULATED EXTENSIVE FORM (K=7)
============================================================
Parameters:
  nsamples: 100
  nscen: 30
  infeasible_pairs: 0

Results:
  selected_solutions: 7
  objective_value: 112360.68561321184
============================================================

Gurobi 12.0.3 (mac64[arm]) logging started Tue Sep 23 15:45:15 2025

Set parameter LogFile to value "Logs/Facility Location Logs/L30/phase2/reformulated_extensive_form_K7.log"
Set parameter LogToConsole to value 0

Gurobi 12.0.3 (mac64[arm]) logging started Tue Sep 23 15:45:15 2025

Set parameter LogFile to value "Logs/Facility Location Logs/L30/phase2/reformulated_extensive_form_K7.log"
Gurobi Optimizer version 12.0.3 build v12.0.3rc0 (mac64[arm] - Darwin 24.6.0 24G222)

CPU model: Apple M3
Thread count: 8 physical cores, 8 logical processors, using up to 8 threads

Non-default parameters:
TimeLimit  30
LogToConsole  0

Optimize a model with 3101 rows, 3030 columns and 9030 nonzeros
Model fingerprint: 0xdc45d1b1
Variable types: 0 continuous, 3030 integer (3030 binary)
Coefficient statistics:
  Matrix range     [1e+00, 1e+00]
  Objective range  [6e+02, 4e+04]
  Bounds range     [0e+00, 0e+00]
  RHS range        [1e+00, 7e+00]
Presolve time: 0.01s
Presolved: 3101 rows, 3030 columns, 9030 nonzeros
Variable types: 0 continuous, 3030 integer (3030 binary)
Found heuristic solution: objective 124043.50798

Root relaxation: objective 1.095459e+05, 596 iterations, 0.00 seconds (0.01 work units)

    Nodes    |    Current Node    |     Objective Bounds      |     Work
 Expl Unexpl |  Obj  Depth IntInf | Incumbent    BestBd   Gap | It/Node Time

*    0     0               0    109545.85283 109545.853  0.00%     -    0s

Explored 1 nodes (596 simplex iterations) in 0.02 seconds (0.04 work units)
Thread count was 8 (of 8 available processors)

Solution count 2: 109546 124044 

Optimal solution found (tolerance 1.00e-04)
Best objective 1.095458528276e+05, best bound 1.095458528276e+05, gap 0.0000%

User-callback calls 150, time in user-callback 0.00 sec

============================================================
SUMMARY STATISTICS - PHASE 2B: REFORMULATED EXTENSIVE FORM (K=7)
============================================================
Parameters:
  nsamples: 100
  nscen: 30
  infeasible_pairs: 0

Results:
  selected_solutions: 7
  objective_value: 109545.85282762499
============================================================

Gurobi 12.0.3 (mac64[arm]) logging started Fri Sep 26 17:51:15 2025

Set parameter LogFile to value "Logs/Facility Location Logs/L30/phase2/reformulated_extensive_form_K7.log"
Set parameter LogToConsole to value 0

Gurobi 12.0.3 (mac64[arm]) logging started Fri Sep 26 17:51:15 2025

Set parameter LogFile to value "Logs/Facility Location Logs/L30/phase2/reformulated_extensive_form_K7.log"
Gurobi Optimizer version 12.0.3 build v12.0.3rc0 (mac64[arm] - Darwin 24.6.0 24G222)

CPU model: Apple M3
Thread count: 8 physical cores, 8 logical processors, using up to 8 threads

Non-default parameters:
TimeLimit  30
LogToConsole  0

Optimize a model with 3101 rows, 3030 columns and 9030 nonzeros
Model fingerprint: 0xb5bdb697
Variable types: 0 continuous, 3030 integer (3030 binary)
Coefficient statistics:
  Matrix range     [1e+00, 1e+00]
  Objective range  [2e+02, 3e+04]
  Bounds range     [0e+00, 0e+00]
  RHS range        [1e+00, 7e+00]
Presolve time: 0.01s
Presolved: 3101 rows, 3030 columns, 9030 nonzeros
Variable types: 0 continuous, 3030 integer (3030 binary)
Found heuristic solution: objective 110165.51621

Root relaxation: objective 6.026860e+04, 489 iterations, 0.01 seconds (0.02 work units)

    Nodes    |    Current Node    |     Objective Bounds      |     Work
 Expl Unexpl |  Obj  Depth IntInf | Incumbent    BestBd   Gap | It/Node Time

*    0     0               0    60268.599527 60268.5995  0.00%     -    0s

Explored 1 nodes (489 simplex iterations) in 0.02 seconds (0.04 work units)
Thread count was 8 (of 8 available processors)

Solution count 2: 60268.6 110166 

Optimal solution found (tolerance 1.00e-04)
Best objective 6.026859952732e+04, best bound 6.026859952732e+04, gap 0.0000%

User-callback calls 151, time in user-callback 0.00 sec

============================================================
SUMMARY STATISTICS - PHASE 2B: REFORMULATED EXTENSIVE FORM (K=7)
============================================================
Parameters:
  nsamples: 100
  nscen: 30
  infeasible_pairs: 0

Results:
  selected_solutions: 7
  objective_value: 60268.59952732062
============================================================

Gurobi 12.0.3 (mac64[arm]) logging started Fri Sep 26 17:56:06 2025

Set parameter LogFile to value "Logs/Facility Location Logs/L30/phase2/reformulated_extensive_form_K7.log"
Set parameter LogToConsole to value 0

Gurobi 12.0.3 (mac64[arm]) logging started Fri Sep 26 17:56:06 2025

Set parameter LogFile to value "Logs/Facility Location Logs/L30/phase2/reformulated_extensive_form_K7.log"
Gurobi Optimizer version 12.0.3 build v12.0.3rc0 (mac64[arm] - Darwin 24.6.0 24G222)

CPU model: Apple M3
Thread count: 8 physical cores, 8 logical processors, using up to 8 threads

Non-default parameters:
TimeLimit  30
LogToConsole  0

Optimize a model with 3101 rows, 3030 columns and 9030 nonzeros
Model fingerprint: 0xb5bdb697
Variable types: 0 continuous, 3030 integer (3030 binary)
Coefficient statistics:
  Matrix range     [1e+00, 1e+00]
  Objective range  [2e+02, 3e+04]
  Bounds range     [0e+00, 0e+00]
  RHS range        [1e+00, 7e+00]
Presolve time: 0.01s
Presolved: 3101 rows, 3030 columns, 9030 nonzeros
Variable types: 0 continuous, 3030 integer (3030 binary)
Found heuristic solution: objective 110165.51621

Root relaxation: objective 6.026860e+04, 489 iterations, 0.01 seconds (0.02 work units)

    Nodes    |    Current Node    |     Objective Bounds      |     Work
 Expl Unexpl |  Obj  Depth IntInf | Incumbent    BestBd   Gap | It/Node Time

*    0     0               0    60268.599527 60268.5995  0.00%     -    0s

Explored 1 nodes (489 simplex iterations) in 0.02 seconds (0.04 work units)
Thread count was 8 (of 8 available processors)

Solution count 2: 60268.6 110166 

Optimal solution found (tolerance 1.00e-04)
Best objective 6.026859952732e+04, best bound 6.026859952732e+04, gap 0.0000%

User-callback calls 150, time in user-callback 0.00 sec

============================================================
SUMMARY STATISTICS - PHASE 2B: REFORMULATED EXTENSIVE FORM (K=7)
============================================================
Parameters:
  nsamples: 100
  nscen: 30
  infeasible_pairs: 0

Results:
  selected_solutions: 7
  objective_value: 60268.59952732062
============================================================
