
Gurobi 12.0.3 (mac64[arm]) logging started Tue Sep 23 13:53:32 2025

Set parameter LogFile to value "Logs/Facility Location Logs/L30/phase2/reformulated_extensive_form_K10.log"
Set parameter LogToConsole to value 0

Gurobi 12.0.3 (mac64[arm]) logging started Tue Sep 23 13:53:32 2025

Set parameter LogFile to value "Logs/Facility Location Logs/L30/phase2/reformulated_extensive_form_K10.log"
Gurobi Optimizer version 12.0.3 build v12.0.3rc0 (mac64[arm] - Darwin 24.6.0 24G222)

CPU model: Apple M3
Thread count: 8 physical cores, 8 logical processors, using up to 8 threads

Non-default parameters:
TimeLimit  30
LogToConsole  0

Optimize a model with 3101 rows, 3030 columns and 9030 nonzeros
Model fingerprint: 0x800a03f0
Variable types: 0 continuous, 3030 integer (3030 binary)
Coefficient statistics:
  Matrix range     [1e+00, 1e+00]
  Objective range  [6e+02, 4e+04]
  Bounds range     [0e+00, 0e+00]
  RHS range        [1e+00, 1e+01]
Presolve time: 0.01s
Presolved: 3101 rows, 3030 columns, 9030 nonzeros
Variable types: 0 continuous, 3030 integer (3030 binary)
Found heuristic solution: objective 129320.65033

Root relaxation: objective 1.123335e+05, 317 iterations, 0.00 seconds (0.01 work units)

    Nodes    |    Current Node    |     Objective Bounds      |     Work
 Expl Unexpl |  Obj  Depth IntInf | Incumbent    BestBd   Gap | It/Node Time

*    0     0               0    112333.54970 112333.550  0.00%     -    0s

Explored 1 nodes (317 simplex iterations) in 0.01 seconds (0.03 work units)
Thread count was 8 (of 8 available processors)

Solution count 2: 112334 129321 

Optimal solution found (tolerance 1.00e-04)
Best objective 1.123335496990e+05, best bound 1.123335496990e+05, gap 0.0000%

User-callback calls 148, time in user-callback 0.00 sec

============================================================
SUMMARY STATISTICS - PHASE 2B: REFORMULATED EXTENSIVE FORM (K=10)
============================================================
Parameters:
  nsamples: 100
  nscen: 30
  infeasible_pairs: 0

Results:
  selected_solutions: 10
  objective_value: 112333.54969902373
============================================================

Gurobi 12.0.3 (mac64[arm]) logging started Tue Sep 23 15:45:18 2025

Set parameter LogFile to value "Logs/Facility Location Logs/L30/phase2/reformulated_extensive_form_K10.log"
Set parameter LogToConsole to value 0

Gurobi 12.0.3 (mac64[arm]) logging started Tue Sep 23 15:45:18 2025

Set parameter LogFile to value "Logs/Facility Location Logs/L30/phase2/reformulated_extensive_form_K10.log"
Gurobi Optimizer version 12.0.3 build v12.0.3rc0 (mac64[arm] - Darwin 24.6.0 24G222)

CPU model: Apple M3
Thread count: 8 physical cores, 8 logical processors, using up to 8 threads

Non-default parameters:
TimeLimit  30
LogToConsole  0

Optimize a model with 3101 rows, 3030 columns and 9030 nonzeros
Model fingerprint: 0xc7bed280
Variable types: 0 continuous, 3030 integer (3030 binary)
Coefficient statistics:
  Matrix range     [1e+00, 1e+00]
  Objective range  [6e+02, 4e+04]
  Bounds range     [0e+00, 0e+00]
  RHS range        [1e+00, 1e+01]
Presolve time: 0.01s
Presolved: 3101 rows, 3030 columns, 9030 nonzeros
Variable types: 0 continuous, 3030 integer (3030 binary)
Found heuristic solution: objective 121590.93043

Root relaxation: objective 1.094954e+05, 454 iterations, 0.00 seconds (0.01 work units)

    Nodes    |    Current Node    |     Objective Bounds      |     Work
 Expl Unexpl |  Obj  Depth IntInf | Incumbent    BestBd   Gap | It/Node Time

*    0     0               0    109495.43893 109495.439  0.00%     -    0s

Explored 1 nodes (454 simplex iterations) in 0.01 seconds (0.03 work units)
Thread count was 8 (of 8 available processors)

Solution count 2: 109495 121591 

Optimal solution found (tolerance 1.00e-04)
Best objective 1.094954389313e+05, best bound 1.094954389313e+05, gap 0.0000%

User-callback calls 149, time in user-callback 0.00 sec

============================================================
SUMMARY STATISTICS - PHASE 2B: REFORMULATED EXTENSIVE FORM (K=10)
============================================================
Parameters:
  nsamples: 100
  nscen: 30
  infeasible_pairs: 0

Results:
  selected_solutions: 10
  objective_value: 109495.43893128373
============================================================

Gurobi 12.0.3 (mac64[arm]) logging started Fri Sep 26 17:51:17 2025

Set parameter LogFile to value "Logs/Facility Location Logs/L30/phase2/reformulated_extensive_form_K10.log"
Set parameter LogToConsole to value 0

Gurobi 12.0.3 (mac64[arm]) logging started Fri Sep 26 17:51:17 2025

Set parameter LogFile to value "Logs/Facility Location Logs/L30/phase2/reformulated_extensive_form_K10.log"
Gurobi Optimizer version 12.0.3 build v12.0.3rc0 (mac64[arm] - Darwin 24.6.0 24G222)

CPU model: Apple M3
Thread count: 8 physical cores, 8 logical processors, using up to 8 threads

Non-default parameters:
TimeLimit  30
LogToConsole  0

Optimize a model with 3101 rows, 3030 columns and 9030 nonzeros
Model fingerprint: 0xa358cab8
Variable types: 0 continuous, 3030 integer (3030 binary)
Coefficient statistics:
  Matrix range     [1e+00, 1e+00]
  Objective range  [2e+02, 3e+04]
  Bounds range     [0e+00, 0e+00]
  RHS range        [1e+00, 1e+01]
Presolve time: 0.01s
Presolved: 3101 rows, 3030 columns, 9030 nonzeros
Variable types: 0 continuous, 3030 integer (3030 binary)
Found heuristic solution: objective 109852.62315

Root relaxation: objective 6.003779e+04, 288 iterations, 0.00 seconds (0.01 work units)

    Nodes    |    Current Node    |     Objective Bounds      |     Work
 Expl Unexpl |  Obj  Depth IntInf | Incumbent    BestBd   Gap | It/Node Time

*    0     0               0    60037.787318 60037.7873  0.00%     -    0s

Explored 1 nodes (288 simplex iterations) in 0.01 seconds (0.03 work units)
Thread count was 8 (of 8 available processors)

Solution count 2: 60037.8 109853 

Optimal solution found (tolerance 1.00e-04)
Best objective 6.003778731759e+04, best bound 6.003778731759e+04, gap 0.0000%

User-callback calls 148, time in user-callback 0.00 sec

============================================================
SUMMARY STATISTICS - PHASE 2B: REFORMULATED EXTENSIVE FORM (K=10)
============================================================
Parameters:
  nsamples: 100
  nscen: 30
  infeasible_pairs: 0

Results:
  selected_solutions: 10
  objective_value: 60037.78731759127
============================================================

Gurobi 12.0.3 (mac64[arm]) logging started Fri Sep 26 17:56:08 2025

Set parameter LogFile to value "Logs/Facility Location Logs/L30/phase2/reformulated_extensive_form_K10.log"
Set parameter LogToConsole to value 0

Gurobi 12.0.3 (mac64[arm]) logging started Fri Sep 26 17:56:08 2025

Set parameter LogFile to value "Logs/Facility Location Logs/L30/phase2/reformulated_extensive_form_K10.log"
Gurobi Optimizer version 12.0.3 build v12.0.3rc0 (mac64[arm] - Darwin 24.6.0 24G222)

CPU model: Apple M3
Thread count: 8 physical cores, 8 logical processors, using up to 8 threads

Non-default parameters:
TimeLimit  30
LogToConsole  0

Optimize a model with 3101 rows, 3030 columns and 9030 nonzeros
Model fingerprint: 0xa358cab8
Variable types: 0 continuous, 3030 integer (3030 binary)
Coefficient statistics:
  Matrix range     [1e+00, 1e+00]
  Objective range  [2e+02, 3e+04]
  Bounds range     [0e+00, 0e+00]
  RHS range        [1e+00, 1e+01]
Presolve time: 0.01s
Presolved: 3101 rows, 3030 columns, 9030 nonzeros
Variable types: 0 continuous, 3030 integer (3030 binary)
Found heuristic solution: objective 109852.62315

Root relaxation: objective 6.003779e+04, 288 iterations, 0.00 seconds (0.01 work units)

    Nodes    |    Current Node    |     Objective Bounds      |     Work
 Expl Unexpl |  Obj  Depth IntInf | Incumbent    BestBd   Gap | It/Node Time

*    0     0               0    60037.787318 60037.7873  0.00%     -    0s

Explored 1 nodes (288 simplex iterations) in 0.01 seconds (0.03 work units)
Thread count was 8 (of 8 available processors)

Solution count 2: 60037.8 109853 

Optimal solution found (tolerance 1.00e-04)
Best objective 6.003778731759e+04, best bound 6.003778731759e+04, gap 0.0000%

User-callback calls 148, time in user-callback 0.00 sec

============================================================
SUMMARY STATISTICS - PHASE 2B: REFORMULATED EXTENSIVE FORM (K=10)
============================================================
Parameters:
  nsamples: 100
  nscen: 30
  infeasible_pairs: 0

Results:
  selected_solutions: 10
  objective_value: 60037.78731759127
============================================================

Gurobi 12.0.3 (mac64[arm]) logging started Sat Sep 27 11:34:27 2025

Set parameter LogFile to value "Logs/Facility Location Logs/bernoulli_false/L30/phase2/reformulated_extensive_form_K10.log"
Set parameter LogToConsole to value 0

Gurobi 12.0.3 (mac64[arm]) logging started Sat Sep 27 11:34:27 2025

Set parameter LogFile to value "Logs/Facility Location Logs/bernoulli_false/L30/phase2/reformulated_extensive_form_K10.log"
Gurobi Optimizer version 12.0.3 build v12.0.3rc0 (mac64[arm] - Darwin 24.6.0 24G222)

CPU model: Apple M3
Thread count: 8 physical cores, 8 logical processors, using up to 8 threads

Non-default parameters:
TimeLimit  30
LogToConsole  0

Optimize a model with 3101 rows, 3030 columns and 9030 nonzeros
Model fingerprint: 0xc7bed280
Variable types: 0 continuous, 3030 integer (3030 binary)
Coefficient statistics:
  Matrix range     [1e+00, 1e+00]
  Objective range  [6e+02, 4e+04]
  Bounds range     [0e+00, 0e+00]
  RHS range        [1e+00, 1e+01]
Presolve time: 0.01s
Presolved: 3101 rows, 3030 columns, 9030 nonzeros
Variable types: 0 continuous, 3030 integer (3030 binary)
Found heuristic solution: objective 121590.93043

Root relaxation: objective 1.094954e+05, 454 iterations, 0.00 seconds (0.01 work units)

    Nodes    |    Current Node    |     Objective Bounds      |     Work
 Expl Unexpl |  Obj  Depth IntInf | Incumbent    BestBd   Gap | It/Node Time

*    0     0               0    109495.43893 109495.439  0.00%     -    0s

Explored 1 nodes (454 simplex iterations) in 0.01 seconds (0.03 work units)
Thread count was 8 (of 8 available processors)

Solution count 2: 109495 121591 

Optimal solution found (tolerance 1.00e-04)
Best objective 1.094954389313e+05, best bound 1.094954389313e+05, gap 0.0000%

User-callback calls 149, time in user-callback 0.00 sec

============================================================
SUMMARY STATISTICS - PHASE 2B: REFORMULATED EXTENSIVE FORM (K=10)
============================================================
Parameters:
  nsamples: 100
  nscen: 30
  infeasible_pairs: 0

Results:
  selected_solutions: 10
  objective_value: 109495.43893128373
============================================================
