
Gurobi 12.0.3 (mac64[arm]) logging started Tue Sep 23 13:35:12 2025

Set parameter LogFile to value "Logs/Facility Location Logs/L30/phase2/reformulated_extensive_form_K2.log"
Set parameter LogToConsole to value 0

Gurobi 12.0.3 (mac64[arm]) logging started Tue Sep 23 13:35:12 2025

Set parameter LogFile to value "Logs/Facility Location Logs/L30/phase2/reformulated_extensive_form_K2.log"
Gurobi Optimizer version 12.0.3 build v12.0.3rc0 (mac64[arm] - Darwin 24.6.0 24G222)

CPU model: Apple M3
Thread count: 8 physical cores, 8 logical processors, using up to 8 threads

Non-default parameters:
TimeLimit  30
LogToConsole  0

Optimize a model with 3101 rows, 3030 columns and 9030 nonzeros
Model fingerprint: 0xd9aa60a0
Variable types: 0 continuous, 3030 integer (3030 binary)
Coefficient statistics:
  Matrix range     [1e+00, 1e+00]
  Objective range  [6e+02, 4e+04]
  Bounds range     [0e+00, 0e+00]
  RHS range        [1e+00, 2e+00]
Presolve time: 0.01s
Presolved: 3101 rows, 3030 columns, 9030 nonzeros
Variable types: 0 continuous, 3030 integer (3030 binary)
Found heuristic solution: objective 219979.50120

Root relaxation: objective 1.166896e+05, 1212 iterations, 0.01 seconds (0.02 work units)

    Nodes    |    Current Node    |     Objective Bounds      |     Work
 Expl Unexpl |  Obj  Depth IntInf | Incumbent    BestBd   Gap | It/Node Time

*    0     0               0    116689.56348 116689.563  0.00%     -    0s

Explored 1 nodes (1212 simplex iterations) in 0.02 seconds (0.04 work units)
Thread count was 8 (of 8 available processors)

Solution count 2: 116690 219980 

Optimal solution found (tolerance 1.00e-04)
Best objective 1.166895634781e+05, best bound 1.166895634781e+05, gap 0.0000%

User-callback calls 155, time in user-callback 0.00 sec

============================================================
SUMMARY STATISTICS - PHASE 2B: REFORMULATED EXTENSIVE FORM (K=2)
============================================================
Parameters:
  nsamples: 100
  nscen: 30
  infeasible_pairs: 0

Results:
  selected_solutions: 2
  objective_value: 116689.56347813497
============================================================

Gurobi 12.0.3 (mac64[arm]) logging started Tue Sep 23 13:53:25 2025

Set parameter LogFile to value "Logs/Facility Location Logs/L30/phase2/reformulated_extensive_form_K2.log"
Set parameter LogToConsole to value 0

Gurobi 12.0.3 (mac64[arm]) logging started Tue Sep 23 13:53:25 2025

Set parameter LogFile to value "Logs/Facility Location Logs/L30/phase2/reformulated_extensive_form_K2.log"
Gurobi Optimizer version 12.0.3 build v12.0.3rc0 (mac64[arm] - Darwin 24.6.0 24G222)

CPU model: Apple M3
Thread count: 8 physical cores, 8 logical processors, using up to 8 threads

Non-default parameters:
TimeLimit  30
LogToConsole  0

Optimize a model with 3101 rows, 3030 columns and 9030 nonzeros
Model fingerprint: 0xd9aa60a0
Variable types: 0 continuous, 3030 integer (3030 binary)
Coefficient statistics:
  Matrix range     [1e+00, 1e+00]
  Objective range  [6e+02, 4e+04]
  Bounds range     [0e+00, 0e+00]
  RHS range        [1e+00, 2e+00]
Presolve time: 0.01s
Presolved: 3101 rows, 3030 columns, 9030 nonzeros
Variable types: 0 continuous, 3030 integer (3030 binary)
Found heuristic solution: objective 219979.50120

Root relaxation: objective 1.166896e+05, 1212 iterations, 0.01 seconds (0.02 work units)

    Nodes    |    Current Node    |     Objective Bounds      |     Work
 Expl Unexpl |  Obj  Depth IntInf | Incumbent    BestBd   Gap | It/Node Time

*    0     0               0    116689.56348 116689.563  0.00%     -    0s

Explored 1 nodes (1212 simplex iterations) in 0.02 seconds (0.04 work units)
Thread count was 8 (of 8 available processors)

Solution count 2: 116690 219980 

Optimal solution found (tolerance 1.00e-04)
Best objective 1.166895634781e+05, best bound 1.166895634781e+05, gap 0.0000%

User-callback calls 154, time in user-callback 0.00 sec

============================================================
SUMMARY STATISTICS - PHASE 2B: REFORMULATED EXTENSIVE FORM (K=2)
============================================================
Parameters:
  nsamples: 100
  nscen: 30
  infeasible_pairs: 0

Results:
  selected_solutions: 2
  objective_value: 116689.56347813497
============================================================

Gurobi 12.0.3 (mac64[arm]) logging started Tue Sep 23 15:45:12 2025

Set parameter LogFile to value "Logs/Facility Location Logs/L30/phase2/reformulated_extensive_form_K2.log"
Set parameter LogToConsole to value 0

Gurobi 12.0.3 (mac64[arm]) logging started Tue Sep 23 15:45:12 2025

Set parameter LogFile to value "Logs/Facility Location Logs/L30/phase2/reformulated_extensive_form_K2.log"
Gurobi Optimizer version 12.0.3 build v12.0.3rc0 (mac64[arm] - Darwin 24.6.0 24G222)

CPU model: Apple M3
Thread count: 8 physical cores, 8 logical processors, using up to 8 threads

Non-default parameters:
TimeLimit  30
LogToConsole  0

Optimize a model with 3101 rows, 3030 columns and 9030 nonzeros
Model fingerprint: 0x080f524a
Variable types: 0 continuous, 3030 integer (3030 binary)
Coefficient statistics:
  Matrix range     [1e+00, 1e+00]
  Objective range  [6e+02, 4e+04]
  Bounds range     [0e+00, 0e+00]
  RHS range        [1e+00, 2e+00]
Presolve time: 0.01s
Presolved: 3101 rows, 3030 columns, 9030 nonzeros
Variable types: 0 continuous, 3030 integer (3030 binary)
Found heuristic solution: objective 129301.08903

Root relaxation: objective 1.140133e+05, 1302 iterations, 0.01 seconds (0.02 work units)

    Nodes    |    Current Node    |     Objective Bounds      |     Work
 Expl Unexpl |  Obj  Depth IntInf | Incumbent    BestBd   Gap | It/Node Time

*    0     0               0    114013.28194 114013.282  0.00%     -    0s

Explored 1 nodes (1302 simplex iterations) in 0.02 seconds (0.04 work units)
Thread count was 8 (of 8 available processors)

Solution count 2: 114013 129301 

Optimal solution found (tolerance 1.00e-04)
Best objective 1.140132819389e+05, best bound 1.140132819389e+05, gap 0.0000%

User-callback calls 152, time in user-callback 0.00 sec

============================================================
SUMMARY STATISTICS - PHASE 2B: REFORMULATED EXTENSIVE FORM (K=2)
============================================================
Parameters:
  nsamples: 100
  nscen: 30
  infeasible_pairs: 0

Results:
  selected_solutions: 2
  objective_value: 114013.28193889314
============================================================
