
Gurobi 12.0.3 (mac64[arm]) logging started Tue Sep 23 19:21:51 2025

Set parameter LogFile to value "Logs/PowerFlow Logs/L50/phase2/reformulated_extensive_form_K3.log"
Set parameter LogToConsole to value 0

Gurobi 12.0.3 (mac64[arm]) logging started Tue Sep 23 19:21:51 2025

Set parameter LogFile to value "Logs/PowerFlow Logs/L50/phase2/reformulated_extensive_form_K3.log"
Gurobi Optimizer version 12.0.3 build v12.0.3rc0 (mac64[arm] - Darwin 24.6.0 24G222)

CPU model: Apple M3
Thread count: 8 physical cores, 8 logical processors, using up to 8 threads

Non-default parameters:
TimeLimit  3600
LogToConsole  0

Optimize a model with 5101 rows, 5050 columns and 15050 nonzeros
Model fingerprint: 0xff00df47
Variable types: 0 continuous, 5050 integer (5050 binary)
Coefficient statistics:
  Matrix range     [1e+00, 1e+00]
  Objective range  [3e+01, 7e+01]
  Bounds range     [0e+00, 0e+00]
  RHS range        [1e+00, 3e+00]
Presolve time: 0.02s
Presolved: 5101 rows, 5050 columns, 15050 nonzeros
Variable types: 0 continuous, 5050 integer (5050 binary)
Found heuristic solution: objective 3207.6997389

Root relaxation: objective 3.118375e+03, 767 iterations, 0.01 seconds (0.03 work units)

    Nodes    |    Current Node    |     Objective Bounds      |     Work
 Expl Unexpl |  Obj  Depth IntInf | Incumbent    BestBd   Gap | It/Node Time

*    0     0               0    3118.3751727 3118.37517  0.00%     -    0s

Explored 1 nodes (767 simplex iterations) in 0.04 seconds (0.08 work units)
Thread count was 8 (of 8 available processors)

Solution count 2: 3118.38 3207.7 

Optimal solution found (tolerance 1.00e-04)
Best objective 3.118375172685e+03, best bound 3.118375172685e+03, gap 0.0000%

User-callback calls 160, time in user-callback 0.00 sec

============================================================
SUMMARY STATISTICS - Phase 2B - Reformulated Extensive Form
============================================================
Parameters:
  nsamples: 100
  nscen: 50
  K: 3

Results:
  execution_time: 0.11 seconds
  objective_value: 3118.3751726852533
============================================================
