
Gurobi 12.0.3 (mac64[arm]) logging started Tue Sep 23 19:22:00 2025

Set parameter LogFile to value "Logs/PowerFlow Logs/L50/phase2/reformulated_extensive_form_K7.log"
Set parameter LogToConsole to value 0

Gurobi 12.0.3 (mac64[arm]) logging started Tue Sep 23 19:22:00 2025

Set parameter LogFile to value "Logs/PowerFlow Logs/L50/phase2/reformulated_extensive_form_K7.log"
Gurobi Optimizer version 12.0.3 build v12.0.3rc0 (mac64[arm] - Darwin 24.6.0 24G222)

CPU model: Apple M3
Thread count: 8 physical cores, 8 logical processors, using up to 8 threads

Non-default parameters:
TimeLimit  3600
LogToConsole  0

Optimize a model with 5101 rows, 5050 columns and 15050 nonzeros
Model fingerprint: 0xda43dde5
Variable types: 0 continuous, 5050 integer (5050 binary)
Coefficient statistics:
  Matrix range     [1e+00, 1e+00]
  Objective range  [3e+01, 7e+01]
  Bounds range     [0e+00, 0e+00]
  RHS range        [1e+00, 7e+00]
Presolve time: 0.02s
Presolved: 5101 rows, 5050 columns, 15050 nonzeros
Variable types: 0 continuous, 5050 integer (5050 binary)
Found heuristic solution: objective 3154.7876781

Root relaxation: objective 3.111581e+03, 452 iterations, 0.01 seconds (0.02 work units)

    Nodes    |    Current Node    |     Objective Bounds      |     Work
 Expl Unexpl |  Obj  Depth IntInf | Incumbent    BestBd   Gap | It/Node Time

*    0     0               0    3111.5813393 3111.58134  0.00%     -    0s

Explored 1 nodes (452 simplex iterations) in 0.03 seconds (0.07 work units)
Thread count was 8 (of 8 available processors)

Solution count 2: 3111.58 3154.79 

Optimal solution found (tolerance 1.00e-04)
Best objective 3.111581339321e+03, best bound 3.111581339321e+03, gap 0.0000%

User-callback calls 156, time in user-callback 0.00 sec

============================================================
SUMMARY STATISTICS - Phase 2B - Reformulated Extensive Form
============================================================
Parameters:
  nsamples: 100
  nscen: 50
  K: 7

Results:
  execution_time: 0.14 seconds
  objective_value: 3111.581339320791
============================================================
