
Gurobi 12.0.3 (mac64[arm]) logging started Tue Sep 23 14:01:20 2025

Set parameter LogFile to value "Logs/Facility Location Logs/L50/phase2/reformulated_extensive_form_K3.log"
Set parameter LogToConsole to value 0

Gurobi 12.0.3 (mac64[arm]) logging started Tue Sep 23 14:01:20 2025

Set parameter LogFile to value "Logs/Facility Location Logs/L50/phase2/reformulated_extensive_form_K3.log"
Gurobi Optimizer version 12.0.3 build v12.0.3rc0 (mac64[arm] - Darwin 24.6.0 24G222)

CPU model: Apple M3
Thread count: 8 physical cores, 8 logical processors, using up to 8 threads

Non-default parameters:
TimeLimit  30
LogToConsole  0

Optimize a model with 5101 rows, 5050 columns and 15050 nonzeros
Model fingerprint: 0xa8c16146
Variable types: 0 continuous, 5050 integer (5050 binary)
Coefficient statistics:
  Matrix range     [1e+00, 1e+00]
  Objective range  [8e+02, 4e+04]
  Bounds range     [0e+00, 0e+00]
  RHS range        [1e+00, 3e+00]
Presolve time: 0.02s
Presolved: 5101 rows, 5050 columns, 15050 nonzeros
Variable types: 0 continuous, 5050 integer (5050 binary)
Found heuristic solution: objective 243038.47762

Root relaxation: objective 1.160001e+05, 1600 iterations, 0.01 seconds (0.03 work units)

    Nodes    |    Current Node    |     Objective Bounds      |     Work
 Expl Unexpl |  Obj  Depth IntInf | Incumbent    BestBd   Gap | It/Node Time

*    0     0               0    116000.08564 116000.086  0.00%     -    0s

Explored 1 nodes (1600 simplex iterations) in 0.04 seconds (0.09 work units)
Thread count was 8 (of 8 available processors)

Solution count 2: 116000 243038 

Optimal solution found (tolerance 1.00e-04)
Best objective 1.160000856437e+05, best bound 1.160000856437e+05, gap 0.0000%

User-callback calls 160, time in user-callback 0.00 sec

============================================================
SUMMARY STATISTICS - PHASE 2B: REFORMULATED EXTENSIVE FORM (K=3)
============================================================
Parameters:
  nsamples: 100
  nscen: 50
  infeasible_pairs: 0

Results:
  selected_solutions: 3
  objective_value: 116000.08564371933
============================================================

Gurobi 12.0.3 (mac64[arm]) logging started Tue Sep 23 15:45:57 2025

Set parameter LogFile to value "Logs/Facility Location Logs/L50/phase2/reformulated_extensive_form_K3.log"
Set parameter LogToConsole to value 0

Gurobi 12.0.3 (mac64[arm]) logging started Tue Sep 23 15:45:57 2025

Set parameter LogFile to value "Logs/Facility Location Logs/L50/phase2/reformulated_extensive_form_K3.log"
Gurobi Optimizer version 12.0.3 build v12.0.3rc0 (mac64[arm] - Darwin 24.6.0 24G222)

CPU model: Apple M3
Thread count: 8 physical cores, 8 logical processors, using up to 8 threads

Non-default parameters:
TimeLimit  30
LogToConsole  0

Optimize a model with 5101 rows, 5050 columns and 15050 nonzeros
Model fingerprint: 0x72c795c2
Variable types: 0 continuous, 5050 integer (5050 binary)
Coefficient statistics:
  Matrix range     [1e+00, 1e+00]
  Objective range  [6e+02, 4e+04]
  Bounds range     [0e+00, 0e+00]
  RHS range        [1e+00, 3e+00]
Presolve time: 0.02s
Presolved: 5101 rows, 5050 columns, 15050 nonzeros
Variable types: 0 continuous, 5050 integer (5050 binary)
Found heuristic solution: objective 125878.38687

Root relaxation: objective 1.115415e+05, 1547 iterations, 0.01 seconds (0.04 work units)

    Nodes    |    Current Node    |     Objective Bounds      |     Work
 Expl Unexpl |  Obj  Depth IntInf | Incumbent    BestBd   Gap | It/Node Time

*    0     0               0    111541.47474 111541.475  0.00%     -    0s

Explored 1 nodes (1547 simplex iterations) in 0.04 seconds (0.09 work units)
Thread count was 8 (of 8 available processors)

Solution count 2: 111541 125878 

Optimal solution found (tolerance 1.00e-04)
Best objective 1.115414747365e+05, best bound 1.115414747365e+05, gap 0.0000%

User-callback calls 164, time in user-callback 0.00 sec

============================================================
SUMMARY STATISTICS - PHASE 2B: REFORMULATED EXTENSIVE FORM (K=3)
============================================================
Parameters:
  nsamples: 100
  nscen: 50
  infeasible_pairs: 0

Results:
  selected_solutions: 3
  objective_value: 111541.47473648064
============================================================

Gurobi 12.0.3 (mac64[arm]) logging started Fri Sep 26 17:51:36 2025

Set parameter LogFile to value "Logs/Facility Location Logs/L50/phase2/reformulated_extensive_form_K3.log"
Set parameter LogToConsole to value 0

Gurobi 12.0.3 (mac64[arm]) logging started Fri Sep 26 17:51:36 2025

Set parameter LogFile to value "Logs/Facility Location Logs/L50/phase2/reformulated_extensive_form_K3.log"
Gurobi Optimizer version 12.0.3 build v12.0.3rc0 (mac64[arm] - Darwin 24.6.0 24G222)

CPU model: Apple M3
Thread count: 8 physical cores, 8 logical processors, using up to 8 threads

Non-default parameters:
TimeLimit  30
LogToConsole  0

Optimize a model with 5101 rows, 5050 columns and 15050 nonzeros
Model fingerprint: 0xa467b402
Variable types: 0 continuous, 5050 integer (5050 binary)
Coefficient statistics:
  Matrix range     [1e+00, 1e+00]
  Objective range  [1e+02, 3e+04]
  Bounds range     [0e+00, 0e+00]
  RHS range        [1e+00, 3e+00]
Presolve time: 0.02s
Presolved: 5101 rows, 5050 columns, 15050 nonzeros
Variable types: 0 continuous, 5050 integer (5050 binary)
Found heuristic solution: objective 256248.83314

Root relaxation: objective 5.969919e+04, 1492 iterations, 0.02 seconds (0.05 work units)

    Nodes    |    Current Node    |     Objective Bounds      |     Work
 Expl Unexpl |  Obj  Depth IntInf | Incumbent    BestBd   Gap | It/Node Time

*    0     0               0    59699.193686 59699.1937  0.00%     -    0s

Explored 1 nodes (1492 simplex iterations) in 0.04 seconds (0.10 work units)
Thread count was 8 (of 8 available processors)

Solution count 2: 59699.2 256249 

Optimal solution found (tolerance 1.00e-04)
Best objective 5.969919368607e+04, best bound 5.969919368607e+04, gap 0.0000%

User-callback calls 165, time in user-callback 0.00 sec

============================================================
SUMMARY STATISTICS - PHASE 2B: REFORMULATED EXTENSIVE FORM (K=3)
============================================================
Parameters:
  nsamples: 100
  nscen: 50
  infeasible_pairs: 0

Results:
  selected_solutions: 3
  objective_value: 59699.19368607371
============================================================

Gurobi 12.0.3 (mac64[arm]) logging started Fri Sep 26 17:56:30 2025

Set parameter LogFile to value "Logs/Facility Location Logs/L50/phase2/reformulated_extensive_form_K3.log"
Set parameter LogToConsole to value 0

Gurobi 12.0.3 (mac64[arm]) logging started Fri Sep 26 17:56:30 2025

Set parameter LogFile to value "Logs/Facility Location Logs/L50/phase2/reformulated_extensive_form_K3.log"
Gurobi Optimizer version 12.0.3 build v12.0.3rc0 (mac64[arm] - Darwin 24.6.0 24G222)

CPU model: Apple M3
Thread count: 8 physical cores, 8 logical processors, using up to 8 threads

Non-default parameters:
TimeLimit  30
LogToConsole  0

Optimize a model with 5101 rows, 5050 columns and 15050 nonzeros
Model fingerprint: 0xa467b402
Variable types: 0 continuous, 5050 integer (5050 binary)
Coefficient statistics:
  Matrix range     [1e+00, 1e+00]
  Objective range  [1e+02, 3e+04]
  Bounds range     [0e+00, 0e+00]
  RHS range        [1e+00, 3e+00]
Presolve time: 0.02s
Presolved: 5101 rows, 5050 columns, 15050 nonzeros
Variable types: 0 continuous, 5050 integer (5050 binary)
Found heuristic solution: objective 256248.83314

Root relaxation: objective 5.969919e+04, 1492 iterations, 0.02 seconds (0.05 work units)

    Nodes    |    Current Node    |     Objective Bounds      |     Work
 Expl Unexpl |  Obj  Depth IntInf | Incumbent    BestBd   Gap | It/Node Time

*    0     0               0    59699.193686 59699.1937  0.00%     -    0s

Explored 1 nodes (1492 simplex iterations) in 0.04 seconds (0.10 work units)
Thread count was 8 (of 8 available processors)

Solution count 2: 59699.2 256249 

Optimal solution found (tolerance 1.00e-04)
Best objective 5.969919368607e+04, best bound 5.969919368607e+04, gap 0.0000%

User-callback calls 165, time in user-callback 0.00 sec

============================================================
SUMMARY STATISTICS - PHASE 2B: REFORMULATED EXTENSIVE FORM (K=3)
============================================================
Parameters:
  nsamples: 100
  nscen: 50
  infeasible_pairs: 0

Results:
  selected_solutions: 3
  objective_value: 59699.19368607371
============================================================

Gurobi 12.0.3 (mac64[arm]) logging started Sat Sep 27 11:35:06 2025

Set parameter LogFile to value "Logs/Facility Location Logs/bernoulli_false/L50/phase2/reformulated_extensive_form_K3.log"
Set parameter LogToConsole to value 0

Gurobi 12.0.3 (mac64[arm]) logging started Sat Sep 27 11:35:06 2025

Set parameter LogFile to value "Logs/Facility Location Logs/bernoulli_false/L50/phase2/reformulated_extensive_form_K3.log"
Gurobi Optimizer version 12.0.3 build v12.0.3rc0 (mac64[arm] - Darwin 24.6.0 24G222)

CPU model: Apple M3
Thread count: 8 physical cores, 8 logical processors, using up to 8 threads

Non-default parameters:
TimeLimit  30
LogToConsole  0

Optimize a model with 5101 rows, 5050 columns and 15050 nonzeros
Model fingerprint: 0x72c795c2
Variable types: 0 continuous, 5050 integer (5050 binary)
Coefficient statistics:
  Matrix range     [1e+00, 1e+00]
  Objective range  [6e+02, 4e+04]
  Bounds range     [0e+00, 0e+00]
  RHS range        [1e+00, 3e+00]
Presolve time: 0.02s
Presolved: 5101 rows, 5050 columns, 15050 nonzeros
Variable types: 0 continuous, 5050 integer (5050 binary)
Found heuristic solution: objective 125878.38687

Root relaxation: objective 1.115415e+05, 1547 iterations, 0.01 seconds (0.04 work units)

    Nodes    |    Current Node    |     Objective Bounds      |     Work
 Expl Unexpl |  Obj  Depth IntInf | Incumbent    BestBd   Gap | It/Node Time

*    0     0               0    111541.47474 111541.475  0.00%     -    0s

Explored 1 nodes (1547 simplex iterations) in 0.04 seconds (0.09 work units)
Thread count was 8 (of 8 available processors)

Solution count 2: 111541 125878 

Optimal solution found (tolerance 1.00e-04)
Best objective 1.115414747365e+05, best bound 1.115414747365e+05, gap 0.0000%

User-callback calls 163, time in user-callback 0.00 sec

============================================================
SUMMARY STATISTICS - PHASE 2B: REFORMULATED EXTENSIVE FORM (K=3)
============================================================
Parameters:
  nsamples: 100
  nscen: 50
  infeasible_pairs: 0

Results:
  selected_solutions: 3
  objective_value: 111541.47473648064
============================================================
