
Gurobi 12.0.3 (mac64[arm]) logging started Wed Dec  3 07:16:08 2025

Set parameter LogFile to value "/Users/arnav/projects/Candidate-Selection-via-Stochastic-IP/Samples/TS/logs/wait_and_see_scenario4_20251203_071606.log"
Set parameter LogToConsole to value 1
Set parameter OutputFlag to value 1

Gurobi 12.0.3 (mac64[arm]) logging started Wed Dec  3 07:16:08 2025

Set parameter LogFile to value "/Users/arnav/projects/Candidate-Selection-via-Stochastic-IP/Samples/TS/logs/wait_and_see_scenario4_20251203_071606.log"
Set parameter OutputFlag to value 1
Gurobi Optimizer version 12.0.3 build v12.0.3rc0 (mac64[arm] - Darwin 24.6.0 24G84)

CPU model: Apple M4
Thread count: 10 physical cores, 10 logical processors, using up to 10 threads

Non-default parameters:
TimeLimit  120

Optimize a model with 492 rows, 331 columns and 1349 nonzeros
Model fingerprint: 0xeae9e57a
Variable types: 251 continuous, 80 integer (80 binary)
Coefficient statistics:
  Matrix range     [7e-01, 6e+02]
  Objective range  [1e+02, 5e+03]
  Bounds range     [0e+00, 0e+00]
  RHS range        [1e-02, 6e+02]
Found heuristic solution: objective 48494.533876
Presolve removed 120 rows and 111 columns
Presolve time: 0.00s
Presolved: 372 rows, 220 columns, 1105 nonzeros
Variable types: 141 continuous, 79 integer (79 binary)

Root relaxation: objective 1.908966e+03, 312 iterations, 0.01 seconds (0.00 work units)

    Nodes    |    Current Node    |     Objective Bounds      |     Work
 Expl Unexpl |  Obj  Depth IntInf | Incumbent    BestBd   Gap | It/Node Time

     0     0 1908.96634    0    5 48494.5339 1908.96634  96.1%     -    0s
H    0     0                    2958.8383945 1908.96634  35.5%     -    0s
H    0     0                    2188.5913018 1908.96634  12.8%     -    0s
     0     0 1908.96634    0    6 2188.59130 1908.96634  12.8%     -    0s
H    0     0                    2080.3455015 1908.96634  8.24%     -    0s
H    0     0                    2076.0206143 1908.96634  8.05%     -    0s
     0     0 1908.96634    0    6 2076.02061 1908.96634  8.05%     -    0s
     0     0 1908.96634    0    5 2076.02061 1908.96634  8.05%     -    0s
     0     0 1908.96634    0    4 2076.02061 1908.96634  8.05%     -    0s
     0     0 1908.96634    0    4 2076.02061 1908.96634  8.05%     -    0s
H    0     0                    2070.8864170 1908.96634  7.82%     -    0s
H    0     0                    2057.1551357 1908.96634  7.20%     -    0s
H    0     0                    2056.8329072 1908.96634  7.19%     -    0s
H    0     0                    2052.1811159 1908.96634  6.98%     -    0s
H    0     0                    2046.6978067 1908.96634  6.73%     -    0s
     0     2 1908.96634    0    4 2046.69781 1908.96634  6.73%     -    0s
H   26   122                    2046.6972539 1908.96634  6.73%  13.3    0s
H   27   122                    2015.9411145 1908.96634  5.31%  13.0    0s
H   57   122                    2012.2479188 1908.96634  5.13%  10.1    0s
H   87   122                    1991.7125934 1908.96634  4.15%   9.0    0s
H  167   421                    1949.3450061 1908.96634  2.07%  11.0    0s
*  488   708              55    1949.0853742 1908.96634  2.06%  13.0    0s
H  635   708                    1928.8928656 1908.96634  1.03%  13.6    0s
*  650   708              71    1928.7235950 1908.96634  1.02%  13.6    0s
H  840   929                    1928.7235947 1908.96634  1.02%  14.1    0s
H  848   927                    1926.8065452 1908.96634  0.93%  14.1    0s
* 1152   901              58    1918.8188962 1908.96634  0.51%  13.7    0s
* 1154   901              56    1918.6078638 1908.96634  0.50%  13.7    0s
H 1251  1152                    1918.6078592 1908.96634  0.50%  13.8    0s
* 1275   831              50    1908.9663419 1908.96634  0.00%  13.7    0s

Cutting planes:
  Learned: 4
  Gomory: 5
  Implied bound: 5
  MIR: 1

Explored 1858 nodes (25409 simplex iterations) in 0.52 seconds (0.17 work units)
Thread count was 10 (of 10 available processors)

Solution count 10: 1908.97 1918.61 1918.61 ... 1949.35

Optimal solution found (tolerance 1.00e-04)
Best objective 1.908966341859e+03, best bound 1.908966341859e+03, gap 0.0000%

User-callback calls 4358, time in user-callback 0.00 sec
