
Gurobi 12.0.3 (mac64[arm]) logging started Wed Dec  3 06:36:33 2025

Set parameter LogFile to value "/Users/arnav/projects/Candidate-Selection-via-Stochastic-IP/Samples/TS/logs/wait_and_see_scenario2_20251203_063630.log"
Set parameter LogToConsole to value 1
Set parameter OutputFlag to value 1

Gurobi 12.0.3 (mac64[arm]) logging started Wed Dec  3 06:36:33 2025

Set parameter LogFile to value "/Users/arnav/projects/Candidate-Selection-via-Stochastic-IP/Samples/TS/logs/wait_and_see_scenario2_20251203_063630.log"
Set parameter OutputFlag to value 1
Gurobi Optimizer version 12.0.3 build v12.0.3rc0 (mac64[arm] - Darwin 24.6.0 24G84)

CPU model: Apple M4
Thread count: 10 physical cores, 10 logical processors, using up to 10 threads

Non-default parameters:
TimeLimit  120

Optimize a model with 492 rows, 331 columns and 1349 nonzeros
Model fingerprint: 0x446f9f19
Variable types: 251 continuous, 80 integer (80 binary)
Coefficient statistics:
  Matrix range     [7e-01, 6e+02]
  Objective range  [1e+02, 5e+03]
  Bounds range     [0e+00, 0e+00]
  RHS range        [1e-02, 6e+02]
Found heuristic solution: objective 56740.130058
Presolve removed 120 rows and 111 columns
Presolve time: 0.00s
Presolved: 372 rows, 220 columns, 1105 nonzeros
Variable types: 141 continuous, 79 integer (79 binary)

Root relaxation: objective 2.440940e+03, 366 iterations, 0.01 seconds (0.00 work units)

    Nodes    |    Current Node    |     Objective Bounds      |     Work
 Expl Unexpl |  Obj  Depth IntInf | Incumbent    BestBd   Gap | It/Node Time

     0     0 2440.94029    0    1 56740.1301 2440.94029  95.7%     -    0s
H    0     0                    2465.6555756 2440.94029  1.00%     -    0s
H    0     0                    2440.9402888 2440.94029  0.00%     -    0s

Cutting planes:
  Gomory: 1

Explored 1 nodes (581 simplex iterations) in 0.03 seconds (0.01 work units)
Thread count was 10 (of 10 available processors)

Solution count 3: 2440.94 2465.66 56740.1 

Optimal solution found (tolerance 1.00e-04)
Best objective 2.440940288774e+03, best bound 2.440940288774e+03, gap 0.0000%

User-callback calls 483, time in user-callback 0.00 sec
