
Gurobi 12.0.3 (mac64[arm]) logging started Wed Dec  3 07:16:09 2025

Set parameter LogFile to value "/Users/arnav/projects/Candidate-Selection-via-Stochastic-IP/Samples/TS/logs/wait_and_see_scenario7_20251203_071606.log"
Set parameter LogToConsole to value 1
Set parameter OutputFlag to value 1

Gurobi 12.0.3 (mac64[arm]) logging started Wed Dec  3 07:16:09 2025

Set parameter LogFile to value "/Users/arnav/projects/Candidate-Selection-via-Stochastic-IP/Samples/TS/logs/wait_and_see_scenario7_20251203_071606.log"
Set parameter OutputFlag to value 1
Gurobi Optimizer version 12.0.3 build v12.0.3rc0 (mac64[arm] - Darwin 24.6.0 24G84)

CPU model: Apple M4
Thread count: 10 physical cores, 10 logical processors, using up to 10 threads

Non-default parameters:
TimeLimit  120

Optimize a model with 492 rows, 331 columns and 1349 nonzeros
Model fingerprint: 0xff4125eb
Variable types: 251 continuous, 80 integer (80 binary)
Coefficient statistics:
  Matrix range     [7e-01, 6e+02]
  Objective range  [1e+02, 5e+03]
  Bounds range     [0e+00, 0e+00]
  RHS range        [1e-02, 6e+02]
Found heuristic solution: objective 49445.693956
Presolve removed 120 rows and 111 columns
Presolve time: 0.00s
Presolved: 372 rows, 220 columns, 1105 nonzeros
Variable types: 141 continuous, 79 integer (79 binary)

Root relaxation: objective 1.970332e+03, 293 iterations, 0.01 seconds (0.00 work units)

    Nodes    |    Current Node    |     Objective Bounds      |     Work
 Expl Unexpl |  Obj  Depth IntInf | Incumbent    BestBd   Gap | It/Node Time

     0     0 1970.33151    0    3 49445.6940 1970.33151  96.0%     -    0s
H    0     0                    2281.9326837 1970.33151  13.7%     -    0s
H    0     0                    2281.9326833 1970.33151  13.7%     -    0s
     0     0 1970.33151    0    2 2281.93268 1970.33151  13.7%     -    0s
H    0     0                    2083.2954686 1970.33151  5.42%     -    0s
     0     0 1970.33151    0    2 2083.29547 1970.33151  5.42%     -    0s
     0     0 1970.33151    0    2 2083.29547 1970.33151  5.42%     -    0s
H    0     2                    2083.2951077 1970.33151  5.42%     -    0s
     0     2 1970.33151    0    2 2083.29511 1970.33151  5.42%     -    0s
H   27   117                    2075.7659410 1970.33151  5.08%  11.3    0s
H  480   524                    2054.9347707 1970.33151  4.12%   8.9    0s
*  885   941              59    2028.8512688 1970.33151  2.88%   9.3    0s
*  888   941              59    2018.7232864 1970.33151  2.40%   9.3    0s
* 1116  1146              49    2010.2404227 1970.33151  1.99%   9.9    0s
H 1332  1133                    2002.1093159 1970.33151  1.59%   9.8    0s
H 1833  1236                    1982.5181982 1970.33151  0.61%   9.8    0s
* 2092   768              53    1970.3315083 1970.33151  0.00%   9.8    0s

Cutting planes:
  Learned: 4
  Gomory: 5
  Implied bound: 8
  MIR: 3

Explored 2115 nodes (21167 simplex iterations) in 0.49 seconds (0.15 work units)
Thread count was 10 (of 10 available processors)

Solution count 10: 1970.33 1982.52 2002.11 ... 2281.93

Optimal solution found (tolerance 1.00e-04)
Best objective 1.970331508260e+03, best bound 1.970331508260e+03, gap 0.0000%

User-callback calls 4836, time in user-callback 0.00 sec
