
Gurobi 12.0.3 (mac64[arm]) logging started Wed Dec  3 07:16:10 2025

Set parameter LogFile to value "/Users/arnav/projects/Candidate-Selection-via-Stochastic-IP/Samples/TS/logs/wait_and_see_scenario9_20251203_071606.log"
Set parameter LogToConsole to value 1
Set parameter OutputFlag to value 1

Gurobi 12.0.3 (mac64[arm]) logging started Wed Dec  3 07:16:10 2025

Set parameter LogFile to value "/Users/arnav/projects/Candidate-Selection-via-Stochastic-IP/Samples/TS/logs/wait_and_see_scenario9_20251203_071606.log"
Set parameter OutputFlag to value 1
Gurobi Optimizer version 12.0.3 build v12.0.3rc0 (mac64[arm] - Darwin 24.6.0 24G84)

CPU model: Apple M4
Thread count: 10 physical cores, 10 logical processors, using up to 10 threads

Non-default parameters:
TimeLimit  120

Optimize a model with 492 rows, 331 columns and 1349 nonzeros
Model fingerprint: 0xf123dbe1
Variable types: 251 continuous, 80 integer (80 binary)
Coefficient statistics:
  Matrix range     [7e-01, 6e+02]
  Objective range  [1e+02, 5e+03]
  Bounds range     [0e+00, 0e+00]
  RHS range        [2e-02, 6e+02]
Found heuristic solution: objective 39764.726901
Presolve removed 120 rows and 111 columns
Presolve time: 0.00s
Presolved: 372 rows, 220 columns, 1105 nonzeros
Variable types: 141 continuous, 79 integer (79 binary)

Root relaxation: objective 1.400655e+03, 322 iterations, 0.00 seconds (0.00 work units)

    Nodes    |    Current Node    |     Objective Bounds      |     Work
 Expl Unexpl |  Obj  Depth IntInf | Incumbent    BestBd   Gap | It/Node Time

     0     0 1400.65453    0    9 39764.7269 1400.65453  96.5%     -    0s
H    0     0                    3064.5823953 1400.65453  54.3%     -    0s
H    0     0                    2658.0389831 1400.65453  47.3%     -    0s
H    0     0                    2658.0389827 1400.65453  47.3%     -    0s
     0     0 1400.65453    0   13 2658.03898 1400.65453  47.3%     -    0s
H    0     0                    2575.6624549 1400.65453  45.6%     -    0s
     0     0 1400.65453    0    7 2575.66245 1400.65453  45.6%     -    0s
H    0     0                    2077.9934374 1400.65453  32.6%     -    0s
     0     0 1400.65453    0    8 2077.99344 1400.65453  32.6%     -    0s
     0     0 1400.65453    0    8 2077.99344 1400.65453  32.6%     -    0s
     0     0 1400.65453    0    8 2077.99344 1400.65453  32.6%     -    0s
     0     0 1400.65453    0    9 2077.99344 1400.65453  32.6%     -    0s
     0     0 1400.65453    0    9 2077.99344 1400.65453  32.6%     -    0s
H    0     0                    1711.9120327 1400.65453  18.2%     -    0s
     0     2 1400.65453    0    9 1711.91203 1400.65453  18.2%     -    0s
H   47    76                    1567.2933882 1400.65453  10.6%   5.4    0s
H  140   256                    1567.2933181 1400.65453  10.6%   4.7    0s
H  155   256                    1528.9415886 1400.65453  8.39%   5.5    0s
H  344   584                    1528.9415884 1400.65453  8.39%   7.1    0s
*  422   584              58    1518.7871146 1400.65453  7.78%   7.4    0s
H  472   584                    1477.0789750 1400.65453  5.17%   7.7    0s
*  491   584              48    1447.4042427 1400.65453  3.23%   7.8    0s
H  807   750                    1412.6919832 1400.65453  0.85%   8.9    0s
* 1103   890              57    1406.0725872 1400.65453  0.39%   9.4    0s
H 1623  1010                    1406.0725861 1400.65453  0.39%  10.0    0s
* 1648  1006              50    1402.1312008 1400.65453  0.11%  10.1    0s
* 1796   813              43    1400.6545278 1400.65453  0.00%  10.3    0s

Cutting planes:
  Learned: 3
  Gomory: 4
  Implied bound: 6
  MIR: 10

Explored 1888 nodes (20432 simplex iterations) in 0.47 seconds (0.15 work units)
Thread count was 10 (of 10 available processors)

Solution count 10: 1400.65 1402.13 1406.07 ... 1567.29

Optimal solution found (tolerance 1.00e-04)
Best objective 1.400654527833e+03, best bound 1.400654527833e+03, gap 0.0000%

User-callback calls 4351, time in user-callback 0.00 sec
