
Gurobi 12.0.3 (mac64[arm]) logging started Thu Oct 16 17:01:51 2025

Set parameter LogFile to value "Logs/Facility Location Logs/bernoulli_false/L100/phase2/reformulated_extensive_form_K2.log"
Set parameter LogToConsole to value 0

Gurobi 12.0.3 (mac64[arm]) logging started Thu Oct 16 17:01:52 2025

Set parameter LogFile to value "Logs/Facility Location Logs/bernoulli_false/L100/phase2/reformulated_extensive_form_K2.log"
Gurobi Optimizer version 12.0.3 build v12.0.3rc0 (mac64[arm] - Darwin 24.6.0 24G84)

CPU model: Apple M4
Thread count: 10 physical cores, 10 logical processors, using up to 10 threads

Non-default parameters:
TimeLimit  30
LogToConsole  0

Optimize a model with 10101 rows, 10100 columns and 30100 nonzeros
Model fingerprint: 0x61e6ea9d
Variable types: 0 continuous, 10100 integer (10100 binary)
Coefficient statistics:
  Matrix range     [1e+00, 1e+00]
  Objective range  [6e+02, 4e+04]
  Bounds range     [0e+00, 0e+00]
  RHS range        [1e+00, 2e+00]
Presolve time: 0.07s
Presolved: 10101 rows, 10100 columns, 30100 nonzeros
Variable types: 0 continuous, 10100 integer (10100 binary)
Found heuristic solution: objective 1079912.4955
Found heuristic solution: objective 1079413.3271

Root relaxation: objective 1.139526e+05, 3522 iterations, 0.07 seconds (0.12 work units)

    Nodes    |    Current Node    |     Objective Bounds      |     Work
 Expl Unexpl |  Obj  Depth IntInf | Incumbent    BestBd   Gap | It/Node Time

*    0     0               0    113952.58478 113952.585  0.00%     -    0s

Explored 1 nodes (3522 simplex iterations) in 0.17 seconds (0.23 work units)
Thread count was 10 (of 10 available processors)

Solution count 3: 113953 1.07941e+06 1.07991e+06 

Optimal solution found (tolerance 1.00e-04)
Best objective 1.139525847836e+05, best bound 1.139525847836e+05, gap 0.0000%

User-callback calls 208, time in user-callback 0.00 sec

============================================================
SUMMARY STATISTICS - PHASE 2B: REFORMULATED EXTENSIVE FORM (K=2)
============================================================
Parameters:
  nsamples: 100
  nscen: 100
  infeasible_pairs: 0

Results:
  selected_solutions: 2
  objective_value: 113952.58478359313
============================================================
