
Gurobi 12.0.3 (mac64[arm]) logging started Thu Oct 16 17:01:53 2025

Set parameter LogFile to value "Logs/Facility Location Logs/bernoulli_false/L100/phase2/reformulated_extensive_form_K3.log"
Set parameter LogToConsole to value 0

Gurobi 12.0.3 (mac64[arm]) logging started Thu Oct 16 17:01:54 2025

Set parameter LogFile to value "Logs/Facility Location Logs/bernoulli_false/L100/phase2/reformulated_extensive_form_K3.log"
Gurobi Optimizer version 12.0.3 build v12.0.3rc0 (mac64[arm] - Darwin 24.6.0 24G84)

CPU model: Apple M4
Thread count: 10 physical cores, 10 logical processors, using up to 10 threads

Non-default parameters:
TimeLimit  30
LogToConsole  0

Optimize a model with 10101 rows, 10100 columns and 30100 nonzeros
Model fingerprint: 0xfc9619d1
Variable types: 0 continuous, 10100 integer (10100 binary)
Coefficient statistics:
  Matrix range     [1e+00, 1e+00]
  Objective range  [6e+02, 4e+04]
  Bounds range     [0e+00, 0e+00]
  RHS range        [1e+00, 3e+00]
Presolve time: 0.06s
Presolved: 10101 rows, 10100 columns, 30100 nonzeros
Variable types: 0 continuous, 10100 integer (10100 binary)
Found heuristic solution: objective 127623.08878

Root relaxation: objective 1.114773e+05, 2901 iterations, 0.06 seconds (0.09 work units)

    Nodes    |    Current Node    |     Objective Bounds      |     Work
 Expl Unexpl |  Obj  Depth IntInf | Incumbent    BestBd   Gap | It/Node Time

*    0     0               0    111477.27982 111477.280  0.00%     -    0s

Explored 1 nodes (2901 simplex iterations) in 0.16 seconds (0.20 work units)
Thread count was 10 (of 10 available processors)

Solution count 2: 111477 127623 

Optimal solution found (tolerance 1.00e-04)
Best objective 1.114772798180e+05, best bound 1.114772798180e+05, gap 0.0000%

User-callback calls 205, time in user-callback 0.00 sec

============================================================
SUMMARY STATISTICS - PHASE 2B: REFORMULATED EXTENSIVE FORM (K=3)
============================================================
Parameters:
  nsamples: 100
  nscen: 100
  infeasible_pairs: 0

Results:
  selected_solutions: 3
  objective_value: 111477.27981797435
============================================================
