
Gurobi 12.0.3 (mac64[arm]) logging started Thu Oct 16 17:02:11 2025

Set parameter LogFile to value "Logs/Facility Location Logs/bernoulli_false/L100/phase2/reformulated_extensive_form_K10.log"
Set parameter LogToConsole to value 0

Gurobi 12.0.3 (mac64[arm]) logging started Thu Oct 16 17:02:11 2025

Set parameter LogFile to value "Logs/Facility Location Logs/bernoulli_false/L100/phase2/reformulated_extensive_form_K10.log"
Gurobi Optimizer version 12.0.3 build v12.0.3rc0 (mac64[arm] - Darwin 24.6.0 24G84)

CPU model: Apple M4
Thread count: 10 physical cores, 10 logical processors, using up to 10 threads

Non-default parameters:
TimeLimit  30
LogToConsole  0

Optimize a model with 10101 rows, 10100 columns and 30100 nonzeros
Model fingerprint: 0x9c66422f
Variable types: 0 continuous, 10100 integer (10100 binary)
Coefficient statistics:
  Matrix range     [1e+00, 1e+00]
  Objective range  [6e+02, 4e+04]
  Bounds range     [0e+00, 0e+00]
  RHS range        [1e+00, 1e+01]
Presolve time: 0.07s
Presolved: 10101 rows, 10100 columns, 30100 nonzeros
Variable types: 0 continuous, 10100 integer (10100 binary)
Found heuristic solution: objective 121002.08508

Root relaxation: objective 1.093087e+05, 1071 iterations, 0.03 seconds (0.04 work units)

    Nodes    |    Current Node    |     Objective Bounds      |     Work
 Expl Unexpl |  Obj  Depth IntInf | Incumbent    BestBd   Gap | It/Node Time

*    0     0               0    109308.73004 109308.730  0.00%     -    0s

Explored 1 nodes (1071 simplex iterations) in 0.12 seconds (0.15 work units)
Thread count was 10 (of 10 available processors)

Solution count 2: 109309 121002 

Optimal solution found (tolerance 1.00e-04)
Best objective 1.093087300431e+05, best bound 1.093087300431e+05, gap 0.0000%

User-callback calls 178, time in user-callback 0.00 sec

============================================================
SUMMARY STATISTICS - PHASE 2B: REFORMULATED EXTENSIVE FORM (K=10)
============================================================
Parameters:
  nsamples: 100
  nscen: 100
  infeasible_pairs: 0

Results:
  selected_solutions: 10
  objective_value: 109308.73004308873
============================================================
