
Gurobi 12.0.3 (mac64[arm]) logging started Thu Oct 16 16:58:49 2025

Set parameter LogFile to value "Logs/Facility Location Logs/bernoulli_false/L50/phase2/reformulated_extensive_form_K2.log"
Set parameter LogToConsole to value 0

Gurobi 12.0.3 (mac64[arm]) logging started Thu Oct 16 16:58:50 2025

Set parameter LogFile to value "Logs/Facility Location Logs/bernoulli_false/L50/phase2/reformulated_extensive_form_K2.log"
Gurobi Optimizer version 12.0.3 build v12.0.3rc0 (mac64[arm] - Darwin 24.6.0 24G84)

CPU model: Apple M4
Thread count: 10 physical cores, 10 logical processors, using up to 10 threads

Non-default parameters:
TimeLimit  30
LogToConsole  0

Optimize a model with 5101 rows, 5050 columns and 15050 nonzeros
Model fingerprint: 0x68b1ef46
Variable types: 0 continuous, 5050 integer (5050 binary)
Coefficient statistics:
  Matrix range     [1e+00, 1e+00]
  Objective range  [6e+02, 4e+04]
  Bounds range     [0e+00, 0e+00]
  RHS range        [1e+00, 2e+00]
Presolve time: 0.03s
Presolved: 5101 rows, 5050 columns, 15050 nonzeros
Variable types: 0 continuous, 5050 integer (5050 binary)
Found heuristic solution: objective 128629.22874

Root relaxation: objective 1.140133e+05, 1877 iterations, 0.03 seconds (0.04 work units)

    Nodes    |    Current Node    |     Objective Bounds      |     Work
 Expl Unexpl |  Obj  Depth IntInf | Incumbent    BestBd   Gap | It/Node Time

*    0     0               0    114013.28194 114013.282  0.00%     -    0s

Explored 1 nodes (1877 simplex iterations) in 0.08 seconds (0.10 work units)
Thread count was 10 (of 10 available processors)

Solution count 2: 114013 128629 

Optimal solution found (tolerance 1.00e-04)
Best objective 1.140132819389e+05, best bound 1.140132819389e+05, gap 0.0000%

User-callback calls 175, time in user-callback 0.00 sec

============================================================
SUMMARY STATISTICS - PHASE 2B: REFORMULATED EXTENSIVE FORM (K=2)
============================================================
Parameters:
  nsamples: 100
  nscen: 50
  infeasible_pairs: 0

Results:
  selected_solutions: 2
  objective_value: 114013.28193889314
============================================================
