
Gurobi 12.0.3 (mac64[arm]) logging started Tue Sep 23 19:11:46 2025

Set parameter LogFile to value "Logs/PowerFlow Logs/L30/phase2/reformulated_extensive_form_K5.log"
Set parameter LogToConsole to value 0

Gurobi 12.0.3 (mac64[arm]) logging started Tue Sep 23 19:11:46 2025

Set parameter LogFile to value "Logs/PowerFlow Logs/L30/phase2/reformulated_extensive_form_K5.log"
Gurobi Optimizer version 12.0.3 build v12.0.3rc0 (mac64[arm] - Darwin 24.6.0 24G222)

CPU model: Apple M3
Thread count: 8 physical cores, 8 logical processors, using up to 8 threads

Non-default parameters:
TimeLimit  3600
LogToConsole  0

Optimize a model with 3101 rows, 3030 columns and 9030 nonzeros
Model fingerprint: 0x6601a2d3
Variable types: 0 continuous, 3030 integer (3030 binary)
Coefficient statistics:
  Matrix range     [1e+00, 1e+00]
  Objective range  [3e+01, 7e+01]
  Bounds range     [0e+00, 0e+00]
  RHS range        [1e+00, 5e+00]
Presolve time: 0.01s
Presolved: 3101 rows, 3030 columns, 9030 nonzeros
Variable types: 0 continuous, 3030 integer (3030 binary)
Found heuristic solution: objective 3138.9735815

Root relaxation: objective 3.113052e+03, 392 iterations, 0.00 seconds (0.01 work units)

    Nodes    |    Current Node    |     Objective Bounds      |     Work
 Expl Unexpl |  Obj  Depth IntInf | Incumbent    BestBd   Gap | It/Node Time

*    0     0               0    3113.0519027 3113.05190  0.00%     -    0s

Explored 1 nodes (392 simplex iterations) in 0.02 seconds (0.03 work units)
Thread count was 8 (of 8 available processors)

Solution count 2: 3113.05 3138.97 

Optimal solution found (tolerance 1.00e-04)
Best objective 3.113051902665e+03, best bound 3.113051902665e+03, gap 0.0000%

User-callback calls 151, time in user-callback 0.00 sec

============================================================
SUMMARY STATISTICS - Phase 2B - Reformulated Extensive Form
============================================================
Parameters:
  nsamples: 100
  nscen: 30
  K: 5

Results:
  execution_time: 0.04 seconds
  objective_value: 3113.051902664601
============================================================
