
Gurobi 12.0.3 (mac64[arm]) logging started Tue Sep 23 15:47:26 2025

Set parameter LogFile to value "Logs/Facility Location Logs/L100/phase2/reformulated_extensive_form_K5.log"
Set parameter LogToConsole to value 0

Gurobi 12.0.3 (mac64[arm]) logging started Tue Sep 23 15:47:26 2025

Set parameter LogFile to value "Logs/Facility Location Logs/L100/phase2/reformulated_extensive_form_K5.log"
Gurobi Optimizer version 12.0.3 build v12.0.3rc0 (mac64[arm] - Darwin 24.6.0 24G222)

CPU model: Apple M3
Thread count: 8 physical cores, 8 logical processors, using up to 8 threads

Non-default parameters:
TimeLimit  30
LogToConsole  0

Optimize a model with 10101 rows, 10100 columns and 30100 nonzeros
Model fingerprint: 0x0ba6d2fa
Variable types: 0 continuous, 10100 integer (10100 binary)
Coefficient statistics:
  Matrix range     [1e+00, 1e+00]
  Objective range  [6e+02, 4e+04]
  Bounds range     [0e+00, 0e+00]
  RHS range        [1e+00, 5e+00]
Presolve time: 0.04s
Presolved: 10101 rows, 10100 columns, 30100 nonzeros
Variable types: 0 continuous, 10100 integer (10100 binary)
Found heuristic solution: objective 121301.71752

Root relaxation: objective 1.096572e+05, 2162 iterations, 0.03 seconds (0.10 work units)

    Nodes    |    Current Node    |     Objective Bounds      |     Work
 Expl Unexpl |  Obj  Depth IntInf | Incumbent    BestBd   Gap | It/Node Time

*    0     0               0    109657.15788 109657.158  0.00%     -    0s

Explored 1 nodes (2162 simplex iterations) in 0.08 seconds (0.20 work units)
Thread count was 8 (of 8 available processors)

Solution count 2: 109657 121302 

Optimal solution found (tolerance 1.00e-04)
Best objective 1.096571578825e+05, best bound 1.096571578825e+05, gap 0.0000%

User-callback calls 180, time in user-callback 0.00 sec

============================================================
SUMMARY STATISTICS - PHASE 2B: REFORMULATED EXTENSIVE FORM (K=5)
============================================================
Parameters:
  nsamples: 100
  nscen: 100
  infeasible_pairs: 0

Results:
  selected_solutions: 5
  objective_value: 109657.15788245625
============================================================

Gurobi 12.0.3 (mac64[arm]) logging started Fri Sep 26 17:52:19 2025

Set parameter LogFile to value "Logs/Facility Location Logs/L100/phase2/reformulated_extensive_form_K5.log"
Set parameter LogToConsole to value 0

Gurobi 12.0.3 (mac64[arm]) logging started Fri Sep 26 17:52:19 2025

Set parameter LogFile to value "Logs/Facility Location Logs/L100/phase2/reformulated_extensive_form_K5.log"
Gurobi Optimizer version 12.0.3 build v12.0.3rc0 (mac64[arm] - Darwin 24.6.0 24G222)

CPU model: Apple M3
Thread count: 8 physical cores, 8 logical processors, using up to 8 threads

Non-default parameters:
TimeLimit  30
LogToConsole  0

Optimize a model with 10101 rows, 10100 columns and 30100 nonzeros
Model fingerprint: 0xd11e68c9
Variable types: 0 continuous, 10100 integer (10100 binary)
Coefficient statistics:
  Matrix range     [1e+00, 1e+00]
  Objective range  [1e+02, 3e+04]
  Bounds range     [0e+00, 0e+00]
  RHS range        [1e+00, 5e+00]
Presolve time: 0.04s
Presolved: 10101 rows, 10100 columns, 30100 nonzeros
Variable types: 0 continuous, 10100 integer (10100 binary)
Found heuristic solution: objective 112102.41495

Root relaxation: objective 6.030382e+04, 1576 iterations, 0.03 seconds (0.07 work units)

    Nodes    |    Current Node    |     Objective Bounds      |     Work
 Expl Unexpl |  Obj  Depth IntInf | Incumbent    BestBd   Gap | It/Node Time

*    0     0               0    60303.821554 60303.8216  0.00%     -    0s

Explored 1 nodes (1576 simplex iterations) in 0.07 seconds (0.18 work units)
Thread count was 8 (of 8 available processors)

Solution count 2: 60303.8 112102 

Optimal solution found (tolerance 1.00e-04)
Best objective 6.030382155357e+04, best bound 6.030382155357e+04, gap 0.0000%

User-callback calls 175, time in user-callback 0.00 sec

============================================================
SUMMARY STATISTICS - PHASE 2B: REFORMULATED EXTENSIVE FORM (K=5)
============================================================
Parameters:
  nsamples: 100
  nscen: 100
  infeasible_pairs: 0

Results:
  selected_solutions: 5
  objective_value: 60303.821553565605
============================================================

Gurobi 12.0.3 (mac64[arm]) logging started Fri Sep 26 17:57:18 2025

Set parameter LogFile to value "Logs/Facility Location Logs/L100/phase2/reformulated_extensive_form_K5.log"
Set parameter LogToConsole to value 0

Gurobi 12.0.3 (mac64[arm]) logging started Fri Sep 26 17:57:18 2025

Set parameter LogFile to value "Logs/Facility Location Logs/L100/phase2/reformulated_extensive_form_K5.log"
Gurobi Optimizer version 12.0.3 build v12.0.3rc0 (mac64[arm] - Darwin 24.6.0 24G222)

CPU model: Apple M3
Thread count: 8 physical cores, 8 logical processors, using up to 8 threads

Non-default parameters:
TimeLimit  30
LogToConsole  0

Optimize a model with 10101 rows, 10100 columns and 30100 nonzeros
Model fingerprint: 0xd11e68c9
Variable types: 0 continuous, 10100 integer (10100 binary)
Coefficient statistics:
  Matrix range     [1e+00, 1e+00]
  Objective range  [1e+02, 3e+04]
  Bounds range     [0e+00, 0e+00]
  RHS range        [1e+00, 5e+00]
Presolve time: 0.04s
Presolved: 10101 rows, 10100 columns, 30100 nonzeros
Variable types: 0 continuous, 10100 integer (10100 binary)
Found heuristic solution: objective 112102.41495

Root relaxation: objective 6.030382e+04, 1576 iterations, 0.03 seconds (0.07 work units)

    Nodes    |    Current Node    |     Objective Bounds      |     Work
 Expl Unexpl |  Obj  Depth IntInf | Incumbent    BestBd   Gap | It/Node Time

*    0     0               0    60303.821554 60303.8216  0.00%     -    0s

Explored 1 nodes (1576 simplex iterations) in 0.08 seconds (0.18 work units)
Thread count was 8 (of 8 available processors)

Solution count 2: 60303.8 112102 

Optimal solution found (tolerance 1.00e-04)
Best objective 6.030382155357e+04, best bound 6.030382155357e+04, gap 0.0000%

User-callback calls 178, time in user-callback 0.00 sec

============================================================
SUMMARY STATISTICS - PHASE 2B: REFORMULATED EXTENSIVE FORM (K=5)
============================================================
Parameters:
  nsamples: 100
  nscen: 100
  infeasible_pairs: 0

Results:
  selected_solutions: 5
  objective_value: 60303.821553565605
============================================================

Gurobi 12.0.3 (mac64[arm]) logging started Sat Sep 27 11:36:34 2025

Set parameter LogFile to value "Logs/Facility Location Logs/bernoulli_false/L100/phase2/reformulated_extensive_form_K5.log"
Set parameter LogToConsole to value 0

Gurobi 12.0.3 (mac64[arm]) logging started Sat Sep 27 11:36:34 2025

Set parameter LogFile to value "Logs/Facility Location Logs/bernoulli_false/L100/phase2/reformulated_extensive_form_K5.log"
Gurobi Optimizer version 12.0.3 build v12.0.3rc0 (mac64[arm] - Darwin 24.6.0 24G222)

CPU model: Apple M3
Thread count: 8 physical cores, 8 logical processors, using up to 8 threads

Non-default parameters:
TimeLimit  30
LogToConsole  0

Optimize a model with 10101 rows, 10100 columns and 30100 nonzeros
Model fingerprint: 0x0ba6d2fa
Variable types: 0 continuous, 10100 integer (10100 binary)
Coefficient statistics:
  Matrix range     [1e+00, 1e+00]
  Objective range  [6e+02, 4e+04]
  Bounds range     [0e+00, 0e+00]
  RHS range        [1e+00, 5e+00]
Presolve time: 0.04s
Presolved: 10101 rows, 10100 columns, 30100 nonzeros
Variable types: 0 continuous, 10100 integer (10100 binary)
Found heuristic solution: objective 121301.71752

Root relaxation: objective 1.096572e+05, 2162 iterations, 0.03 seconds (0.10 work units)

    Nodes    |    Current Node    |     Objective Bounds      |     Work
 Expl Unexpl |  Obj  Depth IntInf | Incumbent    BestBd   Gap | It/Node Time

*    0     0               0    109657.15788 109657.158  0.00%     -    0s

Explored 1 nodes (2162 simplex iterations) in 0.08 seconds (0.20 work units)
Thread count was 8 (of 8 available processors)

Solution count 2: 109657 121302 

Optimal solution found (tolerance 1.00e-04)
Best objective 1.096571578825e+05, best bound 1.096571578825e+05, gap 0.0000%

User-callback calls 178, time in user-callback 0.00 sec

============================================================
SUMMARY STATISTICS - PHASE 2B: REFORMULATED EXTENSIVE FORM (K=5)
============================================================
Parameters:
  nsamples: 100
  nscen: 100
  infeasible_pairs: 0

Results:
  selected_solutions: 5
  objective_value: 109657.15788245625
============================================================
