
Gurobi 12.0.3 (mac64[arm]) logging started Tue Sep 23 19:21:50 2025

Set parameter LogFile to value "Logs/PowerFlow Logs/L50/phase2/reformulated_extensive_form_K2.log"
Set parameter LogToConsole to value 0

Gurobi 12.0.3 (mac64[arm]) logging started Tue Sep 23 19:21:50 2025

Set parameter LogFile to value "Logs/PowerFlow Logs/L50/phase2/reformulated_extensive_form_K2.log"
Gurobi Optimizer version 12.0.3 build v12.0.3rc0 (mac64[arm] - Darwin 24.6.0 24G222)

CPU model: Apple M3
Thread count: 8 physical cores, 8 logical processors, using up to 8 threads

Non-default parameters:
TimeLimit  3600
LogToConsole  0

Optimize a model with 5101 rows, 5050 columns and 15050 nonzeros
Model fingerprint: 0x41ab62ef
Variable types: 0 continuous, 5050 integer (5050 binary)
Coefficient statistics:
  Matrix range     [1e+00, 1e+00]
  Objective range  [3e+01, 7e+01]
  Bounds range     [0e+00, 0e+00]
  RHS range        [1e+00, 2e+00]
Presolve time: 0.02s
Presolved: 5101 rows, 5050 columns, 15050 nonzeros
Variable types: 0 continuous, 5050 integer (5050 binary)
Found heuristic solution: objective 3216.8785899

Root relaxation: objective 3.134212e+03, 1474 iterations, 0.02 seconds (0.05 work units)

    Nodes    |    Current Node    |     Objective Bounds      |     Work
 Expl Unexpl |  Obj  Depth IntInf | Incumbent    BestBd   Gap | It/Node Time

*    0     0               0    3134.2121823 3134.21218  0.00%     -    0s

Explored 1 nodes (1474 simplex iterations) in 0.05 seconds (0.11 work units)
Thread count was 8 (of 8 available processors)

Solution count 2: 3134.21 3216.88 

Optimal solution found (tolerance 1.00e-04)
Best objective 3.134212182334e+03, best bound 3.134212182334e+03, gap 0.0000%

User-callback calls 167, time in user-callback 0.00 sec

============================================================
SUMMARY STATISTICS - Phase 2B - Reformulated Extensive Form
============================================================
Parameters:
  nsamples: 100
  nscen: 50
  K: 2

Results:
  execution_time: 0.13 seconds
  objective_value: 3134.212182333791
============================================================
