
Gurobi 12.0.3 (mac64[arm]) logging started Sat Sep 27 11:09:06 2025

Set parameter LogFile to value "Logs/Facility Location Logs/bernoulli_true/L30/phase2/reformulated_extensive_form_K5.log"
Set parameter LogToConsole to value 0

Gurobi 12.0.3 (mac64[arm]) logging started Sat Sep 27 11:09:06 2025

Set parameter LogFile to value "Logs/Facility Location Logs/bernoulli_true/L30/phase2/reformulated_extensive_form_K5.log"
Gurobi Optimizer version 12.0.3 build v12.0.3rc0 (mac64[arm] - Darwin 24.6.0 24G222)

CPU model: Apple M3
Thread count: 8 physical cores, 8 logical processors, using up to 8 threads

Non-default parameters:
TimeLimit  30
LogToConsole  0

Optimize a model with 3101 rows, 3030 columns and 9030 nonzeros
Model fingerprint: 0x15ece446
Variable types: 0 continuous, 3030 integer (3030 binary)
Coefficient statistics:
  Matrix range     [1e+00, 1e+00]
  Objective range  [2e+02, 3e+04]
  Bounds range     [0e+00, 0e+00]
  RHS range        [1e+00, 5e+00]
Presolve time: 0.01s
Presolved: 3101 rows, 3030 columns, 9030 nonzeros
Variable types: 0 continuous, 3030 integer (3030 binary)
Found heuristic solution: objective 110399.62514

Root relaxation: objective 6.061226e+04, 575 iterations, 0.01 seconds (0.02 work units)

    Nodes    |    Current Node    |     Objective Bounds      |     Work
 Expl Unexpl |  Obj  Depth IntInf | Incumbent    BestBd   Gap | It/Node Time

     0     0 60612.2569    0   86 110399.625 60612.2569  45.1%     -    0s
H    0     0                    60619.673045 60612.2569  0.01%     -    0s

Cutting planes:
  Gomory: 1
  RLT: 13

Explored 1 nodes (617 simplex iterations) in 0.03 seconds (0.06 work units)
Thread count was 8 (of 8 available processors)

Solution count 2: 60619.7 110400 

Optimal solution found (tolerance 1.00e-04)
Best objective 6.061967304476e+04, best bound 6.061368157608e+04, gap 0.0099%

User-callback calls 165, time in user-callback 0.00 sec

============================================================
SUMMARY STATISTICS - PHASE 2B: REFORMULATED EXTENSIVE FORM (K=5)
============================================================
Parameters:
  nsamples: 100
  nscen: 30
  infeasible_pairs: 0

Results:
  selected_solutions: 5
  objective_value: 60619.67304475999
============================================================
