
Gurobi 12.0.3 (mac64[arm]) logging started Tue Sep 23 14:01:24 2025

Set parameter LogFile to value "Logs/Facility Location Logs/L50/phase2/reformulated_extensive_form_K7.log"
Set parameter LogToConsole to value 0

Gurobi 12.0.3 (mac64[arm]) logging started Tue Sep 23 14:01:24 2025

Set parameter LogFile to value "Logs/Facility Location Logs/L50/phase2/reformulated_extensive_form_K7.log"
Gurobi Optimizer version 12.0.3 build v12.0.3rc0 (mac64[arm] - Darwin 24.6.0 24G222)

CPU model: Apple M3
Thread count: 8 physical cores, 8 logical processors, using up to 8 threads

Non-default parameters:
TimeLimit  30
LogToConsole  0

Optimize a model with 5101 rows, 5050 columns and 15050 nonzeros
Model fingerprint: 0x95670ff6
Variable types: 0 continuous, 5050 integer (5050 binary)
Coefficient statistics:
  Matrix range     [1e+00, 1e+00]
  Objective range  [8e+02, 4e+04]
  Bounds range     [0e+00, 0e+00]
  RHS range        [1e+00, 7e+00]
Presolve time: 0.02s
Presolved: 5101 rows, 5050 columns, 15050 nonzeros
Variable types: 0 continuous, 5050 integer (5050 binary)
Found heuristic solution: objective 134441.54364

Root relaxation: objective 1.139155e+05, 771 iterations, 0.01 seconds (0.02 work units)

    Nodes    |    Current Node    |     Objective Bounds      |     Work
 Expl Unexpl |  Obj  Depth IntInf | Incumbent    BestBd   Gap | It/Node Time

*    0     0               0    113915.49936 113915.499  0.00%     -    0s

Explored 1 nodes (771 simplex iterations) in 0.03 seconds (0.07 work units)
Thread count was 8 (of 8 available processors)

Solution count 2: 113915 134442 

Optimal solution found (tolerance 1.00e-04)
Best objective 1.139154993633e+05, best bound 1.139154993633e+05, gap 0.0000%

User-callback calls 157, time in user-callback 0.00 sec

============================================================
SUMMARY STATISTICS - PHASE 2B: REFORMULATED EXTENSIVE FORM (K=7)
============================================================
Parameters:
  nsamples: 100
  nscen: 50
  infeasible_pairs: 0

Results:
  selected_solutions: 7
  objective_value: 113915.49936330183
============================================================

Gurobi 12.0.3 (mac64[arm]) logging started Tue Sep 23 15:46:00 2025

Set parameter LogFile to value "Logs/Facility Location Logs/L50/phase2/reformulated_extensive_form_K7.log"
Set parameter LogToConsole to value 0

Gurobi 12.0.3 (mac64[arm]) logging started Tue Sep 23 15:46:00 2025

Set parameter LogFile to value "Logs/Facility Location Logs/L50/phase2/reformulated_extensive_form_K7.log"
Gurobi Optimizer version 12.0.3 build v12.0.3rc0 (mac64[arm] - Darwin 24.6.0 24G222)

CPU model: Apple M3
Thread count: 8 physical cores, 8 logical processors, using up to 8 threads

Non-default parameters:
TimeLimit  30
LogToConsole  0

Optimize a model with 5101 rows, 5050 columns and 15050 nonzeros
Model fingerprint: 0x0cf7d95a
Variable types: 0 continuous, 5050 integer (5050 binary)
Coefficient statistics:
  Matrix range     [1e+00, 1e+00]
  Objective range  [6e+02, 4e+04]
  Bounds range     [0e+00, 0e+00]
  RHS range        [1e+00, 7e+00]
Presolve time: 0.03s
Presolved: 5101 rows, 5050 columns, 15050 nonzeros
Variable types: 0 continuous, 5050 integer (5050 binary)
Found heuristic solution: objective 121197.39188

Root relaxation: objective 1.093685e+05, 839 iterations, 0.01 seconds (0.02 work units)

    Nodes    |    Current Node    |     Objective Bounds      |     Work
 Expl Unexpl |  Obj  Depth IntInf | Incumbent    BestBd   Gap | It/Node Time

*    0     0               0    109368.46797 109368.468  0.00%     -    0s

Explored 1 nodes (839 simplex iterations) in 0.05 seconds (0.07 work units)
Thread count was 8 (of 8 available processors)

Solution count 2: 109368 121197 

Optimal solution found (tolerance 1.00e-04)
Best objective 1.093684679686e+05, best bound 1.093684679686e+05, gap 0.0000%

User-callback calls 159, time in user-callback 0.00 sec

============================================================
SUMMARY STATISTICS - PHASE 2B: REFORMULATED EXTENSIVE FORM (K=7)
============================================================
Parameters:
  nsamples: 100
  nscen: 50
  infeasible_pairs: 0

Results:
  selected_solutions: 7
  objective_value: 109368.46796860873
============================================================

Gurobi 12.0.3 (mac64[arm]) logging started Fri Sep 26 17:51:39 2025

Set parameter LogFile to value "Logs/Facility Location Logs/L50/phase2/reformulated_extensive_form_K7.log"
Set parameter LogToConsole to value 0

Gurobi 12.0.3 (mac64[arm]) logging started Fri Sep 26 17:51:39 2025

Set parameter LogFile to value "Logs/Facility Location Logs/L50/phase2/reformulated_extensive_form_K7.log"
Gurobi Optimizer version 12.0.3 build v12.0.3rc0 (mac64[arm] - Darwin 24.6.0 24G222)

CPU model: Apple M3
Thread count: 8 physical cores, 8 logical processors, using up to 8 threads

Non-default parameters:
TimeLimit  30
LogToConsole  0

Optimize a model with 5101 rows, 5050 columns and 15050 nonzeros
Model fingerprint: 0xae3d96f7
Variable types: 0 continuous, 5050 integer (5050 binary)
Coefficient statistics:
  Matrix range     [1e+00, 1e+00]
  Objective range  [1e+02, 3e+04]
  Bounds range     [0e+00, 0e+00]
  RHS range        [1e+00, 7e+00]
Presolve time: 0.02s
Presolved: 5101 rows, 5050 columns, 15050 nonzeros
Variable types: 0 continuous, 5050 integer (5050 binary)
Found heuristic solution: objective 59855.250459

Root relaxation: objective 5.697299e+04, 657 iterations, 0.01 seconds (0.02 work units)

    Nodes    |    Current Node    |     Objective Bounds      |     Work
 Expl Unexpl |  Obj  Depth IntInf | Incumbent    BestBd   Gap | It/Node Time

*    0     0               0    56972.986903 56972.9869  0.00%     -    0s

Explored 1 nodes (657 simplex iterations) in 0.03 seconds (0.08 work units)
Thread count was 8 (of 8 available processors)

Solution count 2: 56973 59855.3 

Optimal solution found (tolerance 1.00e-04)
Best objective 5.697298690287e+04, best bound 5.697298690287e+04, gap 0.0000%

User-callback calls 156, time in user-callback 0.00 sec

============================================================
SUMMARY STATISTICS - PHASE 2B: REFORMULATED EXTENSIVE FORM (K=7)
============================================================
Parameters:
  nsamples: 100
  nscen: 50
  infeasible_pairs: 0

Results:
  selected_solutions: 7
  objective_value: 56972.9869028681
============================================================

Gurobi 12.0.3 (mac64[arm]) logging started Fri Sep 26 17:56:33 2025

Set parameter LogFile to value "Logs/Facility Location Logs/L50/phase2/reformulated_extensive_form_K7.log"
Set parameter LogToConsole to value 0

Gurobi 12.0.3 (mac64[arm]) logging started Fri Sep 26 17:56:33 2025

Set parameter LogFile to value "Logs/Facility Location Logs/L50/phase2/reformulated_extensive_form_K7.log"
Gurobi Optimizer version 12.0.3 build v12.0.3rc0 (mac64[arm] - Darwin 24.6.0 24G222)

CPU model: Apple M3
Thread count: 8 physical cores, 8 logical processors, using up to 8 threads

Non-default parameters:
TimeLimit  30
LogToConsole  0

Optimize a model with 5101 rows, 5050 columns and 15050 nonzeros
Model fingerprint: 0xae3d96f7
Variable types: 0 continuous, 5050 integer (5050 binary)
Coefficient statistics:
  Matrix range     [1e+00, 1e+00]
  Objective range  [1e+02, 3e+04]
  Bounds range     [0e+00, 0e+00]
  RHS range        [1e+00, 7e+00]
Presolve time: 0.02s
Presolved: 5101 rows, 5050 columns, 15050 nonzeros
Variable types: 0 continuous, 5050 integer (5050 binary)
Found heuristic solution: objective 59855.250459

Root relaxation: objective 5.697299e+04, 657 iterations, 0.01 seconds (0.02 work units)

    Nodes    |    Current Node    |     Objective Bounds      |     Work
 Expl Unexpl |  Obj  Depth IntInf | Incumbent    BestBd   Gap | It/Node Time

*    0     0               0    56972.986903 56972.9869  0.00%     -    0s

Explored 1 nodes (657 simplex iterations) in 0.04 seconds (0.08 work units)
Thread count was 8 (of 8 available processors)

Solution count 2: 56973 59855.3 

Optimal solution found (tolerance 1.00e-04)
Best objective 5.697298690287e+04, best bound 5.697298690287e+04, gap 0.0000%

User-callback calls 157, time in user-callback 0.00 sec

============================================================
SUMMARY STATISTICS - PHASE 2B: REFORMULATED EXTENSIVE FORM (K=7)
============================================================
Parameters:
  nsamples: 100
  nscen: 50
  infeasible_pairs: 0

Results:
  selected_solutions: 7
  objective_value: 56972.9869028681
============================================================
