
Gurobi 12.0.3 (mac64[arm]) logging started Tue Sep 23 14:01:22 2025

Set parameter LogFile to value "Logs/Facility Location Logs/L50/phase2/reformulated_extensive_form_K5.log"
Set parameter LogToConsole to value 0

Gurobi 12.0.3 (mac64[arm]) logging started Tue Sep 23 14:01:22 2025

Set parameter LogFile to value "Logs/Facility Location Logs/L50/phase2/reformulated_extensive_form_K5.log"
Gurobi Optimizer version 12.0.3 build v12.0.3rc0 (mac64[arm] - Darwin 24.6.0 24G222)

CPU model: Apple M3
Thread count: 8 physical cores, 8 logical processors, using up to 8 threads

Non-default parameters:
TimeLimit  30
LogToConsole  0

Optimize a model with 5101 rows, 5050 columns and 15050 nonzeros
Model fingerprint: 0x3c1d0211
Variable types: 0 continuous, 5050 integer (5050 binary)
Coefficient statistics:
  Matrix range     [1e+00, 1e+00]
  Objective range  [8e+02, 4e+04]
  Bounds range     [0e+00, 0e+00]
  RHS range        [1e+00, 5e+00]
Presolve time: 0.02s
Presolved: 5101 rows, 5050 columns, 15050 nonzeros
Variable types: 0 continuous, 5050 integer (5050 binary)
Found heuristic solution: objective 134453.48042

Root relaxation: objective 1.140837e+05, 1112 iterations, 0.01 seconds (0.03 work units)

    Nodes    |    Current Node    |     Objective Bounds      |     Work
 Expl Unexpl |  Obj  Depth IntInf | Incumbent    BestBd   Gap | It/Node Time

*    0     0               0    114083.70156 114083.702  0.00%     -    0s

Explored 1 nodes (1112 simplex iterations) in 0.04 seconds (0.08 work units)
Thread count was 8 (of 8 available processors)

Solution count 2: 114084 134453 

Optimal solution found (tolerance 1.00e-04)
Best objective 1.140837015574e+05, best bound 1.140837015574e+05, gap 0.0000%

User-callback calls 160, time in user-callback 0.00 sec

============================================================
SUMMARY STATISTICS - PHASE 2B: REFORMULATED EXTENSIVE FORM (K=5)
============================================================
Parameters:
  nsamples: 100
  nscen: 50
  infeasible_pairs: 0

Results:
  selected_solutions: 5
  objective_value: 114083.70155744809
============================================================

Gurobi 12.0.3 (mac64[arm]) logging started Tue Sep 23 15:45:58 2025

Set parameter LogFile to value "Logs/Facility Location Logs/L50/phase2/reformulated_extensive_form_K5.log"
Set parameter LogToConsole to value 0

Gurobi 12.0.3 (mac64[arm]) logging started Tue Sep 23 15:45:58 2025

Set parameter LogFile to value "Logs/Facility Location Logs/L50/phase2/reformulated_extensive_form_K5.log"
Gurobi Optimizer version 12.0.3 build v12.0.3rc0 (mac64[arm] - Darwin 24.6.0 24G222)

CPU model: Apple M3
Thread count: 8 physical cores, 8 logical processors, using up to 8 threads

Non-default parameters:
TimeLimit  30
LogToConsole  0

Optimize a model with 5101 rows, 5050 columns and 15050 nonzeros
Model fingerprint: 0xef68ba57
Variable types: 0 continuous, 5050 integer (5050 binary)
Coefficient statistics:
  Matrix range     [1e+00, 1e+00]
  Objective range  [6e+02, 4e+04]
  Bounds range     [0e+00, 0e+00]
  RHS range        [1e+00, 5e+00]
Presolve time: 0.02s
Presolved: 5101 rows, 5050 columns, 15050 nonzeros
Variable types: 0 continuous, 5050 integer (5050 binary)
Found heuristic solution: objective 122450.62174

Root relaxation: objective 1.096662e+05, 983 iterations, 0.01 seconds (0.02 work units)

    Nodes    |    Current Node    |     Objective Bounds      |     Work
 Expl Unexpl |  Obj  Depth IntInf | Incumbent    BestBd   Gap | It/Node Time

*    0     0               0    109666.18654 109666.187  0.00%     -    0s

Explored 1 nodes (983 simplex iterations) in 0.04 seconds (0.08 work units)
Thread count was 8 (of 8 available processors)

Solution count 2: 109666 122451 

Optimal solution found (tolerance 1.00e-04)
Best objective 1.096661865439e+05, best bound 1.096661865439e+05, gap 0.0000%

User-callback calls 157, time in user-callback 0.00 sec

============================================================
SUMMARY STATISTICS - PHASE 2B: REFORMULATED EXTENSIVE FORM (K=5)
============================================================
Parameters:
  nsamples: 100
  nscen: 50
  infeasible_pairs: 0

Results:
  selected_solutions: 5
  objective_value: 109666.18654388441
============================================================

Gurobi 12.0.3 (mac64[arm]) logging started Fri Sep 26 17:51:37 2025

Set parameter LogFile to value "Logs/Facility Location Logs/L50/phase2/reformulated_extensive_form_K5.log"
Set parameter LogToConsole to value 0

Gurobi 12.0.3 (mac64[arm]) logging started Fri Sep 26 17:51:37 2025

Set parameter LogFile to value "Logs/Facility Location Logs/L50/phase2/reformulated_extensive_form_K5.log"
Gurobi Optimizer version 12.0.3 build v12.0.3rc0 (mac64[arm] - Darwin 24.6.0 24G222)

CPU model: Apple M3
Thread count: 8 physical cores, 8 logical processors, using up to 8 threads

Non-default parameters:
TimeLimit  30
LogToConsole  0

Optimize a model with 5101 rows, 5050 columns and 15050 nonzeros
Model fingerprint: 0xc6837055
Variable types: 0 continuous, 5050 integer (5050 binary)
Coefficient statistics:
  Matrix range     [1e+00, 1e+00]
  Objective range  [1e+02, 3e+04]
  Bounds range     [0e+00, 0e+00]
  RHS range        [1e+00, 5e+00]
Presolve time: 0.02s
Presolved: 5101 rows, 5050 columns, 15050 nonzeros
Variable types: 0 continuous, 5050 integer (5050 binary)
Found heuristic solution: objective 63116.225469

Root relaxation: objective 5.774000e+04, 937 iterations, 0.01 seconds (0.03 work units)

    Nodes    |    Current Node    |     Objective Bounds      |     Work
 Expl Unexpl |  Obj  Depth IntInf | Incumbent    BestBd   Gap | It/Node Time

*    0     0               0    57739.996682 57739.9967  0.00%     -    0s

Explored 1 nodes (937 simplex iterations) in 0.04 seconds (0.09 work units)
Thread count was 8 (of 8 available processors)

Solution count 2: 57740 63116.2 

Optimal solution found (tolerance 1.00e-04)
Best objective 5.773999668243e+04, best bound 5.773999668243e+04, gap 0.0000%

User-callback calls 161, time in user-callback 0.00 sec

============================================================
SUMMARY STATISTICS - PHASE 2B: REFORMULATED EXTENSIVE FORM (K=5)
============================================================
Parameters:
  nsamples: 100
  nscen: 50
  infeasible_pairs: 0

Results:
  selected_solutions: 5
  objective_value: 57739.99668242621
============================================================

Gurobi 12.0.3 (mac64[arm]) logging started Fri Sep 26 17:56:31 2025

Set parameter LogFile to value "Logs/Facility Location Logs/L50/phase2/reformulated_extensive_form_K5.log"
Set parameter LogToConsole to value 0

Gurobi 12.0.3 (mac64[arm]) logging started Fri Sep 26 17:56:31 2025

Set parameter LogFile to value "Logs/Facility Location Logs/L50/phase2/reformulated_extensive_form_K5.log"
Gurobi Optimizer version 12.0.3 build v12.0.3rc0 (mac64[arm] - Darwin 24.6.0 24G222)

CPU model: Apple M3
Thread count: 8 physical cores, 8 logical processors, using up to 8 threads

Non-default parameters:
TimeLimit  30
LogToConsole  0

Optimize a model with 5101 rows, 5050 columns and 15050 nonzeros
Model fingerprint: 0xc6837055
Variable types: 0 continuous, 5050 integer (5050 binary)
Coefficient statistics:
  Matrix range     [1e+00, 1e+00]
  Objective range  [1e+02, 3e+04]
  Bounds range     [0e+00, 0e+00]
  RHS range        [1e+00, 5e+00]
Presolve time: 0.02s
Presolved: 5101 rows, 5050 columns, 15050 nonzeros
Variable types: 0 continuous, 5050 integer (5050 binary)
Found heuristic solution: objective 63116.225469

Root relaxation: objective 5.774000e+04, 937 iterations, 0.01 seconds (0.03 work units)

    Nodes    |    Current Node    |     Objective Bounds      |     Work
 Expl Unexpl |  Obj  Depth IntInf | Incumbent    BestBd   Gap | It/Node Time

*    0     0               0    57739.996682 57739.9967  0.00%     -    0s

Explored 1 nodes (937 simplex iterations) in 0.04 seconds (0.09 work units)
Thread count was 8 (of 8 available processors)

Solution count 2: 57740 63116.2 

Optimal solution found (tolerance 1.00e-04)
Best objective 5.773999668243e+04, best bound 5.773999668243e+04, gap 0.0000%

User-callback calls 162, time in user-callback 0.00 sec

============================================================
SUMMARY STATISTICS - PHASE 2B: REFORMULATED EXTENSIVE FORM (K=5)
============================================================
Parameters:
  nsamples: 100
  nscen: 50
  infeasible_pairs: 0

Results:
  selected_solutions: 5
  objective_value: 57739.99668242621
============================================================

Gurobi 12.0.3 (mac64[arm]) logging started Sat Sep 27 11:35:07 2025

Set parameter LogFile to value "Logs/Facility Location Logs/bernoulli_false/L50/phase2/reformulated_extensive_form_K5.log"
Set parameter LogToConsole to value 0

Gurobi 12.0.3 (mac64[arm]) logging started Sat Sep 27 11:35:08 2025

Set parameter LogFile to value "Logs/Facility Location Logs/bernoulli_false/L50/phase2/reformulated_extensive_form_K5.log"
Gurobi Optimizer version 12.0.3 build v12.0.3rc0 (mac64[arm] - Darwin 24.6.0 24G222)

CPU model: Apple M3
Thread count: 8 physical cores, 8 logical processors, using up to 8 threads

Non-default parameters:
TimeLimit  30
LogToConsole  0

Optimize a model with 5101 rows, 5050 columns and 15050 nonzeros
Model fingerprint: 0xef68ba57
Variable types: 0 continuous, 5050 integer (5050 binary)
Coefficient statistics:
  Matrix range     [1e+00, 1e+00]
  Objective range  [6e+02, 4e+04]
  Bounds range     [0e+00, 0e+00]
  RHS range        [1e+00, 5e+00]
Presolve time: 0.02s
Presolved: 5101 rows, 5050 columns, 15050 nonzeros
Variable types: 0 continuous, 5050 integer (5050 binary)
Found heuristic solution: objective 122450.62174

Root relaxation: objective 1.096662e+05, 983 iterations, 0.01 seconds (0.02 work units)

    Nodes    |    Current Node    |     Objective Bounds      |     Work
 Expl Unexpl |  Obj  Depth IntInf | Incumbent    BestBd   Gap | It/Node Time

*    0     0               0    109666.18654 109666.187  0.00%     -    0s

Explored 1 nodes (983 simplex iterations) in 0.04 seconds (0.08 work units)
Thread count was 8 (of 8 available processors)

Solution count 2: 109666 122451 

Optimal solution found (tolerance 1.00e-04)
Best objective 1.096661865439e+05, best bound 1.096661865439e+05, gap 0.0000%

User-callback calls 159, time in user-callback 0.00 sec

============================================================
SUMMARY STATISTICS - PHASE 2B: REFORMULATED EXTENSIVE FORM (K=5)
============================================================
Parameters:
  nsamples: 100
  nscen: 50
  infeasible_pairs: 0

Results:
  selected_solutions: 5
  objective_value: 109666.18654388441
============================================================
