
Gurobi 12.0.3 (mac64[arm]) logging started Wed Dec  3 06:58:35 2025

Set parameter LogFile to value "/Users/arnav/projects/Candidate-Selection-via-Stochastic-IP/Transmission_Switching/Heuristic/logs/extensive_form_20251203_065834.log"
Set parameter LogToConsole to value 0

Gurobi 12.0.3 (mac64[arm]) logging started Wed Dec  3 06:58:36 2025

Set parameter LogFile to value "/Users/arnav/projects/Candidate-Selection-via-Stochastic-IP/Transmission_Switching/Heuristic/logs/extensive_form_20251203_065834.log"
Gurobi Optimizer version 12.0.3 build v12.0.3rc0 (mac64[arm] - Darwin 24.6.0 24G84)

CPU model: Apple M4
Thread count: 10 physical cores, 10 logical processors, using up to 10 threads

Non-default parameters:
TimeLimit  1800
LogToConsole  0

Optimize a model with 360 rows, 251 columns and 685 nonzeros
Model fingerprint: 0xe3d813da
Coefficient statistics:
  Matrix range     [7e-01, 5e+01]
  Objective range  [1e+02, 1e+04]
  Bounds range     [0e+00, 0e+00]
  RHS range        [2e-02, 6e+00]
Presolve removed 319 rows and 164 columns
Presolve time: 0.00s
Presolved: 41 rows, 87 columns, 127 nonzeros

Iteration    Objective       Primal Inf.    Dual Inf.      Time
       0    0.0000000e+00   1.613740e+01   0.000000e+00      0s
      20    2.5996042e+03   0.000000e+00   0.000000e+00      0s

Solved in 20 iterations and 0.00 seconds (0.00 work units)
Optimal objective  2.599604247e+03

User-callback calls 119, time in user-callback 0.00 sec
Gurobi Optimizer version 12.0.3 build v12.0.3rc0 (mac64[arm] - Darwin 24.6.0 24G84)

CPU model: Apple M4
Thread count: 10 physical cores, 10 logical processors, using up to 10 threads

Non-default parameters:
TimeLimit  1800
LogToConsole  0

Optimize a model with 352 rows, 251 columns and 669 nonzeros
Model fingerprint: 0x739da1be
Coefficient statistics:
  Matrix range     [7e-01, 3e+01]
  Objective range  [1e+02, 1e+04]
  Bounds range     [0e+00, 0e+00]
  RHS range        [2e-02, 6e+00]
Presolve removed 316 rows and 173 columns
Presolve time: 0.00s
Presolved: 36 rows, 78 columns, 117 nonzeros

Iteration    Objective       Primal Inf.    Dual Inf.      Time
       0    1.4842123e+03   2.508576e+01   0.000000e+00      0s
      17    4.0801950e+03   0.000000e+00   0.000000e+00      0s

Solved in 17 iterations and 0.00 seconds (0.00 work units)
Optimal objective  4.080194966e+03

User-callback calls 114, time in user-callback 0.00 sec
Gurobi Optimizer version 12.0.3 build v12.0.3rc0 (mac64[arm] - Darwin 24.6.0 24G84)

CPU model: Apple M4
Thread count: 10 physical cores, 10 logical processors, using up to 10 threads

Non-default parameters:
TimeLimit  1800
LogToConsole  0

Optimize a model with 352 rows, 251 columns and 669 nonzeros
Model fingerprint: 0xab3dcc44
Coefficient statistics:
  Matrix range     [7e-01, 3e+01]
  Objective range  [1e+02, 1e+04]
  Bounds range     [0e+00, 0e+00]
  RHS range        [2e-02, 6e+00]
Presolve removed 315 rows and 173 columns
Presolve time: 0.00s
Presolved: 37 rows, 78 columns, 129 nonzeros

Iteration    Objective       Primal Inf.    Dual Inf.      Time
       0    8.3096741e+02   2.429126e+01   0.000000e+00      0s
      16    3.4037663e+03   0.000000e+00   0.000000e+00      0s

Solved in 16 iterations and 0.00 seconds (0.00 work units)
Optimal objective  3.403766261e+03

User-callback calls 101, time in user-callback 0.00 sec
Gurobi Optimizer version 12.0.3 build v12.0.3rc0 (mac64[arm] - Darwin 24.6.0 24G84)

CPU model: Apple M4
Thread count: 10 physical cores, 10 logical processors, using up to 10 threads

Non-default parameters:
TimeLimit  1800
LogToConsole  0

Optimize a model with 378 rows, 251 columns and 721 nonzeros
Model fingerprint: 0x60c235e1
Coefficient statistics:
  Matrix range     [7e-01, 3e+01]
  Objective range  [1e+02, 1e+04]
  Bounds range     [0e+00, 0e+00]
  RHS range        [2e-02, 6e+00]
Presolve removed 330 rows and 155 columns
Presolve time: 0.00s
Presolved: 48 rows, 96 columns, 175 nonzeros

Iteration    Objective       Primal Inf.    Dual Inf.      Time
       0    0.0000000e+00   4.420889e+01   0.000000e+00      0s
      23    2.5996042e+03   0.000000e+00   0.000000e+00      0s

Solved in 23 iterations and 0.00 seconds (0.00 work units)
Optimal objective  2.599604247e+03

User-callback calls 103, time in user-callback 0.00 sec
Gurobi Optimizer version 12.0.3 build v12.0.3rc0 (mac64[arm] - Darwin 24.6.0 24G84)

CPU model: Apple M4
Thread count: 10 physical cores, 10 logical processors, using up to 10 threads

Non-default parameters:
TimeLimit  1800
LogToConsole  0

Optimize a model with 364 rows, 251 columns and 693 nonzeros
Model fingerprint: 0xc4d139a2
Coefficient statistics:
  Matrix range     [7e-01, 5e+01]
  Objective range  [1e+02, 1e+04]
  Bounds range     [0e+00, 0e+00]
  RHS range        [2e-02, 6e+00]
Presolve removed 318 rows and 159 columns
Presolve time: 0.00s
Presolved: 46 rows, 92 columns, 178 nonzeros

Iteration    Objective       Primal Inf.    Dual Inf.      Time
       0    4.6151986e+03   4.187852e+01   0.000000e+00      0s
      24    7.0659254e+03   0.000000e+00   0.000000e+00      0s

Solved in 24 iterations and 0.00 seconds (0.00 work units)
Optimal objective  7.065925449e+03

User-callback calls 104, time in user-callback 0.00 sec
Gurobi Optimizer version 12.0.3 build v12.0.3rc0 (mac64[arm] - Darwin 24.6.0 24G84)

CPU model: Apple M4
Thread count: 10 physical cores, 10 logical processors, using up to 10 threads

Non-default parameters:
TimeLimit  1800
LogToConsole  0

Optimize a model with 360 rows, 251 columns and 685 nonzeros
Model fingerprint: 0x720de045
Coefficient statistics:
  Matrix range     [8e-01, 5e+01]
  Objective range  [1e+02, 1e+04]
  Bounds range     [0e+00, 0e+00]
  RHS range        [2e-02, 6e+00]
Presolve removed 320 rows and 166 columns
Presolve time: 0.00s
Presolved: 40 rows, 85 columns, 135 nonzeros

Iteration    Objective       Primal Inf.    Dual Inf.      Time
       0    3.7870765e+02   2.184682e+01   0.000000e+00      0s
      22    2.9660955e+03   0.000000e+00   0.000000e+00      0s

Solved in 22 iterations and 0.00 seconds (0.00 work units)
Optimal objective  2.966095519e+03

User-callback calls 105, time in user-callback 0.00 sec
Gurobi Optimizer version 12.0.3 build v12.0.3rc0 (mac64[arm] - Darwin 24.6.0 24G84)

CPU model: Apple M4
Thread count: 10 physical cores, 10 logical processors, using up to 10 threads

Non-default parameters:
TimeLimit  1800
LogToConsole  0

Optimize a model with 376 rows, 251 columns and 717 nonzeros
Model fingerprint: 0xdc33229a
Coefficient statistics:
  Matrix range     [7e-01, 5e+01]
  Objective range  [1e+02, 1e+04]
  Bounds range     [0e+00, 0e+00]
  RHS range        [2e-02, 6e+00]
Presolve removed 330 rows and 157 columns
Presolve time: 0.00s
Presolved: 46 rows, 94 columns, 165 nonzeros

Iteration    Objective       Primal Inf.    Dual Inf.      Time
       0    0.0000000e+00   2.730703e+01   0.000000e+00      0s
      24    2.6209256e+03   0.000000e+00   0.000000e+00      0s

Solved in 24 iterations and 0.00 seconds (0.00 work units)
Optimal objective  2.620925586e+03

User-callback calls 110, time in user-callback 0.00 sec
Gurobi Optimizer version 12.0.3 build v12.0.3rc0 (mac64[arm] - Darwin 24.6.0 24G84)

CPU model: Apple M4
Thread count: 10 physical cores, 10 logical processors, using up to 10 threads

Non-default parameters:
TimeLimit  1800
LogToConsole  0

Optimize a model with 368 rows, 251 columns and 701 nonzeros
Model fingerprint: 0xe6620a29
Coefficient statistics:
  Matrix range     [8e-01, 5e+01]
  Objective range  [1e+02, 1e+04]
  Bounds range     [0e+00, 0e+00]
  RHS range        [2e-02, 6e+00]
Presolve removed 323 rows and 161 columns
Presolve time: 0.00s
Presolved: 45 rows, 90 columns, 166 nonzeros

Iteration    Objective       Primal Inf.    Dual Inf.      Time
       0    5.1767972e+03   4.154916e+01   0.000000e+00      0s
      25    7.6094080e+03   0.000000e+00   0.000000e+00      0s

Solved in 25 iterations and 0.00 seconds (0.00 work units)
Optimal objective  7.609408035e+03

User-callback calls 107, time in user-callback 0.00 sec
Gurobi Optimizer version 12.0.3 build v12.0.3rc0 (mac64[arm] - Darwin 24.6.0 24G84)

CPU model: Apple M4
Thread count: 10 physical cores, 10 logical processors, using up to 10 threads

Non-default parameters:
TimeLimit  1800
LogToConsole  0

Optimize a model with 362 rows, 251 columns and 689 nonzeros
Model fingerprint: 0x8e21153f
Coefficient statistics:
  Matrix range     [7e-01, 5e+01]
  Objective range  [1e+02, 1e+04]
  Bounds range     [0e+00, 0e+00]
  RHS range        [2e-02, 6e+00]
Presolve removed 322 rows and 167 columns
Presolve time: 0.00s
Presolved: 40 rows, 84 columns, 131 nonzeros

Iteration    Objective       Primal Inf.    Dual Inf.      Time
       0    1.0562249e+03   2.556274e+01   0.000000e+00      0s
      17    3.6217574e+03   0.000000e+00   0.000000e+00      0s

Solved in 17 iterations and 0.00 seconds (0.00 work units)
Optimal objective  3.621757423e+03

User-callback calls 112, time in user-callback 0.00 sec
Gurobi Optimizer version 12.0.3 build v12.0.3rc0 (mac64[arm] - Darwin 24.6.0 24G84)

CPU model: Apple M4
Thread count: 10 physical cores, 10 logical processors, using up to 10 threads

Non-default parameters:
TimeLimit  1800
LogToConsole  0

Optimize a model with 352 rows, 251 columns and 669 nonzeros
Model fingerprint: 0xf68feab1
Coefficient statistics:
  Matrix range     [8e-01, 5e+01]
  Objective range  [1e+02, 1e+04]
  Bounds range     [0e+00, 0e+00]
  RHS range        [2e-02, 6e+00]
Presolve removed 317 rows and 177 columns
Presolve time: 0.00s
Presolved: 35 rows, 74 columns, 120 nonzeros

Iteration    Objective       Primal Inf.    Dual Inf.      Time
       0    1.6425765e+03   2.199518e+01   0.000000e+00      0s
      19    4.4902976e+03   0.000000e+00   0.000000e+00      0s

Solved in 19 iterations and 0.00 seconds (0.00 work units)
Optimal objective  4.490297650e+03

User-callback calls 109, time in user-callback 0.00 sec
Gurobi Optimizer version 12.0.3 build v12.0.3rc0 (mac64[arm] - Darwin 24.6.0 24G84)

CPU model: Apple M4
Thread count: 10 physical cores, 10 logical processors, using up to 10 threads

Non-default parameters:
TimeLimit  1800
LogToConsole  0

Optimize a model with 354 rows, 251 columns and 673 nonzeros
Model fingerprint: 0xd2a218c4
Coefficient statistics:
  Matrix range     [7e-01, 5e+01]
  Objective range  [1e+02, 1e+04]
  Bounds range     [0e+00, 0e+00]
  RHS range        [2e-02, 6e+00]
Presolve removed 319 rows and 178 columns
Presolve time: 0.00s
Presolved: 35 rows, 73 columns, 121 nonzeros

Iteration    Objective       Primal Inf.    Dual Inf.      Time
       0    4.4337841e+03   2.028115e+01   0.000000e+00      0s
      18    6.9160010e+03   0.000000e+00   0.000000e+00      0s

Solved in 18 iterations and 0.00 seconds (0.00 work units)
Optimal objective  6.916000955e+03

User-callback calls 101, time in user-callback 0.00 sec
Gurobi Optimizer version 12.0.3 build v12.0.3rc0 (mac64[arm] - Darwin 24.6.0 24G84)

CPU model: Apple M4
Thread count: 10 physical cores, 10 logical processors, using up to 10 threads

Non-default parameters:
TimeLimit  1800
LogToConsole  0

Optimize a model with 358 rows, 251 columns and 681 nonzeros
Model fingerprint: 0x3ab46b5f
Coefficient statistics:
  Matrix range     [7e-01, 3e+01]
  Objective range  [1e+02, 1e+04]
  Bounds range     [0e+00, 0e+00]
  RHS range        [2e-02, 6e+00]
Presolve removed 319 rows and 170 columns
Presolve time: 0.00s
Presolved: 39 rows, 81 columns, 138 nonzeros

Iteration    Objective       Primal Inf.    Dual Inf.      Time
       0    9.8151635e+02   3.057515e+01   0.000000e+00      0s
      19    3.5494588e+03   0.000000e+00   0.000000e+00      0s

Solved in 19 iterations and 0.00 seconds (0.00 work units)
Optimal objective  3.549458775e+03

User-callback calls 109, time in user-callback 0.00 sec
Gurobi Optimizer version 12.0.3 build v12.0.3rc0 (mac64[arm] - Darwin 24.6.0 24G84)

CPU model: Apple M4
Thread count: 10 physical cores, 10 logical processors, using up to 10 threads

Non-default parameters:
TimeLimit  1800
LogToConsole  0

Optimize a model with 374 rows, 251 columns and 713 nonzeros
Model fingerprint: 0xb74aabb9
Coefficient statistics:
  Matrix range     [7e-01, 5e+01]
  Objective range  [1e+02, 1e+04]
  Bounds range     [0e+00, 0e+00]
  RHS range        [2e-02, 6e+00]
Presolve removed 329 rows and 161 columns
Presolve time: 0.00s
Presolved: 45 rows, 90 columns, 151 nonzeros

Iteration    Objective       Primal Inf.    Dual Inf.      Time
       0    0.0000000e+00   3.330047e+01   0.000000e+00      0s
      23    2.5996042e+03   0.000000e+00   0.000000e+00      0s

Solved in 23 iterations and 0.00 seconds (0.00 work units)
Optimal objective  2.599604247e+03

User-callback calls 109, time in user-callback 0.00 sec
Gurobi Optimizer version 12.0.3 build v12.0.3rc0 (mac64[arm] - Darwin 24.6.0 24G84)

CPU model: Apple M4
Thread count: 10 physical cores, 10 logical processors, using up to 10 threads

Non-default parameters:
TimeLimit  1800
LogToConsole  0

Optimize a model with 352 rows, 251 columns and 669 nonzeros
Model fingerprint: 0xd43c261c
Coefficient statistics:
  Matrix range     [8e-01, 3e+01]
  Objective range  [1e+02, 1e+04]
  Bounds range     [0e+00, 0e+00]
  RHS range        [2e-02, 6e+00]
Presolve removed 314 rows and 171 columns
Presolve time: 0.00s
Presolved: 38 rows, 80 columns, 127 nonzeros

Iteration    Objective       Primal Inf.    Dual Inf.      Time
       0    1.2716242e+03   2.779613e+01   0.000000e+00      0s
      18    3.8302083e+03   0.000000e+00   0.000000e+00      0s

Solved in 18 iterations and 0.00 seconds (0.00 work units)
Optimal objective  3.830208343e+03

User-callback calls 114, time in user-callback 0.00 sec
Gurobi Optimizer version 12.0.3 build v12.0.3rc0 (mac64[arm] - Darwin 24.6.0 24G84)

CPU model: Apple M4
Thread count: 10 physical cores, 10 logical processors, using up to 10 threads

Non-default parameters:
TimeLimit  1800
LogToConsole  0

Optimize a model with 342 rows, 251 columns and 649 nonzeros
Model fingerprint: 0x2df677bf
Coefficient statistics:
  Matrix range     [9e-01, 3e+01]
  Objective range  [1e+02, 1e+04]
  Bounds range     [0e+00, 0e+00]
  RHS range        [2e-02, 6e+00]
Presolve removed 312 rows and 187 columns
Presolve time: 0.00s
Presolved: 30 rows, 64 columns, 108 nonzeros

Iteration    Objective       Primal Inf.    Dual Inf.      Time
       0    5.7149162e+03   1.448989e+01   0.000000e+00      0s
      16    8.2096724e+03   0.000000e+00   0.000000e+00      0s

Solved in 16 iterations and 0.00 seconds (0.00 work units)
Optimal objective  8.209672391e+03

User-callback calls 98, time in user-callback 0.00 sec
Gurobi Optimizer version 12.0.3 build v12.0.3rc0 (mac64[arm] - Darwin 24.6.0 24G84)

CPU model: Apple M4
Thread count: 10 physical cores, 10 logical processors, using up to 10 threads

Non-default parameters:
TimeLimit  1800
LogToConsole  0

Optimize a model with 376 rows, 251 columns and 717 nonzeros
Model fingerprint: 0x2c029a33
Coefficient statistics:
  Matrix range     [7e-01, 5e+01]
  Objective range  [1e+02, 1e+04]
  Bounds range     [0e+00, 0e+00]
  RHS range        [2e-02, 6e+00]
Presolve removed 325 rows and 147 columns
Presolve time: 0.00s
Presolved: 51 rows, 104 columns, 210 nonzeros

Iteration    Objective       Primal Inf.    Dual Inf.      Time
       0    0.0000000e+00   4.216796e+01   0.000000e+00      0s
      27    2.5996042e+03   0.000000e+00   0.000000e+00      0s

Solved in 27 iterations and 0.00 seconds (0.00 work units)
Optimal objective  2.599604247e+03

User-callback calls 108, time in user-callback 0.00 sec
Gurobi Optimizer version 12.0.3 build v12.0.3rc0 (mac64[arm] - Darwin 24.6.0 24G84)

CPU model: Apple M4
Thread count: 10 physical cores, 10 logical processors, using up to 10 threads

Non-default parameters:
TimeLimit  1800
LogToConsole  0

Optimize a model with 356 rows, 251 columns and 677 nonzeros
Model fingerprint: 0xa72cab90
Coefficient statistics:
  Matrix range     [8e-01, 5e+01]
  Objective range  [1e+02, 1e+04]
  Bounds range     [0e+00, 0e+00]
  RHS range        [2e-02, 6e+00]
Presolve removed 321 rows and 177 columns
Presolve time: 0.00s
Presolved: 35 rows, 74 columns, 119 nonzeros

Iteration    Objective       Primal Inf.    Dual Inf.      Time
       0    3.4665366e+03   2.588482e+01   0.000000e+00      0s
      16    5.9543171e+03   0.000000e+00   0.000000e+00      0s

Solved in 16 iterations and 0.00 seconds (0.00 work units)
Optimal objective  5.954317053e+03

User-callback calls 108, time in user-callback 0.00 sec
Gurobi Optimizer version 12.0.3 build v12.0.3rc0 (mac64[arm] - Darwin 24.6.0 24G84)

CPU model: Apple M4
Thread count: 10 physical cores, 10 logical processors, using up to 10 threads

Non-default parameters:
TimeLimit  1800
LogToConsole  0

Optimize a model with 362 rows, 251 columns and 689 nonzeros
Model fingerprint: 0x7d0047ee
Coefficient statistics:
  Matrix range     [8e-01, 5e+01]
  Objective range  [1e+02, 1e+04]
  Bounds range     [0e+00, 0e+00]
  RHS range        [2e-02, 6e+00]
Presolve removed 320 rows and 166 columns
Presolve time: 0.00s
Presolved: 42 rows, 85 columns, 151 nonzeros

Iteration    Objective       Primal Inf.    Dual Inf.      Time
       0    6.1062387e+02   2.732840e+01   0.000000e+00      0s
      21    3.1905306e+03   0.000000e+00   0.000000e+00      0s

Solved in 21 iterations and 0.00 seconds (0.00 work units)
Optimal objective  3.190530574e+03

User-callback calls 103, time in user-callback 0.00 sec
Gurobi Optimizer version 12.0.3 build v12.0.3rc0 (mac64[arm] - Darwin 24.6.0 24G84)

CPU model: Apple M4
Thread count: 10 physical cores, 10 logical processors, using up to 10 threads

Non-default parameters:
TimeLimit  1800
LogToConsole  0

Optimize a model with 360 rows, 251 columns and 685 nonzeros
Model fingerprint: 0xf3ab9feb
Coefficient statistics:
  Matrix range     [8e-01, 5e+01]
  Objective range  [1e+02, 1e+04]
  Bounds range     [0e+00, 0e+00]
  RHS range        [2e-02, 6e+00]
Presolve removed 321 rows and 170 columns
Presolve time: 0.00s
Presolved: 39 rows, 81 columns, 130 nonzeros

Iteration    Objective       Primal Inf.    Dual Inf.      Time
       0    6.5209565e+02   2.739865e+01   0.000000e+00      0s
      18    3.2306646e+03   0.000000e+00   0.000000e+00      0s

Solved in 18 iterations and 0.00 seconds (0.00 work units)
Optimal objective  3.230664555e+03

User-callback calls 107, time in user-callback 0.00 sec
Gurobi Optimizer version 12.0.3 build v12.0.3rc0 (mac64[arm] - Darwin 24.6.0 24G84)

CPU model: Apple M4
Thread count: 10 physical cores, 10 logical processors, using up to 10 threads

Non-default parameters:
TimeLimit  1800
LogToConsole  0

Optimize a model with 356 rows, 251 columns and 677 nonzeros
Model fingerprint: 0x53897588
Coefficient statistics:
  Matrix range     [7e-01, 3e+01]
  Objective range  [1e+02, 1e+04]
  Bounds range     [0e+00, 0e+00]
  RHS range        [2e-02, 6e+00]
Presolve removed 319 rows and 172 columns
Presolve time: 0.00s
Presolved: 37 rows, 79 columns, 120 nonzeros

Iteration    Objective       Primal Inf.    Dual Inf.      Time
       0    6.2702799e+03   3.382734e+01   0.000000e+00      0s
      16    8.8814761e+03   0.000000e+00   0.000000e+00      0s

Solved in 16 iterations and 0.00 seconds (0.00 work units)
Optimal objective  8.881476099e+03

User-callback calls 103, time in user-callback 0.00 sec
Gurobi Optimizer version 12.0.3 build v12.0.3rc0 (mac64[arm] - Darwin 24.6.0 24G84)

CPU model: Apple M4
Thread count: 10 physical cores, 10 logical processors, using up to 10 threads

Non-default parameters:
TimeLimit  1800
LogToConsole  0

Optimize a model with 360 rows, 251 columns and 685 nonzeros
Model fingerprint: 0x3263fa5c
Coefficient statistics:
  Matrix range     [7e-01, 5e+01]
  Objective range  [1e+02, 1e+04]
  Bounds range     [0e+00, 0e+00]
  RHS range        [1e-02, 6e+00]
Presolve removed 319 rows and 164 columns
Presolve time: 0.00s
Presolved: 41 rows, 87 columns, 127 nonzeros

Iteration    Objective       Primal Inf.    Dual Inf.      Time
       0    0.0000000e+00   1.640696e+01   0.000000e+00      0s
      19    2.4514800e+03   0.000000e+00   0.000000e+00      0s

Solved in 19 iterations and 0.00 seconds (0.00 work units)
Optimal objective  2.451480048e+03

User-callback calls 118, time in user-callback 0.00 sec
Gurobi Optimizer version 12.0.3 build v12.0.3rc0 (mac64[arm] - Darwin 24.6.0 24G84)

CPU model: Apple M4
Thread count: 10 physical cores, 10 logical processors, using up to 10 threads

Non-default parameters:
TimeLimit  1800
LogToConsole  0

Optimize a model with 352 rows, 251 columns and 669 nonzeros
Model fingerprint: 0x69ae473a
Coefficient statistics:
  Matrix range     [7e-01, 3e+01]
  Objective range  [1e+02, 1e+04]
  Bounds range     [0e+00, 0e+00]
  RHS range        [1e-02, 6e+00]
Presolve removed 316 rows and 173 columns
Presolve time: 0.00s
Presolved: 36 rows, 78 columns, 117 nonzeros

Iteration    Objective       Primal Inf.    Dual Inf.      Time
       0    1.3974812e+03   2.462884e+01   0.000000e+00      0s
      16    3.8215313e+03   0.000000e+00   0.000000e+00      0s

Solved in 16 iterations and 0.00 seconds (0.00 work units)
Optimal objective  3.821531285e+03

User-callback calls 113, time in user-callback 0.00 sec
Gurobi Optimizer version 12.0.3 build v12.0.3rc0 (mac64[arm] - Darwin 24.6.0 24G84)

CPU model: Apple M4
Thread count: 10 physical cores, 10 logical processors, using up to 10 threads

Non-default parameters:
TimeLimit  1800
LogToConsole  0

Optimize a model with 352 rows, 251 columns and 669 nonzeros
Model fingerprint: 0x79e5e9cf
Coefficient statistics:
  Matrix range     [7e-01, 3e+01]
  Objective range  [1e+02, 1e+04]
  Bounds range     [0e+00, 0e+00]
  RHS range        [1e-02, 6e+00]
Presolve removed 315 rows and 173 columns
Presolve time: 0.00s
Presolved: 37 rows, 78 columns, 129 nonzeros

Iteration    Objective       Primal Inf.    Dual Inf.      Time
       0    7.6928521e+02   2.435508e+01   0.000000e+00      0s
      16    3.1854098e+03   0.000000e+00   0.000000e+00      0s

Solved in 16 iterations and 0.00 seconds (0.00 work units)
Optimal objective  3.185409845e+03

User-callback calls 101, time in user-callback 0.00 sec
Gurobi Optimizer version 12.0.3 build v12.0.3rc0 (mac64[arm] - Darwin 24.6.0 24G84)

CPU model: Apple M4
Thread count: 10 physical cores, 10 logical processors, using up to 10 threads

Non-default parameters:
TimeLimit  1800
LogToConsole  0

Optimize a model with 378 rows, 251 columns and 721 nonzeros
Model fingerprint: 0xd5c86669
Coefficient statistics:
  Matrix range     [7e-01, 3e+01]
  Objective range  [1e+02, 1e+04]
  Bounds range     [0e+00, 0e+00]
  RHS range        [1e-02, 6e+00]
Presolve removed 330 rows and 155 columns
Presolve time: 0.00s
Presolved: 48 rows, 96 columns, 175 nonzeros

Iteration    Objective       Primal Inf.    Dual Inf.      Time
       0    0.0000000e+00   4.409730e+01   0.000000e+00      0s
      22    2.4409403e+03   0.000000e+00   0.000000e+00      0s

Solved in 22 iterations and 0.00 seconds (0.00 work units)
Optimal objective  2.440940289e+03

User-callback calls 102, time in user-callback 0.00 sec
Gurobi Optimizer version 12.0.3 build v12.0.3rc0 (mac64[arm] - Darwin 24.6.0 24G84)

CPU model: Apple M4
Thread count: 10 physical cores, 10 logical processors, using up to 10 threads

Non-default parameters:
TimeLimit  1800
LogToConsole  0

Optimize a model with 364 rows, 251 columns and 693 nonzeros
Model fingerprint: 0x6856c5c1
Coefficient statistics:
  Matrix range     [7e-01, 5e+01]
  Objective range  [1e+02, 1e+04]
  Bounds range     [0e+00, 0e+00]
  RHS range        [1e-02, 6e+00]
Presolve removed 318 rows and 159 columns
Presolve time: 0.00s
Presolved: 46 rows, 92 columns, 178 nonzeros

Iteration    Objective       Primal Inf.    Dual Inf.      Time
       0    4.3985699e+03   4.185235e+01   0.000000e+00      0s
      25    6.6976208e+03   0.000000e+00   0.000000e+00      0s

Solved in 25 iterations and 0.00 seconds (0.00 work units)
Optimal objective  6.697620824e+03

User-callback calls 106, time in user-callback 0.00 sec
Gurobi Optimizer version 12.0.3 build v12.0.3rc0 (mac64[arm] - Darwin 24.6.0 24G84)

CPU model: Apple M4
Thread count: 10 physical cores, 10 logical processors, using up to 10 threads

Non-default parameters:
TimeLimit  1800
LogToConsole  0

Optimize a model with 360 rows, 251 columns and 685 nonzeros
Model fingerprint: 0x353fb298
Coefficient statistics:
  Matrix range     [8e-01, 5e+01]
  Objective range  [1e+02, 1e+04]
  Bounds range     [0e+00, 0e+00]
  RHS range        [1e-02, 6e+00]
Presolve removed 320 rows and 166 columns
Presolve time: 0.00s
Presolved: 40 rows, 85 columns, 135 nonzeros

Iteration    Objective       Primal Inf.    Dual Inf.      Time
       0    3.3714687e+02   2.143373e+01   0.000000e+00      0s
      22    2.7801890e+03   0.000000e+00   0.000000e+00      0s

Solved in 22 iterations and 0.00 seconds (0.00 work units)
Optimal objective  2.780189021e+03

User-callback calls 105, time in user-callback 0.00 sec
Gurobi Optimizer version 12.0.3 build v12.0.3rc0 (mac64[arm] - Darwin 24.6.0 24G84)

CPU model: Apple M4
Thread count: 10 physical cores, 10 logical processors, using up to 10 threads

Non-default parameters:
TimeLimit  1800
LogToConsole  0

Optimize a model with 376 rows, 251 columns and 717 nonzeros
Model fingerprint: 0xa297aa00
Coefficient statistics:
  Matrix range     [7e-01, 5e+01]
  Objective range  [1e+02, 1e+04]
  Bounds range     [0e+00, 0e+00]
  RHS range        [1e-02, 6e+00]
Presolve removed 330 rows and 157 columns
Presolve time: 0.00s
Presolved: 46 rows, 94 columns, 165 nonzeros

Iteration    Objective       Primal Inf.    Dual Inf.      Time
       0    0.0000000e+00   2.753473e+01   0.000000e+00      0s
      24    2.4564634e+03   0.000000e+00   0.000000e+00      0s

Solved in 24 iterations and 0.00 seconds (0.00 work units)
Optimal objective  2.456463365e+03

User-callback calls 110, time in user-callback 0.00 sec
Gurobi Optimizer version 12.0.3 build v12.0.3rc0 (mac64[arm] - Darwin 24.6.0 24G84)

CPU model: Apple M4
Thread count: 10 physical cores, 10 logical processors, using up to 10 threads

Non-default parameters:
TimeLimit  1800
LogToConsole  0

Optimize a model with 368 rows, 251 columns and 701 nonzeros
Model fingerprint: 0x9f274dad
Coefficient statistics:
  Matrix range     [8e-01, 5e+01]
  Objective range  [1e+02, 1e+04]
  Bounds range     [0e+00, 0e+00]
  RHS range        [1e-02, 6e+00]
Presolve removed 323 rows and 161 columns
Presolve time: 0.00s
Presolved: 45 rows, 90 columns, 166 nonzeros

Iteration    Objective       Primal Inf.    Dual Inf.      Time
       0    5.4346192e+03   4.160795e+01   0.000000e+00      0s
      27    7.7002492e+03   0.000000e+00   0.000000e+00      0s

Solved in 27 iterations and 0.00 seconds (0.00 work units)
Optimal objective  7.700249178e+03

User-callback calls 110, time in user-callback 0.00 sec
Gurobi Optimizer version 12.0.3 build v12.0.3rc0 (mac64[arm] - Darwin 24.6.0 24G84)

CPU model: Apple M4
Thread count: 10 physical cores, 10 logical processors, using up to 10 threads

Non-default parameters:
TimeLimit  1800
LogToConsole  0

Optimize a model with 362 rows, 251 columns and 689 nonzeros
Model fingerprint: 0x779b61aa
Coefficient statistics:
  Matrix range     [7e-01, 5e+01]
  Objective range  [1e+02, 1e+04]
  Bounds range     [0e+00, 0e+00]
  RHS range        [1e-02, 6e+00]
Presolve removed 322 rows and 167 columns
Presolve time: 0.00s
Presolved: 40 rows, 84 columns, 131 nonzeros

Iteration    Objective       Primal Inf.    Dual Inf.      Time
       0    9.8005938e+02   2.531716e+01   0.000000e+00      0s
      17    3.3893848e+03   0.000000e+00   0.000000e+00      0s

Solved in 17 iterations and 0.00 seconds (0.00 work units)
Optimal objective  3.389384849e+03

User-callback calls 112, time in user-callback 0.00 sec
Gurobi Optimizer version 12.0.3 build v12.0.3rc0 (mac64[arm] - Darwin 24.6.0 24G84)

CPU model: Apple M4
Thread count: 10 physical cores, 10 logical processors, using up to 10 threads

Non-default parameters:
TimeLimit  1800
LogToConsole  0

Optimize a model with 352 rows, 251 columns and 669 nonzeros
Model fingerprint: 0x635a3eee
Coefficient statistics:
  Matrix range     [8e-01, 5e+01]
  Objective range  [1e+02, 1e+04]
  Bounds range     [0e+00, 0e+00]
  RHS range        [1e-02, 6e+00]
Presolve removed 317 rows and 177 columns
Presolve time: 0.00s
Presolved: 35 rows, 74 columns, 120 nonzeros

Iteration    Objective       Primal Inf.    Dual Inf.      Time
       0    1.5031107e+03   2.177330e+01   0.000000e+00      0s
      19    4.0509460e+03   0.000000e+00   0.000000e+00      0s

Solved in 19 iterations and 0.00 seconds (0.00 work units)
Optimal objective  4.050945986e+03

User-callback calls 109, time in user-callback 0.00 sec
Gurobi Optimizer version 12.0.3 build v12.0.3rc0 (mac64[arm] - Darwin 24.6.0 24G84)

CPU model: Apple M4
Thread count: 10 physical cores, 10 logical processors, using up to 10 threads

Non-default parameters:
TimeLimit  1800
LogToConsole  0

Optimize a model with 354 rows, 251 columns and 673 nonzeros
Model fingerprint: 0x1da8c384
Coefficient statistics:
  Matrix range     [7e-01, 5e+01]
  Objective range  [1e+02, 1e+04]
  Bounds range     [0e+00, 0e+00]
  RHS range        [1e-02, 6e+00]
Presolve removed 319 rows and 178 columns
Presolve time: 0.00s
Presolved: 35 rows, 73 columns, 121 nonzeros

Iteration    Objective       Primal Inf.    Dual Inf.      Time
       0    4.2384659e+03   2.000393e+01   0.000000e+00      0s
      18    6.5860500e+03   0.000000e+00   0.000000e+00      0s

Solved in 18 iterations and 0.00 seconds (0.00 work units)
Optimal objective  6.586049992e+03

User-callback calls 101, time in user-callback 0.00 sec
Gurobi Optimizer version 12.0.3 build v12.0.3rc0 (mac64[arm] - Darwin 24.6.0 24G84)

CPU model: Apple M4
Thread count: 10 physical cores, 10 logical processors, using up to 10 threads

Non-default parameters:
TimeLimit  1800
LogToConsole  0

Optimize a model with 358 rows, 251 columns and 681 nonzeros
Model fingerprint: 0xb7ba847b
Coefficient statistics:
  Matrix range     [7e-01, 3e+01]
  Objective range  [1e+02, 1e+04]
  Bounds range     [0e+00, 0e+00]
  RHS range        [1e-02, 6e+00]
Presolve removed 319 rows and 170 columns
Presolve time: 0.00s
Presolved: 39 rows, 81 columns, 138 nonzeros

Iteration    Objective       Primal Inf.    Dual Inf.      Time
       0    9.2334576e+02   3.050624e+01   0.000000e+00      0s
      19    3.3389147e+03   0.000000e+00   0.000000e+00      0s

Solved in 19 iterations and 0.00 seconds (0.00 work units)
Optimal objective  3.338914664e+03

User-callback calls 109, time in user-callback 0.00 sec
Gurobi Optimizer version 12.0.3 build v12.0.3rc0 (mac64[arm] - Darwin 24.6.0 24G84)

CPU model: Apple M4
Thread count: 10 physical cores, 10 logical processors, using up to 10 threads

Non-default parameters:
TimeLimit  1800
LogToConsole  0

Optimize a model with 374 rows, 251 columns and 713 nonzeros
Model fingerprint: 0x9b2f0f93
Coefficient statistics:
  Matrix range     [7e-01, 5e+01]
  Objective range  [1e+02, 1e+04]
  Bounds range     [0e+00, 0e+00]
  RHS range        [1e-02, 6e+00]
Presolve removed 329 rows and 161 columns
Presolve time: 0.00s
Presolved: 45 rows, 90 columns, 151 nonzeros

Iteration    Objective       Primal Inf.    Dual Inf.      Time
       0    0.0000000e+00   3.274595e+01   0.000000e+00      0s
      23    2.4409403e+03   0.000000e+00   0.000000e+00      0s

Solved in 23 iterations and 0.00 seconds (0.00 work units)
Optimal objective  2.440940289e+03

User-callback calls 109, time in user-callback 0.00 sec
Gurobi Optimizer version 12.0.3 build v12.0.3rc0 (mac64[arm] - Darwin 24.6.0 24G84)

CPU model: Apple M4
Thread count: 10 physical cores, 10 logical processors, using up to 10 threads

Non-default parameters:
TimeLimit  1800
LogToConsole  0

Optimize a model with 352 rows, 251 columns and 669 nonzeros
Model fingerprint: 0x3935b6b4
Coefficient statistics:
  Matrix range     [8e-01, 3e+01]
  Objective range  [1e+02, 1e+04]
  Bounds range     [0e+00, 0e+00]
  RHS range        [1e-02, 6e+00]
Presolve removed 314 rows and 171 columns
Presolve time: 0.00s
Presolved: 38 rows, 80 columns, 127 nonzeros

Iteration    Objective       Primal Inf.    Dual Inf.      Time
       0    1.2137298e+03   2.774615e+01   0.000000e+00      0s
      18    3.6155175e+03   0.000000e+00   0.000000e+00      0s

Solved in 18 iterations and 0.00 seconds (0.00 work units)
Optimal objective  3.615517520e+03

User-callback calls 114, time in user-callback 0.00 sec
Gurobi Optimizer version 12.0.3 build v12.0.3rc0 (mac64[arm] - Darwin 24.6.0 24G84)

CPU model: Apple M4
Thread count: 10 physical cores, 10 logical processors, using up to 10 threads

Non-default parameters:
TimeLimit  1800
LogToConsole  0

Optimize a model with 342 rows, 251 columns and 649 nonzeros
Model fingerprint: 0x6e54396d
Coefficient statistics:
  Matrix range     [9e-01, 3e+01]
  Objective range  [1e+02, 1e+04]
  Bounds range     [0e+00, 0e+00]
  RHS range        [1e-02, 6e+00]
Presolve removed 312 rows and 187 columns
Presolve time: 0.00s
Presolved: 30 rows, 64 columns, 108 nonzeros

Iteration    Objective       Primal Inf.    Dual Inf.      Time
       0    5.3221176e+03   1.492247e+01   0.000000e+00      0s
      15    7.6855845e+03   0.000000e+00   0.000000e+00      0s

Solved in 15 iterations and 0.00 seconds (0.00 work units)
Optimal objective  7.685584523e+03

User-callback calls 97, time in user-callback 0.00 sec
Gurobi Optimizer version 12.0.3 build v12.0.3rc0 (mac64[arm] - Darwin 24.6.0 24G84)

CPU model: Apple M4
Thread count: 10 physical cores, 10 logical processors, using up to 10 threads

Non-default parameters:
TimeLimit  1800
LogToConsole  0

Optimize a model with 376 rows, 251 columns and 717 nonzeros
Model fingerprint: 0xac464e8e
Coefficient statistics:
  Matrix range     [7e-01, 5e+01]
  Objective range  [1e+02, 1e+04]
  Bounds range     [0e+00, 0e+00]
  RHS range        [1e-02, 6e+00]
Presolve removed 325 rows and 147 columns
Presolve time: 0.00s
Presolved: 51 rows, 104 columns, 210 nonzeros

Iteration    Objective       Primal Inf.    Dual Inf.      Time
       0    0.0000000e+00   4.213446e+01   0.000000e+00      0s
      28    2.4409403e+03   0.000000e+00   0.000000e+00      0s

Solved in 28 iterations and 0.00 seconds (0.00 work units)
Optimal objective  2.440940289e+03

User-callback calls 109, time in user-callback 0.00 sec
Gurobi Optimizer version 12.0.3 build v12.0.3rc0 (mac64[arm] - Darwin 24.6.0 24G84)

CPU model: Apple M4
Thread count: 10 physical cores, 10 logical processors, using up to 10 threads

Non-default parameters:
TimeLimit  1800
LogToConsole  0

Optimize a model with 356 rows, 251 columns and 677 nonzeros
Model fingerprint: 0xb688ea1d
Coefficient statistics:
  Matrix range     [8e-01, 5e+01]
  Objective range  [1e+02, 1e+04]
  Bounds range     [0e+00, 0e+00]
  RHS range        [1e-02, 6e+00]
Presolve removed 321 rows and 177 columns
Presolve time: 0.00s
Presolved: 35 rows, 74 columns, 119 nonzeros

Iteration    Objective       Primal Inf.    Dual Inf.      Time
       0    3.2470709e+03   2.681011e+01   0.000000e+00      0s
      16    5.5832670e+03   0.000000e+00   0.000000e+00      0s

Solved in 16 iterations and 0.00 seconds (0.00 work units)
Optimal objective  5.583266986e+03

User-callback calls 108, time in user-callback 0.00 sec
Gurobi Optimizer version 12.0.3 build v12.0.3rc0 (mac64[arm] - Darwin 24.6.0 24G84)

CPU model: Apple M4
Thread count: 10 physical cores, 10 logical processors, using up to 10 threads

Non-default parameters:
TimeLimit  1800
LogToConsole  0

Optimize a model with 362 rows, 251 columns and 689 nonzeros
Model fingerprint: 0xe662d5e0
Coefficient statistics:
  Matrix range     [8e-01, 5e+01]
  Objective range  [1e+02, 1e+04]
  Bounds range     [0e+00, 0e+00]
  RHS range        [1e-02, 6e+00]
Presolve removed 320 rows and 166 columns
Presolve time: 0.00s
Presolved: 42 rows, 85 columns, 151 nonzeros

Iteration    Objective       Primal Inf.    Dual Inf.      Time
       0    5.3776786e+02   2.852165e+01   0.000000e+00      0s
      21    2.9613608e+03   0.000000e+00   0.000000e+00      0s

Solved in 21 iterations and 0.00 seconds (0.00 work units)
Optimal objective  2.961360795e+03

User-callback calls 104, time in user-callback 0.00 sec
Gurobi Optimizer version 12.0.3 build v12.0.3rc0 (mac64[arm] - Darwin 24.6.0 24G84)

CPU model: Apple M4
Thread count: 10 physical cores, 10 logical processors, using up to 10 threads

Non-default parameters:
TimeLimit  1800
LogToConsole  0

Optimize a model with 360 rows, 251 columns and 685 nonzeros
Model fingerprint: 0x4fd2b185
Coefficient statistics:
  Matrix range     [8e-01, 5e+01]
  Objective range  [1e+02, 1e+04]
  Bounds range     [0e+00, 0e+00]
  RHS range        [1e-02, 6e+00]
Presolve removed 321 rows and 170 columns
Presolve time: 0.00s
Presolved: 39 rows, 81 columns, 130 nonzeros

Iteration    Objective       Primal Inf.    Dual Inf.      Time
       0    6.7266027e+02   2.695334e+01   0.000000e+00      0s
      18    3.0919018e+03   0.000000e+00   0.000000e+00      0s

Solved in 18 iterations and 0.00 seconds (0.00 work units)
Optimal objective  3.091901843e+03

User-callback calls 107, time in user-callback 0.00 sec
Gurobi Optimizer version 12.0.3 build v12.0.3rc0 (mac64[arm] - Darwin 24.6.0 24G84)

CPU model: Apple M4
Thread count: 10 physical cores, 10 logical processors, using up to 10 threads

Non-default parameters:
TimeLimit  1800
LogToConsole  0

Optimize a model with 356 rows, 251 columns and 677 nonzeros
Model fingerprint: 0xeb66ffbf
Coefficient statistics:
  Matrix range     [7e-01, 3e+01]
  Objective range  [1e+02, 1e+04]
  Bounds range     [0e+00, 0e+00]
  RHS range        [1e-02, 6e+00]
Presolve removed 319 rows and 172 columns
Presolve time: 0.00s
Presolved: 37 rows, 79 columns, 120 nonzeros

Iteration    Objective       Primal Inf.    Dual Inf.      Time
       0    5.8662493e+03   3.403272e+01   0.000000e+00      0s
      16    8.2897453e+03   0.000000e+00   0.000000e+00      0s

Solved in 16 iterations and 0.00 seconds (0.00 work units)
Optimal objective  8.289745296e+03

User-callback calls 103, time in user-callback 0.00 sec
Gurobi Optimizer version 12.0.3 build v12.0.3rc0 (mac64[arm] - Darwin 24.6.0 24G84)

CPU model: Apple M4
Thread count: 10 physical cores, 10 logical processors, using up to 10 threads

Non-default parameters:
TimeLimit  1800
LogToConsole  0

Optimize a model with 360 rows, 251 columns and 685 nonzeros
Model fingerprint: 0x2af4fe08
Coefficient statistics:
  Matrix range     [7e-01, 5e+01]
  Objective range  [1e+02, 1e+04]
  Bounds range     [0e+00, 0e+00]
  RHS range        [2e-02, 6e+00]
Presolve removed 319 rows and 164 columns
Presolve time: 0.00s
Presolved: 41 rows, 87 columns, 127 nonzeros

Iteration    Objective       Primal Inf.    Dual Inf.      Time
       0    0.0000000e+00   1.623941e+01   0.000000e+00      0s
      20    2.5369732e+03   0.000000e+00   0.000000e+00      0s

Solved in 20 iterations and 0.00 seconds (0.00 work units)
Optimal objective  2.536973225e+03

User-callback calls 119, time in user-callback 0.00 sec
Gurobi Optimizer version 12.0.3 build v12.0.3rc0 (mac64[arm] - Darwin 24.6.0 24G84)

CPU model: Apple M4
Thread count: 10 physical cores, 10 logical processors, using up to 10 threads

Non-default parameters:
TimeLimit  1800
LogToConsole  0

Optimize a model with 352 rows, 251 columns and 669 nonzeros
Model fingerprint: 0x91a436c6
Coefficient statistics:
  Matrix range     [7e-01, 3e+01]
  Objective range  [1e+02, 1e+04]
  Bounds range     [0e+00, 0e+00]
  RHS range        [2e-02, 6e+00]
Presolve removed 316 rows and 173 columns
Presolve time: 0.00s
Presolved: 36 rows, 78 columns, 117 nonzeros

Iteration    Objective       Primal Inf.    Dual Inf.      Time
       0    1.3429046e+03   2.474515e+01   0.000000e+00      0s
      16    3.8819548e+03   0.000000e+00   0.000000e+00      0s

Solved in 16 iterations and 0.00 seconds (0.00 work units)
Optimal objective  3.881954785e+03

User-callback calls 113, time in user-callback 0.00 sec
Gurobi Optimizer version 12.0.3 build v12.0.3rc0 (mac64[arm] - Darwin 24.6.0 24G84)

CPU model: Apple M4
Thread count: 10 physical cores, 10 logical processors, using up to 10 threads

Non-default parameters:
TimeLimit  1800
LogToConsole  0

Optimize a model with 352 rows, 251 columns and 669 nonzeros
Model fingerprint: 0xa6b878c9
Coefficient statistics:
  Matrix range     [7e-01, 3e+01]
  Objective range  [1e+02, 1e+04]
  Bounds range     [0e+00, 0e+00]
  RHS range        [2e-02, 6e+00]
Presolve removed 315 rows and 173 columns
Presolve time: 0.00s
Presolved: 37 rows, 78 columns, 129 nonzeros

Iteration    Objective       Primal Inf.    Dual Inf.      Time
       0    7.5977199e+02   2.426608e+01   0.000000e+00      0s
      16    3.2722364e+03   0.000000e+00   0.000000e+00      0s

Solved in 16 iterations and 0.00 seconds (0.00 work units)
Optimal objective  3.272236440e+03

User-callback calls 101, time in user-callback 0.00 sec
Gurobi Optimizer version 12.0.3 build v12.0.3rc0 (mac64[arm] - Darwin 24.6.0 24G84)

CPU model: Apple M4
Thread count: 10 physical cores, 10 logical processors, using up to 10 threads

Non-default parameters:
TimeLimit  1800
LogToConsole  0

Optimize a model with 378 rows, 251 columns and 721 nonzeros
Model fingerprint: 0x336ce7b6
Coefficient statistics:
  Matrix range     [7e-01, 3e+01]
  Objective range  [1e+02, 1e+04]
  Bounds range     [0e+00, 0e+00]
  RHS range        [2e-02, 6e+00]
Presolve removed 330 rows and 155 columns
Presolve time: 0.00s
Presolved: 48 rows, 96 columns, 175 nonzeros

Iteration    Objective       Primal Inf.    Dual Inf.      Time
       0    0.0000000e+00   4.422956e+01   0.000000e+00      0s
      23    2.5369732e+03   0.000000e+00   0.000000e+00      0s

Solved in 23 iterations and 0.00 seconds (0.00 work units)
Optimal objective  2.536973225e+03

User-callback calls 103, time in user-callback 0.00 sec
Gurobi Optimizer version 12.0.3 build v12.0.3rc0 (mac64[arm] - Darwin 24.6.0 24G84)

CPU model: Apple M4
Thread count: 10 physical cores, 10 logical processors, using up to 10 threads

Non-default parameters:
TimeLimit  1800
LogToConsole  0

Optimize a model with 364 rows, 251 columns and 693 nonzeros
Model fingerprint: 0x34bf442f
Coefficient statistics:
  Matrix range     [7e-01, 5e+01]
  Objective range  [1e+02, 1e+04]
  Bounds range     [0e+00, 0e+00]
  RHS range        [2e-02, 6e+00]
Presolve removed 318 rows and 159 columns
Presolve time: 0.00s
Presolved: 46 rows, 92 columns, 178 nonzeros

Iteration    Objective       Primal Inf.    Dual Inf.      Time
       0    4.7186405e+03   4.177636e+01   0.000000e+00      0s
      24    7.1033995e+03   0.000000e+00   0.000000e+00      0s

Solved in 24 iterations and 0.00 seconds (0.00 work units)
Optimal objective  7.103399472e+03

User-callback calls 104, time in user-callback 0.00 sec
Gurobi Optimizer version 12.0.3 build v12.0.3rc0 (mac64[arm] - Darwin 24.6.0 24G84)

CPU model: Apple M4
Thread count: 10 physical cores, 10 logical processors, using up to 10 threads

Non-default parameters:
TimeLimit  1800
LogToConsole  0

Optimize a model with 360 rows, 251 columns and 685 nonzeros
Model fingerprint: 0x200cb9af
Coefficient statistics:
  Matrix range     [8e-01, 5e+01]
  Objective range  [1e+02, 1e+04]
  Bounds range     [0e+00, 0e+00]
  RHS range        [2e-02, 6e+00]
Presolve removed 320 rows and 166 columns
Presolve time: 0.00s
Presolved: 40 rows, 85 columns, 135 nonzeros

Iteration    Objective       Primal Inf.    Dual Inf.      Time
       0    3.2826547e+02   2.160548e+01   0.000000e+00      0s
      23    2.8546495e+03   0.000000e+00   0.000000e+00      0s

Solved in 23 iterations and 0.00 seconds (0.00 work units)
Optimal objective  2.854649487e+03

User-callback calls 106, time in user-callback 0.00 sec
Gurobi Optimizer version 12.0.3 build v12.0.3rc0 (mac64[arm] - Darwin 24.6.0 24G84)

CPU model: Apple M4
Thread count: 10 physical cores, 10 logical processors, using up to 10 threads

Non-default parameters:
TimeLimit  1800
LogToConsole  0

Optimize a model with 376 rows, 251 columns and 717 nonzeros
Model fingerprint: 0x36f52ff1
Coefficient statistics:
  Matrix range     [7e-01, 5e+01]
  Objective range  [1e+02, 1e+04]
  Bounds range     [0e+00, 0e+00]
  RHS range        [2e-02, 6e+00]
Presolve removed 330 rows and 157 columns
Presolve time: 0.00s
Presolved: 46 rows, 94 columns, 165 nonzeros

Iteration    Objective       Primal Inf.    Dual Inf.      Time
       0    0.0000000e+00   2.737197e+01   0.000000e+00      0s
      24    2.5471981e+03   0.000000e+00   0.000000e+00      0s

Solved in 24 iterations and 0.00 seconds (0.00 work units)
Optimal objective  2.547198099e+03

User-callback calls 110, time in user-callback 0.00 sec
Gurobi Optimizer version 12.0.3 build v12.0.3rc0 (mac64[arm] - Darwin 24.6.0 24G84)

CPU model: Apple M4
Thread count: 10 physical cores, 10 logical processors, using up to 10 threads

Non-default parameters:
TimeLimit  1800
LogToConsole  0

Optimize a model with 368 rows, 251 columns and 701 nonzeros
Model fingerprint: 0xd38c6c2e
Coefficient statistics:
  Matrix range     [8e-01, 5e+01]
  Objective range  [1e+02, 1e+04]
  Bounds range     [0e+00, 0e+00]
  RHS range        [2e-02, 6e+00]
Presolve removed 323 rows and 161 columns
Presolve time: 0.00s
Presolved: 45 rows, 90 columns, 166 nonzeros

Iteration    Objective       Primal Inf.    Dual Inf.      Time
       0    5.0162982e+03   4.148534e+01   0.000000e+00      0s
      25    7.3914553e+03   0.000000e+00   0.000000e+00      0s

Solved in 25 iterations and 0.00 seconds (0.00 work units)
Optimal objective  7.391455343e+03

User-callback calls 107, time in user-callback 0.00 sec
Gurobi Optimizer version 12.0.3 build v12.0.3rc0 (mac64[arm] - Darwin 24.6.0 24G84)

CPU model: Apple M4
Thread count: 10 physical cores, 10 logical processors, using up to 10 threads

Non-default parameters:
TimeLimit  1800
LogToConsole  0

Optimize a model with 362 rows, 251 columns and 689 nonzeros
Model fingerprint: 0x93fc87ee
Coefficient statistics:
  Matrix range     [7e-01, 5e+01]
  Objective range  [1e+02, 1e+04]
  Bounds range     [0e+00, 0e+00]
  RHS range        [2e-02, 6e+00]
Presolve removed 322 rows and 167 columns
Presolve time: 0.00s
Presolved: 40 rows, 84 columns, 131 nonzeros

Iteration    Objective       Primal Inf.    Dual Inf.      Time
       0    9.6945425e+02   2.548525e+01   0.000000e+00      0s
      17    3.4751548e+03   0.000000e+00   0.000000e+00      0s

Solved in 17 iterations and 0.00 seconds (0.00 work units)
Optimal objective  3.475154762e+03

User-callback calls 112, time in user-callback 0.00 sec
Gurobi Optimizer version 12.0.3 build v12.0.3rc0 (mac64[arm] - Darwin 24.6.0 24G84)

CPU model: Apple M4
Thread count: 10 physical cores, 10 logical processors, using up to 10 threads

Non-default parameters:
TimeLimit  1800
LogToConsole  0

Optimize a model with 352 rows, 251 columns and 669 nonzeros
Model fingerprint: 0xe833974d
Coefficient statistics:
  Matrix range     [8e-01, 5e+01]
  Objective range  [1e+02, 1e+04]
  Bounds range     [0e+00, 0e+00]
  RHS range        [2e-02, 6e+00]
Presolve removed 317 rows and 177 columns
Presolve time: 0.00s
Presolved: 35 rows, 74 columns, 120 nonzeros

Iteration    Objective       Primal Inf.    Dual Inf.      Time
       0    1.4482924e+03   2.190321e+01   0.000000e+00      0s
      19    4.1555806e+03   0.000000e+00   0.000000e+00      0s

Solved in 19 iterations and 0.00 seconds (0.00 work units)
Optimal objective  4.155580591e+03

User-callback calls 109, time in user-callback 0.00 sec
Gurobi Optimizer version 12.0.3 build v12.0.3rc0 (mac64[arm] - Darwin 24.6.0 24G84)

CPU model: Apple M4
Thread count: 10 physical cores, 10 logical processors, using up to 10 threads

Non-default parameters:
TimeLimit  1800
LogToConsole  0

Optimize a model with 354 rows, 251 columns and 673 nonzeros
Model fingerprint: 0xeae6a8b3
Coefficient statistics:
  Matrix range     [7e-01, 5e+01]
  Objective range  [1e+02, 1e+04]
  Bounds range     [0e+00, 0e+00]
  RHS range        [2e-02, 6e+00]
Presolve removed 319 rows and 178 columns
Presolve time: 0.00s
Presolved: 35 rows, 73 columns, 121 nonzeros

Iteration    Objective       Primal Inf.    Dual Inf.      Time
       0    4.6090727e+03   2.006191e+01   0.000000e+00      0s
      18    7.0261532e+03   0.000000e+00   0.000000e+00      0s

Solved in 18 iterations and 0.00 seconds (0.00 work units)
Optimal objective  7.026153235e+03

User-callback calls 101, time in user-callback 0.00 sec
Gurobi Optimizer version 12.0.3 build v12.0.3rc0 (mac64[arm] - Darwin 24.6.0 24G84)

CPU model: Apple M4
Thread count: 10 physical cores, 10 logical processors, using up to 10 threads

Non-default parameters:
TimeLimit  1800
LogToConsole  0

Optimize a model with 358 rows, 251 columns and 681 nonzeros
Model fingerprint: 0x4f5f07c0
Coefficient statistics:
  Matrix range     [7e-01, 3e+01]
  Objective range  [1e+02, 1e+04]
  Bounds range     [0e+00, 0e+00]
  RHS range        [2e-02, 6e+00]
Presolve removed 319 rows and 170 columns
Presolve time: 0.00s
Presolved: 39 rows, 81 columns, 138 nonzeros

Iteration    Objective       Primal Inf.    Dual Inf.      Time
       0    9.5354535e+02   3.042678e+01   0.000000e+00      0s
      19    3.4597590e+03   0.000000e+00   0.000000e+00      0s

Solved in 19 iterations and 0.00 seconds (0.00 work units)
Optimal objective  3.459759045e+03

User-callback calls 109, time in user-callback 0.00 sec
Gurobi Optimizer version 12.0.3 build v12.0.3rc0 (mac64[arm] - Darwin 24.6.0 24G84)

CPU model: Apple M4
Thread count: 10 physical cores, 10 logical processors, using up to 10 threads

Non-default parameters:
TimeLimit  1800
LogToConsole  0

Optimize a model with 374 rows, 251 columns and 713 nonzeros
Model fingerprint: 0xabcb21c1
Coefficient statistics:
  Matrix range     [7e-01, 5e+01]
  Objective range  [1e+02, 1e+04]
  Bounds range     [0e+00, 0e+00]
  RHS range        [2e-02, 6e+00]
Presolve removed 329 rows and 161 columns
Presolve time: 0.00s
Presolved: 45 rows, 90 columns, 151 nonzeros

Iteration    Objective       Primal Inf.    Dual Inf.      Time
       0    0.0000000e+00   3.306319e+01   0.000000e+00      0s
      23    2.5369732e+03   0.000000e+00   0.000000e+00      0s

Solved in 23 iterations and 0.00 seconds (0.00 work units)
Optimal objective  2.536973225e+03

User-callback calls 109, time in user-callback 0.00 sec
Gurobi Optimizer version 12.0.3 build v12.0.3rc0 (mac64[arm] - Darwin 24.6.0 24G84)

CPU model: Apple M4
Thread count: 10 physical cores, 10 logical processors, using up to 10 threads

Non-default parameters:
TimeLimit  1800
LogToConsole  0

Optimize a model with 352 rows, 251 columns and 669 nonzeros
Model fingerprint: 0x95f4874f
Coefficient statistics:
  Matrix range     [8e-01, 3e+01]
  Objective range  [1e+02, 1e+04]
  Bounds range     [0e+00, 0e+00]
  RHS range        [2e-02, 6e+00]
Presolve removed 314 rows and 171 columns
Presolve time: 0.00s
Presolved: 38 rows, 80 columns, 127 nonzeros

Iteration    Objective       Primal Inf.    Dual Inf.      Time
       0    1.2864424e+03   2.762625e+01   0.000000e+00      0s
      18    3.7819175e+03   0.000000e+00   0.000000e+00      0s

Solved in 18 iterations and 0.00 seconds (0.00 work units)
Optimal objective  3.781917526e+03

User-callback calls 114, time in user-callback 0.00 sec
Gurobi Optimizer version 12.0.3 build v12.0.3rc0 (mac64[arm] - Darwin 24.6.0 24G84)

CPU model: Apple M4
Thread count: 10 physical cores, 10 logical processors, using up to 10 threads

Non-default parameters:
TimeLimit  1800
LogToConsole  0

Optimize a model with 342 rows, 251 columns and 649 nonzeros
Model fingerprint: 0x409d1159
Coefficient statistics:
  Matrix range     [9e-01, 3e+01]
  Objective range  [1e+02, 1e+04]
  Bounds range     [0e+00, 0e+00]
  RHS range        [2e-02, 6e+00]
Presolve removed 312 rows and 187 columns
Presolve time: 0.00s
Presolved: 30 rows, 64 columns, 108 nonzeros

Iteration    Objective       Primal Inf.    Dual Inf.      Time
       0    5.5777058e+03   1.463008e+01   0.000000e+00      0s
      16    8.0143825e+03   0.000000e+00   0.000000e+00      0s

Solved in 16 iterations and 0.00 seconds (0.00 work units)
Optimal objective  8.014382520e+03

User-callback calls 98, time in user-callback 0.00 sec
Gurobi Optimizer version 12.0.3 build v12.0.3rc0 (mac64[arm] - Darwin 24.6.0 24G84)

CPU model: Apple M4
Thread count: 10 physical cores, 10 logical processors, using up to 10 threads

Non-default parameters:
TimeLimit  1800
LogToConsole  0

Optimize a model with 376 rows, 251 columns and 717 nonzeros
Model fingerprint: 0xd38d92be
Coefficient statistics:
  Matrix range     [7e-01, 5e+01]
  Objective range  [1e+02, 1e+04]
  Bounds range     [0e+00, 0e+00]
  RHS range        [2e-02, 6e+00]
Presolve removed 325 rows and 147 columns
Presolve time: 0.00s
Presolved: 51 rows, 104 columns, 210 nonzeros

Iteration    Objective       Primal Inf.    Dual Inf.      Time
       0    0.0000000e+00   4.209941e+01   0.000000e+00      0s
      27    2.5369732e+03   0.000000e+00   0.000000e+00      0s

Solved in 27 iterations and 0.00 seconds (0.00 work units)
Optimal objective  2.536973225e+03

User-callback calls 108, time in user-callback 0.00 sec
Gurobi Optimizer version 12.0.3 build v12.0.3rc0 (mac64[arm] - Darwin 24.6.0 24G84)

CPU model: Apple M4
Thread count: 10 physical cores, 10 logical processors, using up to 10 threads

Non-default parameters:
TimeLimit  1800
LogToConsole  0

Optimize a model with 356 rows, 251 columns and 677 nonzeros
Model fingerprint: 0xcc79b666
Coefficient statistics:
  Matrix range     [8e-01, 5e+01]
  Objective range  [1e+02, 1e+04]
  Bounds range     [0e+00, 0e+00]
  RHS range        [2e-02, 6e+00]
Presolve removed 321 rows and 177 columns
Presolve time: 0.00s
Presolved: 35 rows, 74 columns, 119 nonzeros

Iteration    Objective       Primal Inf.    Dual Inf.      Time
       0    3.0846803e+03   2.591394e+01   0.000000e+00      0s
      16    5.5221477e+03   0.000000e+00   0.000000e+00      0s

Solved in 16 iterations and 0.00 seconds (0.00 work units)
Optimal objective  5.522147738e+03

User-callback calls 108, time in user-callback 0.00 sec
Gurobi Optimizer version 12.0.3 build v12.0.3rc0 (mac64[arm] - Darwin 24.6.0 24G84)

CPU model: Apple M4
Thread count: 10 physical cores, 10 logical processors, using up to 10 threads

Non-default parameters:
TimeLimit  1800
LogToConsole  0

Optimize a model with 362 rows, 251 columns and 689 nonzeros
Model fingerprint: 0xf81e1700
Coefficient statistics:
  Matrix range     [8e-01, 5e+01]
  Objective range  [1e+02, 1e+04]
  Bounds range     [0e+00, 0e+00]
  RHS range        [2e-02, 6e+00]
Presolve removed 320 rows and 166 columns
Presolve time: 0.00s
Presolved: 42 rows, 85 columns, 151 nonzeros

Iteration    Objective       Primal Inf.    Dual Inf.      Time
       0    5.3689431e+02   2.760186e+01   0.000000e+00      0s
      21    3.0565484e+03   0.000000e+00   0.000000e+00      0s

Solved in 21 iterations and 0.00 seconds (0.00 work units)
Optimal objective  3.056548361e+03

User-callback calls 103, time in user-callback 0.00 sec
Gurobi Optimizer version 12.0.3 build v12.0.3rc0 (mac64[arm] - Darwin 24.6.0 24G84)

CPU model: Apple M4
Thread count: 10 physical cores, 10 logical processors, using up to 10 threads

Non-default parameters:
TimeLimit  1800
LogToConsole  0

Optimize a model with 360 rows, 251 columns and 685 nonzeros
Model fingerprint: 0x43474d50
Coefficient statistics:
  Matrix range     [8e-01, 5e+01]
  Objective range  [1e+02, 1e+04]
  Bounds range     [0e+00, 0e+00]
  RHS range        [2e-02, 6e+00]
Presolve removed 321 rows and 170 columns
Presolve time: 0.00s
Presolved: 39 rows, 81 columns, 130 nonzeros

Iteration    Objective       Primal Inf.    Dual Inf.      Time
       0    7.3194280e+02   2.720224e+01   0.000000e+00      0s
      18    3.2453050e+03   0.000000e+00   0.000000e+00      0s

Solved in 18 iterations and 0.00 seconds (0.00 work units)
Optimal objective  3.245304967e+03

User-callback calls 107, time in user-callback 0.00 sec
Gurobi Optimizer version 12.0.3 build v12.0.3rc0 (mac64[arm] - Darwin 24.6.0 24G84)

CPU model: Apple M4
Thread count: 10 physical cores, 10 logical processors, using up to 10 threads

Non-default parameters:
TimeLimit  1800
LogToConsole  0

Optimize a model with 356 rows, 251 columns and 677 nonzeros
Model fingerprint: 0x48847e94
Coefficient statistics:
  Matrix range     [7e-01, 3e+01]
  Objective range  [1e+02, 1e+04]
  Bounds range     [0e+00, 0e+00]
  RHS range        [2e-02, 6e+00]
Presolve removed 319 rows and 172 columns
Presolve time: 0.00s
Presolved: 37 rows, 79 columns, 120 nonzeros

Iteration    Objective       Primal Inf.    Dual Inf.      Time
       0    6.0625304e+03   3.344008e+01   0.000000e+00      0s
      16    8.6161438e+03   0.000000e+00   0.000000e+00      0s

Solved in 16 iterations and 0.00 seconds (0.00 work units)
Optimal objective  8.616143847e+03

User-callback calls 103, time in user-callback 0.00 sec
Gurobi Optimizer version 12.0.3 build v12.0.3rc0 (mac64[arm] - Darwin 24.6.0 24G84)

CPU model: Apple M4
Thread count: 10 physical cores, 10 logical processors, using up to 10 threads

Non-default parameters:
TimeLimit  1800
LogToConsole  0

Optimize a model with 360 rows, 251 columns and 685 nonzeros
Model fingerprint: 0xbe7d71d4
Coefficient statistics:
  Matrix range     [7e-01, 5e+01]
  Objective range  [1e+02, 1e+04]
  Bounds range     [0e+00, 0e+00]
  RHS range        [1e-02, 6e+00]
Presolve removed 319 rows and 164 columns
Presolve time: 0.00s
Presolved: 41 rows, 87 columns, 127 nonzeros

Iteration    Objective       Primal Inf.    Dual Inf.      Time
       0    0.0000000e+00   1.613710e+01   0.000000e+00      0s
      19    2.3405699e+03   0.000000e+00   0.000000e+00      0s

Solved in 19 iterations and 0.00 seconds (0.00 work units)
Optimal objective  2.340569879e+03

User-callback calls 118, time in user-callback 0.00 sec
Gurobi Optimizer version 12.0.3 build v12.0.3rc0 (mac64[arm] - Darwin 24.6.0 24G84)

CPU model: Apple M4
Thread count: 10 physical cores, 10 logical processors, using up to 10 threads

Non-default parameters:
TimeLimit  1800
LogToConsole  0

Optimize a model with 352 rows, 251 columns and 669 nonzeros
Model fingerprint: 0xd571da6d
Coefficient statistics:
  Matrix range     [7e-01, 3e+01]
  Objective range  [1e+02, 1e+04]
  Bounds range     [0e+00, 0e+00]
  RHS range        [1e-02, 6e+00]
Presolve removed 316 rows and 173 columns
Presolve time: 0.00s
Presolved: 36 rows, 78 columns, 117 nonzeros

Iteration    Objective       Primal Inf.    Dual Inf.      Time
       0    1.3203743e+03   2.456751e+01   0.000000e+00      0s
      16    3.6386092e+03   0.000000e+00   0.000000e+00      0s

Solved in 16 iterations and 0.00 seconds (0.00 work units)
Optimal objective  3.638609154e+03

User-callback calls 113, time in user-callback 0.00 sec
Gurobi Optimizer version 12.0.3 build v12.0.3rc0 (mac64[arm] - Darwin 24.6.0 24G84)

CPU model: Apple M4
Thread count: 10 physical cores, 10 logical processors, using up to 10 threads

Non-default parameters:
TimeLimit  1800
LogToConsole  0

Optimize a model with 352 rows, 251 columns and 669 nonzeros
Model fingerprint: 0x0992195a
Coefficient statistics:
  Matrix range     [7e-01, 3e+01]
  Objective range  [1e+02, 1e+04]
  Bounds range     [0e+00, 0e+00]
  RHS range        [1e-02, 6e+00]
Presolve removed 315 rows and 173 columns
Presolve time: 0.00s
Presolved: 37 rows, 78 columns, 129 nonzeros

Iteration    Objective       Primal Inf.    Dual Inf.      Time
       0    7.2118311e+02   2.421533e+01   0.000000e+00      0s
      18    3.0038903e+03   0.000000e+00   0.000000e+00      0s

Solved in 18 iterations and 0.00 seconds (0.00 work units)
Optimal objective  3.003890273e+03

User-callback calls 104, time in user-callback 0.00 sec
Gurobi Optimizer version 12.0.3 build v12.0.3rc0 (mac64[arm] - Darwin 24.6.0 24G84)

CPU model: Apple M4
Thread count: 10 physical cores, 10 logical processors, using up to 10 threads

Non-default parameters:
TimeLimit  1800
LogToConsole  0

Optimize a model with 378 rows, 251 columns and 721 nonzeros
Model fingerprint: 0x9af39c59
Coefficient statistics:
  Matrix range     [7e-01, 3e+01]
  Objective range  [1e+02, 1e+04]
  Bounds range     [0e+00, 0e+00]
  RHS range        [1e-02, 6e+00]
Presolve removed 330 rows and 155 columns
Presolve time: 0.00s
Presolved: 48 rows, 96 columns, 175 nonzeros

Iteration    Objective       Primal Inf.    Dual Inf.      Time
       0    0.0000000e+00   4.369961e+01   0.000000e+00      0s
      24    2.3059711e+03   0.000000e+00   0.000000e+00      0s

Solved in 24 iterations and 0.00 seconds (0.00 work units)
Optimal objective  2.305971134e+03

User-callback calls 103, time in user-callback 0.00 sec
Gurobi Optimizer version 12.0.3 build v12.0.3rc0 (mac64[arm] - Darwin 24.6.0 24G84)

CPU model: Apple M4
Thread count: 10 physical cores, 10 logical processors, using up to 10 threads

Non-default parameters:
TimeLimit  1800
LogToConsole  0

Optimize a model with 364 rows, 251 columns and 693 nonzeros
Model fingerprint: 0xb0304c1c
Coefficient statistics:
  Matrix range     [7e-01, 5e+01]
  Objective range  [1e+02, 1e+04]
  Bounds range     [0e+00, 0e+00]
  RHS range        [1e-02, 6e+00]
Presolve removed 318 rows and 159 columns
Presolve time: 0.00s
Presolved: 46 rows, 92 columns, 178 nonzeros

Iteration    Objective       Primal Inf.    Dual Inf.      Time
       0    4.0851014e+03   4.183176e+01   0.000000e+00      0s
      25    6.2592951e+03   0.000000e+00   0.000000e+00      0s

Solved in 25 iterations and 0.00 seconds (0.00 work units)
Optimal objective  6.259295088e+03

User-callback calls 106, time in user-callback 0.00 sec
Gurobi Optimizer version 12.0.3 build v12.0.3rc0 (mac64[arm] - Darwin 24.6.0 24G84)

CPU model: Apple M4
Thread count: 10 physical cores, 10 logical processors, using up to 10 threads

Non-default parameters:
TimeLimit  1800
LogToConsole  0

Optimize a model with 360 rows, 251 columns and 685 nonzeros
Model fingerprint: 0xea042d63
Coefficient statistics:
  Matrix range     [8e-01, 5e+01]
  Objective range  [1e+02, 1e+04]
  Bounds range     [0e+00, 0e+00]
  RHS range        [1e-02, 6e+00]
Presolve removed 320 rows and 166 columns
Presolve time: 0.00s
Presolved: 40 rows, 85 columns, 135 nonzeros

Iteration    Objective       Primal Inf.    Dual Inf.      Time
       0    3.2472456e+02   2.154393e+01   0.000000e+00      0s
      22    2.6554100e+03   0.000000e+00   0.000000e+00      0s

Solved in 22 iterations and 0.00 seconds (0.00 work units)
Optimal objective  2.655410013e+03

User-callback calls 105, time in user-callback 0.00 sec
Gurobi Optimizer version 12.0.3 build v12.0.3rc0 (mac64[arm] - Darwin 24.6.0 24G84)

CPU model: Apple M4
Thread count: 10 physical cores, 10 logical processors, using up to 10 threads

Non-default parameters:
TimeLimit  1800
LogToConsole  0

Optimize a model with 376 rows, 251 columns and 717 nonzeros
Model fingerprint: 0x22e523ca
Coefficient statistics:
  Matrix range     [7e-01, 5e+01]
  Objective range  [1e+02, 1e+04]
  Bounds range     [0e+00, 0e+00]
  RHS range        [1e-02, 6e+00]
Presolve removed 330 rows and 157 columns
Presolve time: 0.00s
Presolved: 46 rows, 94 columns, 165 nonzeros

Iteration    Objective       Primal Inf.    Dual Inf.      Time
       0    0.0000000e+00   2.692052e+01   0.000000e+00      0s
      25    2.3272475e+03   0.000000e+00   0.000000e+00      0s

Solved in 25 iterations and 0.00 seconds (0.00 work units)
Optimal objective  2.327247469e+03

User-callback calls 111, time in user-callback 0.00 sec
Gurobi Optimizer version 12.0.3 build v12.0.3rc0 (mac64[arm] - Darwin 24.6.0 24G84)

CPU model: Apple M4
Thread count: 10 physical cores, 10 logical processors, using up to 10 threads

Non-default parameters:
TimeLimit  1800
LogToConsole  0

Optimize a model with 368 rows, 251 columns and 701 nonzeros
Model fingerprint: 0xaa3e9a74
Coefficient statistics:
  Matrix range     [8e-01, 5e+01]
  Objective range  [1e+02, 1e+04]
  Bounds range     [0e+00, 0e+00]
  RHS range        [1e-02, 6e+00]
Presolve removed 323 rows and 161 columns
Presolve time: 0.00s
Presolved: 45 rows, 90 columns, 166 nonzeros

Iteration    Objective       Primal Inf.    Dual Inf.      Time
       0    4.6559646e+03   4.164876e+01   0.000000e+00      0s
      26    6.8304987e+03   0.000000e+00   0.000000e+00      0s

Solved in 26 iterations and 0.00 seconds (0.00 work units)
Optimal objective  6.830498708e+03

User-callback calls 109, time in user-callback 0.00 sec
Gurobi Optimizer version 12.0.3 build v12.0.3rc0 (mac64[arm] - Darwin 24.6.0 24G84)

CPU model: Apple M4
Thread count: 10 physical cores, 10 logical processors, using up to 10 threads

Non-default parameters:
TimeLimit  1800
LogToConsole  0

Optimize a model with 362 rows, 251 columns and 689 nonzeros
Model fingerprint: 0xc3535e34
Coefficient statistics:
  Matrix range     [7e-01, 5e+01]
  Objective range  [1e+02, 1e+04]
  Bounds range     [0e+00, 0e+00]
  RHS range        [1e-02, 6e+00]
Presolve removed 322 rows and 167 columns
Presolve time: 0.00s
Presolved: 40 rows, 84 columns, 131 nonzeros

Iteration    Objective       Primal Inf.    Dual Inf.      Time
       0    9.7999870e+02   2.537969e+01   0.000000e+00      0s
      17    3.2543570e+03   0.000000e+00   0.000000e+00      0s

Solved in 17 iterations and 0.00 seconds (0.00 work units)
Optimal objective  3.254356977e+03

User-callback calls 112, time in user-callback 0.00 sec
Gurobi Optimizer version 12.0.3 build v12.0.3rc0 (mac64[arm] - Darwin 24.6.0 24G84)

CPU model: Apple M4
Thread count: 10 physical cores, 10 logical processors, using up to 10 threads

Non-default parameters:
TimeLimit  1800
LogToConsole  0

Optimize a model with 352 rows, 251 columns and 669 nonzeros
Model fingerprint: 0x0e6f2931
Coefficient statistics:
  Matrix range     [8e-01, 5e+01]
  Objective range  [1e+02, 1e+04]
  Bounds range     [0e+00, 0e+00]
  RHS range        [1e-02, 6e+00]
Presolve removed 317 rows and 177 columns
Presolve time: 0.00s
Presolved: 35 rows, 74 columns, 120 nonzeros

Iteration    Objective       Primal Inf.    Dual Inf.      Time
       0    1.4420226e+03   2.163552e+01   0.000000e+00      0s
      18    3.8564809e+03   0.000000e+00   0.000000e+00      0s

Solved in 18 iterations and 0.00 seconds (0.00 work units)
Optimal objective  3.856480947e+03

User-callback calls 108, time in user-callback 0.00 sec
Gurobi Optimizer version 12.0.3 build v12.0.3rc0 (mac64[arm] - Darwin 24.6.0 24G84)

CPU model: Apple M4
Thread count: 10 physical cores, 10 logical processors, using up to 10 threads

Non-default parameters:
TimeLimit  1800
LogToConsole  0

Optimize a model with 354 rows, 251 columns and 673 nonzeros
Model fingerprint: 0x7446bfe0
Coefficient statistics:
  Matrix range     [7e-01, 5e+01]
  Objective range  [1e+02, 1e+04]
  Bounds range     [0e+00, 0e+00]
  RHS range        [1e-02, 6e+00]
Presolve removed 319 rows and 178 columns
Presolve time: 0.00s
Presolved: 35 rows, 73 columns, 121 nonzeros

Iteration    Objective       Primal Inf.    Dual Inf.      Time
       0    3.9818223e+03   2.009817e+01   0.000000e+00      0s
      17    6.2371271e+03   0.000000e+00   0.000000e+00      0s

Solved in 17 iterations and 0.00 seconds (0.00 work units)
Optimal objective  6.237127142e+03

User-callback calls 101, time in user-callback 0.00 sec
Gurobi Optimizer version 12.0.3 build v12.0.3rc0 (mac64[arm] - Darwin 24.6.0 24G84)

CPU model: Apple M4
Thread count: 10 physical cores, 10 logical processors, using up to 10 threads

Non-default parameters:
TimeLimit  1800
LogToConsole  0

Optimize a model with 358 rows, 251 columns and 681 nonzeros
Model fingerprint: 0x1214c5bb
Coefficient statistics:
  Matrix range     [7e-01, 3e+01]
  Objective range  [1e+02, 1e+04]
  Bounds range     [0e+00, 0e+00]
  RHS range        [1e-02, 6e+00]
Presolve removed 319 rows and 170 columns
Presolve time: 0.00s
Presolved: 39 rows, 81 columns, 138 nonzeros

Iteration    Objective       Primal Inf.    Dual Inf.      Time
       0    8.7354230e+02   3.048861e+01   0.000000e+00      0s
      20    3.1705736e+03   0.000000e+00   0.000000e+00      0s

Solved in 20 iterations and 0.00 seconds (0.00 work units)
Optimal objective  3.170573567e+03

User-callback calls 110, time in user-callback 0.00 sec
Gurobi Optimizer version 12.0.3 build v12.0.3rc0 (mac64[arm] - Darwin 24.6.0 24G84)

CPU model: Apple M4
Thread count: 10 physical cores, 10 logical processors, using up to 10 threads

Non-default parameters:
TimeLimit  1800
LogToConsole  0

Optimize a model with 374 rows, 251 columns and 713 nonzeros
Model fingerprint: 0x5f8b268d
Coefficient statistics:
  Matrix range     [7e-01, 5e+01]
  Objective range  [1e+02, 1e+04]
  Bounds range     [0e+00, 0e+00]
  RHS range        [1e-02, 6e+00]
Presolve removed 329 rows and 161 columns
Presolve time: 0.00s
Presolved: 45 rows, 90 columns, 151 nonzeros

Iteration    Objective       Primal Inf.    Dual Inf.      Time
       0    0.0000000e+00   3.254056e+01   0.000000e+00      0s
      24    2.3059711e+03   0.000000e+00   0.000000e+00      0s

Solved in 24 iterations and 0.00 seconds (0.00 work units)
Optimal objective  2.305971134e+03

User-callback calls 110, time in user-callback 0.00 sec
Gurobi Optimizer version 12.0.3 build v12.0.3rc0 (mac64[arm] - Darwin 24.6.0 24G84)

CPU model: Apple M4
Thread count: 10 physical cores, 10 logical processors, using up to 10 threads

Non-default parameters:
TimeLimit  1800
LogToConsole  0

Optimize a model with 352 rows, 251 columns and 669 nonzeros
Model fingerprint: 0x39721d6d
Coefficient statistics:
  Matrix range     [8e-01, 3e+01]
  Objective range  [1e+02, 1e+04]
  Bounds range     [0e+00, 0e+00]
  RHS range        [1e-02, 6e+00]
Presolve removed 314 rows and 171 columns
Presolve time: 0.00s
Presolved: 38 rows, 80 columns, 127 nonzeros

Iteration    Objective       Primal Inf.    Dual Inf.      Time
       0    1.1422382e+03   2.810957e+01   0.000000e+00      0s
      19    3.4113629e+03   0.000000e+00   0.000000e+00      0s

Solved in 19 iterations and 0.00 seconds (0.00 work units)
Optimal objective  3.411362899e+03

User-callback calls 115, time in user-callback 0.00 sec
Gurobi Optimizer version 12.0.3 build v12.0.3rc0 (mac64[arm] - Darwin 24.6.0 24G84)

CPU model: Apple M4
Thread count: 10 physical cores, 10 logical processors, using up to 10 threads

Non-default parameters:
TimeLimit  1800
LogToConsole  0

Optimize a model with 342 rows, 251 columns and 649 nonzeros
Model fingerprint: 0xc135cb12
Coefficient statistics:
  Matrix range     [9e-01, 3e+01]
  Objective range  [1e+02, 1e+04]
  Bounds range     [0e+00, 0e+00]
  RHS range        [1e-02, 6e+00]
Presolve removed 312 rows and 187 columns
Presolve time: 0.00s
Presolved: 30 rows, 64 columns, 108 nonzeros

Iteration    Objective       Primal Inf.    Dual Inf.      Time
       0    5.1342887e+03   1.501886e+01   0.000000e+00      0s
      18    7.3851106e+03   0.000000e+00   0.000000e+00      0s

Solved in 18 iterations and 0.00 seconds (0.00 work units)
Optimal objective  7.385110569e+03

User-callback calls 100, time in user-callback 0.00 sec
Gurobi Optimizer version 12.0.3 build v12.0.3rc0 (mac64[arm] - Darwin 24.6.0 24G84)

CPU model: Apple M4
Thread count: 10 physical cores, 10 logical processors, using up to 10 threads

Non-default parameters:
TimeLimit  1800
LogToConsole  0

Optimize a model with 376 rows, 251 columns and 717 nonzeros
Model fingerprint: 0xbbb87087
Coefficient statistics:
  Matrix range     [7e-01, 5e+01]
  Objective range  [1e+02, 1e+04]
  Bounds range     [0e+00, 0e+00]
  RHS range        [1e-02, 6e+00]
Presolve removed 325 rows and 147 columns
Presolve time: 0.00s
Presolved: 51 rows, 104 columns, 210 nonzeros

Iteration    Objective       Primal Inf.    Dual Inf.      Time
       0    0.0000000e+00   4.207899e+01   0.000000e+00      0s
      28    2.3059711e+03   0.000000e+00   0.000000e+00      0s

Solved in 28 iterations and 0.00 seconds (0.00 work units)
Optimal objective  2.305971134e+03

User-callback calls 109, time in user-callback 0.00 sec
Gurobi Optimizer version 12.0.3 build v12.0.3rc0 (mac64[arm] - Darwin 24.6.0 24G84)

CPU model: Apple M4
Thread count: 10 physical cores, 10 logical processors, using up to 10 threads

Non-default parameters:
TimeLimit  1800
LogToConsole  0

Optimize a model with 356 rows, 251 columns and 677 nonzeros
Model fingerprint: 0xe27d2b45
Coefficient statistics:
  Matrix range     [8e-01, 5e+01]
  Objective range  [1e+02, 1e+04]
  Bounds range     [0e+00, 0e+00]
  RHS range        [1e-02, 6e+00]
Presolve removed 321 rows and 177 columns
Presolve time: 0.00s
Presolved: 35 rows, 74 columns, 119 nonzeros

Iteration    Objective       Primal Inf.    Dual Inf.      Time
       0    3.0054304e+03   2.562082e+01   0.000000e+00      0s
      16    5.2144521e+03   0.000000e+00   0.000000e+00      0s

Solved in 16 iterations and 0.00 seconds (0.00 work units)
Optimal objective  5.214452123e+03

User-callback calls 108, time in user-callback 0.00 sec
Gurobi Optimizer version 12.0.3 build v12.0.3rc0 (mac64[arm] - Darwin 24.6.0 24G84)

CPU model: Apple M4
Thread count: 10 physical cores, 10 logical processors, using up to 10 threads

Non-default parameters:
TimeLimit  1800
LogToConsole  0

Optimize a model with 362 rows, 251 columns and 689 nonzeros
Model fingerprint: 0x2cfc4fb3
Coefficient statistics:
  Matrix range     [8e-01, 5e+01]
  Objective range  [1e+02, 1e+04]
  Bounds range     [0e+00, 0e+00]
  RHS range        [1e-02, 6e+00]
Presolve removed 320 rows and 166 columns
Presolve time: 0.00s
Presolved: 42 rows, 85 columns, 151 nonzeros

Iteration    Objective       Primal Inf.    Dual Inf.      Time
       0    5.1810690e+02   2.843212e+01   0.000000e+00      0s
      21    2.8073649e+03   0.000000e+00   0.000000e+00      0s

Solved in 21 iterations and 0.00 seconds (0.00 work units)
Optimal objective  2.807364905e+03

User-callback calls 103, time in user-callback 0.00 sec
Gurobi Optimizer version 12.0.3 build v12.0.3rc0 (mac64[arm] - Darwin 24.6.0 24G84)

CPU model: Apple M4
Thread count: 10 physical cores, 10 logical processors, using up to 10 threads

Non-default parameters:
TimeLimit  1800
LogToConsole  0

Optimize a model with 360 rows, 251 columns and 685 nonzeros
Model fingerprint: 0x231cfe15
Coefficient statistics:
  Matrix range     [8e-01, 5e+01]
  Objective range  [1e+02, 1e+04]
  Bounds range     [0e+00, 0e+00]
  RHS range        [1e-02, 6e+00]
Presolve removed 321 rows and 170 columns
Presolve time: 0.00s
Presolved: 39 rows, 81 columns, 130 nonzeros

Iteration    Objective       Primal Inf.    Dual Inf.      Time
       0    6.1007793e+02   2.677205e+01   0.000000e+00      0s
      19    2.9046636e+03   0.000000e+00   0.000000e+00      0s

Solved in 19 iterations and 0.00 seconds (0.00 work units)
Optimal objective  2.904663586e+03

User-callback calls 108, time in user-callback 0.00 sec
Gurobi Optimizer version 12.0.3 build v12.0.3rc0 (mac64[arm] - Darwin 24.6.0 24G84)

CPU model: Apple M4
Thread count: 10 physical cores, 10 logical processors, using up to 10 threads

Non-default parameters:
TimeLimit  1800
LogToConsole  0

Optimize a model with 356 rows, 251 columns and 677 nonzeros
Model fingerprint: 0x930ba726
Coefficient statistics:
  Matrix range     [7e-01, 3e+01]
  Objective range  [1e+02, 1e+04]
  Bounds range     [0e+00, 0e+00]
  RHS range        [1e-02, 6e+00]
Presolve removed 319 rows and 172 columns
Presolve time: 0.00s
Presolved: 37 rows, 79 columns, 120 nonzeros

Iteration    Objective       Primal Inf.    Dual Inf.      Time
       0    6.0756670e+03   3.414466e+01   0.000000e+00      0s
      16    8.2241405e+03   0.000000e+00   0.000000e+00      0s

Solved in 16 iterations and 0.00 seconds (0.00 work units)
Optimal objective  8.224140483e+03

User-callback calls 103, time in user-callback 0.00 sec
Gurobi Optimizer version 12.0.3 build v12.0.3rc0 (mac64[arm] - Darwin 24.6.0 24G84)

CPU model: Apple M4
Thread count: 10 physical cores, 10 logical processors, using up to 10 threads

Non-default parameters:
TimeLimit  1800
LogToConsole  0

Optimize a model with 360 rows, 251 columns and 685 nonzeros
Model fingerprint: 0xf7cce84e
Coefficient statistics:
  Matrix range     [7e-01, 5e+01]
  Objective range  [1e+02, 1e+04]
  Bounds range     [0e+00, 0e+00]
  RHS range        [2e-02, 6e+00]
Presolve removed 319 rows and 164 columns
Presolve time: 0.00s
Presolved: 41 rows, 87 columns, 127 nonzeros

Iteration    Objective       Primal Inf.    Dual Inf.      Time
       0    0.0000000e+00   1.632490e+01   0.000000e+00      0s
      19    2.4616690e+03   0.000000e+00   0.000000e+00      0s

Solved in 19 iterations and 0.00 seconds (0.00 work units)
Optimal objective  2.461668987e+03

User-callback calls 118, time in user-callback 0.00 sec
Gurobi Optimizer version 12.0.3 build v12.0.3rc0 (mac64[arm] - Darwin 24.6.0 24G84)

CPU model: Apple M4
Thread count: 10 physical cores, 10 logical processors, using up to 10 threads

Non-default parameters:
TimeLimit  1800
LogToConsole  0

Optimize a model with 352 rows, 251 columns and 669 nonzeros
Model fingerprint: 0xebd285dc
Coefficient statistics:
  Matrix range     [7e-01, 3e+01]
  Objective range  [1e+02, 1e+04]
  Bounds range     [0e+00, 0e+00]
  RHS range        [2e-02, 6e+00]
Presolve removed 316 rows and 173 columns
Presolve time: 0.00s
Presolved: 36 rows, 78 columns, 117 nonzeros

Iteration    Objective       Primal Inf.    Dual Inf.      Time
       0    1.4027433e+03   2.476043e+01   0.000000e+00      0s
      16    3.8401630e+03   0.000000e+00   0.000000e+00      0s

Solved in 16 iterations and 0.00 seconds (0.00 work units)
Optimal objective  3.840162952e+03

User-callback calls 113, time in user-callback 0.00 sec
Gurobi Optimizer version 12.0.3 build v12.0.3rc0 (mac64[arm] - Darwin 24.6.0 24G84)

CPU model: Apple M4
Thread count: 10 physical cores, 10 logical processors, using up to 10 threads

Non-default parameters:
TimeLimit  1800
LogToConsole  0

Optimize a model with 352 rows, 251 columns and 669 nonzeros
Model fingerprint: 0xbb37c1a8
Coefficient statistics:
  Matrix range     [7e-01, 3e+01]
  Objective range  [1e+02, 1e+04]
  Bounds range     [0e+00, 0e+00]
  RHS range        [2e-02, 6e+00]
Presolve removed 315 rows and 173 columns
Presolve time: 0.00s
Presolved: 37 rows, 78 columns, 129 nonzeros

Iteration    Objective       Primal Inf.    Dual Inf.      Time
       0    7.8123913e+02   2.432333e+01   0.000000e+00      0s
      16    3.2088613e+03   0.000000e+00   0.000000e+00      0s

Solved in 16 iterations and 0.00 seconds (0.00 work units)
Optimal objective  3.208861275e+03

User-callback calls 101, time in user-callback 0.00 sec
Gurobi Optimizer version 12.0.3 build v12.0.3rc0 (mac64[arm] - Darwin 24.6.0 24G84)

CPU model: Apple M4
Thread count: 10 physical cores, 10 logical processors, using up to 10 threads

Non-default parameters:
TimeLimit  1800
LogToConsole  0

Optimize a model with 378 rows, 251 columns and 721 nonzeros
Model fingerprint: 0x4ec629e0
Coefficient statistics:
  Matrix range     [7e-01, 3e+01]
  Objective range  [1e+02, 1e+04]
  Bounds range     [0e+00, 0e+00]
  RHS range        [2e-02, 6e+00]
Presolve removed 330 rows and 155 columns
Presolve time: 0.00s
Presolved: 48 rows, 96 columns, 175 nonzeros

Iteration    Objective       Primal Inf.    Dual Inf.      Time
       0    0.0000000e+00   4.409952e+01   0.000000e+00      0s
      22    2.4528234e+03   0.000000e+00   0.000000e+00      0s

Solved in 22 iterations and 0.00 seconds (0.00 work units)
Optimal objective  2.452823407e+03

User-callback calls 102, time in user-callback 0.00 sec
Gurobi Optimizer version 12.0.3 build v12.0.3rc0 (mac64[arm] - Darwin 24.6.0 24G84)

CPU model: Apple M4
Thread count: 10 physical cores, 10 logical processors, using up to 10 threads

Non-default parameters:
TimeLimit  1800
LogToConsole  0

Optimize a model with 364 rows, 251 columns and 693 nonzeros
Model fingerprint: 0xf0fe7db2
Coefficient statistics:
  Matrix range     [7e-01, 5e+01]
  Objective range  [1e+02, 1e+04]
  Bounds range     [0e+00, 0e+00]
  RHS range        [2e-02, 6e+00]
Presolve removed 318 rows and 159 columns
Presolve time: 0.00s
Presolved: 46 rows, 92 columns, 178 nonzeros

Iteration    Objective       Primal Inf.    Dual Inf.      Time
       0    4.4628572e+03   4.181707e+01   0.000000e+00      0s
      25    6.7717175e+03   0.000000e+00   0.000000e+00      0s

Solved in 25 iterations and 0.00 seconds (0.00 work units)
Optimal objective  6.771717469e+03

User-callback calls 106, time in user-callback 0.00 sec
Gurobi Optimizer version 12.0.3 build v12.0.3rc0 (mac64[arm] - Darwin 24.6.0 24G84)

CPU model: Apple M4
Thread count: 10 physical cores, 10 logical processors, using up to 10 threads

Non-default parameters:
TimeLimit  1800
LogToConsole  0

Optimize a model with 360 rows, 251 columns and 685 nonzeros
Model fingerprint: 0xe89cf4b2
Coefficient statistics:
  Matrix range     [8e-01, 5e+01]
  Objective range  [1e+02, 1e+04]
  Bounds range     [0e+00, 0e+00]
  RHS range        [2e-02, 6e+00]
Presolve removed 320 rows and 166 columns
Presolve time: 0.00s
Presolved: 40 rows, 85 columns, 135 nonzeros

Iteration    Objective       Primal Inf.    Dual Inf.      Time
       0    3.4740210e+02   2.162144e+01   0.000000e+00      0s
      22    2.7999967e+03   0.000000e+00   0.000000e+00      0s

Solved in 22 iterations and 0.00 seconds (0.00 work units)
Optimal objective  2.799996671e+03

User-callback calls 105, time in user-callback 0.00 sec
Gurobi Optimizer version 12.0.3 build v12.0.3rc0 (mac64[arm] - Darwin 24.6.0 24G84)

CPU model: Apple M4
Thread count: 10 physical cores, 10 logical processors, using up to 10 threads

Non-default parameters:
TimeLimit  1800
LogToConsole  0

Optimize a model with 376 rows, 251 columns and 717 nonzeros
Model fingerprint: 0x5b370c56
Coefficient statistics:
  Matrix range     [7e-01, 5e+01]
  Objective range  [1e+02, 1e+04]
  Bounds range     [0e+00, 0e+00]
  RHS range        [2e-02, 6e+00]
Presolve removed 330 rows and 157 columns
Presolve time: 0.00s
Presolved: 46 rows, 94 columns, 165 nonzeros

Iteration    Objective       Primal Inf.    Dual Inf.      Time
       0    0.0000000e+00   2.722129e+01   0.000000e+00      0s
      24    2.4735691e+03   0.000000e+00   0.000000e+00      0s

Solved in 24 iterations and 0.00 seconds (0.00 work units)
Optimal objective  2.473569061e+03

User-callback calls 110, time in user-callback 0.00 sec
Gurobi Optimizer version 12.0.3 build v12.0.3rc0 (mac64[arm] - Darwin 24.6.0 24G84)

CPU model: Apple M4
Thread count: 10 physical cores, 10 logical processors, using up to 10 threads

Non-default parameters:
TimeLimit  1800
LogToConsole  0

Optimize a model with 368 rows, 251 columns and 701 nonzeros
Model fingerprint: 0x4ca14d0e
Coefficient statistics:
  Matrix range     [8e-01, 5e+01]
  Objective range  [1e+02, 1e+04]
  Bounds range     [0e+00, 0e+00]
  RHS range        [2e-02, 6e+00]
Presolve removed 323 rows and 161 columns
Presolve time: 0.00s
Presolved: 45 rows, 90 columns, 166 nonzeros

Iteration    Objective       Primal Inf.    Dual Inf.      Time
       0    5.1655406e+03   4.167057e+01   0.000000e+00      0s
      27    7.4517337e+03   0.000000e+00   0.000000e+00      0s

Solved in 27 iterations and 0.00 seconds (0.00 work units)
Optimal objective  7.451733690e+03

User-callback calls 110, time in user-callback 0.00 sec
Gurobi Optimizer version 12.0.3 build v12.0.3rc0 (mac64[arm] - Darwin 24.6.0 24G84)

CPU model: Apple M4
Thread count: 10 physical cores, 10 logical processors, using up to 10 threads

Non-default parameters:
TimeLimit  1800
LogToConsole  0

Optimize a model with 362 rows, 251 columns and 689 nonzeros
Model fingerprint: 0x32283782
Coefficient statistics:
  Matrix range     [7e-01, 5e+01]
  Objective range  [1e+02, 1e+04]
  Bounds range     [0e+00, 0e+00]
  RHS range        [2e-02, 6e+00]
Presolve removed 322 rows and 167 columns
Presolve time: 0.00s
Presolved: 40 rows, 84 columns, 131 nonzeros

Iteration    Objective       Primal Inf.    Dual Inf.      Time
       0    1.0488816e+03   2.558921e+01   0.000000e+00      0s
      17    3.4678701e+03   0.000000e+00   0.000000e+00      0s

Solved in 17 iterations and 0.00 seconds (0.00 work units)
Optimal objective  3.467870114e+03

User-callback calls 112, time in user-callback 0.00 sec
Gurobi Optimizer version 12.0.3 build v12.0.3rc0 (mac64[arm] - Darwin 24.6.0 24G84)

CPU model: Apple M4
Thread count: 10 physical cores, 10 logical processors, using up to 10 threads

Non-default parameters:
TimeLimit  1800
LogToConsole  0

Optimize a model with 352 rows, 251 columns and 669 nonzeros
Model fingerprint: 0xae7afdce
Coefficient statistics:
  Matrix range     [8e-01, 5e+01]
  Objective range  [1e+02, 1e+04]
  Bounds range     [0e+00, 0e+00]
  RHS range        [2e-02, 6e+00]
Presolve removed 317 rows and 177 columns
Presolve time: 0.00s
Presolved: 35 rows, 74 columns, 120 nonzeros

Iteration    Objective       Primal Inf.    Dual Inf.      Time
       0    1.5355706e+03   2.182604e+01   0.000000e+00      0s
      19    4.1027091e+03   0.000000e+00   0.000000e+00      0s

Solved in 19 iterations and 0.00 seconds (0.00 work units)
Optimal objective  4.102709076e+03

User-callback calls 109, time in user-callback 0.00 sec
Gurobi Optimizer version 12.0.3 build v12.0.3rc0 (mac64[arm] - Darwin 24.6.0 24G84)

CPU model: Apple M4
Thread count: 10 physical cores, 10 logical processors, using up to 10 threads

Non-default parameters:
TimeLimit  1800
LogToConsole  0

Optimize a model with 354 rows, 251 columns and 673 nonzeros
Model fingerprint: 0x50e99f9c
Coefficient statistics:
  Matrix range     [7e-01, 5e+01]
  Objective range  [1e+02, 1e+04]
  Bounds range     [0e+00, 0e+00]
  RHS range        [2e-02, 6e+00]
Presolve removed 319 rows and 178 columns
Presolve time: 0.00s
Presolved: 35 rows, 73 columns, 121 nonzeros

Iteration    Objective       Primal Inf.    Dual Inf.      Time
       0    4.3154313e+03   2.015117e+01   0.000000e+00      0s
      18    6.6772372e+03   0.000000e+00   0.000000e+00      0s

Solved in 18 iterations and 0.00 seconds (0.00 work units)
Optimal objective  6.677237183e+03

User-callback calls 101, time in user-callback 0.00 sec
Gurobi Optimizer version 12.0.3 build v12.0.3rc0 (mac64[arm] - Darwin 24.6.0 24G84)

CPU model: Apple M4
Thread count: 10 physical cores, 10 logical processors, using up to 10 threads

Non-default parameters:
TimeLimit  1800
LogToConsole  0

Optimize a model with 358 rows, 251 columns and 681 nonzeros
Model fingerprint: 0x63285d57
Coefficient statistics:
  Matrix range     [7e-01, 3e+01]
  Objective range  [1e+02, 1e+04]
  Bounds range     [0e+00, 0e+00]
  RHS range        [2e-02, 6e+00]
Presolve removed 319 rows and 170 columns
Presolve time: 0.00s
Presolved: 39 rows, 81 columns, 138 nonzeros

Iteration    Objective       Primal Inf.    Dual Inf.      Time
       0    9.2039732e+02   3.067331e+01   0.000000e+00      0s
      19    3.3452193e+03   0.000000e+00   0.000000e+00      0s

Solved in 19 iterations and 0.00 seconds (0.00 work units)
Optimal objective  3.345219295e+03

User-callback calls 109, time in user-callback 0.00 sec
Gurobi Optimizer version 12.0.3 build v12.0.3rc0 (mac64[arm] - Darwin 24.6.0 24G84)

CPU model: Apple M4
Thread count: 10 physical cores, 10 logical processors, using up to 10 threads

Non-default parameters:
TimeLimit  1800
LogToConsole  0

Optimize a model with 374 rows, 251 columns and 713 nonzeros
Model fingerprint: 0xb44a70db
Coefficient statistics:
  Matrix range     [7e-01, 5e+01]
  Objective range  [1e+02, 1e+04]
  Bounds range     [0e+00, 0e+00]
  RHS range        [2e-02, 6e+00]
Presolve removed 329 rows and 161 columns
Presolve time: 0.00s
Presolved: 45 rows, 90 columns, 151 nonzeros

Iteration    Objective       Primal Inf.    Dual Inf.      Time
       0    0.0000000e+00   3.289631e+01   0.000000e+00      0s
      23    2.4528234e+03   0.000000e+00   0.000000e+00      0s

Solved in 23 iterations and 0.00 seconds (0.00 work units)
Optimal objective  2.452823407e+03

User-callback calls 109, time in user-callback 0.00 sec
Gurobi Optimizer version 12.0.3 build v12.0.3rc0 (mac64[arm] - Darwin 24.6.0 24G84)

CPU model: Apple M4
Thread count: 10 physical cores, 10 logical processors, using up to 10 threads

Non-default parameters:
TimeLimit  1800
LogToConsole  0

Optimize a model with 352 rows, 251 columns and 669 nonzeros
Model fingerprint: 0x0d7d6150
Coefficient statistics:
  Matrix range     [8e-01, 3e+01]
  Objective range  [1e+02, 1e+04]
  Bounds range     [0e+00, 0e+00]
  RHS range        [2e-02, 6e+00]
Presolve removed 314 rows and 171 columns
Presolve time: 0.00s
Presolved: 38 rows, 80 columns, 127 nonzeros

Iteration    Objective       Primal Inf.    Dual Inf.      Time
       0    1.2243222e+03   2.799372e+01   0.000000e+00      0s
      19    3.6376513e+03   0.000000e+00   0.000000e+00      0s

Solved in 19 iterations and 0.00 seconds (0.00 work units)
Optimal objective  3.637651319e+03

User-callback calls 115, time in user-callback 0.00 sec
Gurobi Optimizer version 12.0.3 build v12.0.3rc0 (mac64[arm] - Darwin 24.6.0 24G84)

CPU model: Apple M4
Thread count: 10 physical cores, 10 logical processors, using up to 10 threads

Non-default parameters:
TimeLimit  1800
LogToConsole  0

Optimize a model with 342 rows, 251 columns and 649 nonzeros
Model fingerprint: 0x57978294
Coefficient statistics:
  Matrix range     [9e-01, 3e+01]
  Objective range  [1e+02, 1e+04]
  Bounds range     [0e+00, 0e+00]
  RHS range        [2e-02, 6e+00]
Presolve removed 312 rows and 187 columns
Presolve time: 0.00s
Presolved: 30 rows, 64 columns, 108 nonzeros

Iteration    Objective       Primal Inf.    Dual Inf.      Time
       0    5.4437406e+03   1.492228e+01   0.000000e+00      0s
      18    7.8141475e+03   0.000000e+00   0.000000e+00      0s

Solved in 18 iterations and 0.00 seconds (0.00 work units)
Optimal objective  7.814147514e+03

User-callback calls 100, time in user-callback 0.00 sec
Gurobi Optimizer version 12.0.3 build v12.0.3rc0 (mac64[arm] - Darwin 24.6.0 24G84)

CPU model: Apple M4
Thread count: 10 physical cores, 10 logical processors, using up to 10 threads

Non-default parameters:
TimeLimit  1800
LogToConsole  0

Optimize a model with 376 rows, 251 columns and 717 nonzeros
Model fingerprint: 0xf1ea666f
Coefficient statistics:
  Matrix range     [7e-01, 5e+01]
  Objective range  [1e+02, 1e+04]
  Bounds range     [0e+00, 0e+00]
  RHS range        [2e-02, 6e+00]
Presolve removed 325 rows and 147 columns
Presolve time: 0.00s
Presolved: 51 rows, 104 columns, 210 nonzeros

Iteration    Objective       Primal Inf.    Dual Inf.      Time
       0    0.0000000e+00   4.213852e+01   0.000000e+00      0s
      28    2.4528234e+03   0.000000e+00   0.000000e+00      0s

Solved in 28 iterations and 0.00 seconds (0.00 work units)
Optimal objective  2.452823407e+03

User-callback calls 109, time in user-callback 0.00 sec
Gurobi Optimizer version 12.0.3 build v12.0.3rc0 (mac64[arm] - Darwin 24.6.0 24G84)

CPU model: Apple M4
Thread count: 10 physical cores, 10 logical processors, using up to 10 threads

Non-default parameters:
TimeLimit  1800
LogToConsole  0

Optimize a model with 356 rows, 251 columns and 677 nonzeros
Model fingerprint: 0x5524ae45
Coefficient statistics:
  Matrix range     [8e-01, 5e+01]
  Objective range  [1e+02, 1e+04]
  Bounds range     [0e+00, 0e+00]
  RHS range        [2e-02, 6e+00]
Presolve removed 321 rows and 177 columns
Presolve time: 0.00s
Presolved: 35 rows, 74 columns, 119 nonzeros

Iteration    Objective       Primal Inf.    Dual Inf.      Time
       0    3.3222549e+03   2.596206e+01   0.000000e+00      0s
      16    5.6679088e+03   0.000000e+00   0.000000e+00      0s

Solved in 16 iterations and 0.00 seconds (0.00 work units)
Optimal objective  5.667908819e+03

User-callback calls 108, time in user-callback 0.00 sec
Gurobi Optimizer version 12.0.3 build v12.0.3rc0 (mac64[arm] - Darwin 24.6.0 24G84)

CPU model: Apple M4
Thread count: 10 physical cores, 10 logical processors, using up to 10 threads

Non-default parameters:
TimeLimit  1800
LogToConsole  0

Optimize a model with 362 rows, 251 columns and 689 nonzeros
Model fingerprint: 0x682936d0
Coefficient statistics:
  Matrix range     [8e-01, 5e+01]
  Objective range  [1e+02, 1e+04]
  Bounds range     [0e+00, 0e+00]
  RHS range        [2e-02, 6e+00]
Presolve removed 320 rows and 166 columns
Presolve time: 0.00s
Presolved: 42 rows, 85 columns, 151 nonzeros

Iteration    Objective       Primal Inf.    Dual Inf.      Time
       0    5.6666442e+02   2.825425e+01   0.000000e+00      0s
      21    3.0012083e+03   0.000000e+00   0.000000e+00      0s

Solved in 21 iterations and 0.00 seconds (0.00 work units)
Optimal objective  3.001208326e+03

User-callback calls 103, time in user-callback 0.00 sec
Gurobi Optimizer version 12.0.3 build v12.0.3rc0 (mac64[arm] - Darwin 24.6.0 24G84)

CPU model: Apple M4
Thread count: 10 physical cores, 10 logical processors, using up to 10 threads

Non-default parameters:
TimeLimit  1800
LogToConsole  0

Optimize a model with 360 rows, 251 columns and 685 nonzeros
Model fingerprint: 0x7599286f
Coefficient statistics:
  Matrix range     [8e-01, 5e+01]
  Objective range  [1e+02, 1e+04]
  Bounds range     [0e+00, 0e+00]
  RHS range        [2e-02, 6e+00]
Presolve removed 321 rows and 170 columns
Presolve time: 0.00s
Presolved: 39 rows, 81 columns, 130 nonzeros

Iteration    Objective       Primal Inf.    Dual Inf.      Time
       0    6.5167146e+02   2.711556e+01   0.000000e+00      0s
      18    3.0834732e+03   0.000000e+00   0.000000e+00      0s

Solved in 18 iterations and 0.00 seconds (0.00 work units)
Optimal objective  3.083473207e+03

User-callback calls 107, time in user-callback 0.00 sec
Gurobi Optimizer version 12.0.3 build v12.0.3rc0 (mac64[arm] - Darwin 24.6.0 24G84)

CPU model: Apple M4
Thread count: 10 physical cores, 10 logical processors, using up to 10 threads

Non-default parameters:
TimeLimit  1800
LogToConsole  0

Optimize a model with 356 rows, 251 columns and 677 nonzeros
Model fingerprint: 0x10989343
Coefficient statistics:
  Matrix range     [7e-01, 3e+01]
  Objective range  [1e+02, 1e+04]
  Bounds range     [0e+00, 0e+00]
  RHS range        [2e-02, 6e+00]
Presolve removed 319 rows and 172 columns
Presolve time: 0.00s
Presolved: 37 rows, 79 columns, 120 nonzeros

Iteration    Objective       Primal Inf.    Dual Inf.      Time
       0    5.6825176e+03   3.433696e+01   0.000000e+00      0s
      16    8.1214176e+03   0.000000e+00   0.000000e+00      0s

Solved in 16 iterations and 0.00 seconds (0.00 work units)
Optimal objective  8.121417649e+03

User-callback calls 103, time in user-callback 0.00 sec
