
Gurobi 12.0.3 (mac64[arm]) logging started Mon Dec  1 18:38:16 2025

Set parameter LogFile to value "/Users/arnav/projects/Candidate-Selection-via-Stochastic-IP/Transmission_Switching/Heuristic/logs/extensive_form_20251201_183816.log"
Set parameter LogToConsole to value 0

Gurobi 12.0.3 (mac64[arm]) logging started Mon Dec  1 18:38:17 2025

Set parameter LogFile to value "/Users/arnav/projects/Candidate-Selection-via-Stochastic-IP/Transmission_Switching/Heuristic/logs/extensive_form_20251201_183816.log"
Gurobi Optimizer version 12.0.3 build v12.0.3rc0 (mac64[arm] - Darwin 24.6.0 24G84)

CPU model: Apple M4
Thread count: 10 physical cores, 10 logical processors, using up to 10 threads

Non-default parameters:
TimeLimit  1800
LogToConsole  0

Optimize a model with 815 rows, 540 columns and 1579 nonzeros
Model fingerprint: 0x7b2f1f7c
Coefficient statistics:
  Matrix range     [1e+00, 2e+02]
  Objective range  [2e+01, 1e+04]
  Bounds range     [0e+00, 0e+00]
  RHS range        [6e-02, 1e+02]
Presolve removed 725 rows and 355 columns
Presolve time: 0.00s
Presolved: 90 rows, 185 columns, 362 nonzeros

Iteration    Objective       Primal Inf.    Dual Inf.      Time
       0    0.0000000e+00   8.957258e+01   0.000000e+00      0s
      59    2.0569983e+03   0.000000e+00   0.000000e+00      0s

Solved in 59 iterations and 0.00 seconds (0.00 work units)
Optimal objective  2.056998269e+03

User-callback calls 144, time in user-callback 0.00 sec
Gurobi Optimizer version 12.0.3 build v12.0.3rc0 (mac64[arm] - Darwin 24.6.0 24G84)

CPU model: Apple M4
Thread count: 10 physical cores, 10 logical processors, using up to 10 threads

Non-default parameters:
TimeLimit  1800
LogToConsole  0

Optimize a model with 819 rows, 540 columns and 1587 nonzeros
Model fingerprint: 0xb97fa1c5
Coefficient statistics:
  Matrix range     [1e+00, 2e+02]
  Objective range  [2e+01, 1e+04]
  Bounds range     [0e+00, 0e+00]
  RHS range        [6e-02, 1e+02]
Presolve removed 725 rows and 347 columns
Presolve time: 0.00s
Presolved: 94 rows, 193 columns, 396 nonzeros

Iteration    Objective       Primal Inf.    Dual Inf.      Time
       0    0.0000000e+00   7.697437e+01   0.000000e+00      0s
      51    2.1431830e+03   0.000000e+00   0.000000e+00      0s

Solved in 51 iterations and 0.00 seconds (0.00 work units)
Optimal objective  2.143182956e+03

User-callback calls 133, time in user-callback 0.00 sec
Gurobi Optimizer version 12.0.3 build v12.0.3rc0 (mac64[arm] - Darwin 24.6.0 24G84)

CPU model: Apple M4
Thread count: 10 physical cores, 10 logical processors, using up to 10 threads

Non-default parameters:
TimeLimit  1800
LogToConsole  0

Optimize a model with 815 rows, 540 columns and 1579 nonzeros
Model fingerprint: 0x6086ec8b
Coefficient statistics:
  Matrix range     [1e+00, 2e+02]
  Objective range  [2e+01, 1e+04]
  Bounds range     [0e+00, 0e+00]
  RHS range        [5e-02, 1e+02]
Presolve removed 725 rows and 356 columns
Presolve time: 0.00s
Presolved: 90 rows, 184 columns, 361 nonzeros

Iteration    Objective       Primal Inf.    Dual Inf.      Time
       0    0.0000000e+00   8.928938e+01   0.000000e+00      0s
      51    1.7585969e+03   0.000000e+00   0.000000e+00      0s

Solved in 51 iterations and 0.00 seconds (0.00 work units)
Optimal objective  1.758596886e+03

User-callback calls 136, time in user-callback 0.00 sec
Gurobi Optimizer version 12.0.3 build v12.0.3rc0 (mac64[arm] - Darwin 24.6.0 24G84)

CPU model: Apple M4
Thread count: 10 physical cores, 10 logical processors, using up to 10 threads

Non-default parameters:
TimeLimit  1800
LogToConsole  0

Optimize a model with 819 rows, 540 columns and 1587 nonzeros
Model fingerprint: 0x8da0a451
Coefficient statistics:
  Matrix range     [1e+00, 2e+02]
  Objective range  [2e+01, 1e+04]
  Bounds range     [0e+00, 0e+00]
  RHS range        [5e-02, 1e+02]
Presolve removed 725 rows and 347 columns
Presolve time: 0.00s
Presolved: 94 rows, 193 columns, 396 nonzeros

Iteration    Objective       Primal Inf.    Dual Inf.      Time
       0    0.0000000e+00   7.658601e+01   0.000000e+00      0s
      51    1.7139473e+03   0.000000e+00   0.000000e+00      0s

Solved in 51 iterations and 0.00 seconds (0.00 work units)
Optimal objective  1.713947329e+03

User-callback calls 133, time in user-callback 0.00 sec
Gurobi Optimizer version 12.0.3 build v12.0.3rc0 (mac64[arm] - Darwin 24.6.0 24G84)

CPU model: Apple M4
Thread count: 10 physical cores, 10 logical processors, using up to 10 threads

Non-default parameters:
TimeLimit  1800
LogToConsole  0

Optimize a model with 815 rows, 540 columns and 1579 nonzeros
Model fingerprint: 0x7b40e9c7
Coefficient statistics:
  Matrix range     [1e+00, 2e+02]
  Objective range  [2e+01, 1e+04]
  Bounds range     [0e+00, 0e+00]
  RHS range        [6e-02, 1e+02]
Presolve removed 725 rows and 355 columns
Presolve time: 0.00s
Presolved: 90 rows, 185 columns, 362 nonzeros

Iteration    Objective       Primal Inf.    Dual Inf.      Time
       0    0.0000000e+00   9.002576e+01   0.000000e+00      0s
      51    2.5473291e+03   0.000000e+00   0.000000e+00      0s

Solved in 51 iterations and 0.00 seconds (0.00 work units)
Optimal objective  2.547329065e+03

User-callback calls 136, time in user-callback 0.00 sec
Gurobi Optimizer version 12.0.3 build v12.0.3rc0 (mac64[arm] - Darwin 24.6.0 24G84)

CPU model: Apple M4
Thread count: 10 physical cores, 10 logical processors, using up to 10 threads

Non-default parameters:
TimeLimit  1800
LogToConsole  0

Optimize a model with 819 rows, 540 columns and 1587 nonzeros
Model fingerprint: 0x2cc8a0ac
Coefficient statistics:
  Matrix range     [1e+00, 2e+02]
  Objective range  [2e+01, 1e+04]
  Bounds range     [0e+00, 0e+00]
  RHS range        [6e-02, 1e+02]
Presolve removed 725 rows and 347 columns
Presolve time: 0.00s
Presolved: 94 rows, 193 columns, 396 nonzeros

Iteration    Objective       Primal Inf.    Dual Inf.      Time
       0    0.0000000e+00   7.699174e+01   0.000000e+00      0s
      51    2.4311179e+03   0.000000e+00   0.000000e+00      0s

Solved in 51 iterations and 0.00 seconds (0.00 work units)
Optimal objective  2.431117884e+03

User-callback calls 133, time in user-callback 0.00 sec
Gurobi Optimizer version 12.0.3 build v12.0.3rc0 (mac64[arm] - Darwin 24.6.0 24G84)

CPU model: Apple M4
Thread count: 10 physical cores, 10 logical processors, using up to 10 threads

Non-default parameters:
TimeLimit  1800
LogToConsole  0

Optimize a model with 815 rows, 540 columns and 1579 nonzeros
Model fingerprint: 0x711b7c32
Coefficient statistics:
  Matrix range     [1e+00, 2e+02]
  Objective range  [2e+01, 1e+04]
  Bounds range     [0e+00, 0e+00]
  RHS range        [5e-02, 1e+02]
Presolve removed 725 rows and 356 columns
Presolve time: 0.00s
Presolved: 90 rows, 184 columns, 361 nonzeros

Iteration    Objective       Primal Inf.    Dual Inf.      Time
       0    0.0000000e+00   8.909241e+01   0.000000e+00      0s
      57    1.7085557e+03   0.000000e+00   0.000000e+00      0s

Solved in 57 iterations and 0.00 seconds (0.00 work units)
Optimal objective  1.708555660e+03

User-callback calls 142, time in user-callback 0.00 sec
Gurobi Optimizer version 12.0.3 build v12.0.3rc0 (mac64[arm] - Darwin 24.6.0 24G84)

CPU model: Apple M4
Thread count: 10 physical cores, 10 logical processors, using up to 10 threads

Non-default parameters:
TimeLimit  1800
LogToConsole  0

Optimize a model with 819 rows, 540 columns and 1587 nonzeros
Model fingerprint: 0xd61a295c
Coefficient statistics:
  Matrix range     [1e+00, 2e+02]
  Objective range  [2e+01, 1e+04]
  Bounds range     [0e+00, 0e+00]
  RHS range        [5e-02, 1e+02]
Presolve removed 725 rows and 347 columns
Presolve time: 0.00s
Presolved: 94 rows, 193 columns, 396 nonzeros

Iteration    Objective       Primal Inf.    Dual Inf.      Time
       0    0.0000000e+00   7.642263e+01   0.000000e+00      0s
      54    1.6756953e+03   0.000000e+00   0.000000e+00      0s

Solved in 54 iterations and 0.00 seconds (0.00 work units)
Optimal objective  1.675695321e+03

User-callback calls 136, time in user-callback 0.00 sec
Gurobi Optimizer version 12.0.3 build v12.0.3rc0 (mac64[arm] - Darwin 24.6.0 24G84)

CPU model: Apple M4
Thread count: 10 physical cores, 10 logical processors, using up to 10 threads

Non-default parameters:
TimeLimit  1800
LogToConsole  0

Optimize a model with 815 rows, 540 columns and 1579 nonzeros
Model fingerprint: 0x6fccc9e8
Coefficient statistics:
  Matrix range     [1e+00, 2e+02]
  Objective range  [2e+01, 1e+04]
  Bounds range     [0e+00, 0e+00]
  RHS range        [6e-02, 1e+02]
Presolve removed 725 rows and 355 columns
Presolve time: 0.00s
Presolved: 90 rows, 185 columns, 362 nonzeros

Iteration    Objective       Primal Inf.    Dual Inf.      Time
       0    0.0000000e+00   9.050016e+01   0.000000e+00      0s
      52    3.9212304e+03   0.000000e+00   0.000000e+00      0s

Solved in 52 iterations and 0.00 seconds (0.00 work units)
Optimal objective  3.921230413e+03

User-callback calls 137, time in user-callback 0.00 sec
Gurobi Optimizer version 12.0.3 build v12.0.3rc0 (mac64[arm] - Darwin 24.6.0 24G84)

CPU model: Apple M4
Thread count: 10 physical cores, 10 logical processors, using up to 10 threads

Non-default parameters:
TimeLimit  1800
LogToConsole  0

Optimize a model with 819 rows, 540 columns and 1587 nonzeros
Model fingerprint: 0xa82b17db
Coefficient statistics:
  Matrix range     [1e+00, 2e+02]
  Objective range  [2e+01, 1e+04]
  Bounds range     [0e+00, 0e+00]
  RHS range        [6e-02, 1e+02]
Presolve removed 725 rows and 347 columns
Presolve time: 0.00s
Presolved: 94 rows, 193 columns, 396 nonzeros

Iteration    Objective       Primal Inf.    Dual Inf.      Time
       0    0.0000000e+00   7.732226e+01   0.000000e+00      0s
      54    4.4367918e+03   0.000000e+00   0.000000e+00      0s

Solved in 54 iterations and 0.00 seconds (0.00 work units)
Optimal objective  4.436791822e+03

User-callback calls 136, time in user-callback 0.00 sec
Gurobi Optimizer version 12.0.3 build v12.0.3rc0 (mac64[arm] - Darwin 24.6.0 24G84)

CPU model: Apple M4
Thread count: 10 physical cores, 10 logical processors, using up to 10 threads

Non-default parameters:
TimeLimit  1800
LogToConsole  0

Optimize a model with 815 rows, 540 columns and 1579 nonzeros
Model fingerprint: 0xfc69ccba
Coefficient statistics:
  Matrix range     [1e+00, 2e+02]
  Objective range  [2e+01, 1e+04]
  Bounds range     [0e+00, 0e+00]
  RHS range        [5e-02, 1e+02]
Presolve removed 725 rows and 355 columns
Presolve time: 0.00s
Presolved: 90 rows, 185 columns, 362 nonzeros

Iteration    Objective       Primal Inf.    Dual Inf.      Time
       0    0.0000000e+00   8.909674e+01   0.000000e+00      0s
      51    1.5860390e+03   0.000000e+00   0.000000e+00      0s

Solved in 51 iterations and 0.00 seconds (0.00 work units)
Optimal objective  1.586038961e+03

User-callback calls 136, time in user-callback 0.00 sec
Gurobi Optimizer version 12.0.3 build v12.0.3rc0 (mac64[arm] - Darwin 24.6.0 24G84)

CPU model: Apple M4
Thread count: 10 physical cores, 10 logical processors, using up to 10 threads

Non-default parameters:
TimeLimit  1800
LogToConsole  0

Optimize a model with 819 rows, 540 columns and 1587 nonzeros
Model fingerprint: 0xcfd9d7f8
Coefficient statistics:
  Matrix range     [1e+00, 2e+02]
  Objective range  [2e+01, 1e+04]
  Bounds range     [0e+00, 0e+00]
  RHS range        [5e-02, 1e+02]
Presolve removed 725 rows and 347 columns
Presolve time: 0.00s
Presolved: 94 rows, 193 columns, 396 nonzeros

Iteration    Objective       Primal Inf.    Dual Inf.      Time
       0    0.0000000e+00   7.647569e+01   0.000000e+00      0s
      54    1.5639563e+03   0.000000e+00   0.000000e+00      0s

Solved in 54 iterations and 0.00 seconds (0.00 work units)
Optimal objective  1.563956314e+03

User-callback calls 136, time in user-callback 0.00 sec
Gurobi Optimizer version 12.0.3 build v12.0.3rc0 (mac64[arm] - Darwin 24.6.0 24G84)

CPU model: Apple M4
Thread count: 10 physical cores, 10 logical processors, using up to 10 threads

Non-default parameters:
TimeLimit  1800
LogToConsole  0

Optimize a model with 815 rows, 540 columns and 1579 nonzeros
Model fingerprint: 0x230f0701
Coefficient statistics:
  Matrix range     [1e+00, 2e+02]
  Objective range  [2e+01, 1e+04]
  Bounds range     [0e+00, 0e+00]
  RHS range        [5e-02, 1e+02]
Presolve removed 725 rows and 356 columns
Presolve time: 0.00s
Presolved: 90 rows, 184 columns, 361 nonzeros

Iteration    Objective       Primal Inf.    Dual Inf.      Time
       0    0.0000000e+00   8.878687e+01   0.000000e+00      0s
      49    1.4750903e+03   0.000000e+00   0.000000e+00      0s

Solved in 49 iterations and 0.00 seconds (0.00 work units)
Optimal objective  1.475090304e+03

User-callback calls 133, time in user-callback 0.00 sec
Gurobi Optimizer version 12.0.3 build v12.0.3rc0 (mac64[arm] - Darwin 24.6.0 24G84)

CPU model: Apple M4
Thread count: 10 physical cores, 10 logical processors, using up to 10 threads

Non-default parameters:
TimeLimit  1800
LogToConsole  0

Optimize a model with 819 rows, 540 columns and 1587 nonzeros
Model fingerprint: 0xb3238fbd
Coefficient statistics:
  Matrix range     [1e+00, 2e+02]
  Objective range  [2e+01, 1e+04]
  Bounds range     [0e+00, 0e+00]
  RHS range        [5e-02, 1e+02]
Presolve removed 725 rows and 347 columns
Presolve time: 0.00s
Presolved: 94 rows, 193 columns, 396 nonzeros

Iteration    Objective       Primal Inf.    Dual Inf.      Time
       0    0.0000000e+00   7.629713e+01   0.000000e+00      0s
      48    1.4493358e+03   0.000000e+00   0.000000e+00      0s

Solved in 48 iterations and 0.00 seconds (0.00 work units)
Optimal objective  1.449335777e+03

User-callback calls 130, time in user-callback 0.00 sec
Gurobi Optimizer version 12.0.3 build v12.0.3rc0 (mac64[arm] - Darwin 24.6.0 24G84)

CPU model: Apple M4
Thread count: 10 physical cores, 10 logical processors, using up to 10 threads

Non-default parameters:
TimeLimit  1800
LogToConsole  0

Optimize a model with 815 rows, 540 columns and 1579 nonzeros
Model fingerprint: 0x4465533c
Coefficient statistics:
  Matrix range     [1e+00, 2e+02]
  Objective range  [2e+01, 1e+04]
  Bounds range     [0e+00, 0e+00]
  RHS range        [5e-02, 1e+02]
Presolve removed 725 rows and 356 columns
Presolve time: 0.00s
Presolved: 90 rows, 184 columns, 361 nonzeros

Iteration    Objective       Primal Inf.    Dual Inf.      Time
       0    0.0000000e+00   8.910984e+01   0.000000e+00      0s
      56    1.7373438e+03   0.000000e+00   0.000000e+00      0s

Solved in 56 iterations and 0.00 seconds (0.00 work units)
Optimal objective  1.737343839e+03

User-callback calls 141, time in user-callback 0.00 sec
Gurobi Optimizer version 12.0.3 build v12.0.3rc0 (mac64[arm] - Darwin 24.6.0 24G84)

CPU model: Apple M4
Thread count: 10 physical cores, 10 logical processors, using up to 10 threads

Non-default parameters:
TimeLimit  1800
LogToConsole  0

Optimize a model with 819 rows, 540 columns and 1587 nonzeros
Model fingerprint: 0x0141e800
Coefficient statistics:
  Matrix range     [1e+00, 2e+02]
  Objective range  [2e+01, 1e+04]
  Bounds range     [0e+00, 0e+00]
  RHS range        [5e-02, 1e+02]
Presolve removed 725 rows and 347 columns
Presolve time: 0.00s
Presolved: 94 rows, 193 columns, 396 nonzeros

Iteration    Objective       Primal Inf.    Dual Inf.      Time
       0    0.0000000e+00   7.627599e+01   0.000000e+00      0s
      52    1.7024083e+03   0.000000e+00   0.000000e+00      0s

Solved in 52 iterations and 0.00 seconds (0.00 work units)
Optimal objective  1.702408341e+03

User-callback calls 134, time in user-callback 0.00 sec
Gurobi Optimizer version 12.0.3 build v12.0.3rc0 (mac64[arm] - Darwin 24.6.0 24G84)

CPU model: Apple M4
Thread count: 10 physical cores, 10 logical processors, using up to 10 threads

Non-default parameters:
TimeLimit  1800
LogToConsole  0

Optimize a model with 815 rows, 540 columns and 1579 nonzeros
Model fingerprint: 0x7ba18a13
Coefficient statistics:
  Matrix range     [1e+00, 2e+02]
  Objective range  [2e+01, 1e+04]
  Bounds range     [0e+00, 0e+00]
  RHS range        [5e-02, 1e+02]
Presolve removed 725 rows and 356 columns
Presolve time: 0.00s
Presolved: 90 rows, 184 columns, 361 nonzeros

Iteration    Objective       Primal Inf.    Dual Inf.      Time
       0    0.0000000e+00   8.909644e+01   0.000000e+00      0s
      53    1.8236760e+03   0.000000e+00   0.000000e+00      0s

Solved in 53 iterations and 0.00 seconds (0.00 work units)
Optimal objective  1.823675983e+03

User-callback calls 138, time in user-callback 0.00 sec
Gurobi Optimizer version 12.0.3 build v12.0.3rc0 (mac64[arm] - Darwin 24.6.0 24G84)

CPU model: Apple M4
Thread count: 10 physical cores, 10 logical processors, using up to 10 threads

Non-default parameters:
TimeLimit  1800
LogToConsole  0

Optimize a model with 819 rows, 540 columns and 1587 nonzeros
Model fingerprint: 0x4882e03e
Coefficient statistics:
  Matrix range     [1e+00, 2e+02]
  Objective range  [2e+01, 1e+04]
  Bounds range     [0e+00, 0e+00]
  RHS range        [5e-02, 1e+02]
Presolve removed 725 rows and 347 columns
Presolve time: 0.00s
Presolved: 94 rows, 193 columns, 396 nonzeros

Iteration    Objective       Primal Inf.    Dual Inf.      Time
       0    0.0000000e+00   7.656163e+01   0.000000e+00      0s
      49    1.8201278e+03   0.000000e+00   0.000000e+00      0s

Solved in 49 iterations and 0.00 seconds (0.00 work units)
Optimal objective  1.820127823e+03

User-callback calls 131, time in user-callback 0.00 sec
Gurobi Optimizer version 12.0.3 build v12.0.3rc0 (mac64[arm] - Darwin 24.6.0 24G84)

CPU model: Apple M4
Thread count: 10 physical cores, 10 logical processors, using up to 10 threads

Non-default parameters:
TimeLimit  1800
LogToConsole  0

Optimize a model with 815 rows, 540 columns and 1579 nonzeros
Model fingerprint: 0x0f1fd061
Coefficient statistics:
  Matrix range     [1e+00, 2e+02]
  Objective range  [2e+01, 1e+04]
  Bounds range     [0e+00, 0e+00]
  RHS range        [5e-02, 1e+02]
Presolve removed 725 rows and 356 columns
Presolve time: 0.00s
Presolved: 90 rows, 184 columns, 361 nonzeros

Iteration    Objective       Primal Inf.    Dual Inf.      Time
       0    0.0000000e+00   8.933140e+01   0.000000e+00      0s
      53    1.7450080e+03   0.000000e+00   0.000000e+00      0s

Solved in 53 iterations and 0.00 seconds (0.00 work units)
Optimal objective  1.745007953e+03

User-callback calls 138, time in user-callback 0.00 sec
Gurobi Optimizer version 12.0.3 build v12.0.3rc0 (mac64[arm] - Darwin 24.6.0 24G84)

CPU model: Apple M4
Thread count: 10 physical cores, 10 logical processors, using up to 10 threads

Non-default parameters:
TimeLimit  1800
LogToConsole  0

Optimize a model with 819 rows, 540 columns and 1587 nonzeros
Model fingerprint: 0xae3b7050
Coefficient statistics:
  Matrix range     [1e+00, 2e+02]
  Objective range  [2e+01, 1e+04]
  Bounds range     [0e+00, 0e+00]
  RHS range        [5e-02, 1e+02]
Presolve removed 725 rows and 347 columns
Presolve time: 0.00s
Presolved: 94 rows, 193 columns, 396 nonzeros

Iteration    Objective       Primal Inf.    Dual Inf.      Time
       0    0.0000000e+00   7.651227e+01   0.000000e+00      0s
      55    1.6758756e+03   0.000000e+00   0.000000e+00      0s

Solved in 55 iterations and 0.00 seconds (0.00 work units)
Optimal objective  1.675875588e+03

User-callback calls 137, time in user-callback 0.00 sec
Gurobi Optimizer version 12.0.3 build v12.0.3rc0 (mac64[arm] - Darwin 24.6.0 24G84)

CPU model: Apple M4
Thread count: 10 physical cores, 10 logical processors, using up to 10 threads

Non-default parameters:
TimeLimit  1800
LogToConsole  0

Optimize a model with 815 rows, 540 columns and 1579 nonzeros
Model fingerprint: 0xc15b32b7
Coefficient statistics:
  Matrix range     [1e+00, 2e+02]
  Objective range  [2e+01, 1e+04]
  Bounds range     [0e+00, 0e+00]
  RHS range        [5e-02, 1e+02]
Presolve removed 725 rows and 355 columns
Presolve time: 0.00s
Presolved: 90 rows, 185 columns, 362 nonzeros

Iteration    Objective       Primal Inf.    Dual Inf.      Time
       0    0.0000000e+00   8.921097e+01   0.000000e+00      0s
      54    1.7612337e+03   0.000000e+00   0.000000e+00      0s

Solved in 54 iterations and 0.00 seconds (0.00 work units)
Optimal objective  1.761233663e+03

User-callback calls 139, time in user-callback 0.00 sec
Gurobi Optimizer version 12.0.3 build v12.0.3rc0 (mac64[arm] - Darwin 24.6.0 24G84)

CPU model: Apple M4
Thread count: 10 physical cores, 10 logical processors, using up to 10 threads

Non-default parameters:
TimeLimit  1800
LogToConsole  0

Optimize a model with 819 rows, 540 columns and 1587 nonzeros
Model fingerprint: 0x945bb81f
Coefficient statistics:
  Matrix range     [1e+00, 2e+02]
  Objective range  [2e+01, 1e+04]
  Bounds range     [0e+00, 0e+00]
  RHS range        [5e-02, 1e+02]
Presolve removed 725 rows and 347 columns
Presolve time: 0.00s
Presolved: 94 rows, 193 columns, 396 nonzeros

Iteration    Objective       Primal Inf.    Dual Inf.      Time
       0    0.0000000e+00   7.668865e+01   0.000000e+00      0s
      57    1.7224659e+03   0.000000e+00   0.000000e+00      0s

Solved in 57 iterations and 0.00 seconds (0.00 work units)
Optimal objective  1.722465876e+03

User-callback calls 139, time in user-callback 0.00 sec
Gurobi Optimizer version 12.0.3 build v12.0.3rc0 (mac64[arm] - Darwin 24.6.0 24G84)

CPU model: Apple M4
Thread count: 10 physical cores, 10 logical processors, using up to 10 threads

Non-default parameters:
TimeLimit  1800
LogToConsole  0

Optimize a model with 815 rows, 540 columns and 1579 nonzeros
Model fingerprint: 0x06ec02fc
Coefficient statistics:
  Matrix range     [1e+00, 2e+02]
  Objective range  [2e+01, 1e+04]
  Bounds range     [0e+00, 0e+00]
  RHS range        [6e-02, 1e+02]
Presolve removed 725 rows and 355 columns
Presolve time: 0.00s
Presolved: 90 rows, 185 columns, 362 nonzeros

Iteration    Objective       Primal Inf.    Dual Inf.      Time
       0    0.0000000e+00   8.977296e+01   0.000000e+00      0s
      52    2.4064853e+03   0.000000e+00   0.000000e+00      0s

Solved in 52 iterations and 0.00 seconds (0.00 work units)
Optimal objective  2.406485326e+03

User-callback calls 137, time in user-callback 0.00 sec
Gurobi Optimizer version 12.0.3 build v12.0.3rc0 (mac64[arm] - Darwin 24.6.0 24G84)

CPU model: Apple M4
Thread count: 10 physical cores, 10 logical processors, using up to 10 threads

Non-default parameters:
TimeLimit  1800
LogToConsole  0

Optimize a model with 819 rows, 540 columns and 1587 nonzeros
Model fingerprint: 0xc090a877
Coefficient statistics:
  Matrix range     [1e+00, 2e+02]
  Objective range  [2e+01, 1e+04]
  Bounds range     [0e+00, 0e+00]
  RHS range        [6e-02, 1e+02]
Presolve removed 725 rows and 347 columns
Presolve time: 0.00s
Presolved: 94 rows, 193 columns, 396 nonzeros

Iteration    Objective       Primal Inf.    Dual Inf.      Time
       0    0.0000000e+00   7.653848e+01   0.000000e+00      0s
      48    2.3466968e+03   0.000000e+00   0.000000e+00      0s

Solved in 48 iterations and 0.00 seconds (0.00 work units)
Optimal objective  2.346696825e+03

User-callback calls 130, time in user-callback 0.00 sec
Gurobi Optimizer version 12.0.3 build v12.0.3rc0 (mac64[arm] - Darwin 24.6.0 24G84)

CPU model: Apple M4
Thread count: 10 physical cores, 10 logical processors, using up to 10 threads

Non-default parameters:
TimeLimit  1800
LogToConsole  0

Optimize a model with 815 rows, 540 columns and 1579 nonzeros
Model fingerprint: 0xc869b91d
Coefficient statistics:
  Matrix range     [1e+00, 2e+02]
  Objective range  [2e+01, 1e+04]
  Bounds range     [0e+00, 0e+00]
  RHS range        [6e-02, 1e+02]
Presolve removed 725 rows and 355 columns
Presolve time: 0.00s
Presolved: 90 rows, 185 columns, 362 nonzeros

Iteration    Objective       Primal Inf.    Dual Inf.      Time
       0    0.0000000e+00   8.955517e+01   0.000000e+00      0s
      55    2.2614372e+03   0.000000e+00   0.000000e+00      0s

Solved in 55 iterations and 0.00 seconds (0.00 work units)
Optimal objective  2.261437233e+03

User-callback calls 140, time in user-callback 0.00 sec
Gurobi Optimizer version 12.0.3 build v12.0.3rc0 (mac64[arm] - Darwin 24.6.0 24G84)

CPU model: Apple M4
Thread count: 10 physical cores, 10 logical processors, using up to 10 threads

Non-default parameters:
TimeLimit  1800
LogToConsole  0

Optimize a model with 819 rows, 540 columns and 1587 nonzeros
Model fingerprint: 0x7a68330e
Coefficient statistics:
  Matrix range     [1e+00, 2e+02]
  Objective range  [2e+01, 1e+04]
  Bounds range     [0e+00, 0e+00]
  RHS range        [6e-02, 1e+02]
Presolve removed 725 rows and 347 columns
Presolve time: 0.00s
Presolved: 94 rows, 193 columns, 396 nonzeros

Iteration    Objective       Primal Inf.    Dual Inf.      Time
       0    0.0000000e+00   7.694501e+01   0.000000e+00      0s
      54    2.2795108e+03   0.000000e+00   0.000000e+00      0s

Solved in 54 iterations and 0.00 seconds (0.00 work units)
Optimal objective  2.279510848e+03

User-callback calls 136, time in user-callback 0.00 sec
Gurobi Optimizer version 12.0.3 build v12.0.3rc0 (mac64[arm] - Darwin 24.6.0 24G84)

CPU model: Apple M4
Thread count: 10 physical cores, 10 logical processors, using up to 10 threads

Non-default parameters:
TimeLimit  1800
LogToConsole  0

Optimize a model with 815 rows, 540 columns and 1579 nonzeros
Model fingerprint: 0x3637a2b7
Coefficient statistics:
  Matrix range     [1e+00, 2e+02]
  Objective range  [2e+01, 1e+04]
  Bounds range     [0e+00, 0e+00]
  RHS range        [5e-02, 1e+02]
Presolve removed 725 rows and 355 columns
Presolve time: 0.00s
Presolved: 90 rows, 185 columns, 362 nonzeros

Iteration    Objective       Primal Inf.    Dual Inf.      Time
       0    0.0000000e+00   8.935194e+01   0.000000e+00      0s
      51    1.7168990e+03   0.000000e+00   0.000000e+00      0s

Solved in 51 iterations and 0.00 seconds (0.00 work units)
Optimal objective  1.716899005e+03

User-callback calls 136, time in user-callback 0.00 sec
Gurobi Optimizer version 12.0.3 build v12.0.3rc0 (mac64[arm] - Darwin 24.6.0 24G84)

CPU model: Apple M4
Thread count: 10 physical cores, 10 logical processors, using up to 10 threads

Non-default parameters:
TimeLimit  1800
LogToConsole  0

Optimize a model with 819 rows, 540 columns and 1587 nonzeros
Model fingerprint: 0x25d87cb9
Coefficient statistics:
  Matrix range     [1e+00, 2e+02]
  Objective range  [2e+01, 1e+04]
  Bounds range     [0e+00, 0e+00]
  RHS range        [5e-02, 1e+02]
Presolve removed 725 rows and 347 columns
Presolve time: 0.00s
Presolved: 94 rows, 193 columns, 396 nonzeros

Iteration    Objective       Primal Inf.    Dual Inf.      Time
       0    0.0000000e+00   7.673762e+01   0.000000e+00      0s
      52    1.6968449e+03   0.000000e+00   0.000000e+00      0s

Solved in 52 iterations and 0.00 seconds (0.00 work units)
Optimal objective  1.696844851e+03

User-callback calls 134, time in user-callback 0.00 sec
Gurobi Optimizer version 12.0.3 build v12.0.3rc0 (mac64[arm] - Darwin 24.6.0 24G84)

CPU model: Apple M4
Thread count: 10 physical cores, 10 logical processors, using up to 10 threads

Non-default parameters:
TimeLimit  1800
LogToConsole  0

Optimize a model with 815 rows, 540 columns and 1579 nonzeros
Model fingerprint: 0x09f1cac5
Coefficient statistics:
  Matrix range     [1e+00, 2e+02]
  Objective range  [2e+01, 1e+04]
  Bounds range     [0e+00, 0e+00]
  RHS range        [6e-02, 1e+02]
Presolve removed 725 rows and 355 columns
Presolve time: 0.00s
Presolved: 90 rows, 185 columns, 362 nonzeros

Iteration    Objective       Primal Inf.    Dual Inf.      Time
       0    0.0000000e+00   9.039089e+01   0.000000e+00      0s
      56    3.4312282e+03   0.000000e+00   0.000000e+00      0s

Solved in 56 iterations and 0.00 seconds (0.00 work units)
Optimal objective  3.431228190e+03

User-callback calls 141, time in user-callback 0.00 sec
Gurobi Optimizer version 12.0.3 build v12.0.3rc0 (mac64[arm] - Darwin 24.6.0 24G84)

CPU model: Apple M4
Thread count: 10 physical cores, 10 logical processors, using up to 10 threads

Non-default parameters:
TimeLimit  1800
LogToConsole  0

Optimize a model with 819 rows, 540 columns and 1587 nonzeros
Model fingerprint: 0x02125dd4
Coefficient statistics:
  Matrix range     [1e+00, 2e+02]
  Objective range  [2e+01, 1e+04]
  Bounds range     [0e+00, 0e+00]
  RHS range        [6e-02, 1e+02]
Presolve removed 725 rows and 347 columns
Presolve time: 0.00s
Presolved: 94 rows, 193 columns, 396 nonzeros

Iteration    Objective       Primal Inf.    Dual Inf.      Time
       0    0.0000000e+00   7.776971e+01   0.000000e+00      0s
      54    4.2524395e+03   0.000000e+00   0.000000e+00      0s

Solved in 54 iterations and 0.00 seconds (0.00 work units)
Optimal objective  4.252439450e+03

User-callback calls 136, time in user-callback 0.00 sec
Gurobi Optimizer version 12.0.3 build v12.0.3rc0 (mac64[arm] - Darwin 24.6.0 24G84)

CPU model: Apple M4
Thread count: 10 physical cores, 10 logical processors, using up to 10 threads

Non-default parameters:
TimeLimit  1800
LogToConsole  0

Optimize a model with 815 rows, 540 columns and 1579 nonzeros
Model fingerprint: 0x8efa8231
Coefficient statistics:
  Matrix range     [1e+00, 2e+02]
  Objective range  [2e+01, 1e+04]
  Bounds range     [0e+00, 0e+00]
  RHS range        [6e-02, 1e+02]
Presolve removed 725 rows and 355 columns
Presolve time: 0.00s
Presolved: 90 rows, 185 columns, 362 nonzeros

Iteration    Objective       Primal Inf.    Dual Inf.      Time
       0    0.0000000e+00   8.899653e+01   0.000000e+00      0s
      59    1.7036767e+03   0.000000e+00   0.000000e+00      0s

Solved in 59 iterations and 0.00 seconds (0.00 work units)
Optimal objective  1.703676701e+03

User-callback calls 144, time in user-callback 0.00 sec
Gurobi Optimizer version 12.0.3 build v12.0.3rc0 (mac64[arm] - Darwin 24.6.0 24G84)

CPU model: Apple M4
Thread count: 10 physical cores, 10 logical processors, using up to 10 threads

Non-default parameters:
TimeLimit  1800
LogToConsole  0

Optimize a model with 819 rows, 540 columns and 1587 nonzeros
Model fingerprint: 0xb078cf36
Coefficient statistics:
  Matrix range     [1e+00, 2e+02]
  Objective range  [2e+01, 1e+04]
  Bounds range     [0e+00, 0e+00]
  RHS range        [6e-02, 1e+02]
Presolve removed 725 rows and 347 columns
Presolve time: 0.00s
Presolved: 94 rows, 193 columns, 396 nonzeros

Iteration    Objective       Primal Inf.    Dual Inf.      Time
       0    0.0000000e+00   7.620280e+01   0.000000e+00      0s
      51    1.6809663e+03   0.000000e+00   0.000000e+00      0s

Solved in 51 iterations and 0.00 seconds (0.00 work units)
Optimal objective  1.680966266e+03

User-callback calls 133, time in user-callback 0.00 sec
Gurobi Optimizer version 12.0.3 build v12.0.3rc0 (mac64[arm] - Darwin 24.6.0 24G84)

CPU model: Apple M4
Thread count: 10 physical cores, 10 logical processors, using up to 10 threads

Non-default parameters:
TimeLimit  1800
LogToConsole  0

Optimize a model with 815 rows, 540 columns and 1579 nonzeros
Model fingerprint: 0xe0c450af
Coefficient statistics:
  Matrix range     [1e+00, 2e+02]
  Objective range  [2e+01, 1e+04]
  Bounds range     [0e+00, 0e+00]
  RHS range        [6e-02, 1e+02]
Presolve removed 725 rows and 355 columns
Presolve time: 0.00s
Presolved: 90 rows, 185 columns, 362 nonzeros

Iteration    Objective       Primal Inf.    Dual Inf.      Time
       0    0.0000000e+00   8.939345e+01   0.000000e+00      0s
      59    1.9889254e+03   0.000000e+00   0.000000e+00      0s

Solved in 59 iterations and 0.00 seconds (0.00 work units)
Optimal objective  1.988925424e+03

User-callback calls 144, time in user-callback 0.00 sec
Gurobi Optimizer version 12.0.3 build v12.0.3rc0 (mac64[arm] - Darwin 24.6.0 24G84)

CPU model: Apple M4
Thread count: 10 physical cores, 10 logical processors, using up to 10 threads

Non-default parameters:
TimeLimit  1800
LogToConsole  0

Optimize a model with 819 rows, 540 columns and 1587 nonzeros
Model fingerprint: 0x9bf9e086
Coefficient statistics:
  Matrix range     [1e+00, 2e+02]
  Objective range  [2e+01, 1e+04]
  Bounds range     [0e+00, 0e+00]
  RHS range        [6e-02, 1e+02]
Presolve removed 725 rows and 347 columns
Presolve time: 0.00s
Presolved: 94 rows, 193 columns, 396 nonzeros

Iteration    Objective       Primal Inf.    Dual Inf.      Time
       0    0.0000000e+00   7.673861e+01   0.000000e+00      0s
      52    1.9747910e+03   0.000000e+00   0.000000e+00      0s

Solved in 52 iterations and 0.00 seconds (0.00 work units)
Optimal objective  1.974791006e+03

User-callback calls 134, time in user-callback 0.00 sec
Gurobi Optimizer version 12.0.3 build v12.0.3rc0 (mac64[arm] - Darwin 24.6.0 24G84)

CPU model: Apple M4
Thread count: 10 physical cores, 10 logical processors, using up to 10 threads

Non-default parameters:
TimeLimit  1800
LogToConsole  0

Optimize a model with 815 rows, 540 columns and 1579 nonzeros
Model fingerprint: 0x3cbd5276
Coefficient statistics:
  Matrix range     [1e+00, 2e+02]
  Objective range  [2e+01, 1e+04]
  Bounds range     [0e+00, 0e+00]
  RHS range        [5e-02, 1e+02]
Presolve removed 725 rows and 356 columns
Presolve time: 0.00s
Presolved: 90 rows, 184 columns, 361 nonzeros

Iteration    Objective       Primal Inf.    Dual Inf.      Time
       0    0.0000000e+00   8.859184e+01   0.000000e+00      0s
      49    1.3790872e+03   0.000000e+00   0.000000e+00      0s

Solved in 49 iterations and 0.00 seconds (0.00 work units)
Optimal objective  1.379087182e+03

User-callback calls 134, time in user-callback 0.00 sec
Gurobi Optimizer version 12.0.3 build v12.0.3rc0 (mac64[arm] - Darwin 24.6.0 24G84)

CPU model: Apple M4
Thread count: 10 physical cores, 10 logical processors, using up to 10 threads

Non-default parameters:
TimeLimit  1800
LogToConsole  0

Optimize a model with 819 rows, 540 columns and 1587 nonzeros
Model fingerprint: 0xd24b62b2
Coefficient statistics:
  Matrix range     [1e+00, 2e+02]
  Objective range  [2e+01, 1e+04]
  Bounds range     [0e+00, 0e+00]
  RHS range        [5e-02, 1e+02]
Presolve removed 725 rows and 347 columns
Presolve time: 0.00s
Presolved: 94 rows, 193 columns, 396 nonzeros

Iteration    Objective       Primal Inf.    Dual Inf.      Time
       0    0.0000000e+00   7.602246e+01   0.000000e+00      0s
      48    1.3272813e+03   0.000000e+00   0.000000e+00      0s

Solved in 48 iterations and 0.00 seconds (0.00 work units)
Optimal objective  1.327281257e+03

User-callback calls 130, time in user-callback 0.00 sec
Gurobi Optimizer version 12.0.3 build v12.0.3rc0 (mac64[arm] - Darwin 24.6.0 24G84)

CPU model: Apple M4
Thread count: 10 physical cores, 10 logical processors, using up to 10 threads

Non-default parameters:
TimeLimit  1800
LogToConsole  0

Optimize a model with 815 rows, 540 columns and 1579 nonzeros
Model fingerprint: 0xd6118b30
Coefficient statistics:
  Matrix range     [1e+00, 2e+02]
  Objective range  [2e+01, 1e+04]
  Bounds range     [0e+00, 0e+00]
  RHS range        [5e-02, 1e+02]
Presolve removed 725 rows and 356 columns
Presolve time: 0.00s
Presolved: 90 rows, 184 columns, 361 nonzeros

Iteration    Objective       Primal Inf.    Dual Inf.      Time
       0    0.0000000e+00   8.891725e+01   0.000000e+00      0s
      50    1.4673065e+03   0.000000e+00   0.000000e+00      0s

Solved in 50 iterations and 0.00 seconds (0.00 work units)
Optimal objective  1.467306466e+03

User-callback calls 135, time in user-callback 0.00 sec
Gurobi Optimizer version 12.0.3 build v12.0.3rc0 (mac64[arm] - Darwin 24.6.0 24G84)

CPU model: Apple M4
Thread count: 10 physical cores, 10 logical processors, using up to 10 threads

Non-default parameters:
TimeLimit  1800
LogToConsole  0

Optimize a model with 819 rows, 540 columns and 1587 nonzeros
Model fingerprint: 0x03fd8a86
Coefficient statistics:
  Matrix range     [1e+00, 2e+02]
  Objective range  [2e+01, 1e+04]
  Bounds range     [0e+00, 0e+00]
  RHS range        [5e-02, 1e+02]
Presolve removed 725 rows and 347 columns
Presolve time: 0.00s
Presolved: 94 rows, 193 columns, 396 nonzeros

Iteration    Objective       Primal Inf.    Dual Inf.      Time
       0    0.0000000e+00   7.565548e+01   0.000000e+00      0s
      50    1.4207456e+03   0.000000e+00   0.000000e+00      0s

Solved in 50 iterations and 0.00 seconds (0.00 work units)
Optimal objective  1.420745623e+03

User-callback calls 132, time in user-callback 0.00 sec
Gurobi Optimizer version 12.0.3 build v12.0.3rc0 (mac64[arm] - Darwin 24.6.0 24G84)

CPU model: Apple M4
Thread count: 10 physical cores, 10 logical processors, using up to 10 threads

Non-default parameters:
TimeLimit  1800
LogToConsole  0

Optimize a model with 815 rows, 540 columns and 1579 nonzeros
Model fingerprint: 0xb95af7ac
Coefficient statistics:
  Matrix range     [1e+00, 2e+02]
  Objective range  [2e+01, 1e+04]
  Bounds range     [0e+00, 0e+00]
  RHS range        [6e-02, 1e+02]
Presolve removed 725 rows and 355 columns
Presolve time: 0.00s
Presolved: 90 rows, 185 columns, 362 nonzeros

Iteration    Objective       Primal Inf.    Dual Inf.      Time
       0    0.0000000e+00   9.049742e+01   0.000000e+00      0s
      55    3.4466058e+03   0.000000e+00   0.000000e+00      0s

Solved in 55 iterations and 0.00 seconds (0.00 work units)
Optimal objective  3.446605783e+03

User-callback calls 140, time in user-callback 0.00 sec
Gurobi Optimizer version 12.0.3 build v12.0.3rc0 (mac64[arm] - Darwin 24.6.0 24G84)

CPU model: Apple M4
Thread count: 10 physical cores, 10 logical processors, using up to 10 threads

Non-default parameters:
TimeLimit  1800
LogToConsole  0

Optimize a model with 819 rows, 540 columns and 1587 nonzeros
Model fingerprint: 0x946665bd
Coefficient statistics:
  Matrix range     [1e+00, 2e+02]
  Objective range  [2e+01, 1e+04]
  Bounds range     [0e+00, 0e+00]
  RHS range        [6e-02, 1e+02]
Presolve removed 725 rows and 347 columns
Presolve time: 0.00s
Presolved: 94 rows, 193 columns, 396 nonzeros

Iteration    Objective       Primal Inf.    Dual Inf.      Time
       0    0.0000000e+00   7.700978e+01   0.000000e+00      0s
      50    3.4446284e+03   0.000000e+00   0.000000e+00      0s

Solved in 50 iterations and 0.00 seconds (0.00 work units)
Optimal objective  3.444628405e+03

User-callback calls 132, time in user-callback 0.00 sec
Gurobi Optimizer version 12.0.3 build v12.0.3rc0 (mac64[arm] - Darwin 24.6.0 24G84)

CPU model: Apple M4
Thread count: 10 physical cores, 10 logical processors, using up to 10 threads

Non-default parameters:
TimeLimit  1800
LogToConsole  0

Optimize a model with 815 rows, 540 columns and 1579 nonzeros
Model fingerprint: 0x80c8f99f
Coefficient statistics:
  Matrix range     [1e+00, 2e+02]
  Objective range  [2e+01, 1e+04]
  Bounds range     [0e+00, 0e+00]
  RHS range        [5e-02, 1e+02]
Presolve removed 725 rows and 356 columns
Presolve time: 0.00s
Presolved: 90 rows, 184 columns, 361 nonzeros

Iteration    Objective       Primal Inf.    Dual Inf.      Time
       0    0.0000000e+00   8.862525e+01   0.000000e+00      0s
      57    1.6172511e+03   0.000000e+00   0.000000e+00      0s

Solved in 57 iterations and 0.00 seconds (0.00 work units)
Optimal objective  1.617251127e+03

User-callback calls 142, time in user-callback 0.00 sec
Gurobi Optimizer version 12.0.3 build v12.0.3rc0 (mac64[arm] - Darwin 24.6.0 24G84)

CPU model: Apple M4
Thread count: 10 physical cores, 10 logical processors, using up to 10 threads

Non-default parameters:
TimeLimit  1800
LogToConsole  0

Optimize a model with 819 rows, 540 columns and 1587 nonzeros
Model fingerprint: 0x453b36e0
Coefficient statistics:
  Matrix range     [1e+00, 2e+02]
  Objective range  [2e+01, 1e+04]
  Bounds range     [0e+00, 0e+00]
  RHS range        [5e-02, 1e+02]
Presolve removed 725 rows and 347 columns
Presolve time: 0.00s
Presolved: 94 rows, 193 columns, 396 nonzeros

Iteration    Objective       Primal Inf.    Dual Inf.      Time
       0    0.0000000e+00   7.649817e+01   0.000000e+00      0s
      55    1.6164010e+03   0.000000e+00   0.000000e+00      0s

Solved in 55 iterations and 0.00 seconds (0.00 work units)
Optimal objective  1.616400968e+03

User-callback calls 137, time in user-callback 0.00 sec
Gurobi Optimizer version 12.0.3 build v12.0.3rc0 (mac64[arm] - Darwin 24.6.0 24G84)

CPU model: Apple M4
Thread count: 10 physical cores, 10 logical processors, using up to 10 threads

Non-default parameters:
TimeLimit  1800
LogToConsole  0

Optimize a model with 815 rows, 540 columns and 1579 nonzeros
Model fingerprint: 0xd41f0932
Coefficient statistics:
  Matrix range     [1e+00, 2e+02]
  Objective range  [2e+01, 1e+04]
  Bounds range     [0e+00, 0e+00]
  RHS range        [6e-02, 1e+02]
Presolve removed 725 rows and 355 columns
Presolve time: 0.00s
Presolved: 90 rows, 185 columns, 362 nonzeros

Iteration    Objective       Primal Inf.    Dual Inf.      Time
       0    0.0000000e+00   8.955268e+01   0.000000e+00      0s
      60    1.9647453e+03   0.000000e+00   0.000000e+00      0s

Solved in 60 iterations and 0.00 seconds (0.00 work units)
Optimal objective  1.964745327e+03

User-callback calls 145, time in user-callback 0.00 sec
Gurobi Optimizer version 12.0.3 build v12.0.3rc0 (mac64[arm] - Darwin 24.6.0 24G84)

CPU model: Apple M4
Thread count: 10 physical cores, 10 logical processors, using up to 10 threads

Non-default parameters:
TimeLimit  1800
LogToConsole  0

Optimize a model with 819 rows, 540 columns and 1587 nonzeros
Model fingerprint: 0x027b14aa
Coefficient statistics:
  Matrix range     [1e+00, 2e+02]
  Objective range  [2e+01, 1e+04]
  Bounds range     [0e+00, 0e+00]
  RHS range        [6e-02, 1e+02]
Presolve removed 725 rows and 347 columns
Presolve time: 0.00s
Presolved: 94 rows, 193 columns, 396 nonzeros

Iteration    Objective       Primal Inf.    Dual Inf.      Time
       0    0.0000000e+00   7.698666e+01   0.000000e+00      0s
      51    1.9604157e+03   0.000000e+00   0.000000e+00      0s

Solved in 51 iterations and 0.00 seconds (0.00 work units)
Optimal objective  1.960415683e+03

User-callback calls 133, time in user-callback 0.00 sec
Gurobi Optimizer version 12.0.3 build v12.0.3rc0 (mac64[arm] - Darwin 24.6.0 24G84)

CPU model: Apple M4
Thread count: 10 physical cores, 10 logical processors, using up to 10 threads

Non-default parameters:
TimeLimit  1800
LogToConsole  0

Optimize a model with 815 rows, 540 columns and 1579 nonzeros
Model fingerprint: 0x08503d45
Coefficient statistics:
  Matrix range     [1e+00, 2e+02]
  Objective range  [2e+01, 1e+04]
  Bounds range     [0e+00, 0e+00]
  RHS range        [5e-02, 1e+02]
Presolve removed 725 rows and 356 columns
Presolve time: 0.00s
Presolved: 90 rows, 184 columns, 361 nonzeros

Iteration    Objective       Primal Inf.    Dual Inf.      Time
       0    0.0000000e+00   8.883870e+01   0.000000e+00      0s
      54    1.5247483e+03   0.000000e+00   0.000000e+00      0s

Solved in 54 iterations and 0.00 seconds (0.00 work units)
Optimal objective  1.524748290e+03

User-callback calls 139, time in user-callback 0.00 sec
Gurobi Optimizer version 12.0.3 build v12.0.3rc0 (mac64[arm] - Darwin 24.6.0 24G84)

CPU model: Apple M4
Thread count: 10 physical cores, 10 logical processors, using up to 10 threads

Non-default parameters:
TimeLimit  1800
LogToConsole  0

Optimize a model with 819 rows, 540 columns and 1587 nonzeros
Model fingerprint: 0xc6753474
Coefficient statistics:
  Matrix range     [1e+00, 2e+02]
  Objective range  [2e+01, 1e+04]
  Bounds range     [0e+00, 0e+00]
  RHS range        [5e-02, 1e+02]
Presolve removed 725 rows and 347 columns
Presolve time: 0.00s
Presolved: 94 rows, 193 columns, 396 nonzeros

Iteration    Objective       Primal Inf.    Dual Inf.      Time
       0    0.0000000e+00   7.632626e+01   0.000000e+00      0s
      48    1.4730971e+03   0.000000e+00   0.000000e+00      0s

Solved in 48 iterations and 0.00 seconds (0.00 work units)
Optimal objective  1.473097121e+03

User-callback calls 130, time in user-callback 0.00 sec
Gurobi Optimizer version 12.0.3 build v12.0.3rc0 (mac64[arm] - Darwin 24.6.0 24G84)

CPU model: Apple M4
Thread count: 10 physical cores, 10 logical processors, using up to 10 threads

Non-default parameters:
TimeLimit  1800
LogToConsole  0

Optimize a model with 815 rows, 540 columns and 1579 nonzeros
Model fingerprint: 0x056c263f
Coefficient statistics:
  Matrix range     [1e+00, 2e+02]
  Objective range  [2e+01, 1e+04]
  Bounds range     [0e+00, 0e+00]
  RHS range        [6e-02, 1e+02]
Presolve removed 725 rows and 355 columns
Presolve time: 0.00s
Presolved: 90 rows, 185 columns, 362 nonzeros

Iteration    Objective       Primal Inf.    Dual Inf.      Time
       0    0.0000000e+00   9.005635e+01   0.000000e+00      0s
      52    2.4282498e+03   0.000000e+00   0.000000e+00      0s

Solved in 52 iterations and 0.00 seconds (0.00 work units)
Optimal objective  2.428249832e+03

User-callback calls 137, time in user-callback 0.00 sec
Gurobi Optimizer version 12.0.3 build v12.0.3rc0 (mac64[arm] - Darwin 24.6.0 24G84)

CPU model: Apple M4
Thread count: 10 physical cores, 10 logical processors, using up to 10 threads

Non-default parameters:
TimeLimit  1800
LogToConsole  0

Optimize a model with 819 rows, 540 columns and 1587 nonzeros
Model fingerprint: 0xda8165ad
Coefficient statistics:
  Matrix range     [1e+00, 2e+02]
  Objective range  [2e+01, 1e+04]
  Bounds range     [0e+00, 0e+00]
  RHS range        [6e-02, 1e+02]
Presolve removed 725 rows and 347 columns
Presolve time: 0.00s
Presolved: 94 rows, 193 columns, 396 nonzeros

Iteration    Objective       Primal Inf.    Dual Inf.      Time
       0    0.0000000e+00   7.717394e+01   0.000000e+00      0s
      50    2.3444696e+03   0.000000e+00   0.000000e+00      0s

Solved in 50 iterations and 0.00 seconds (0.00 work units)
Optimal objective  2.344469631e+03

User-callback calls 132, time in user-callback 0.00 sec
Gurobi Optimizer version 12.0.3 build v12.0.3rc0 (mac64[arm] - Darwin 24.6.0 24G84)

CPU model: Apple M4
Thread count: 10 physical cores, 10 logical processors, using up to 10 threads

Non-default parameters:
TimeLimit  1800
LogToConsole  0

Optimize a model with 815 rows, 540 columns and 1579 nonzeros
Model fingerprint: 0xf0f840de
Coefficient statistics:
  Matrix range     [1e+00, 2e+02]
  Objective range  [2e+01, 1e+04]
  Bounds range     [0e+00, 0e+00]
  RHS range        [5e-02, 1e+02]
Presolve removed 725 rows and 356 columns
Presolve time: 0.00s
Presolved: 90 rows, 184 columns, 361 nonzeros

Iteration    Objective       Primal Inf.    Dual Inf.      Time
       0    0.0000000e+00   8.997946e+01   0.000000e+00      0s
      51    2.4001226e+03   0.000000e+00   0.000000e+00      0s

Solved in 51 iterations and 0.00 seconds (0.00 work units)
Optimal objective  2.400122635e+03

User-callback calls 136, time in user-callback 0.00 sec
Gurobi Optimizer version 12.0.3 build v12.0.3rc0 (mac64[arm] - Darwin 24.6.0 24G84)

CPU model: Apple M4
Thread count: 10 physical cores, 10 logical processors, using up to 10 threads

Non-default parameters:
TimeLimit  1800
LogToConsole  0

Optimize a model with 819 rows, 540 columns and 1587 nonzeros
Model fingerprint: 0x1088bf91
Coefficient statistics:
  Matrix range     [1e+00, 2e+02]
  Objective range  [2e+01, 1e+04]
  Bounds range     [0e+00, 0e+00]
  RHS range        [5e-02, 1e+02]
Presolve removed 725 rows and 347 columns
Presolve time: 0.00s
Presolved: 94 rows, 193 columns, 396 nonzeros

Iteration    Objective       Primal Inf.    Dual Inf.      Time
       0    0.0000000e+00   7.667615e+01   0.000000e+00      0s
      47    2.3476232e+03   0.000000e+00   0.000000e+00      0s

Solved in 47 iterations and 0.00 seconds (0.00 work units)
Optimal objective  2.347623229e+03

User-callback calls 129, time in user-callback 0.00 sec
Gurobi Optimizer version 12.0.3 build v12.0.3rc0 (mac64[arm] - Darwin 24.6.0 24G84)

CPU model: Apple M4
Thread count: 10 physical cores, 10 logical processors, using up to 10 threads

Non-default parameters:
TimeLimit  1800
LogToConsole  0

Optimize a model with 815 rows, 540 columns and 1579 nonzeros
Model fingerprint: 0x80ed9bdf
Coefficient statistics:
  Matrix range     [1e+00, 2e+02]
  Objective range  [2e+01, 1e+04]
  Bounds range     [0e+00, 0e+00]
  RHS range        [5e-02, 1e+02]
Presolve removed 725 rows and 355 columns
Presolve time: 0.00s
Presolved: 90 rows, 185 columns, 362 nonzeros

Iteration    Objective       Primal Inf.    Dual Inf.      Time
       0    0.0000000e+00   8.969955e+01   0.000000e+00      0s
      56    2.0039382e+03   0.000000e+00   0.000000e+00      0s

Solved in 56 iterations and 0.00 seconds (0.00 work units)
Optimal objective  2.003938240e+03

User-callback calls 141, time in user-callback 0.00 sec
Gurobi Optimizer version 12.0.3 build v12.0.3rc0 (mac64[arm] - Darwin 24.6.0 24G84)

CPU model: Apple M4
Thread count: 10 physical cores, 10 logical processors, using up to 10 threads

Non-default parameters:
TimeLimit  1800
LogToConsole  0

Optimize a model with 819 rows, 540 columns and 1587 nonzeros
Model fingerprint: 0x1862804e
Coefficient statistics:
  Matrix range     [1e+00, 2e+02]
  Objective range  [2e+01, 1e+04]
  Bounds range     [0e+00, 0e+00]
  RHS range        [5e-02, 1e+02]
Presolve removed 725 rows and 347 columns
Presolve time: 0.00s
Presolved: 94 rows, 193 columns, 396 nonzeros

Iteration    Objective       Primal Inf.    Dual Inf.      Time
       0    0.0000000e+00   7.701356e+01   0.000000e+00      0s
      50    2.0676939e+03   0.000000e+00   0.000000e+00      0s

Solved in 50 iterations and 0.00 seconds (0.00 work units)
Optimal objective  2.067693874e+03

User-callback calls 132, time in user-callback 0.00 sec
Gurobi Optimizer version 12.0.3 build v12.0.3rc0 (mac64[arm] - Darwin 24.6.0 24G84)

CPU model: Apple M4
Thread count: 10 physical cores, 10 logical processors, using up to 10 threads

Non-default parameters:
TimeLimit  1800
LogToConsole  0

Optimize a model with 815 rows, 540 columns and 1579 nonzeros
Model fingerprint: 0x91cbb144
Coefficient statistics:
  Matrix range     [1e+00, 2e+02]
  Objective range  [2e+01, 1e+04]
  Bounds range     [0e+00, 0e+00]
  RHS range        [5e-02, 1e+02]
Presolve removed 725 rows and 356 columns
Presolve time: 0.00s
Presolved: 90 rows, 184 columns, 361 nonzeros

Iteration    Objective       Primal Inf.    Dual Inf.      Time
       0    0.0000000e+00   8.924728e+01   0.000000e+00      0s
      52    1.7602199e+03   0.000000e+00   0.000000e+00      0s

Solved in 52 iterations and 0.00 seconds (0.00 work units)
Optimal objective  1.760219928e+03

User-callback calls 137, time in user-callback 0.00 sec
Gurobi Optimizer version 12.0.3 build v12.0.3rc0 (mac64[arm] - Darwin 24.6.0 24G84)

CPU model: Apple M4
Thread count: 10 physical cores, 10 logical processors, using up to 10 threads

Non-default parameters:
TimeLimit  1800
LogToConsole  0

Optimize a model with 819 rows, 540 columns and 1587 nonzeros
Model fingerprint: 0x452eae3f
Coefficient statistics:
  Matrix range     [1e+00, 2e+02]
  Objective range  [2e+01, 1e+04]
  Bounds range     [0e+00, 0e+00]
  RHS range        [5e-02, 1e+02]
Presolve removed 725 rows and 347 columns
Presolve time: 0.00s
Presolved: 94 rows, 193 columns, 396 nonzeros

Iteration    Objective       Primal Inf.    Dual Inf.      Time
       0    0.0000000e+00   7.610883e+01   0.000000e+00      0s
      52    1.7019517e+03   0.000000e+00   0.000000e+00      0s

Solved in 52 iterations and 0.00 seconds (0.00 work units)
Optimal objective  1.701951721e+03

User-callback calls 134, time in user-callback 0.00 sec
Gurobi Optimizer version 12.0.3 build v12.0.3rc0 (mac64[arm] - Darwin 24.6.0 24G84)

CPU model: Apple M4
Thread count: 10 physical cores, 10 logical processors, using up to 10 threads

Non-default parameters:
TimeLimit  1800
LogToConsole  0

Optimize a model with 815 rows, 540 columns and 1579 nonzeros
Model fingerprint: 0xcb9d2533
Coefficient statistics:
  Matrix range     [1e+00, 2e+02]
  Objective range  [2e+01, 1e+04]
  Bounds range     [0e+00, 0e+00]
  RHS range        [5e-02, 1e+02]
Presolve removed 725 rows and 356 columns
Presolve time: 0.00s
Presolved: 90 rows, 184 columns, 361 nonzeros

Iteration    Objective       Primal Inf.    Dual Inf.      Time
       0    0.0000000e+00   8.863250e+01   0.000000e+00      0s
      54    1.6861266e+03   0.000000e+00   0.000000e+00      0s

Solved in 54 iterations and 0.00 seconds (0.00 work units)
Optimal objective  1.686126631e+03

User-callback calls 139, time in user-callback 0.00 sec
Gurobi Optimizer version 12.0.3 build v12.0.3rc0 (mac64[arm] - Darwin 24.6.0 24G84)

CPU model: Apple M4
Thread count: 10 physical cores, 10 logical processors, using up to 10 threads

Non-default parameters:
TimeLimit  1800
LogToConsole  0

Optimize a model with 819 rows, 540 columns and 1587 nonzeros
Model fingerprint: 0x97eb6012
Coefficient statistics:
  Matrix range     [1e+00, 2e+02]
  Objective range  [2e+01, 1e+04]
  Bounds range     [0e+00, 0e+00]
  RHS range        [5e-02, 1e+02]
Presolve removed 725 rows and 347 columns
Presolve time: 0.00s
Presolved: 94 rows, 193 columns, 396 nonzeros

Iteration    Objective       Primal Inf.    Dual Inf.      Time
       0    0.0000000e+00   7.600606e+01   0.000000e+00      0s
      55    1.7016092e+03   0.000000e+00   0.000000e+00      0s

Solved in 55 iterations and 0.00 seconds (0.00 work units)
Optimal objective  1.701609226e+03

User-callback calls 137, time in user-callback 0.00 sec
Gurobi Optimizer version 12.0.3 build v12.0.3rc0 (mac64[arm] - Darwin 24.6.0 24G84)

CPU model: Apple M4
Thread count: 10 physical cores, 10 logical processors, using up to 10 threads

Non-default parameters:
TimeLimit  1800
LogToConsole  0

Optimize a model with 815 rows, 540 columns and 1579 nonzeros
Model fingerprint: 0x978cc82c
Coefficient statistics:
  Matrix range     [1e+00, 2e+02]
  Objective range  [2e+01, 1e+04]
  Bounds range     [0e+00, 0e+00]
  RHS range        [5e-02, 1e+02]
Presolve removed 725 rows and 355 columns
Presolve time: 0.00s
Presolved: 90 rows, 185 columns, 362 nonzeros

Iteration    Objective       Primal Inf.    Dual Inf.      Time
       0    0.0000000e+00   8.884173e+01   0.000000e+00      0s
      52    1.6010159e+03   0.000000e+00   0.000000e+00      0s

Solved in 52 iterations and 0.00 seconds (0.00 work units)
Optimal objective  1.601015934e+03

User-callback calls 137, time in user-callback 0.00 sec
Gurobi Optimizer version 12.0.3 build v12.0.3rc0 (mac64[arm] - Darwin 24.6.0 24G84)

CPU model: Apple M4
Thread count: 10 physical cores, 10 logical processors, using up to 10 threads

Non-default parameters:
TimeLimit  1800
LogToConsole  0

Optimize a model with 819 rows, 540 columns and 1587 nonzeros
Model fingerprint: 0x659b5a25
Coefficient statistics:
  Matrix range     [1e+00, 2e+02]
  Objective range  [2e+01, 1e+04]
  Bounds range     [0e+00, 0e+00]
  RHS range        [5e-02, 1e+02]
Presolve removed 725 rows and 347 columns
Presolve time: 0.00s
Presolved: 94 rows, 193 columns, 396 nonzeros

Iteration    Objective       Primal Inf.    Dual Inf.      Time
       0    0.0000000e+00   7.625639e+01   0.000000e+00      0s
      55    1.5645778e+03   0.000000e+00   0.000000e+00      0s

Solved in 55 iterations and 0.00 seconds (0.00 work units)
Optimal objective  1.564577807e+03

User-callback calls 137, time in user-callback 0.00 sec
Gurobi Optimizer version 12.0.3 build v12.0.3rc0 (mac64[arm] - Darwin 24.6.0 24G84)

CPU model: Apple M4
Thread count: 10 physical cores, 10 logical processors, using up to 10 threads

Non-default parameters:
TimeLimit  1800
LogToConsole  0

Optimize a model with 815 rows, 540 columns and 1579 nonzeros
Model fingerprint: 0xb4db0f62
Coefficient statistics:
  Matrix range     [1e+00, 2e+02]
  Objective range  [2e+01, 1e+04]
  Bounds range     [0e+00, 0e+00]
  RHS range        [5e-02, 1e+02]
Presolve removed 725 rows and 356 columns
Presolve time: 0.00s
Presolved: 90 rows, 184 columns, 361 nonzeros

Iteration    Objective       Primal Inf.    Dual Inf.      Time
       0    0.0000000e+00   8.942107e+01   0.000000e+00      0s
      57    1.8789734e+03   0.000000e+00   0.000000e+00      0s

Solved in 57 iterations and 0.00 seconds (0.00 work units)
Optimal objective  1.878973356e+03

User-callback calls 142, time in user-callback 0.00 sec
Gurobi Optimizer version 12.0.3 build v12.0.3rc0 (mac64[arm] - Darwin 24.6.0 24G84)

CPU model: Apple M4
Thread count: 10 physical cores, 10 logical processors, using up to 10 threads

Non-default parameters:
TimeLimit  1800
LogToConsole  0

Optimize a model with 819 rows, 540 columns and 1587 nonzeros
Model fingerprint: 0x5444c2ab
Coefficient statistics:
  Matrix range     [1e+00, 2e+02]
  Objective range  [2e+01, 1e+04]
  Bounds range     [0e+00, 0e+00]
  RHS range        [5e-02, 1e+02]
Presolve removed 725 rows and 347 columns
Presolve time: 0.00s
Presolved: 94 rows, 193 columns, 396 nonzeros

Iteration    Objective       Primal Inf.    Dual Inf.      Time
       0    0.0000000e+00   7.672015e+01   0.000000e+00      0s
      50    1.8344735e+03   0.000000e+00   0.000000e+00      0s

Solved in 50 iterations and 0.00 seconds (0.00 work units)
Optimal objective  1.834473487e+03

User-callback calls 132, time in user-callback 0.00 sec
Gurobi Optimizer version 12.0.3 build v12.0.3rc0 (mac64[arm] - Darwin 24.6.0 24G84)

CPU model: Apple M4
Thread count: 10 physical cores, 10 logical processors, using up to 10 threads

Non-default parameters:
TimeLimit  1800
LogToConsole  0

Optimize a model with 815 rows, 540 columns and 1579 nonzeros
Model fingerprint: 0xfaf2af66
Coefficient statistics:
  Matrix range     [1e+00, 2e+02]
  Objective range  [2e+01, 1e+04]
  Bounds range     [0e+00, 0e+00]
  RHS range        [5e-02, 1e+02]
Presolve removed 725 rows and 355 columns
Presolve time: 0.00s
Presolved: 90 rows, 185 columns, 362 nonzeros

Iteration    Objective       Primal Inf.    Dual Inf.      Time
       0    0.0000000e+00   8.992107e+01   0.000000e+00      0s
      53    1.9686096e+03   0.000000e+00   0.000000e+00      0s

Solved in 53 iterations and 0.00 seconds (0.00 work units)
Optimal objective  1.968609621e+03

User-callback calls 138, time in user-callback 0.00 sec
Gurobi Optimizer version 12.0.3 build v12.0.3rc0 (mac64[arm] - Darwin 24.6.0 24G84)

CPU model: Apple M4
Thread count: 10 physical cores, 10 logical processors, using up to 10 threads

Non-default parameters:
TimeLimit  1800
LogToConsole  0

Optimize a model with 819 rows, 540 columns and 1587 nonzeros
Model fingerprint: 0xde1e38ec
Coefficient statistics:
  Matrix range     [1e+00, 2e+02]
  Objective range  [2e+01, 1e+04]
  Bounds range     [0e+00, 0e+00]
  RHS range        [5e-02, 1e+02]
Presolve removed 725 rows and 347 columns
Presolve time: 0.00s
Presolved: 94 rows, 193 columns, 396 nonzeros

Iteration    Objective       Primal Inf.    Dual Inf.      Time
       0    0.0000000e+00   7.697064e+01   0.000000e+00      0s
      50    2.0041924e+03   0.000000e+00   0.000000e+00      0s

Solved in 50 iterations and 0.00 seconds (0.00 work units)
Optimal objective  2.004192377e+03

User-callback calls 132, time in user-callback 0.00 sec
Gurobi Optimizer version 12.0.3 build v12.0.3rc0 (mac64[arm] - Darwin 24.6.0 24G84)

CPU model: Apple M4
Thread count: 10 physical cores, 10 logical processors, using up to 10 threads

Non-default parameters:
TimeLimit  1800
LogToConsole  0

Optimize a model with 815 rows, 540 columns and 1579 nonzeros
Model fingerprint: 0x7f6e0be4
Coefficient statistics:
  Matrix range     [1e+00, 2e+02]
  Objective range  [2e+01, 1e+04]
  Bounds range     [0e+00, 0e+00]
  RHS range        [6e-02, 1e+02]
Presolve removed 725 rows and 356 columns
Presolve time: 0.00s
Presolved: 90 rows, 184 columns, 361 nonzeros

Iteration    Objective       Primal Inf.    Dual Inf.      Time
       0    0.0000000e+00   8.896589e+01   0.000000e+00      0s
      58    1.5967233e+03   0.000000e+00   0.000000e+00      0s

Solved in 58 iterations and 0.00 seconds (0.00 work units)
Optimal objective  1.596723349e+03

User-callback calls 143, time in user-callback 0.00 sec
Gurobi Optimizer version 12.0.3 build v12.0.3rc0 (mac64[arm] - Darwin 24.6.0 24G84)

CPU model: Apple M4
Thread count: 10 physical cores, 10 logical processors, using up to 10 threads

Non-default parameters:
TimeLimit  1800
LogToConsole  0

Optimize a model with 819 rows, 540 columns and 1587 nonzeros
Model fingerprint: 0xdd49930c
Coefficient statistics:
  Matrix range     [1e+00, 2e+02]
  Objective range  [2e+01, 1e+04]
  Bounds range     [0e+00, 0e+00]
  RHS range        [6e-02, 1e+02]
Presolve removed 725 rows and 347 columns
Presolve time: 0.00s
Presolved: 94 rows, 193 columns, 396 nonzeros

Iteration    Objective       Primal Inf.    Dual Inf.      Time
       0    0.0000000e+00   7.592476e+01   0.000000e+00      0s
      51    1.5578261e+03   0.000000e+00   0.000000e+00      0s

Solved in 51 iterations and 0.00 seconds (0.00 work units)
Optimal objective  1.557826079e+03

User-callback calls 133, time in user-callback 0.00 sec
Gurobi Optimizer version 12.0.3 build v12.0.3rc0 (mac64[arm] - Darwin 24.6.0 24G84)

CPU model: Apple M4
Thread count: 10 physical cores, 10 logical processors, using up to 10 threads

Non-default parameters:
TimeLimit  1800
LogToConsole  0

Optimize a model with 815 rows, 540 columns and 1579 nonzeros
Model fingerprint: 0x5e274fde
Coefficient statistics:
  Matrix range     [1e+00, 2e+02]
  Objective range  [2e+01, 1e+04]
  Bounds range     [0e+00, 0e+00]
  RHS range        [5e-02, 1e+02]
Presolve removed 725 rows and 355 columns
Presolve time: 0.00s
Presolved: 90 rows, 185 columns, 362 nonzeros

Iteration    Objective       Primal Inf.    Dual Inf.      Time
       0    0.0000000e+00   8.942696e+01   0.000000e+00      0s
      53    1.8539138e+03   0.000000e+00   0.000000e+00      0s

Solved in 53 iterations and 0.00 seconds (0.00 work units)
Optimal objective  1.853913849e+03

User-callback calls 138, time in user-callback 0.00 sec
Gurobi Optimizer version 12.0.3 build v12.0.3rc0 (mac64[arm] - Darwin 24.6.0 24G84)

CPU model: Apple M4
Thread count: 10 physical cores, 10 logical processors, using up to 10 threads

Non-default parameters:
TimeLimit  1800
LogToConsole  0

Optimize a model with 819 rows, 540 columns and 1587 nonzeros
Model fingerprint: 0xec489d20
Coefficient statistics:
  Matrix range     [1e+00, 2e+02]
  Objective range  [2e+01, 1e+04]
  Bounds range     [0e+00, 0e+00]
  RHS range        [5e-02, 1e+02]
Presolve removed 725 rows and 347 columns
Presolve time: 0.00s
Presolved: 94 rows, 193 columns, 396 nonzeros

Iteration    Objective       Primal Inf.    Dual Inf.      Time
       0    0.0000000e+00   7.700447e+01   0.000000e+00      0s
      57    1.8794793e+03   0.000000e+00   0.000000e+00      0s

Solved in 57 iterations and 0.00 seconds (0.00 work units)
Optimal objective  1.879479339e+03

User-callback calls 139, time in user-callback 0.00 sec
Gurobi Optimizer version 12.0.3 build v12.0.3rc0 (mac64[arm] - Darwin 24.6.0 24G84)

CPU model: Apple M4
Thread count: 10 physical cores, 10 logical processors, using up to 10 threads

Non-default parameters:
TimeLimit  1800
LogToConsole  0

Optimize a model with 815 rows, 540 columns and 1579 nonzeros
Model fingerprint: 0xaf09a49c
Coefficient statistics:
  Matrix range     [1e+00, 2e+02]
  Objective range  [2e+01, 1e+04]
  Bounds range     [0e+00, 0e+00]
  RHS range        [5e-02, 1e+02]
Presolve removed 725 rows and 356 columns
Presolve time: 0.00s
Presolved: 90 rows, 184 columns, 361 nonzeros

Iteration    Objective       Primal Inf.    Dual Inf.      Time
       0    0.0000000e+00   8.900838e+01   0.000000e+00      0s
      56    1.6936737e+03   0.000000e+00   0.000000e+00      0s

Solved in 56 iterations and 0.00 seconds (0.00 work units)
Optimal objective  1.693673712e+03

User-callback calls 141, time in user-callback 0.00 sec
Gurobi Optimizer version 12.0.3 build v12.0.3rc0 (mac64[arm] - Darwin 24.6.0 24G84)

CPU model: Apple M4
Thread count: 10 physical cores, 10 logical processors, using up to 10 threads

Non-default parameters:
TimeLimit  1800
LogToConsole  0

Optimize a model with 819 rows, 540 columns and 1587 nonzeros
Model fingerprint: 0xe66f1a7a
Coefficient statistics:
  Matrix range     [1e+00, 2e+02]
  Objective range  [2e+01, 1e+04]
  Bounds range     [0e+00, 0e+00]
  RHS range        [5e-02, 1e+02]
Presolve removed 725 rows and 347 columns
Presolve time: 0.00s
Presolved: 94 rows, 193 columns, 396 nonzeros

Iteration    Objective       Primal Inf.    Dual Inf.      Time
       0    0.0000000e+00   7.634849e+01   0.000000e+00      0s
      52    1.6316731e+03   0.000000e+00   0.000000e+00      0s

Solved in 52 iterations and 0.00 seconds (0.00 work units)
Optimal objective  1.631673068e+03

User-callback calls 133, time in user-callback 0.00 sec
Gurobi Optimizer version 12.0.3 build v12.0.3rc0 (mac64[arm] - Darwin 24.6.0 24G84)

CPU model: Apple M4
Thread count: 10 physical cores, 10 logical processors, using up to 10 threads

Non-default parameters:
TimeLimit  1800
LogToConsole  0

Optimize a model with 815 rows, 540 columns and 1579 nonzeros
Model fingerprint: 0x9761b72e
Coefficient statistics:
  Matrix range     [1e+00, 2e+02]
  Objective range  [2e+01, 1e+04]
  Bounds range     [0e+00, 0e+00]
  RHS range        [6e-02, 1e+02]
Presolve removed 725 rows and 356 columns
Presolve time: 0.00s
Presolved: 90 rows, 184 columns, 361 nonzeros

Iteration    Objective       Primal Inf.    Dual Inf.      Time
       0    0.0000000e+00   8.907364e+01   0.000000e+00      0s
      58    1.5808309e+03   0.000000e+00   0.000000e+00      0s

Solved in 58 iterations and 0.00 seconds (0.00 work units)
Optimal objective  1.580830920e+03

User-callback calls 143, time in user-callback 0.00 sec
Gurobi Optimizer version 12.0.3 build v12.0.3rc0 (mac64[arm] - Darwin 24.6.0 24G84)

CPU model: Apple M4
Thread count: 10 physical cores, 10 logical processors, using up to 10 threads

Non-default parameters:
TimeLimit  1800
LogToConsole  0

Optimize a model with 819 rows, 540 columns and 1587 nonzeros
Model fingerprint: 0x4858eac1
Coefficient statistics:
  Matrix range     [1e+00, 2e+02]
  Objective range  [2e+01, 1e+04]
  Bounds range     [0e+00, 0e+00]
  RHS range        [6e-02, 1e+02]
Presolve removed 725 rows and 347 columns
Presolve time: 0.00s
Presolved: 94 rows, 193 columns, 396 nonzeros

Iteration    Objective       Primal Inf.    Dual Inf.      Time
       0    0.0000000e+00   7.666239e+01   0.000000e+00      0s
      50    1.5712493e+03   0.000000e+00   0.000000e+00      0s

Solved in 50 iterations and 0.00 seconds (0.00 work units)
Optimal objective  1.571249277e+03

User-callback calls 132, time in user-callback 0.00 sec
Gurobi Optimizer version 12.0.3 build v12.0.3rc0 (mac64[arm] - Darwin 24.6.0 24G84)

CPU model: Apple M4
Thread count: 10 physical cores, 10 logical processors, using up to 10 threads

Non-default parameters:
TimeLimit  1800
LogToConsole  0

Optimize a model with 815 rows, 540 columns and 1579 nonzeros
Model fingerprint: 0x7da119ec
Coefficient statistics:
  Matrix range     [1e+00, 2e+02]
  Objective range  [2e+01, 1e+04]
  Bounds range     [0e+00, 0e+00]
  RHS range        [5e-02, 1e+02]
Presolve removed 725 rows and 355 columns
Presolve time: 0.00s
Presolved: 90 rows, 185 columns, 362 nonzeros

Iteration    Objective       Primal Inf.    Dual Inf.      Time
       0    0.0000000e+00   8.935104e+01   0.000000e+00      0s
      51    1.7702632e+03   0.000000e+00   0.000000e+00      0s

Solved in 51 iterations and 0.00 seconds (0.00 work units)
Optimal objective  1.770263184e+03

User-callback calls 136, time in user-callback 0.00 sec
Gurobi Optimizer version 12.0.3 build v12.0.3rc0 (mac64[arm] - Darwin 24.6.0 24G84)

CPU model: Apple M4
Thread count: 10 physical cores, 10 logical processors, using up to 10 threads

Non-default parameters:
TimeLimit  1800
LogToConsole  0

Optimize a model with 819 rows, 540 columns and 1587 nonzeros
Model fingerprint: 0xa5f88536
Coefficient statistics:
  Matrix range     [1e+00, 2e+02]
  Objective range  [2e+01, 1e+04]
  Bounds range     [0e+00, 0e+00]
  RHS range        [5e-02, 1e+02]
Presolve removed 725 rows and 347 columns
Presolve time: 0.00s
Presolved: 94 rows, 193 columns, 396 nonzeros

Iteration    Objective       Primal Inf.    Dual Inf.      Time
       0    0.0000000e+00   7.635103e+01   0.000000e+00      0s
      52    1.7119335e+03   0.000000e+00   0.000000e+00      0s

Solved in 52 iterations and 0.00 seconds (0.00 work units)
Optimal objective  1.711933464e+03

User-callback calls 133, time in user-callback 0.00 sec
Gurobi Optimizer version 12.0.3 build v12.0.3rc0 (mac64[arm] - Darwin 24.6.0 24G84)

CPU model: Apple M4
Thread count: 10 physical cores, 10 logical processors, using up to 10 threads

Non-default parameters:
TimeLimit  1800
LogToConsole  0

Optimize a model with 815 rows, 540 columns and 1579 nonzeros
Model fingerprint: 0xe31fb2ad
Coefficient statistics:
  Matrix range     [1e+00, 2e+02]
  Objective range  [2e+01, 1e+04]
  Bounds range     [0e+00, 0e+00]
  RHS range        [6e-02, 1e+02]
Presolve removed 725 rows and 355 columns
Presolve time: 0.00s
Presolved: 90 rows, 185 columns, 362 nonzeros

Iteration    Objective       Primal Inf.    Dual Inf.      Time
       0    0.0000000e+00   8.970564e+01   0.000000e+00      0s
      52    1.8970144e+03   0.000000e+00   0.000000e+00      0s

Solved in 52 iterations and 0.00 seconds (0.00 work units)
Optimal objective  1.897014357e+03

User-callback calls 137, time in user-callback 0.00 sec
Gurobi Optimizer version 12.0.3 build v12.0.3rc0 (mac64[arm] - Darwin 24.6.0 24G84)

CPU model: Apple M4
Thread count: 10 physical cores, 10 logical processors, using up to 10 threads

Non-default parameters:
TimeLimit  1800
LogToConsole  0

Optimize a model with 819 rows, 540 columns and 1587 nonzeros
Model fingerprint: 0xc988af2b
Coefficient statistics:
  Matrix range     [1e+00, 2e+02]
  Objective range  [2e+01, 1e+04]
  Bounds range     [0e+00, 0e+00]
  RHS range        [6e-02, 1e+02]
Presolve removed 725 rows and 347 columns
Presolve time: 0.00s
Presolved: 94 rows, 193 columns, 396 nonzeros

Iteration    Objective       Primal Inf.    Dual Inf.      Time
       0    0.0000000e+00   7.699249e+01   0.000000e+00      0s
      52    1.9354744e+03   0.000000e+00   0.000000e+00      0s

Solved in 52 iterations and 0.00 seconds (0.00 work units)
Optimal objective  1.935474356e+03

User-callback calls 134, time in user-callback 0.00 sec
Gurobi Optimizer version 12.0.3 build v12.0.3rc0 (mac64[arm] - Darwin 24.6.0 24G84)

CPU model: Apple M4
Thread count: 10 physical cores, 10 logical processors, using up to 10 threads

Non-default parameters:
TimeLimit  1800
LogToConsole  0

Optimize a model with 815 rows, 540 columns and 1579 nonzeros
Model fingerprint: 0x1b13ad05
Coefficient statistics:
  Matrix range     [1e+00, 2e+02]
  Objective range  [2e+01, 1e+04]
  Bounds range     [0e+00, 0e+00]
  RHS range        [5e-02, 1e+02]
Presolve removed 725 rows and 356 columns
Presolve time: 0.00s
Presolved: 90 rows, 184 columns, 361 nonzeros

Iteration    Objective       Primal Inf.    Dual Inf.      Time
       0    0.0000000e+00   8.910240e+01   0.000000e+00      0s
      52    1.5649377e+03   0.000000e+00   0.000000e+00      0s

Solved in 52 iterations and 0.00 seconds (0.00 work units)
Optimal objective  1.564937704e+03

User-callback calls 137, time in user-callback 0.00 sec
Gurobi Optimizer version 12.0.3 build v12.0.3rc0 (mac64[arm] - Darwin 24.6.0 24G84)

CPU model: Apple M4
Thread count: 10 physical cores, 10 logical processors, using up to 10 threads

Non-default parameters:
TimeLimit  1800
LogToConsole  0

Optimize a model with 819 rows, 540 columns and 1587 nonzeros
Model fingerprint: 0xbd47b6e4
Coefficient statistics:
  Matrix range     [1e+00, 2e+02]
  Objective range  [2e+01, 1e+04]
  Bounds range     [0e+00, 0e+00]
  RHS range        [5e-02, 1e+02]
Presolve removed 725 rows and 347 columns
Presolve time: 0.00s
Presolved: 94 rows, 193 columns, 396 nonzeros

Iteration    Objective       Primal Inf.    Dual Inf.      Time
       0    0.0000000e+00   7.615397e+01   0.000000e+00      0s
      49    1.5345849e+03   0.000000e+00   0.000000e+00      0s

Solved in 49 iterations and 0.00 seconds (0.00 work units)
Optimal objective  1.534584944e+03

User-callback calls 131, time in user-callback 0.00 sec
Gurobi Optimizer version 12.0.3 build v12.0.3rc0 (mac64[arm] - Darwin 24.6.0 24G84)

CPU model: Apple M4
Thread count: 10 physical cores, 10 logical processors, using up to 10 threads

Non-default parameters:
TimeLimit  1800
LogToConsole  0

Optimize a model with 815 rows, 540 columns and 1579 nonzeros
Model fingerprint: 0x8cbbc795
Coefficient statistics:
  Matrix range     [1e+00, 2e+02]
  Objective range  [2e+01, 1e+04]
  Bounds range     [0e+00, 0e+00]
  RHS range        [6e-02, 1e+02]
Presolve removed 725 rows and 355 columns
Presolve time: 0.00s
Presolved: 90 rows, 185 columns, 362 nonzeros

Iteration    Objective       Primal Inf.    Dual Inf.      Time
       0    0.0000000e+00   9.017113e+01   0.000000e+00      0s
      51    2.7587529e+03   0.000000e+00   0.000000e+00      0s

Solved in 51 iterations and 0.00 seconds (0.00 work units)
Optimal objective  2.758752945e+03

User-callback calls 136, time in user-callback 0.00 sec
Gurobi Optimizer version 12.0.3 build v12.0.3rc0 (mac64[arm] - Darwin 24.6.0 24G84)

CPU model: Apple M4
Thread count: 10 physical cores, 10 logical processors, using up to 10 threads

Non-default parameters:
TimeLimit  1800
LogToConsole  0

Optimize a model with 819 rows, 540 columns and 1587 nonzeros
Model fingerprint: 0xa5d29466
Coefficient statistics:
  Matrix range     [1e+00, 2e+02]
  Objective range  [2e+01, 1e+04]
  Bounds range     [0e+00, 0e+00]
  RHS range        [6e-02, 1e+02]
Presolve removed 725 rows and 347 columns
Presolve time: 0.00s
Presolved: 94 rows, 193 columns, 396 nonzeros

Iteration    Objective       Primal Inf.    Dual Inf.      Time
       0    0.0000000e+00   7.755496e+01   0.000000e+00      0s
      54    2.7798160e+03   0.000000e+00   0.000000e+00      0s

Solved in 54 iterations and 0.00 seconds (0.00 work units)
Optimal objective  2.779816010e+03

User-callback calls 136, time in user-callback 0.00 sec
Gurobi Optimizer version 12.0.3 build v12.0.3rc0 (mac64[arm] - Darwin 24.6.0 24G84)

CPU model: Apple M4
Thread count: 10 physical cores, 10 logical processors, using up to 10 threads

Non-default parameters:
TimeLimit  1800
LogToConsole  0

Optimize a model with 815 rows, 540 columns and 1579 nonzeros
Model fingerprint: 0x444e922b
Coefficient statistics:
  Matrix range     [1e+00, 2e+02]
  Objective range  [2e+01, 1e+04]
  Bounds range     [0e+00, 0e+00]
  RHS range        [6e-02, 1e+02]
Presolve removed 725 rows and 355 columns
Presolve time: 0.00s
Presolved: 90 rows, 185 columns, 362 nonzeros

Iteration    Objective       Primal Inf.    Dual Inf.      Time
       0    0.0000000e+00   9.020997e+01   0.000000e+00      0s
      52    2.7139853e+03   0.000000e+00   0.000000e+00      0s

Solved in 52 iterations and 0.00 seconds (0.00 work units)
Optimal objective  2.713985262e+03

User-callback calls 137, time in user-callback 0.00 sec
Gurobi Optimizer version 12.0.3 build v12.0.3rc0 (mac64[arm] - Darwin 24.6.0 24G84)

CPU model: Apple M4
Thread count: 10 physical cores, 10 logical processors, using up to 10 threads

Non-default parameters:
TimeLimit  1800
LogToConsole  0

Optimize a model with 819 rows, 540 columns and 1587 nonzeros
Model fingerprint: 0x9c52e4bd
Coefficient statistics:
  Matrix range     [1e+00, 2e+02]
  Objective range  [2e+01, 1e+04]
  Bounds range     [0e+00, 0e+00]
  RHS range        [6e-02, 1e+02]
Presolve removed 725 rows and 347 columns
Presolve time: 0.00s
Presolved: 94 rows, 193 columns, 396 nonzeros

Iteration    Objective       Primal Inf.    Dual Inf.      Time
       0    0.0000000e+00   7.733695e+01   0.000000e+00      0s
      53    2.6450659e+03   0.000000e+00   0.000000e+00      0s

Solved in 53 iterations and 0.00 seconds (0.00 work units)
Optimal objective  2.645065913e+03

User-callback calls 135, time in user-callback 0.00 sec
Gurobi Optimizer version 12.0.3 build v12.0.3rc0 (mac64[arm] - Darwin 24.6.0 24G84)

CPU model: Apple M4
Thread count: 10 physical cores, 10 logical processors, using up to 10 threads

Non-default parameters:
TimeLimit  1800
LogToConsole  0

Optimize a model with 815 rows, 540 columns and 1579 nonzeros
Model fingerprint: 0x238a5ead
Coefficient statistics:
  Matrix range     [1e+00, 2e+02]
  Objective range  [2e+01, 1e+04]
  Bounds range     [0e+00, 0e+00]
  RHS range        [6e-02, 1e+02]
Presolve removed 725 rows and 355 columns
Presolve time: 0.00s
Presolved: 90 rows, 185 columns, 362 nonzeros

Iteration    Objective       Primal Inf.    Dual Inf.      Time
       0    0.0000000e+00   8.948270e+01   0.000000e+00      0s
      54    2.0945579e+03   0.000000e+00   0.000000e+00      0s

Solved in 54 iterations and 0.00 seconds (0.00 work units)
Optimal objective  2.094557862e+03

User-callback calls 139, time in user-callback 0.00 sec
Gurobi Optimizer version 12.0.3 build v12.0.3rc0 (mac64[arm] - Darwin 24.6.0 24G84)

CPU model: Apple M4
Thread count: 10 physical cores, 10 logical processors, using up to 10 threads

Non-default parameters:
TimeLimit  1800
LogToConsole  0

Optimize a model with 819 rows, 540 columns and 1587 nonzeros
Model fingerprint: 0x1039f12e
Coefficient statistics:
  Matrix range     [1e+00, 2e+02]
  Objective range  [2e+01, 1e+04]
  Bounds range     [0e+00, 0e+00]
  RHS range        [6e-02, 1e+02]
Presolve removed 725 rows and 347 columns
Presolve time: 0.00s
Presolved: 94 rows, 193 columns, 396 nonzeros

Iteration    Objective       Primal Inf.    Dual Inf.      Time
       0    0.0000000e+00   7.684342e+01   0.000000e+00      0s
      49    2.1252780e+03   0.000000e+00   0.000000e+00      0s

Solved in 49 iterations and 0.00 seconds (0.00 work units)
Optimal objective  2.125278042e+03

User-callback calls 131, time in user-callback 0.00 sec
Gurobi Optimizer version 12.0.3 build v12.0.3rc0 (mac64[arm] - Darwin 24.6.0 24G84)

CPU model: Apple M4
Thread count: 10 physical cores, 10 logical processors, using up to 10 threads

Non-default parameters:
TimeLimit  1800
LogToConsole  0

Optimize a model with 815 rows, 540 columns and 1579 nonzeros
Model fingerprint: 0xf8eca49f
Coefficient statistics:
  Matrix range     [1e+00, 2e+02]
  Objective range  [2e+01, 1e+04]
  Bounds range     [0e+00, 0e+00]
  RHS range        [5e-02, 1e+02]
Presolve removed 725 rows and 355 columns
Presolve time: 0.00s
Presolved: 90 rows, 185 columns, 362 nonzeros

Iteration    Objective       Primal Inf.    Dual Inf.      Time
       0    0.0000000e+00   8.938562e+01   0.000000e+00      0s
      56    1.9062168e+03   0.000000e+00   0.000000e+00      0s

Solved in 56 iterations and 0.00 seconds (0.00 work units)
Optimal objective  1.906216802e+03

User-callback calls 141, time in user-callback 0.00 sec
Gurobi Optimizer version 12.0.3 build v12.0.3rc0 (mac64[arm] - Darwin 24.6.0 24G84)

CPU model: Apple M4
Thread count: 10 physical cores, 10 logical processors, using up to 10 threads

Non-default parameters:
TimeLimit  1800
LogToConsole  0

Optimize a model with 819 rows, 540 columns and 1587 nonzeros
Model fingerprint: 0x39088c9c
Coefficient statistics:
  Matrix range     [1e+00, 2e+02]
  Objective range  [2e+01, 1e+04]
  Bounds range     [0e+00, 0e+00]
  RHS range        [5e-02, 1e+02]
Presolve removed 725 rows and 347 columns
Presolve time: 0.00s
Presolved: 94 rows, 193 columns, 396 nonzeros

Iteration    Objective       Primal Inf.    Dual Inf.      Time
       0    0.0000000e+00   7.647742e+01   0.000000e+00      0s
      50    1.9515479e+03   0.000000e+00   0.000000e+00      0s

Solved in 50 iterations and 0.00 seconds (0.00 work units)
Optimal objective  1.951547937e+03

User-callback calls 132, time in user-callback 0.00 sec
Gurobi Optimizer version 12.0.3 build v12.0.3rc0 (mac64[arm] - Darwin 24.6.0 24G84)

CPU model: Apple M4
Thread count: 10 physical cores, 10 logical processors, using up to 10 threads

Non-default parameters:
TimeLimit  1800
LogToConsole  0

Optimize a model with 815 rows, 540 columns and 1579 nonzeros
Model fingerprint: 0xa241b738
Coefficient statistics:
  Matrix range     [1e+00, 2e+02]
  Objective range  [2e+01, 1e+04]
  Bounds range     [0e+00, 0e+00]
  RHS range        [5e-02, 1e+02]
Presolve removed 725 rows and 356 columns
Presolve time: 0.00s
Presolved: 90 rows, 184 columns, 361 nonzeros

Iteration    Objective       Primal Inf.    Dual Inf.      Time
       0    0.0000000e+00   8.955776e+01   0.000000e+00      0s
      56    1.8937280e+03   0.000000e+00   0.000000e+00      0s

Solved in 56 iterations and 0.00 seconds (0.00 work units)
Optimal objective  1.893727970e+03

User-callback calls 141, time in user-callback 0.00 sec
Gurobi Optimizer version 12.0.3 build v12.0.3rc0 (mac64[arm] - Darwin 24.6.0 24G84)

CPU model: Apple M4
Thread count: 10 physical cores, 10 logical processors, using up to 10 threads

Non-default parameters:
TimeLimit  1800
LogToConsole  0

Optimize a model with 819 rows, 540 columns and 1587 nonzeros
Model fingerprint: 0xcb7bd02d
Coefficient statistics:
  Matrix range     [1e+00, 2e+02]
  Objective range  [2e+01, 1e+04]
  Bounds range     [0e+00, 0e+00]
  RHS range        [5e-02, 1e+02]
Presolve removed 725 rows and 347 columns
Presolve time: 0.00s
Presolved: 94 rows, 193 columns, 396 nonzeros

Iteration    Objective       Primal Inf.    Dual Inf.      Time
       0    0.0000000e+00   7.635011e+01   0.000000e+00      0s
      54    1.9927224e+03   0.000000e+00   0.000000e+00      0s

Solved in 54 iterations and 0.00 seconds (0.00 work units)
Optimal objective  1.992722406e+03

User-callback calls 136, time in user-callback 0.00 sec
Gurobi Optimizer version 12.0.3 build v12.0.3rc0 (mac64[arm] - Darwin 24.6.0 24G84)

CPU model: Apple M4
Thread count: 10 physical cores, 10 logical processors, using up to 10 threads

Non-default parameters:
TimeLimit  1800
LogToConsole  0

Optimize a model with 815 rows, 540 columns and 1579 nonzeros
Model fingerprint: 0x8e210d1a
Coefficient statistics:
  Matrix range     [1e+00, 2e+02]
  Objective range  [2e+01, 1e+04]
  Bounds range     [0e+00, 0e+00]
  RHS range        [5e-02, 1e+02]
Presolve removed 725 rows and 355 columns
Presolve time: 0.00s
Presolved: 90 rows, 185 columns, 362 nonzeros

Iteration    Objective       Primal Inf.    Dual Inf.      Time
       0    0.0000000e+00   8.882937e+01   0.000000e+00      0s
      60    1.6776238e+03   0.000000e+00   0.000000e+00      0s

Solved in 60 iterations and 0.00 seconds (0.00 work units)
Optimal objective  1.677623758e+03

User-callback calls 145, time in user-callback 0.00 sec
Gurobi Optimizer version 12.0.3 build v12.0.3rc0 (mac64[arm] - Darwin 24.6.0 24G84)

CPU model: Apple M4
Thread count: 10 physical cores, 10 logical processors, using up to 10 threads

Non-default parameters:
TimeLimit  1800
LogToConsole  0

Optimize a model with 819 rows, 540 columns and 1587 nonzeros
Model fingerprint: 0x41c61be2
Coefficient statistics:
  Matrix range     [1e+00, 2e+02]
  Objective range  [2e+01, 1e+04]
  Bounds range     [0e+00, 0e+00]
  RHS range        [5e-02, 1e+02]
Presolve removed 725 rows and 347 columns
Presolve time: 0.00s
Presolved: 94 rows, 193 columns, 396 nonzeros

Iteration    Objective       Primal Inf.    Dual Inf.      Time
       0    0.0000000e+00   7.607161e+01   0.000000e+00      0s
      49    1.6179200e+03   0.000000e+00   0.000000e+00      0s

Solved in 49 iterations and 0.00 seconds (0.00 work units)
Optimal objective  1.617920012e+03

User-callback calls 131, time in user-callback 0.00 sec
Gurobi Optimizer version 12.0.3 build v12.0.3rc0 (mac64[arm] - Darwin 24.6.0 24G84)

CPU model: Apple M4
Thread count: 10 physical cores, 10 logical processors, using up to 10 threads

Non-default parameters:
TimeLimit  1800
LogToConsole  0

Optimize a model with 815 rows, 540 columns and 1579 nonzeros
Model fingerprint: 0x254cea6a
Coefficient statistics:
  Matrix range     [1e+00, 2e+02]
  Objective range  [2e+01, 1e+04]
  Bounds range     [0e+00, 0e+00]
  RHS range        [5e-02, 1e+02]
Presolve removed 725 rows and 356 columns
Presolve time: 0.00s
Presolved: 90 rows, 184 columns, 361 nonzeros

Iteration    Objective       Primal Inf.    Dual Inf.      Time
       0    0.0000000e+00   8.953533e+01   0.000000e+00      0s
      51    1.6720084e+03   0.000000e+00   0.000000e+00      0s

Solved in 51 iterations and 0.00 seconds (0.00 work units)
Optimal objective  1.672008398e+03

User-callback calls 136, time in user-callback 0.00 sec
Gurobi Optimizer version 12.0.3 build v12.0.3rc0 (mac64[arm] - Darwin 24.6.0 24G84)

CPU model: Apple M4
Thread count: 10 physical cores, 10 logical processors, using up to 10 threads

Non-default parameters:
TimeLimit  1800
LogToConsole  0

Optimize a model with 819 rows, 540 columns and 1587 nonzeros
Model fingerprint: 0x4151f2e6
Coefficient statistics:
  Matrix range     [1e+00, 2e+02]
  Objective range  [2e+01, 1e+04]
  Bounds range     [0e+00, 0e+00]
  RHS range        [5e-02, 1e+02]
Presolve removed 725 rows and 347 columns
Presolve time: 0.00s
Presolved: 94 rows, 193 columns, 396 nonzeros

Iteration    Objective       Primal Inf.    Dual Inf.      Time
       0    0.0000000e+00   7.634798e+01   0.000000e+00      0s
      49    1.6522889e+03   0.000000e+00   0.000000e+00      0s

Solved in 49 iterations and 0.00 seconds (0.00 work units)
Optimal objective  1.652288938e+03

User-callback calls 131, time in user-callback 0.00 sec
Gurobi Optimizer version 12.0.3 build v12.0.3rc0 (mac64[arm] - Darwin 24.6.0 24G84)

CPU model: Apple M4
Thread count: 10 physical cores, 10 logical processors, using up to 10 threads

Non-default parameters:
TimeLimit  1800
LogToConsole  0

Optimize a model with 815 rows, 540 columns and 1579 nonzeros
Model fingerprint: 0x18bbe1a0
Coefficient statistics:
  Matrix range     [1e+00, 2e+02]
  Objective range  [2e+01, 1e+04]
  Bounds range     [0e+00, 0e+00]
  RHS range        [5e-02, 1e+02]
Presolve removed 725 rows and 356 columns
Presolve time: 0.00s
Presolved: 90 rows, 184 columns, 361 nonzeros

Iteration    Objective       Primal Inf.    Dual Inf.      Time
       0    0.0000000e+00   8.928783e+01   0.000000e+00      0s
      54    1.7398299e+03   0.000000e+00   0.000000e+00      0s

Solved in 54 iterations and 0.00 seconds (0.00 work units)
Optimal objective  1.739829888e+03

User-callback calls 139, time in user-callback 0.00 sec
Gurobi Optimizer version 12.0.3 build v12.0.3rc0 (mac64[arm] - Darwin 24.6.0 24G84)

CPU model: Apple M4
Thread count: 10 physical cores, 10 logical processors, using up to 10 threads

Non-default parameters:
TimeLimit  1800
LogToConsole  0

Optimize a model with 819 rows, 540 columns and 1587 nonzeros
Model fingerprint: 0xbdbcc92d
Coefficient statistics:
  Matrix range     [1e+00, 2e+02]
  Objective range  [2e+01, 1e+04]
  Bounds range     [0e+00, 0e+00]
  RHS range        [5e-02, 1e+02]
Presolve removed 725 rows and 347 columns
Presolve time: 0.00s
Presolved: 94 rows, 193 columns, 396 nonzeros

Iteration    Objective       Primal Inf.    Dual Inf.      Time
       0    0.0000000e+00   7.652554e+01   0.000000e+00      0s
      52    1.7020749e+03   0.000000e+00   0.000000e+00      0s

Solved in 52 iterations and 0.00 seconds (0.00 work units)
Optimal objective  1.702074933e+03

User-callback calls 133, time in user-callback 0.00 sec
Gurobi Optimizer version 12.0.3 build v12.0.3rc0 (mac64[arm] - Darwin 24.6.0 24G84)

CPU model: Apple M4
Thread count: 10 physical cores, 10 logical processors, using up to 10 threads

Non-default parameters:
TimeLimit  1800
LogToConsole  0

Optimize a model with 815 rows, 540 columns and 1579 nonzeros
Model fingerprint: 0xa2a55425
Coefficient statistics:
  Matrix range     [1e+00, 2e+02]
  Objective range  [2e+01, 1e+04]
  Bounds range     [0e+00, 0e+00]
  RHS range        [6e-02, 1e+02]
Presolve removed 725 rows and 355 columns
Presolve time: 0.00s
Presolved: 90 rows, 185 columns, 362 nonzeros

Iteration    Objective       Primal Inf.    Dual Inf.      Time
       0    0.0000000e+00   8.925516e+01   0.000000e+00      0s
      60    2.0421732e+03   0.000000e+00   0.000000e+00      0s

Solved in 60 iterations and 0.00 seconds (0.00 work units)
Optimal objective  2.042173180e+03

User-callback calls 145, time in user-callback 0.00 sec
Gurobi Optimizer version 12.0.3 build v12.0.3rc0 (mac64[arm] - Darwin 24.6.0 24G84)

CPU model: Apple M4
Thread count: 10 physical cores, 10 logical processors, using up to 10 threads

Non-default parameters:
TimeLimit  1800
LogToConsole  0

Optimize a model with 819 rows, 540 columns and 1587 nonzeros
Model fingerprint: 0x5d9b5084
Coefficient statistics:
  Matrix range     [1e+00, 2e+02]
  Objective range  [2e+01, 1e+04]
  Bounds range     [0e+00, 0e+00]
  RHS range        [6e-02, 1e+02]
Presolve removed 725 rows and 347 columns
Presolve time: 0.00s
Presolved: 94 rows, 193 columns, 396 nonzeros

Iteration    Objective       Primal Inf.    Dual Inf.      Time
       0    0.0000000e+00   7.679679e+01   0.000000e+00      0s
      50    2.1110356e+03   0.000000e+00   0.000000e+00      0s

Solved in 50 iterations and 0.00 seconds (0.00 work units)
Optimal objective  2.111035617e+03

User-callback calls 132, time in user-callback 0.00 sec
Gurobi Optimizer version 12.0.3 build v12.0.3rc0 (mac64[arm] - Darwin 24.6.0 24G84)

CPU model: Apple M4
Thread count: 10 physical cores, 10 logical processors, using up to 10 threads

Non-default parameters:
TimeLimit  1800
LogToConsole  0

Optimize a model with 815 rows, 540 columns and 1579 nonzeros
Model fingerprint: 0xc3912a44
Coefficient statistics:
  Matrix range     [1e+00, 2e+02]
  Objective range  [2e+01, 1e+04]
  Bounds range     [0e+00, 0e+00]
  RHS range        [6e-02, 1e+02]
Presolve removed 725 rows and 356 columns
Presolve time: 0.00s
Presolved: 90 rows, 184 columns, 361 nonzeros

Iteration    Objective       Primal Inf.    Dual Inf.      Time
       0    0.0000000e+00   8.954855e+01   0.000000e+00      0s
      52    1.8667112e+03   0.000000e+00   0.000000e+00      0s

Solved in 52 iterations and 0.00 seconds (0.00 work units)
Optimal objective  1.866711165e+03

User-callback calls 137, time in user-callback 0.00 sec
Gurobi Optimizer version 12.0.3 build v12.0.3rc0 (mac64[arm] - Darwin 24.6.0 24G84)

CPU model: Apple M4
Thread count: 10 physical cores, 10 logical processors, using up to 10 threads

Non-default parameters:
TimeLimit  1800
LogToConsole  0

Optimize a model with 819 rows, 540 columns and 1587 nonzeros
Model fingerprint: 0x8e36113f
Coefficient statistics:
  Matrix range     [1e+00, 2e+02]
  Objective range  [2e+01, 1e+04]
  Bounds range     [0e+00, 0e+00]
  RHS range        [6e-02, 1e+02]
Presolve removed 725 rows and 347 columns
Presolve time: 0.00s
Presolved: 94 rows, 193 columns, 396 nonzeros

Iteration    Objective       Primal Inf.    Dual Inf.      Time
       0    0.0000000e+00   7.664605e+01   0.000000e+00      0s
      50    1.8108056e+03   0.000000e+00   0.000000e+00      0s

Solved in 50 iterations and 0.00 seconds (0.00 work units)
Optimal objective  1.810805636e+03

User-callback calls 132, time in user-callback 0.00 sec
Gurobi Optimizer version 12.0.3 build v12.0.3rc0 (mac64[arm] - Darwin 24.6.0 24G84)

CPU model: Apple M4
Thread count: 10 physical cores, 10 logical processors, using up to 10 threads

Non-default parameters:
TimeLimit  1800
LogToConsole  0

Optimize a model with 815 rows, 540 columns and 1579 nonzeros
Model fingerprint: 0xe77ad70c
Coefficient statistics:
  Matrix range     [1e+00, 2e+02]
  Objective range  [2e+01, 1e+04]
  Bounds range     [0e+00, 0e+00]
  RHS range        [5e-02, 1e+02]
Presolve removed 725 rows and 356 columns
Presolve time: 0.00s
Presolved: 90 rows, 184 columns, 361 nonzeros

Iteration    Objective       Primal Inf.    Dual Inf.      Time
       0    0.0000000e+00   8.895779e+01   0.000000e+00      0s
      52    1.5229450e+03   0.000000e+00   0.000000e+00      0s

Solved in 52 iterations and 0.00 seconds (0.00 work units)
Optimal objective  1.522944960e+03

User-callback calls 137, time in user-callback 0.00 sec
Gurobi Optimizer version 12.0.3 build v12.0.3rc0 (mac64[arm] - Darwin 24.6.0 24G84)

CPU model: Apple M4
Thread count: 10 physical cores, 10 logical processors, using up to 10 threads

Non-default parameters:
TimeLimit  1800
LogToConsole  0

Optimize a model with 819 rows, 540 columns and 1587 nonzeros
Model fingerprint: 0xd8647d74
Coefficient statistics:
  Matrix range     [1e+00, 2e+02]
  Objective range  [2e+01, 1e+04]
  Bounds range     [0e+00, 0e+00]
  RHS range        [5e-02, 1e+02]
Presolve removed 725 rows and 347 columns
Presolve time: 0.00s
Presolved: 94 rows, 193 columns, 396 nonzeros

Iteration    Objective       Primal Inf.    Dual Inf.      Time
       0    0.0000000e+00   7.633848e+01   0.000000e+00      0s
      50    1.5006388e+03   0.000000e+00   0.000000e+00      0s

Solved in 50 iterations and 0.00 seconds (0.00 work units)
Optimal objective  1.500638753e+03

User-callback calls 132, time in user-callback 0.00 sec
Gurobi Optimizer version 12.0.3 build v12.0.3rc0 (mac64[arm] - Darwin 24.6.0 24G84)

CPU model: Apple M4
Thread count: 10 physical cores, 10 logical processors, using up to 10 threads

Non-default parameters:
TimeLimit  1800
LogToConsole  0

Optimize a model with 815 rows, 540 columns and 1579 nonzeros
Model fingerprint: 0x8cae2062
Coefficient statistics:
  Matrix range     [1e+00, 2e+02]
  Objective range  [2e+01, 1e+04]
  Bounds range     [0e+00, 0e+00]
  RHS range        [6e-02, 1e+02]
Presolve removed 725 rows and 355 columns
Presolve time: 0.00s
Presolved: 90 rows, 185 columns, 362 nonzeros

Iteration    Objective       Primal Inf.    Dual Inf.      Time
       0    0.0000000e+00   8.933249e+01   0.000000e+00      0s
      54    1.8219457e+03   0.000000e+00   0.000000e+00      0s

Solved in 54 iterations and 0.00 seconds (0.00 work units)
Optimal objective  1.821945664e+03

User-callback calls 139, time in user-callback 0.00 sec
Gurobi Optimizer version 12.0.3 build v12.0.3rc0 (mac64[arm] - Darwin 24.6.0 24G84)

CPU model: Apple M4
Thread count: 10 physical cores, 10 logical processors, using up to 10 threads

Non-default parameters:
TimeLimit  1800
LogToConsole  0

Optimize a model with 819 rows, 540 columns and 1587 nonzeros
Model fingerprint: 0x05e3dd19
Coefficient statistics:
  Matrix range     [1e+00, 2e+02]
  Objective range  [2e+01, 1e+04]
  Bounds range     [0e+00, 0e+00]
  RHS range        [6e-02, 1e+02]
Presolve removed 725 rows and 347 columns
Presolve time: 0.00s
Presolved: 94 rows, 193 columns, 396 nonzeros

Iteration    Objective       Primal Inf.    Dual Inf.      Time
       0    0.0000000e+00   7.683629e+01   0.000000e+00      0s
      53    1.8080003e+03   0.000000e+00   0.000000e+00      0s

Solved in 53 iterations and 0.00 seconds (0.00 work units)
Optimal objective  1.808000327e+03

User-callback calls 135, time in user-callback 0.00 sec
