
Gurobi 12.0.3 (mac64[arm]) logging started Mon Dec  1 22:01:17 2025

Set parameter LogFile to value "/Users/arnav/projects/Candidate-Selection-via-Stochastic-IP/Transmission_Switching/Heuristic/logs/model_cost_scenario10_20251201_220116.log"
Set parameter LogToConsole to value 0

Gurobi 12.0.3 (mac64[arm]) logging started Mon Dec  1 22:01:17 2025

Set parameter LogFile to value "/Users/arnav/projects/Candidate-Selection-via-Stochastic-IP/Transmission_Switching/Heuristic/logs/model_cost_scenario10_20251201_220116.log"
Gurobi Optimizer version 12.0.3 build v12.0.3rc0 (mac64[arm] - Darwin 24.6.0 24G84)

CPU model: Apple M4
Thread count: 10 physical cores, 10 logical processors, using up to 10 threads

Non-default parameters:
TimeLimit  3600
LogToConsole  0

Optimize a model with 1288 rows, 728 columns and 3543 nonzeros
Model fingerprint: 0xd78a59b2
Variable types: 540 continuous, 188 integer (188 binary)
Coefficient statistics:
  Matrix range     [1e+00, 3e+03]
  Objective range  [2e+01, 1e+04]
  Bounds range     [0e+00, 0e+00]
  RHS range        [5e-02, 3e+03]
Presolve removed 910 rows and 510 columns
Presolve time: 0.00s
Presolved: 378 rows, 218 columns, 1231 nonzeros
Variable types: 217 continuous, 1 integer (1 binary)
Found heuristic solution: objective 1745.0079534

Root relaxation: objective 1.611203e+03, 419 iterations, 0.00 seconds (0.01 work units)

    Nodes    |    Current Node    |     Objective Bounds      |     Work
 Expl Unexpl |  Obj  Depth IntInf | Incumbent    BestBd   Gap | It/Node Time

     0     0 1611.20301    0    1 1745.00795 1611.20301  7.67%     -    0s
     0     0 1611.20301    0    1 1745.00795 1611.20301  7.67%     -    0s
H    0     0                    1675.8755884 1611.20301  3.86%     -    0s

Cutting planes:
  Learned: 4
  MIR: 16
  Relax-and-lift: 4

Explored 1 nodes (419 simplex iterations) in 0.01 seconds (0.02 work units)
Thread count was 10 (of 10 available processors)

Solution count 2: 1675.88 1745.01 

Optimal solution found (tolerance 1.00e-04)
Best objective 1.675875588375e+03, best bound 1.675875588375e+03, gap 0.0000%

User-callback calls 734, time in user-callback 0.00 sec
