
Gurobi 12.0.3 (mac64[arm]) logging started Mon Dec  1 21:55:22 2025

Set parameter LogFile to value "/Users/arnav/projects/Candidate-Selection-via-Stochastic-IP/Transmission_Switching/Heuristic/logs/model_cost_scenario9_20251201_215521.log"
Set parameter LogToConsole to value 0

Gurobi 12.0.3 (mac64[arm]) logging started Mon Dec  1 21:55:22 2025

Set parameter LogFile to value "/Users/arnav/projects/Candidate-Selection-via-Stochastic-IP/Transmission_Switching/Heuristic/logs/model_cost_scenario9_20251201_215521.log"
Gurobi Optimizer version 12.0.3 build v12.0.3rc0 (mac64[arm] - Darwin 24.6.0 24G84)

CPU model: Apple M4
Thread count: 10 physical cores, 10 logical processors, using up to 10 threads

Non-default parameters:
TimeLimit  3600
LogToConsole  0

Optimize a model with 1288 rows, 728 columns and 3543 nonzeros
Model fingerprint: 0x295c3208
Variable types: 540 continuous, 188 integer (188 binary)
Coefficient statistics:
  Matrix range     [1e+00, 3e+03]
  Objective range  [2e+01, 1e+04]
  Bounds range     [0e+00, 0e+00]
  RHS range        [5e-02, 3e+03]
Presolve removed 910 rows and 510 columns
Presolve time: 0.00s
Presolved: 378 rows, 218 columns, 1231 nonzeros
Variable types: 217 continuous, 1 integer (1 binary)
Found heuristic solution: objective 1823.6759832

Root relaxation: objective 1.710094e+03, 555 iterations, 0.00 seconds (0.01 work units)

    Nodes    |    Current Node    |     Objective Bounds      |     Work
 Expl Unexpl |  Obj  Depth IntInf | Incumbent    BestBd   Gap | It/Node Time

     0     0 1710.09361    0    1 1823.67598 1710.09361  6.23%     -    0s
     0     0 1710.09361    0    1 1823.67598 1710.09361  6.23%     -    0s
H    0     0                    1820.1278235 1710.09361  6.05%     -    0s

Cutting planes:
  Learned: 2
  Implied bound: 23
  MIR: 41
  RLT: 8
  Relax-and-lift: 4

Explored 1 nodes (557 simplex iterations) in 0.01 seconds (0.02 work units)
Thread count was 10 (of 10 available processors)

Solution count 2: 1820.13 1823.68 

Optimal solution found (tolerance 1.00e-04)
Best objective 1.820127823486e+03, best bound 1.820127823486e+03, gap 0.0000%

User-callback calls 737, time in user-callback 0.00 sec
