
Gurobi 12.0.3 (mac64[arm]) logging started Mon Dec  1 22:04:21 2025

Set parameter LogFile to value "/Users/arnav/projects/Candidate-Selection-via-Stochastic-IP/Transmission_Switching/Heuristic/logs/model_cost_scenario3_20251201_220421.log"
Set parameter LogToConsole to value 0

Gurobi 12.0.3 (mac64[arm]) logging started Mon Dec  1 22:04:21 2025

Set parameter LogFile to value "/Users/arnav/projects/Candidate-Selection-via-Stochastic-IP/Transmission_Switching/Heuristic/logs/model_cost_scenario3_20251201_220421.log"
Gurobi Optimizer version 12.0.3 build v12.0.3rc0 (mac64[arm] - Darwin 24.6.0 24G84)

CPU model: Apple M4
Thread count: 10 physical cores, 10 logical processors, using up to 10 threads

Non-default parameters:
TimeLimit  3600
LogToConsole  0

Optimize a model with 1288 rows, 728 columns and 3543 nonzeros
Model fingerprint: 0xeb9190c3
Variable types: 540 continuous, 188 integer (188 binary)
Coefficient statistics:
  Matrix range     [1e+00, 3e+03]
  Objective range  [2e+01, 1e+04]
  Bounds range     [0e+00, 0e+00]
  RHS range        [6e-02, 3e+03]
Presolve removed 910 rows and 510 columns
Presolve time: 0.00s
Presolved: 378 rows, 218 columns, 1231 nonzeros
Variable types: 217 continuous, 1 integer (1 binary)
Found heuristic solution: objective 2547.3290647

Root relaxation: objective 2.190456e+03, 368 iterations, 0.00 seconds (0.00 work units)

    Nodes    |    Current Node    |     Objective Bounds      |     Work
 Expl Unexpl |  Obj  Depth IntInf | Incumbent    BestBd   Gap | It/Node Time

     0     0 2190.45566    0    1 2547.32906 2190.45566  14.0%     -    0s
     0     0 2190.45566    0    1 2547.32906 2190.45566  14.0%     -    0s
H    0     0                    2431.1178843 2190.45566  9.90%     -    0s

Cutting planes:
  Learned: 5
  MIR: 15
  Relax-and-lift: 2

Explored 1 nodes (368 simplex iterations) in 0.01 seconds (0.02 work units)
Thread count was 10 (of 10 available processors)

Solution count 2: 2431.12 2547.33 

Optimal solution found (tolerance 1.00e-04)
Best objective 2.431117884259e+03, best bound 2.431117884259e+03, gap 0.0000%

User-callback calls 748, time in user-callback 0.00 sec
