
Gurobi 12.0.3 (mac64[arm]) logging started Mon Dec  1 21:55:22 2025

Set parameter LogFile to value "/Users/arnav/projects/Candidate-Selection-via-Stochastic-IP/Transmission_Switching/Heuristic/logs/model_cost_scenario2_20251201_215521.log"
Set parameter LogToConsole to value 0

Gurobi 12.0.3 (mac64[arm]) logging started Mon Dec  1 21:55:22 2025

Set parameter LogFile to value "/Users/arnav/projects/Candidate-Selection-via-Stochastic-IP/Transmission_Switching/Heuristic/logs/model_cost_scenario2_20251201_215521.log"
Gurobi Optimizer version 12.0.3 build v12.0.3rc0 (mac64[arm] - Darwin 24.6.0 24G84)

CPU model: Apple M4
Thread count: 10 physical cores, 10 logical processors, using up to 10 threads

Non-default parameters:
TimeLimit  3600
LogToConsole  0

Optimize a model with 1288 rows, 728 columns and 3543 nonzeros
Model fingerprint: 0xa6b5ad3a
Variable types: 540 continuous, 188 integer (188 binary)
Coefficient statistics:
  Matrix range     [1e+00, 3e+03]
  Objective range  [2e+01, 1e+04]
  Bounds range     [0e+00, 0e+00]
  RHS range        [5e-02, 3e+03]
Presolve removed 910 rows and 510 columns
Presolve time: 0.00s
Presolved: 378 rows, 218 columns, 1231 nonzeros
Variable types: 217 continuous, 1 integer (1 binary)
Found heuristic solution: objective 1758.5968857

Root relaxation: objective 1.649932e+03, 379 iterations, 0.00 seconds (0.01 work units)

    Nodes    |    Current Node    |     Objective Bounds      |     Work
 Expl Unexpl |  Obj  Depth IntInf | Incumbent    BestBd   Gap | It/Node Time

     0     0 1649.93230    0    1 1758.59689 1649.93230  6.18%     -    0s
     0     0 1649.93230    0    1 1758.59689 1649.93230  6.18%     -    0s
H    0     0                    1713.9473295 1649.93230  3.73%     -    0s

Cutting planes:
  Learned: 4
  MIR: 18
  Relax-and-lift: 3

Explored 1 nodes (382 simplex iterations) in 0.01 seconds (0.02 work units)
Thread count was 10 (of 10 available processors)

Solution count 2: 1713.95 1758.6 

Optimal solution found (tolerance 1.00e-04)
Best objective 1.713947329491e+03, best bound 1.713947329490e+03, gap 0.0000%

User-callback calls 734, time in user-callback 0.00 sec
