
Gurobi 12.0.3 (mac64[arm]) logging started Wed Dec  3 07:18:06 2025

Set parameter LogFile to value "/Users/arnav/projects/Candidate-Selection-via-Stochastic-IP/Transmission_Switching/Heuristic/logs/reformulated_extensive_form_20251203_071802.log"
Set parameter LogToConsole to value 0

Gurobi 12.0.3 (mac64[arm]) logging started Wed Dec  3 07:18:06 2025

Set parameter LogFile to value "/Users/arnav/projects/Candidate-Selection-via-Stochastic-IP/Transmission_Switching/Heuristic/logs/reformulated_extensive_form_20251203_071802.log"
Gurobi Optimizer version 12.0.3 build v12.0.3rc0 (mac64[arm] - Darwin 24.6.0 24G84)

CPU model: Apple M4
Thread count: 10 physical cores, 10 logical processors, using up to 10 threads

Non-default parameters:
TimeLimit  3600
LogToConsole  0

Optimize a model with 211 rows, 220 columns and 620 nonzeros
Model fingerprint: 0x4526ac7b
Variable types: 0 continuous, 220 integer (220 binary)
Coefficient statistics:
  Matrix range     [1e+00, 1e+00]
  Objective range  [6e+01, 9e+02]
  Bounds range     [0e+00, 0e+00]
  RHS range        [1e+00, 2e+00]
Found heuristic solution: objective 5638.8367037
Presolve time: 0.00s
Presolved: 211 rows, 220 columns, 620 nonzeros
Variable types: 0 continuous, 220 integer (220 binary)

Root relaxation: objective 1.671808e+03, 42 iterations, 0.00 seconds (0.00 work units)

    Nodes    |    Current Node    |     Objective Bounds      |     Work
 Expl Unexpl |  Obj  Depth IntInf | Incumbent    BestBd   Gap | It/Node Time

*    0     0               0    1671.8078338 1671.80783  0.00%     -    0s

Explored 1 nodes (42 simplex iterations) in 0.01 seconds (0.00 work units)
Thread count was 10 (of 10 available processors)

Solution count 2: 1671.81 5638.84 

Optimal solution found (tolerance 1.00e-04)
Best objective 1.671807833757e+03, best bound 1.671807833757e+03, gap 0.0000%

User-callback calls 146, time in user-callback 0.00 sec
