
Gurobi 12.0.3 (mac64[arm]) logging started Wed Dec  3 06:54:19 2025

Set parameter LogFile to value "/Users/arnav/projects/Candidate-Selection-via-Stochastic-IP/Transmission_Switching/Heuristic/logs/reformulated_extensive_form_20251203_065415.log"
Set parameter LogToConsole to value 0

Gurobi 12.0.3 (mac64[arm]) logging started Wed Dec  3 06:54:19 2025

Set parameter LogFile to value "/Users/arnav/projects/Candidate-Selection-via-Stochastic-IP/Transmission_Switching/Heuristic/logs/reformulated_extensive_form_20251203_065415.log"
Gurobi Optimizer version 12.0.3 build v12.0.3rc0 (mac64[arm] - Darwin 24.6.0 24G84)

CPU model: Apple M4
Thread count: 10 physical cores, 10 logical processors, using up to 10 threads

Non-default parameters:
TimeLimit  3600
LogToConsole  0

Optimize a model with 106 rows, 120 columns and 320 nonzeros
Model fingerprint: 0x3e1c51a9
Variable types: 0 continuous, 120 integer (120 binary)
Coefficient statistics:
  Matrix range     [1e+00, 1e+00]
  Objective range  [5e+02, 2e+03]
  Bounds range     [0e+00, 0e+00]
  RHS range        [1e+00, 2e+00]
Found heuristic solution: objective 3590.8998252
Presolve time: 0.00s
Presolved: 106 rows, 120 columns, 320 nonzeros
Variable types: 0 continuous, 120 integer (120 binary)

Root relaxation: objective 2.467262e+03, 16 iterations, 0.00 seconds (0.00 work units)

    Nodes    |    Current Node    |     Objective Bounds      |     Work
 Expl Unexpl |  Obj  Depth IntInf | Incumbent    BestBd   Gap | It/Node Time

*    0     0               0    2467.2624603 2467.26246  0.00%     -    0s

Explored 1 nodes (16 simplex iterations) in 0.01 seconds (0.00 work units)
Thread count was 10 (of 10 available processors)

Solution count 2: 2467.26 3590.9 

Optimal solution found (tolerance 1.00e-04)
Best objective 2.467262460295e+03, best bound 2.467262460295e+03, gap 0.0000%

User-callback calls 145, time in user-callback 0.00 sec
