
Gurobi 12.0.3 (mac64[arm]) logging started Mon Dec  1 16:16:41 2025

Set parameter LogFile to value "/Users/arnav/projects/Candidate-Selection-via-Stochastic-IP/Transmission_Switching/Heuristic/logs/scenario1_20251201_161641.log"
Set parameter LogToConsole to value 1
Set parameter OutputFlag to value 1

Gurobi 12.0.3 (mac64[arm]) logging started Mon Dec  1 16:16:41 2025

Set parameter LogFile to value "/Users/arnav/projects/Candidate-Selection-via-Stochastic-IP/Transmission_Switching/Heuristic/logs/scenario1_20251201_161641.log"
Set parameter OutputFlag to value 1
Gurobi Optimizer version 12.0.3 build v12.0.3rc0 (mac64[arm] - Darwin 24.6.0 24G84)

CPU model: Apple M4
Thread count: 10 physical cores, 10 logical processors, using up to 10 threads

Non-default parameters:
TimeLimit  120

Optimize a model with 1099 rows, 726 columns and 3077 nonzeros
Model fingerprint: 0xbfa26249
Variable types: 540 continuous, 186 integer (186 binary)
Coefficient statistics:
  Matrix range     [1e+00, 1e+04]
  Objective range  [2e+01, 5e+03]
  Bounds range     [0e+00, 0e+00]
  RHS range        [6e-02, 1e+04]
Found heuristic solution: objective 251796.13970
Presolve removed 302 rows and 256 columns
Presolve time: 0.00s
Presolved: 797 rows, 470 columns, 2438 nonzeros
Found heuristic solution: objective 242152.18776
Variable types: 297 continuous, 173 integer (173 binary)

Root relaxation: objective 1.732718e+03, 710 iterations, 0.01 seconds (0.01 work units)

    Nodes    |    Current Node    |     Objective Bounds      |     Work
 Expl Unexpl |  Obj  Depth IntInf | Incumbent    BestBd   Gap | It/Node Time

     0     0 1732.71792    0   15 242152.188 1732.71792  99.3%     -    0s
H    0     0                    37837.735412 1732.71792  95.4%     -    0s
H    0     0                    12740.442708 1732.71792  86.4%     -    0s
H    0     0                    12740.442686 1732.71792  86.4%     -    0s
     0     0 1732.71792    0   19 12740.4427 1732.71792  86.4%     -    0s
H    0     0                    3064.1833870 1732.71792  43.5%     -    0s
     0     0 1732.71792    0   10 3064.18339 1732.71792  43.5%     -    0s
     0     0 1732.71792    0   10 3064.18339 1732.71792  43.5%     -    0s
H    0     0                    3064.1833864 1732.71792  43.5%     -    0s
H    0     2                    3064.1828921 1732.71792  43.5%     -    0s
     0     2 1732.71792    0   10 3064.18289 1732.71792  43.5%     -    0s
H   41    73                    3054.9962178 1818.20431  40.5%   9.7    0s
H   46    73                    2682.5956936 1818.20431  32.2%   9.5    0s
H  459   454                    2668.7447778 1818.20431  31.9%   9.8    0s
H 1224  1084                    2574.6558135 1818.20431  29.4%  13.8    0s
H 1225  1084                    2557.7509917 1818.20431  28.9%  13.8    0s
H 1714  1493                    2557.7508115 1818.20431  28.9%  13.9    0s
H 1740  1493                    2557.7499836 1818.20431  28.9%  13.8    0s
H 1770   809                    2411.0737130 1818.20431  24.6%  13.9    0s
H 1869   772                    2411.0737063 1818.20431  24.6%  13.8    0s
H 1869   772                    2411.0737003 1818.20431  24.6%  13.8    0s
H 2100   827                    2411.0736917 1818.20431  24.6%  13.9    0s
H 2114   787                    2411.0736685 1818.20431  24.6%  13.9    0s
H 3271  1330                    2411.0734667 1818.20431  24.6%  13.0    0s
H 3284  1294                    2411.0733967 1818.20431  24.6%  13.0    0s
H 3334  1246                    2411.0724654 1818.20431  24.6%  13.0    0s
H 3353  1211                    2411.0717494 1818.20431  24.6%  13.0    0s
H 4334  1855                    2411.0717411 1818.20431  24.6%  13.1    0s
H 4436  1255                    2318.9349872 1818.20431  21.6%  13.1    0s
H 5871  1990                    2318.9349833 1818.20431  21.6%  12.5    0s
H 5887  1990                    2318.9349780 1818.20431  21.6%  12.5    0s
H 5903  1990                    2318.9349365 1818.20431  21.6%  12.6    0s
H 6973  2556                    2318.9349351 1818.23832  21.6%  12.3    0s
H 6976  1997                    2290.2102789 1818.23832  20.6%  12.4    0s
H 8163  2629                    2290.2102754 1827.09866  20.2%  12.2    0s
H 9000  3198                    2290.2100620 1878.07141  18.0%  12.0    0s
H 9027  3198                    2290.2095279 1878.07141  18.0%  12.0    0s
H 9084  3198                    2290.2094054 1880.66003  17.9%  12.0    0s
H 9127  3198                    2290.2079670 1880.66003  17.9%  12.0    0s
H 9258  3198                    2290.2072349 1880.66003  17.9%  12.0    0s
H13266  5667                    2290.2059960 1905.66598  16.8%  11.5    0s
H13335  5961                    2290.2059334 1905.66598  16.8%  11.5    1s
H13475  5961                    2290.2054969 1905.66598  16.8%  11.5    1s
H13515  5961                    2290.2044782 1905.66598  16.8%  11.5    1s
H18765  5874                    2238.7791156 1905.66598  14.9%  11.4    1s
H32615 12046                    2230.9397757 1905.66598  14.6%  12.2    2s
H33621 16459                    2230.9396098 1905.66598  14.6%  12.2    2s
H34620 16459                    2230.9385852 1905.66598  14.6%  12.2    2s
H36621 16459                    2230.9376976 1905.66598  14.6%  12.2    2s
H38621 16459                    2230.9367744 1905.66598  14.6%  12.2    2s
H42626 16463                    2230.9367573 1905.66598  14.6%  12.3    2s
H42659 16994                    2230.9362328 1905.66598  14.6%  12.3    3s
H52724 20408                    2230.9362325 1905.66598  14.6%  12.0    3s
H66966 24703                    2230.9361999 1907.88716  14.5%  11.6    4s
H67073 24703                    2230.9348015 1907.88716  14.5%  11.6    4s
H71443 25019                    2230.9348011 1907.88716  14.5%  11.5    4s
H71614 25019                    2230.9347927 1907.88716  14.5%  11.5    4s
H81350 26746                    2230.9347875 1919.27140  14.0%  11.5    4s
H81353 26746                    2230.8301841 1919.27140  14.0%  11.5    4s
 81599 26942     cutoff   64      2230.83018 1919.27140  14.0%  11.5    5s
*88682 25547             141    2201.5281151 1929.77807  12.3%  11.6    5s
*88683 25547             141    2201.4711049 1929.77807  12.3%  11.6    5s
*88691 25547             142    2201.4457530 1929.77807  12.3%  11.6    5s
H90663 25853                    2201.4457518 1933.81513  12.2%  11.6    5s
H91912 26419                    2201.4457499 1936.85545  12.0%  11.6    5s
H91913 26419                    2201.4456930 1936.85545  12.0%  11.6    5s
H91915 25870                    2194.9858849 1936.85545  11.8%  11.6    5s
*100331 12963             144    2109.4985527 1936.85545  8.18%  11.8    6s
*100334 12914             145    2107.4214213 1936.85545  8.09%  11.8    6s
*100338 12907             145    2106.8472675 1936.85545  8.07%  11.8    6s
*100343 12851             145    2103.4891999 1936.85545  7.92%  11.8    6s
*106963 13763             143    2086.8095817 1936.85545  7.19%  12.0    6s
H109507 14419                    2085.1844567 1936.85545  7.11%  12.1    6s
H114330 15791                    2085.1844537 1936.85545  7.11%  12.2    6s
H114487 15791                    2085.1844340 1936.85545  7.11%  12.2    6s
H114616 15790                    2085.0686658 1936.85545  7.11%  12.2    6s
H119228 17215                    2085.0383727 1936.85545  7.11%  12.3    7s
H163722 22160                    2081.5289241 1993.71179  4.22%  12.5    9s
H163844 22286                    2081.5288983 1993.71179  4.22%  12.5    9s
H163950 22286                    2081.5288874 1993.71179  4.22%  12.5    9s
H164134 22286                    2081.5288436 1993.71179  4.22%  12.5    9s
H165424 21450                    2076.1844449 1993.71179  3.97%  12.6    9s
H165555 17615                    2060.3448957 1993.71179  3.23%  12.6    9s
H166679 18012                    2060.3448939 1993.71179  3.23%  12.6    9s
H166706 17996                    2060.0190043 1993.71179  3.22%  12.6    9s
 167993 18837 2001.66625   69   10 2060.01900 1993.71179  3.22%  12.6   10s
H203249 26937                    2058.0282802 1993.71179  3.13%  13.8   12s
H203252 26848                    2057.3361365 1993.71179  3.09%  13.8   12s
H203306 26877                    2057.3361338 1993.71179  3.09%  13.8   12s
 242483 35181 2002.02071  101    8 2057.33613 1993.71179  3.09%  15.0   15s
 320056 51486 2001.57345   98    9 2057.33613 1993.71179  3.09%  16.5   20s
H340403 54658                    2057.0310914 1993.71179  3.08%  16.9   21s
 385295 62048 1994.11059   83   18 2057.03109 1993.71179  3.08%  17.6   25s
 447590 71909 1993.71179   79   12 2057.03109 1993.71179  3.08%  18.4   30s
 507613 81305 1993.71179   80   10 2057.03109 1993.71179  3.08%  19.1   35s
 572696 91985 1993.71531   92   14 2057.03109 1993.71179  3.08%  19.6   40s
 634935 101893     cutoff   81      2057.03109 1993.71179  3.08%  20.1   45s
H668726 102559                    2056.8218111 1993.71179  3.07%  20.3   47s
 695841 106800 1993.71179   84   12 2056.82181 1993.71179  3.07%  20.4   50s
 753074 115668 1995.85351   92   21 2056.82181 1993.71179  3.07%  20.8   55s
H770458 117691                    2054.1653548 1993.71179  2.94%  20.8   56s
 808816 123461 1993.71179   87   12 2054.16535 1993.71179  2.94%  21.0   60s
 863646 131552 1993.71301   79   12 2054.16535 1993.71179  2.94%  21.3   65s
H914435 137687                    2052.9395061 1993.71179  2.89%  21.5   69s
 921069 138730 1993.85364   78   12 2052.93951 1993.71179  2.89%  21.5   70s
 977295 145950 2021.97268   76   17 2052.93951 1993.71179  2.89%  21.7   75s
 1036807 153409 1994.08794   84   11 2052.93951 1993.71179  2.89%  21.9   80s
 1095477 160842 1993.71179   73   13 2052.93951 1993.71179  2.89%  22.0   85s
 1152988 168406 2006.64664   82   12 2052.93951 1993.71179  2.89%  22.2   90s
H1203187 174263                    2052.9395041 1993.71179  2.89%  22.4   94s
 1208984 174970     cutoff   79      2052.93950 1993.71179  2.89%  22.4   95s
 1267835 182352 1993.84794   84   15 2052.93950 1993.71179  2.89%  22.5  100s
 1325574 190123 1993.71383   92   21 2052.93950 1993.71179  2.89%  22.7  105s
 1378004 197182 2041.59431   73   14 2052.93950 1993.71179  2.89%  22.8  110s
H1414461 202138                    2052.9394766 1993.71179  2.89%  22.9  113s
H1415132 202288                    2052.9394762 1993.71179  2.89%  22.9  113s
 1433788 204798 1993.71179   96   15 2052.93948 1993.71179  2.89%  22.9  115s
 1491773 211846 1993.90438   93   18 2052.93948 1993.71179  2.89%  23.1  120s

Cutting planes:
  Gomory: 10
  Implied bound: 1
  MIR: 10
  Flow cover: 28
  RLT: 1

Explored 1492319 nodes (34454659 simplex iterations) in 120.00 seconds (234.30 work units)
Thread count was 10 (of 10 available processors)

Solution count 10: 2052.94 2052.94 2054.17 ... 2076.18

Time limit reached
Best objective 2.052939476243e+03, best bound 1.993711787422e+03, gap 2.8850%

User-callback calls 3022250, time in user-callback 0.34 sec
