
Gurobi 12.0.3 (mac64[arm]) logging started Wed Dec  3 06:41:20 2025

Set parameter LogFile to value "/Users/arnav/projects/Candidate-Selection-via-Stochastic-IP/Transmission_Switching/Heuristic/logs/scenario19_20251203_064113.log"
Set parameter LogToConsole to value 1
Set parameter OutputFlag to value 1

Gurobi 12.0.3 (mac64[arm]) logging started Wed Dec  3 06:41:20 2025

Set parameter LogFile to value "/Users/arnav/projects/Candidate-Selection-via-Stochastic-IP/Transmission_Switching/Heuristic/logs/scenario19_20251203_064113.log"
Set parameter OutputFlag to value 1
Gurobi Optimizer version 12.0.3 build v12.0.3rc0 (mac64[arm] - Darwin 24.6.0 24G84)

CPU model: Apple M4
Thread count: 10 physical cores, 10 logical processors, using up to 10 threads

Non-default parameters:
TimeLimit  120

Optimize a model with 492 rows, 331 columns and 1349 nonzeros
Model fingerprint: 0x187f7bb3
Variable types: 251 continuous, 80 integer (80 binary)
Coefficient statistics:
  Matrix range     [7e-01, 6e+02]
  Objective range  [1e+02, 5e+03]
  Bounds range     [0e+00, 0e+00]
  RHS range        [1e-02, 6e+02]
Found heuristic solution: objective 54338.196689
Presolve removed 120 rows and 111 columns
Presolve time: 0.00s
Presolved: 372 rows, 220 columns, 1105 nonzeros
Variable types: 141 continuous, 79 integer (79 binary)

Root relaxation: objective 2.285977e+03, 328 iterations, 0.01 seconds (0.00 work units)

    Nodes    |    Current Node    |     Objective Bounds      |     Work
 Expl Unexpl |  Obj  Depth IntInf | Incumbent    BestBd   Gap | It/Node Time

     0     0 2285.97685    0    7 54338.1967 2285.97685  95.8%     -    0s
H    0     0                    8883.1044947 2285.97685  74.3%     -    0s
H    0     0                    8883.1044936 2285.97685  74.3%     -    0s
     0     0 2285.97685    0    7 8883.10449 2285.97685  74.3%     -    0s
H    0     0                    2684.6132937 2285.97685  14.8%     -    0s
H    0     0                    2428.5074531 2285.97685  5.87%     -    0s
     0     0 2285.97685    0    7 2428.50745 2285.97685  5.87%     -    0s
     0     0 2285.97685    0    8 2428.50745 2285.97685  5.87%     -    0s
     0     0 2285.97685    0    8 2428.50745 2285.97685  5.87%     -    0s
     0     0 2285.97685    0    2 2428.50745 2285.97685  5.87%     -    0s
     0     0 2285.97685    0    2 2428.50745 2285.97685  5.87%     -    0s
     0     2 2285.97685    0    2 2428.50745 2285.97685  5.87%     -    0s
H   27   119                    2401.8452298 2285.97685  4.82%   5.0    0s
H   77   119                    2386.4645441 2285.97685  4.21%   4.3    0s
H   87   119                    2381.4938417 2285.97685  4.01%   4.1    0s
H  144   520                    2381.1656286 2285.97685  4.00%   5.0    0s
*  217   520              22    2285.9768457 2285.97685  0.00%   6.5    0s

Cutting planes:
  Learned: 3
  Gomory: 1
  Implied bound: 2
  MIR: 5

Explored 614 nodes (5114 simplex iterations) in 0.42 seconds (0.08 work units)
Thread count was 10 (of 10 available processors)

Solution count 9: 2285.98 2381.17 2381.49 ... 54338.2

Optimal solution found (tolerance 1.00e-04)
Best objective 2.285976845717e+03, best bound 2.285976845717e+03, gap 0.0000%

User-callback calls 1819, time in user-callback 0.00 sec
