
Gurobi 12.0.3 (mac64[arm]) logging started Wed Dec  3 06:50:29 2025

Set parameter LogFile to value "/Users/arnav/projects/Candidate-Selection-via-Stochastic-IP/Transmission_Switching/Heuristic/logs/scenario12_20251203_065024.log"
Set parameter LogToConsole to value 1
Set parameter OutputFlag to value 1

Gurobi 12.0.3 (mac64[arm]) logging started Wed Dec  3 06:50:29 2025

Set parameter LogFile to value "/Users/arnav/projects/Candidate-Selection-via-Stochastic-IP/Transmission_Switching/Heuristic/logs/scenario12_20251203_065024.log"
Set parameter OutputFlag to value 1
Gurobi Optimizer version 12.0.3 build v12.0.3rc0 (mac64[arm] - Darwin 24.6.0 24G84)

CPU model: Apple M4
Thread count: 10 physical cores, 10 logical processors, using up to 10 threads

Non-default parameters:
TimeLimit  120

Optimize a model with 492 rows, 331 columns and 1349 nonzeros
Model fingerprint: 0x1d45eaa9
Variable types: 251 continuous, 80 integer (80 binary)
Coefficient statistics:
  Matrix range     [7e-01, 6e+02]
  Objective range  [1e+02, 5e+03]
  Bounds range     [0e+00, 0e+00]
  RHS range        [1e-02, 6e+02]
Found heuristic solution: objective 53699.350999
Presolve removed 120 rows and 111 columns
Presolve time: 0.01s
Presolved: 372 rows, 220 columns, 1105 nonzeros
Variable types: 141 continuous, 79 integer (79 binary)

Root relaxation: objective 2.244761e+03, 296 iterations, 0.00 seconds (0.00 work units)

    Nodes    |    Current Node    |     Objective Bounds      |     Work
 Expl Unexpl |  Obj  Depth IntInf | Incumbent    BestBd   Gap | It/Node Time

     0     0 2244.76099    0    4 53699.3510 2244.76099  95.8%     -    0s
H    0     0                    9459.5779724 2244.76099  76.3%     -    0s
H    0     0                    6728.0320788 2244.76099  66.6%     -    0s
     0     0 2244.76099    0    4 6728.03208 2244.76099  66.6%     -    0s
H    0     0                    4269.5436632 2244.76099  47.4%     -    0s
     0     0 2244.76099    0    4 4269.54366 2244.76099  47.4%     -    0s
     0     0 2244.76099    0    5 4269.54366 2244.76099  47.4%     -    0s
     0     0 2244.76099    0    5 4269.54366 2244.76099  47.4%     -    0s
H    0     0                    3379.6282674 2244.76099  33.6%     -    0s
     0     0 2244.76099    0    5 3379.62827 2244.76099  33.6%     -    0s
     0     0 2244.76099    0    5 3379.62827 2244.76099  33.6%     -    0s
     0     2 2244.76099    0    5 3379.62827 2244.76099  33.6%     -    0s
H   47   116                    3086.8948441 2244.76099  27.3%   6.0    0s
H   58   116                    2761.9330975 2244.76099  18.7%   5.7    0s
H   87   116                    2309.5309604 2244.76099  2.80%   5.3    0s
H  142   383                    2309.5309406 2244.76099  2.80%   4.5    0s
H  234   383                    2297.9818105 2244.76099  2.32%   5.8    0s
H  429   628                    2289.8104229 2244.76099  1.97%   8.6    0s
*  439   628              44    2271.4704415 2244.76099  1.18%   8.8    0s
*  654   628              20    2244.7609948 2244.76099  0.00%  10.1    0s

Cutting planes:
  Learned: 1
  Gomory: 7
  Implied bound: 1
  MIR: 3

Explored 716 nodes (8185 simplex iterations) in 0.22 seconds (0.08 work units)
Thread count was 10 (of 10 available processors)

Solution count 10: 2244.76 2271.47 2289.81 ... 4269.54

Optimal solution found (tolerance 1.00e-04)
Best objective 2.244760994765e+03, best bound 2.244760994765e+03, gap 0.0000%

User-callback calls 1957, time in user-callback 0.00 sec
