
Gurobi 12.0.3 (mac64[arm]) logging started Mon Dec  1 16:18:41 2025

Set parameter LogFile to value "/Users/arnav/projects/Candidate-Selection-via-Stochastic-IP/Transmission_Switching/Heuristic/logs/scenario2_20251201_161641.log"
Set parameter LogToConsole to value 1
Set parameter OutputFlag to value 1

Gurobi 12.0.3 (mac64[arm]) logging started Mon Dec  1 16:18:41 2025

Set parameter LogFile to value "/Users/arnav/projects/Candidate-Selection-via-Stochastic-IP/Transmission_Switching/Heuristic/logs/scenario2_20251201_161641.log"
Set parameter OutputFlag to value 1
Gurobi Optimizer version 12.0.3 build v12.0.3rc0 (mac64[arm] - Darwin 24.6.0 24G84)

CPU model: Apple M4
Thread count: 10 physical cores, 10 logical processors, using up to 10 threads

Non-default parameters:
TimeLimit  120

Optimize a model with 1099 rows, 726 columns and 3077 nonzeros
Model fingerprint: 0x117d425a
Variable types: 540 continuous, 186 integer (186 binary)
Coefficient statistics:
  Matrix range     [1e+00, 1e+04]
  Objective range  [2e+01, 5e+03]
  Bounds range     [0e+00, 0e+00]
  RHS range        [5e-02, 1e+04]
Found heuristic solution: objective 238173.99743
Presolve removed 302 rows and 256 columns
Presolve time: 0.00s
Presolved: 797 rows, 470 columns, 2438 nonzeros
Found heuristic solution: objective 229185.66477
Variable types: 297 continuous, 173 integer (173 binary)

Root relaxation: objective 1.450658e+03, 645 iterations, 0.01 seconds (0.01 work units)

    Nodes    |    Current Node    |     Objective Bounds      |     Work
 Expl Unexpl |  Obj  Depth IntInf | Incumbent    BestBd   Gap | It/Node Time

     0     0 1450.65779    0   27 229185.665 1450.65779  99.4%     -    0s
H    0     0                    35105.526461 1450.65779  95.9%     -    0s
H    0     0                    28739.896160 1450.65779  95.0%     -    0s
H    0     0                    28739.896121 1450.65779  95.0%     -    0s
     0     0 1450.65779    0   29 28739.8961 1450.65779  95.0%     -    0s
H    0     0                    3383.1595440 1450.65779  57.1%     -    0s
H    0     0                    3383.1595437 1450.65779  57.1%     -    0s
     0     0 1450.65779    0   29 3383.15954 1450.65779  57.1%     -    0s
     0     0 1450.65779    0   12 3383.15954 1450.65779  57.1%     -    0s
     0     0 1450.65779    0   12 3383.15954 1450.65779  57.1%     -    0s
     0     0 1450.65779    0   10 3383.15954 1450.65779  57.1%     -    0s
H    0     0                    3164.9071464 1450.65779  54.2%     -    0s
     0     0 1450.65779    0   10 3164.90715 1450.65779  54.2%     -    0s
     0     2 1450.65779    0   10 3164.90715 1450.65779  54.2%     -    0s
H   36    59                    3025.5238123 1489.91517  50.8%  18.9    0s
H   41    59                    3025.5237685 1489.91517  50.8%  17.1    0s
H  227   249                    2808.1085603 1493.93669  46.8%   9.8    0s
H  252   249                    2028.2329817 1493.93669  26.3%   9.5    0s
H  998   914                    1977.9474495 1493.93669  24.5%  14.3    0s
H 1044   858                    1914.7628963 1493.93669  22.0%  14.3    0s
H 1763  1365                    1852.8243602 1603.30654  13.5%  15.8    0s
H 1763  1359                    1848.9362634 1603.30654  13.3%  15.8    0s
H 1763  1359                    1847.1336935 1603.30654  13.2%  15.8    0s
H 1763  1331                    1831.1784264 1603.30654  12.4%  15.8    0s
H 1763  1330                    1828.5737030 1603.30654  12.3%  15.8    0s
H 2893  1622                    1828.5737027 1603.30654  12.3%  14.4    0s
H 2924  1548                    1828.5737022 1603.30654  12.3%  14.3    0s
H 3102  1556                    1828.5737005 1603.30654  12.3%  14.3    0s
* 3468  1368             122    1809.3593981 1603.30654  11.4%  14.2    0s
H 4564  1439                    1809.3593931 1603.30654  11.4%  13.6    0s
H 4592  1378                    1809.3593824 1603.30654  11.4%  13.5    0s
H 7669  2554                    1809.3591208 1642.82312  9.20%  13.0    0s
H 7701  2554                    1809.3585526 1642.82312  9.20%  13.0    0s
* 9270  3074             113    1802.6103279 1642.82312  8.86%  12.8    0s
* 9579  2555              98    1787.1308457 1642.82312  8.07%  12.8    0s
H 9735  2655                    1787.1308355 1642.82312  8.07%  12.7    0s
H 9784  2655                    1787.1307808 1642.82312  8.07%  12.7    0s
H 9921  2502                    1785.5359856 1642.82312  7.99%  12.6    0s
H10984  2915                    1785.5359842 1642.82312  7.99%  12.5    0s
*12941  2007             101    1756.3845859 1642.82312  6.47%  12.3    1s
H16251  2215                    1717.7908259 1642.82312  4.36%  12.2    1s
*16281  2212             139    1716.8515423 1642.82312  4.31%  12.2    1s
*16284  2212             137    1716.8492905 1642.82312  4.31%  12.2    1s
*16837  2332             138    1716.8346900 1642.82312  4.31%  12.2    1s
*17955  1931              96    1713.9428853 1642.82312  4.15%  12.3    1s
H48509  6449                    1713.9428840 1693.79057  1.18%  12.1    3s
H48871  6391                    1713.9428808 1693.79057  1.18%  12.2    3s
 72127  5536 1693.94547   48   14 1713.94288 1693.79057  1.18%  12.9    5s
H79805  5708                    1713.9428806 1693.79057  1.18%  13.0    5s
H115038  5918                    1713.9428752 1693.79057  1.18%  13.3    7s
 158033  6847 1702.69277   50   11 1713.94288 1693.79057  1.18%  13.6   10s
H185375  5652                    1713.9428387 1693.79057  1.18%  13.7   11s
H189499  5369                    1713.9425830 1693.79057  1.18%  13.8   11s

Cutting planes:
  Gomory: 10
  MIR: 4
  Flow cover: 19

Explored 251663 nodes (3349065 simplex iterations) in 14.68 seconds (22.33 work units)
Thread count was 10 (of 10 available processors)

Solution count 10: 1713.94 1713.94 1713.94 ... 1717.79
No other solutions better than 1713.94

Optimal solution found (tolerance 1.00e-04)
Best objective 1.713942575336e+03, best bound 1.713942575336e+03, gap 0.0000%

User-callback calls 505819, time in user-callback 0.07 sec
