
Gurobi 12.0.3 (mac64[arm]) logging started Wed Dec  3 06:50:30 2025

Set parameter LogFile to value "/Users/arnav/projects/Candidate-Selection-via-Stochastic-IP/Transmission_Switching/Heuristic/logs/scenario16_20251203_065024.log"
Set parameter LogToConsole to value 1
Set parameter OutputFlag to value 1

Gurobi 12.0.3 (mac64[arm]) logging started Wed Dec  3 06:50:30 2025

Set parameter LogFile to value "/Users/arnav/projects/Candidate-Selection-via-Stochastic-IP/Transmission_Switching/Heuristic/logs/scenario16_20251203_065024.log"
Set parameter OutputFlag to value 1
Gurobi Optimizer version 12.0.3 build v12.0.3rc0 (mac64[arm] - Darwin 24.6.0 24G84)

CPU model: Apple M4
Thread count: 10 physical cores, 10 logical processors, using up to 10 threads

Non-default parameters:
TimeLimit  120

Optimize a model with 492 rows, 331 columns and 1349 nonzeros
Model fingerprint: 0x66ad3718
Variable types: 251 continuous, 80 integer (80 binary)
Coefficient statistics:
  Matrix range     [7e-01, 6e+02]
  Objective range  [1e+02, 5e+03]
  Bounds range     [0e+00, 0e+00]
  RHS range        [3e-02, 6e+02]
Found heuristic solution: objective 51758.316800
Presolve removed 120 rows and 111 columns
Presolve time: 0.00s
Presolved: 372 rows, 220 columns, 1105 nonzeros
Variable types: 141 continuous, 79 integer (79 binary)

Root relaxation: objective 2.119533e+03, 346 iterations, 0.01 seconds (0.00 work units)

    Nodes    |    Current Node    |     Objective Bounds      |     Work
 Expl Unexpl |  Obj  Depth IntInf | Incumbent    BestBd   Gap | It/Node Time

     0     0 2119.53298    0    3 51758.3168 2119.53298  95.9%     -    0s
H    0     0                    3093.7591705 2119.53298  31.5%     -    0s
H    0     0                    3093.7591693 2119.53298  31.5%     -    0s
     0     0 2119.53298    0    5 3093.75917 2119.53298  31.5%     -    0s
     0     0 2119.53298    0    4 3093.75917 2119.53298  31.5%     -    0s
H    0     0                    2274.3951045 2119.53298  6.81%     -    0s
     0     0 2119.53298    0    5 2274.39510 2119.53298  6.81%     -    0s
     0     0 2119.53298    0    5 2274.39510 2119.53298  6.81%     -    0s
H    0     0                    2272.7924578 2119.53298  6.74%     -    0s
H    0     0                    2263.8310492 2119.53298  6.37%     -    0s
H    0     0                    2257.3446860 2119.53298  6.11%     -    0s
     0     2 2119.53298    0    5 2257.34469 2119.53298  6.11%     -    0s
H   27    67                    2229.0928618 2119.53298  4.91%   7.0    0s
H  445   623                    2198.7731205 2119.53298  3.60%  11.7    0s
H  522   623                    2144.7917946 2119.53298  1.18%  12.2    0s
H  931   829                    2132.5550537 2119.53298  0.61%  12.9    0s
H 1172  1033                    2132.5550496 2119.53298  0.61%  13.5    0s
* 2369   840              29    2119.5329820 2119.53298  0.00%  13.7    0s

Cutting planes:
  Learned: 4
  Gomory: 4
  Implied bound: 8
  MIR: 3
  Inf proof: 3

Explored 2835 nodes (37849 simplex iterations) in 0.89 seconds (0.25 work units)
Thread count was 10 (of 10 available processors)

Solution count 10: 2119.53 2132.56 2132.56 ... 2274.4

Optimal solution found (tolerance 1.00e-04)
Best objective 2.119532982002e+03, best bound 2.119532982002e+03, gap 0.0000%

User-callback calls 6308, time in user-callback 0.00 sec
