
Gurobi 12.0.3 (mac64[arm]) logging started Mon Dec  1 21:41:12 2025

Set parameter LogFile to value "/Users/arnav/projects/Candidate-Selection-via-Stochastic-IP/Transmission_Switching/Heuristic/logs/wait_and_see_scenario1_20251201_214111.log"
Set parameter LogToConsole to value 1
Set parameter OutputFlag to value 1

Gurobi 12.0.3 (mac64[arm]) logging started Mon Dec  1 21:41:12 2025

Set parameter LogFile to value "/Users/arnav/projects/Candidate-Selection-via-Stochastic-IP/Transmission_Switching/Heuristic/logs/wait_and_see_scenario1_20251201_214111.log"
Set parameter OutputFlag to value 1
Gurobi Optimizer version 12.0.3 build v12.0.3rc0 (mac64[arm] - Darwin 24.6.0 24G84)

CPU model: Apple M4
Thread count: 10 physical cores, 10 logical processors, using up to 10 threads

Non-default parameters:
TimeLimit  120

Optimize a model with 1099 rows, 726 columns and 3077 nonzeros
Model fingerprint: 0x5b46316e
Variable types: 540 continuous, 186 integer (186 binary)
Coefficient statistics:
  Matrix range     [1e+00, 3e+03]
  Objective range  [2e+01, 5e+03]
  Bounds range     [0e+00, 0e+00]
  RHS range        [6e-02, 3e+03]
Found heuristic solution: objective 251796.13970
Presolve removed 302 rows and 256 columns
Presolve time: 0.01s
Presolved: 797 rows, 470 columns, 2438 nonzeros
Found heuristic solution: objective 242152.18776
Variable types: 297 continuous, 173 integer (173 binary)

Root relaxation: objective 1.732718e+03, 696 iterations, 0.01 seconds (0.01 work units)

    Nodes    |    Current Node    |     Objective Bounds      |     Work
 Expl Unexpl |  Obj  Depth IntInf | Incumbent    BestBd   Gap | It/Node Time

     0     0 1732.71792    0   19 242152.188 1732.71792  99.3%     -    0s
H    0     0                    13357.910224 1732.71792  87.0%     -    0s
     0     0 1764.55773    0   16 13357.9102 1764.55773  86.8%     -    0s
H    0     0                    3950.8156865 1785.14469  54.8%     -    0s
     0     0 1785.14469    0   17 3950.81569 1785.14469  54.8%     -    0s
     0     0 1793.62343    0   18 3950.81569 1793.62343  54.6%     -    0s
     0     0 1793.65692    0   18 3950.81569 1793.65692  54.6%     -    0s
     0     0 1795.69089    0   15 3950.81569 1795.69089  54.5%     -    0s
     0     0 1803.18181    0   15 3950.81569 1803.18181  54.4%     -    0s
     0     0 1803.18181    0   15 3950.81569 1803.18181  54.4%     -    0s
     0     0 1803.18181    0   14 3950.81569 1803.18181  54.4%     -    0s
     0     0 1803.18181    0   14 3950.81569 1803.18181  54.4%     -    0s
     0     0 1803.18181    0   14 3950.81569 1803.18181  54.4%     -    0s
     0     0 1803.18181    0    9 3950.81569 1803.18181  54.4%     -    0s
     0     2 1803.18181    0    9 3950.81569 1803.18181  54.4%     -    0s
H   31    53                    3950.8156859 1827.07655  53.8%  15.1    0s
H   36    53                    3950.8156812 1827.07655  53.8%  14.1    0s
H   46    53                    3950.8156796 1827.07655  53.8%  14.1    0s
H   51    53                    3950.8156550 1827.07655  53.8%  13.1    0s
H  160   150                    3017.8785000 1827.07655  39.5%  15.5    0s
H  324   306                    2887.4730588 1827.07655  36.7%  15.8    0s
H  815   857                    2887.4728058 1827.07655  36.7%  20.1    0s
H 1931  1892                    2887.4728047 1827.07655  36.7%  17.2    0s
H 1959  1818                    2738.9745418 1827.07655  33.3%  17.1    0s
H 2004  1566                    2510.0225159 1827.07655  27.2%  17.0    0s
H 2004  1566                    2509.5203207 1827.07655  27.2%  17.0    0s
H 2004  1564                    2505.9762879 1827.07655  27.1%  17.0    0s
H 2004  1564                    2502.2668970 1827.07655  27.0%  17.0    0s
H 2006  1442                    2502.2668954 1827.07655  27.0%  17.0    0s
H 2006  1369                    2502.2668950 1827.07655  27.0%  17.0    0s
H 2010  1303                    2251.2270707 1827.07655  18.8%  17.0    0s
H 2025  1247                    2251.2270675 1827.07655  18.8%  16.9    0s
H 2025  1184                    2251.2270670 1827.07655  18.8%  16.9    0s
H 2064  1151                    2251.2270668 1907.09400  15.3%  17.9    0s
H 2071  1092                    2251.2270649 1909.95660  15.2%  17.9    0s
H 2086  1033                    2251.2270643 1909.95660  15.2%  17.9    0s
H 3011  1163                    2192.0123986 1938.39222  11.6%  16.0    0s
H 3758  1211                    2192.0123982 1965.18752  10.3%  15.5    0s
H 3780  1157                    2192.0123941 1965.18752  10.3%  15.4    0s
H 3788  1111                    2192.0123901 1965.18752  10.3%  15.4    0s
* 4953   881              98    2120.3108279 1993.71179  5.97%  14.5    0s
* 4959   877              99    2118.8377332 1993.71179  5.91%  14.5    0s
H 6001  1210                    2111.8595699 1993.71179  5.59%  14.0    0s
* 6025  1188              97    2106.0004249 1993.71179  5.33%  14.0    0s
* 6154  1253              98    2103.8269222 1993.71179  5.23%  13.9    0s
* 6285  1212              96    2102.4319233 1993.71179  5.17%  13.9    0s
* 7209  1678             101    2088.8096772 1993.71179  4.55%  13.7    0s
* 8825  2428             111    2078.7168437 1993.71179  4.09%  14.0    1s
* 9011  2592             106    2075.0610867 1993.71179  3.92%  14.2    1s
* 9032  2589             119    2074.6050674 1993.71179  3.90%  14.2    1s
H 9262  2741                    2074.6050658 1993.71179  3.90%  14.4    1s
H 9345  2741                    2074.6050647 1993.71179  3.90%  14.4    1s
* 9350  2740             122    2074.3672595 1993.71179  3.89%  14.4    1s
* 9653  2917             136    2072.5615596 1993.71179  3.80%  14.5    1s
* 9654  2917             136    2072.5526147 1993.71179  3.80%  14.4    1s
* 9999  2972             136    2072.2170278 1993.71179  3.79%  14.6    1s
*10007  2971             136    2072.2046815 1993.71179  3.79%  14.6    1s
*10008  2971             136    2072.2035559 1993.71179  3.79%  14.6    1s
H11139  3270                    2071.7093094 1993.71179  3.76%  15.2    1s
H11152  3420                    2071.7034986 1993.71179  3.76%  15.3    1s
H11400  3528                    2071.7034977 1993.71179  3.76%  15.7    1s
H14595  5377                    2071.7034967 1993.71179  3.76%  17.9    1s
*14604  5370             144    2071.6973826 1993.71179  3.76%  17.9    1s
*14609  5370             146    2071.6972766 1993.71179  3.76%  18.0    1s
*14611  1857             145    2071.6967485 1993.71179  3.76%  18.0    1s
*44887  3964              97    2061.3003611 2056.82181  0.22%  17.2    4s
*44888  3642              96    2060.9800403 2056.82181  0.20%  17.2    4s
*44937  3069              91    2056.9982689 2056.82181  0.01%  17.2    4s

Cutting planes:
  Learned: 6
  Gomory: 17
  Implied bound: 1
  MIR: 8
  Flow cover: 29
  Inf proof: 4

Explored 45181 nodes (782288 simplex iterations) in 4.33 seconds (8.35 work units)
Thread count was 10 (of 10 available processors)

Solution count 10: 2057 2060.98 2061.3 ... 2072.2

Optimal solution found (tolerance 1.00e-04)
Best objective 2.056998268902e+03, best bound 2.056821811107e+03, gap 0.0086%

User-callback calls 92655, time in user-callback 0.01 sec
