
Gurobi 12.0.3 (mac64[arm]) logging started Mon Dec  1 21:41:34 2025

Set parameter LogFile to value "/Users/arnav/projects/Candidate-Selection-via-Stochastic-IP/Transmission_Switching/Heuristic/logs/wait_and_see_scenario5_20251201_214111.log"
Set parameter LogToConsole to value 1
Set parameter OutputFlag to value 1

Gurobi 12.0.3 (mac64[arm]) logging started Mon Dec  1 21:41:34 2025

Set parameter LogFile to value "/Users/arnav/projects/Candidate-Selection-via-Stochastic-IP/Transmission_Switching/Heuristic/logs/wait_and_see_scenario5_20251201_214111.log"
Set parameter OutputFlag to value 1
Gurobi Optimizer version 12.0.3 build v12.0.3rc0 (mac64[arm] - Darwin 24.6.0 24G84)

CPU model: Apple M4
Thread count: 10 physical cores, 10 logical processors, using up to 10 threads

Non-default parameters:
TimeLimit  120

Optimize a model with 1099 rows, 726 columns and 3077 nonzeros
Model fingerprint: 0x9bddbf2c
Variable types: 540 continuous, 186 integer (186 binary)
Coefficient statistics:
  Matrix range     [1e+00, 3e+03]
  Objective range  [2e+01, 5e+03]
  Bounds range     [0e+00, 0e+00]
  RHS range        [6e-02, 3e+03]
Found heuristic solution: objective 269191.68063
Presolve removed 302 rows and 256 columns
Presolve time: 0.00s
Presolved: 797 rows, 470 columns, 2438 nonzeros
Found heuristic solution: objective 259193.63909
Variable types: 297 continuous, 173 integer (173 binary)

Root relaxation: objective 2.477350e+03, 803 iterations, 0.01 seconds (0.02 work units)

    Nodes    |    Current Node    |     Objective Bounds      |     Work
 Expl Unexpl |  Obj  Depth IntInf | Incumbent    BestBd   Gap | It/Node Time

     0     0 2477.34961    0   21 259193.639 2477.34961  99.0%     -    0s
H    0     0                    27768.812304 2477.34961  91.1%     -    0s
H    0     0                    25593.622989 2477.34961  90.3%     -    0s
H    0     0                    25593.622980 2477.34961  90.3%     -    0s
     0     0 2477.34961    0   23 25593.6230 2477.34961  90.3%     -    0s
H    0     0                    11428.801823 2477.34961  78.3%     -    0s
     0     0 2477.34961    0   24 11428.8018 2477.34961  78.3%     -    0s
     0     0 2488.41738    0   14 11428.8018 2488.41738  78.2%     -    0s
H    0     0                    9348.1852157 2490.73197  73.4%     -    0s
     0     0 2495.25486    0   16 9348.18522 2495.25486  73.3%     -    0s
     0     0 2495.25486    0   16 9348.18522 2495.25486  73.3%     -    0s
     0     0 2495.25486    0   15 9348.18522 2495.25486  73.3%     -    0s
     0     0 2495.25486    0   18 9348.18522 2495.25486  73.3%     -    0s
     0     0 2495.25486    0   19 9348.18522 2495.25486  73.3%     -    0s
     0     0 2495.25486    0   14 9348.18522 2495.25486  73.3%     -    0s
     0     0 2495.25486    0   15 9348.18522 2495.25486  73.3%     -    0s
     0     0 2495.25486    0   14 9348.18522 2495.25486  73.3%     -    0s
     0     0 2495.25486    0   14 9348.18522 2495.25486  73.3%     -    0s
     0     0 2495.25486    0   17 9348.18522 2495.25486  73.3%     -    0s
H    0     0                    7741.5817069 2495.25486  67.8%     -    0s
     0     0 2495.25486    0   16 7741.58171 2495.25486  67.8%     -    0s
     0     2 2495.25486    0   16 7741.58171 2495.25486  67.8%     -    0s
H  299   292                    6766.0417712 2726.91644  59.7%  14.3    0s
H  365   329                    6555.0768117 2726.91644  58.4%  13.4    0s
H 1141   880                    5692.9525012 3182.53262  44.1%  16.8    0s
H 1279   754                    5037.0174425 3182.53262  36.8%  16.6    0s
H 1531   866                    5037.0174418 3182.53262  36.8%  15.7    0s
H 1881   691                    3879.0621410 3182.53262  18.0%  15.3    0s
H 2111   658                    3879.0621397 3182.53262  18.0%  15.3    0s
H 2349   703                    3879.0621321 3182.53262  18.0%  15.5    0s
H 3475   647                    3876.9432309 3182.53262  17.9%  14.3    0s
H 3476   617                    3832.9470047 3182.53262  17.0%  14.3    0s
H 4070   751                    3832.9470039 3182.53262  17.0%  14.5    0s
H 5893  1740                    3832.9470033 3606.28075  5.91%  14.2    0s
H 5899  1657                    3814.8227275 3606.28075  5.47%  14.2    0s
H 6606  1975                    3814.8227271 3606.28075  5.47%  14.1    0s
H 6867  1055                    3722.0074466 3606.28075  3.11%  14.1    0s
H 9048  1891                    3722.0074458 3606.28075  3.11%  14.3    0s
H 9072  1891                    3722.0074453 3606.28075  3.11%  14.4    0s
H10830  2332                    3722.0074441 3606.28075  3.11%  14.5    1s
H13925  3414                    3722.0074436 3606.28075  3.11%  14.9    1s
H14153  3414                    3722.0074430 3606.28075  3.11%  14.9    1s
H18663  2982                    3663.5825915 3606.28075  1.56%  14.9    1s
*19066  3180              95    3652.7109515 3606.28075  1.27%  14.8    1s
*19522  3511              89    3652.5871520 3606.28075  1.27%  14.8    1s
*19523  3511              89    3652.5748275 3606.28075  1.27%  14.8    1s
*21975  4362             124    3641.9471858 3606.28075  0.98%  14.7    1s
*21977  4362             123    3641.5447322 3606.28075  0.97%  14.7    1s
H25348  5861                    3641.5447317 3606.28075  0.97%  14.8    2s
H29703  7335                    3639.9703480 3606.28075  0.93%  15.4    2s
H29707  7257                    3638.7502432 3606.28075  0.89%  15.4    2s
H30355  7855                    3638.6933180 3606.28075  0.89%  15.5    2s
*31042  8006             141    3638.4692797 3606.28075  0.88%  15.7    2s
*31043  8006             141    3638.4657280 3606.28075  0.88%  15.7    2s
*31045  8002             141    3638.4578188 3606.28075  0.88%  15.7    2s
*31047  8002             140    3638.4555467 3606.28075  0.88%  15.7    2s
 51772 14644     cutoff   43      3638.45555 3606.28075  0.88%  17.8    5s
*75718  5988             146    3638.4530547 3606.28075  0.88%  18.9    6s
 126061  8834 3606.28075   50    9 3638.45305 3606.28075  0.88%  18.2   10s
 204053 13385 3619.63107   54   15 3638.45305 3606.28075  0.88%  18.1   15s
 283493 18008     cutoff   58      3638.45305 3606.28075  0.88%  17.7   20s
 367173  9484 3631.83650   89    6 3638.45305 3620.17856  0.50%  16.6   25s
 471755 16855     cutoff   56      3638.45305 3620.34902  0.50%  15.5   30s
 588355 26478 3620.47891   68    6 3638.45305 3620.47891  0.49%  14.3   35s
 704133 23196     cutoff   69      3638.45305 3622.23511  0.45%  13.4   40s
H818101 17933                    3638.4530543 3628.18860  0.28%  12.6   44s
 830523 17080 3629.24550   56    8 3638.45305 3628.98213  0.26%  12.5   45s
 956502  8270     cutoff   79      3638.45305 3634.76300  0.10%  11.9   50s

Cutting planes:
  Learned: 5
  Gomory: 4
  MIR: 9
  Flow cover: 11

Explored 1024901 nodes (12090823 simplex iterations) in 53.13 seconds (92.42 work units)
Thread count was 10 (of 10 available processors)

Solution count 10: 3638.45 3638.45 3638.46 ... 3641.54

Optimal solution found (tolerance 1.00e-04)
Best objective 3.638453054353e+03, best bound 3.638392030774e+03, gap 0.0017%

User-callback calls 2063602, time in user-callback 0.36 sec
