
Gurobi 12.0.3 (mac64[arm]) logging started Mon Dec  1 21:46:33 2025

Set parameter LogFile to value "/Users/arnav/projects/Candidate-Selection-via-Stochastic-IP/Transmission_Switching/Heuristic/logs/wait_and_see_scenario10_20251201_214111.log"
Set parameter LogToConsole to value 1
Set parameter OutputFlag to value 1

Gurobi 12.0.3 (mac64[arm]) logging started Mon Dec  1 21:46:33 2025

Set parameter LogFile to value "/Users/arnav/projects/Candidate-Selection-via-Stochastic-IP/Transmission_Switching/Heuristic/logs/wait_and_see_scenario10_20251201_214111.log"
Set parameter OutputFlag to value 1
Gurobi Optimizer version 12.0.3 build v12.0.3rc0 (mac64[arm] - Darwin 24.6.0 24G84)

CPU model: Apple M4
Thread count: 10 physical cores, 10 logical processors, using up to 10 threads

Non-default parameters:
TimeLimit  120

Optimize a model with 1099 rows, 726 columns and 3077 nonzeros
Model fingerprint: 0x49c604ff
Variable types: 540 continuous, 186 integer (186 binary)
Coefficient statistics:
  Matrix range     [1e+00, 3e+03]
  Objective range  [2e+01, 5e+03]
  Bounds range     [0e+00, 0e+00]
  RHS range        [5e-02, 3e+03]
Found heuristic solution: objective 237066.54779
Presolve removed 302 rows and 256 columns
Presolve time: 0.00s
Presolved: 797 rows, 470 columns, 2438 nonzeros
Found heuristic solution: objective 227670.23555
Variable types: 297 continuous, 173 integer (173 binary)

Root relaxation: objective 1.437235e+03, 725 iterations, 0.01 seconds (0.01 work units)

    Nodes    |    Current Node    |     Objective Bounds      |     Work
 Expl Unexpl |  Obj  Depth IntInf | Incumbent    BestBd   Gap | It/Node Time

     0     0 1437.23550    0   30 227670.236 1437.23550  99.4%     -    0s
H    0     0                    43045.443628 1437.23550  96.7%     -    0s
H    0     0                    27242.428579 1437.23550  94.7%     -    0s
     0     0 1437.23550    0   26 27242.4286 1437.23550  94.7%     -    0s
H    0     0                    8197.5811200 1437.23550  82.5%     -    0s
     0     0 1437.23550    0   26 8197.58112 1437.23550  82.5%     -    0s
     0     0 1437.23550    0   16 8197.58112 1437.23550  82.5%     -    0s
H    0     0                    7179.0564105 1437.23550  80.0%     -    0s
     0     0 1437.23550    0   16 7179.05641 1437.23550  80.0%     -    0s
     0     0 1437.23550    0    9 7179.05641 1437.23550  80.0%     -    0s
H    0     0                    2187.4868483 1437.23550  34.3%     -    0s
     0     0 1437.23550    0   10 2187.48685 1437.23550  34.3%     -    0s
     0     0 1437.23550    0    8 2187.48685 1437.23550  34.3%     -    0s
     0     0 1437.23550    0    8 2187.48685 1437.23550  34.3%     -    0s
     0     0 1437.23550    0    8 2187.48685 1437.23550  34.3%     -    0s
     0     2 1437.23550    0    8 2187.48685 1437.23550  34.3%     -    0s
H   37    69                    2161.4836877 1454.02956  32.7%  15.5    0s
H   41    69                    2160.2821525 1454.02956  32.7%  15.4    0s
H  273   326                    2077.8042675 1454.02956  30.0%  11.7    0s
H  297   326                    2069.5254113 1454.02956  29.7%  11.9    0s
H  747   770                    2038.3737244 1454.02956  28.7%  16.3    0s
*  832   688              78    1861.1773927 1454.02956  21.9%  16.4    0s
H 1113   666                    1787.1484064 1454.02956  18.6%  15.9    0s
H 1290   739                    1787.1484060 1454.02956  18.6%  15.8    0s
H 1308   739                    1787.1484058 1454.02956  18.6%  15.7    0s
H 1322   739                    1787.1484054 1454.02956  18.6%  15.7    0s
H 1349   739                    1787.1484052 1454.02956  18.6%  15.8    0s
H 1377   739                    1787.1484046 1454.02956  18.6%  15.9    0s
H 2102  1194                    1787.1484030 1576.10458  11.8%  15.3    0s
H 2134  1180                    1787.1484027 1576.10458  11.8%  16.0    0s
H 2174  1109                    1787.1484023 1576.10458  11.8%  15.9    0s
H 2450  1241                    1787.1484020 1576.10458  11.8%  15.3    0s
H 2464  1186                    1787.1484008 1576.10458  11.8%  15.3    0s
H 2471  1134                    1787.1484000 1576.10458  11.8%  15.3    0s
H 2484  1084                    1787.1483995 1576.10458  11.8%  15.3    0s
H 3551  1467                    1787.1483656 1576.10458  11.8%  14.5    0s
H 3631  1508                    1786.2906619 1576.10458  11.8%  14.4    0s
H 3690   868                    1772.1285520 1576.10458  11.1%  14.5    0s
H 4008   834                    1772.1285516 1576.10458  11.1%  14.1    0s
H 4052   783                    1772.1285508 1576.10458  11.1%  14.1    0s
H 4070   751                    1772.1285502 1576.10458  11.1%  14.1    0s
H 4093   751                    1772.1285500 1576.10458  11.1%  14.1    0s
* 4956   997             137    1725.8922728 1605.95137  6.95%  13.5    0s
* 4959   945             139    1725.1722728 1605.95137  6.91%  13.5    0s
H 6093   861                    1686.3390975 1605.95137  4.77%  13.0    0s
H 6167   991                    1686.3390931 1605.95137  4.77%  13.0    0s
* 7194  1484              84    1685.8613209 1605.95137  4.74%  12.7    0s
* 7528  1677             101    1681.7556219 1605.95137  4.51%  12.7    0s
* 7625  1404              97    1678.0787446 1605.95137  4.30%  12.6    0s
H 8540  1817                    1678.0787444 1605.95137  4.30%  12.5    0s
H11818  3424                    1676.4295322 1652.36785  1.44%  12.7    1s
H13340  4415                    1676.4295320 1652.36785  1.44%  12.9    1s
H13446  4415                    1676.4295313 1652.36785  1.44%  12.9    1s
H13526  4415                    1676.4295307 1652.36785  1.44%  12.9    1s
H22146  9099                    1676.2967390 1652.36785  1.43%  12.8    1s
H22147  8952                    1675.8975698 1652.36785  1.40%  12.8    1s
H22150  8951                    1675.8897880 1652.36785  1.40%  12.8    1s
H22158  8872                    1675.7278360 1652.36785  1.39%  12.8    1s
H31205 15777                    1675.7278353 1652.36785  1.39%  12.3    2s
H31270 15777                    1675.7278333 1652.36785  1.39%  12.3    2s
H33088 15704                    1675.7278325 1652.36785  1.39%  12.2    3s
H33416 15054                    1675.7278320 1652.36785  1.39%  12.3    3s
H33452 14296                    1675.7278301 1652.36785  1.39%  12.3    3s
H36322 13601                    1675.7278297 1652.36785  1.39%  12.7    3s
H38047 12685                    1675.7255357 1652.36785  1.39%  13.1    3s
H38443 12004                    1675.7230811 1652.36785  1.39%  13.2    3s
H39588 11150                    1675.7195606 1652.36785  1.39%  13.5    3s
H42219 10519                    1675.7195589 1652.36785  1.39%  14.1    4s
H42390  9913                    1675.7195584 1652.36785  1.39%  14.1    4s
H46170  9350                    1675.7195582 1652.36785  1.39%  14.8    4s
H46419  8772                    1675.7195572 1652.36785  1.39%  14.9    4s
H49695  7892                    1675.7195568 1652.36785  1.39%  15.5    4s
H49951  7360                    1675.7195551 1652.36785  1.39%  15.5    4s
 51660  7506     cutoff   49      1675.71956 1652.36785  1.39%  15.8    5s
H53453  6852                    1675.7195549 1652.36785  1.39%  16.2    5s
H53530  6424                    1675.7195520 1652.36785  1.39%  16.2    5s
H56775  6020                    1675.7133688 1652.36785  1.39%  16.6    5s
H59620  6510                    1675.7133685 1652.36785  1.39%  16.9    5s
H66717  7349                    1675.7133671 1652.36785  1.39%  17.5    6s
H66912  7349                    1675.7133659 1652.36785  1.39%  17.6    6s

Cutting planes:
  Learned: 1
  Gomory: 9
  MIR: 3
  Flow cover: 8

Explored 72702 nodes (1320939 simplex iterations) in 7.05 seconds (11.30 work units)
Thread count was 10 (of 10 available processors)

Solution count 10: 1675.71 1675.71 1675.72 ... 1675.9

Optimal solution found (tolerance 1.00e-04)
Best objective 1.675713368761e+03, best bound 1.675709387104e+03, gap 0.0002%

User-callback calls 148358, time in user-callback 0.02 sec
