
Gurobi 12.0.3 (mac64[arm]) logging started Mon Dec  1 21:44:33 2025

Set parameter LogFile to value "/Users/arnav/projects/Candidate-Selection-via-Stochastic-IP/Transmission_Switching/Heuristic/logs/wait_and_see_scenario9_20251201_214111.log"
Set parameter LogToConsole to value 1
Set parameter OutputFlag to value 1

Gurobi 12.0.3 (mac64[arm]) logging started Mon Dec  1 21:44:33 2025

Set parameter LogFile to value "/Users/arnav/projects/Candidate-Selection-via-Stochastic-IP/Transmission_Switching/Heuristic/logs/wait_and_see_scenario9_20251201_214111.log"
Set parameter OutputFlag to value 1
Gurobi Optimizer version 12.0.3 build v12.0.3rc0 (mac64[arm] - Darwin 24.6.0 24G84)

CPU model: Apple M4
Thread count: 10 physical cores, 10 logical processors, using up to 10 threads

Non-default parameters:
TimeLimit  120

Optimize a model with 1099 rows, 726 columns and 3077 nonzeros
Model fingerprint: 0x9d85cdb3
Variable types: 540 continuous, 186 integer (186 binary)
Coefficient statistics:
  Matrix range     [1e+00, 3e+03]
  Objective range  [2e+01, 5e+03]
  Bounds range     [0e+00, 0e+00]
  RHS range        [5e-02, 3e+03]
Found heuristic solution: objective 239418.01983
Presolve removed 302 rows and 256 columns
Presolve time: 0.00s
Presolved: 797 rows, 470 columns, 2438 nonzeros
Found heuristic solution: objective 230239.34746
Variable types: 297 continuous, 173 integer (173 binary)

Root relaxation: objective 1.465735e+03, 662 iterations, 0.01 seconds (0.01 work units)

    Nodes    |    Current Node    |     Objective Bounds      |     Work
 Expl Unexpl |  Obj  Depth IntInf | Incumbent    BestBd   Gap | It/Node Time

     0     0 1465.73534    0   15 230239.347 1465.73534  99.4%     -    0s
H    0     0                    14474.887866 1465.73534  89.9%     -    0s
     0     0 1465.73534    0   18 14474.8879 1465.73534  89.9%     -    0s
H    0     0                    2312.5614203 1465.73534  36.6%     -    0s
     0     0 1465.73534    0   18 2312.56142 1465.73534  36.6%     -    0s
     0     0 1465.73534    0   10 2312.56142 1465.73534  36.6%     -    0s
     0     0 1465.73534    0   10 2312.56142 1465.73534  36.6%     -    0s
     0     0 1465.73534    0    9 2312.56142 1465.73534  36.6%     -    0s
     0     0 1465.73534    0    8 2312.56142 1465.73534  36.6%     -    0s
     0     0 1465.73534    0    8 2312.56142 1465.73534  36.6%     -    0s
H    0     0                    2312.5614196 1465.73534  36.6%     -    0s
     0     2 1465.73534    0    8 2312.56142 1465.73534  36.6%     -    0s
H  173   140                    2238.7817008 1542.88961  31.1%  14.7    0s
H 1048   989                    2235.2631877 1543.32571  31.0%  23.8    0s
* 1807   886             152    1967.5270001 1543.32571  21.6%  22.6    0s
H 1954   755                    1883.4608940 1543.32571  18.1%  21.7    0s
H 1954   705                    1868.2238733 1543.32571  17.4%  21.7    0s
H 1956   641                    1868.2238730 1543.32571  17.4%  21.7    0s
H 1956   609                    1868.2238724 1543.32571  17.4%  21.7    0s
H 1956   578                    1868.2238720 1543.32571  17.4%  21.7    0s
H 1957   549                    1868.2238718 1543.32571  17.4%  21.6    0s
H 1996   547                    1868.2238710 1543.32571  17.4%  22.1    0s
H 2001   519                    1868.2238689 1543.32571  17.4%  22.1    0s
H 2223   517                    1868.2238673 1543.32571  17.4%  21.4    0s
H 3266   589                    1849.4736388 1630.55339  11.8%  18.7    0s
H 3269   547                    1832.9848167 1630.55339  11.0%  18.7    0s
H 3297   640                    1832.9848137 1630.55339  11.0%  18.7    0s
H 4659  1204                    1832.9848131 1695.74512  7.49%  16.6    0s
H 4682  1204                    1832.9848123 1695.74512  7.49%  16.6    0s
H 5685  1893                    1832.9848120 1695.74512  7.49%  15.9    0s
H 6329  2111                    1832.9848115 1703.32926  7.07%  15.6    0s
H 9231  3473                    1832.9848013 1703.32926  7.07%  13.9    0s
* 9959  3828             133    1832.9429456 1703.32926  7.07%  13.6    1s
* 9964  3810             133    1832.7336106 1703.32926  7.06%  13.6    1s
H16629  3423                    1806.0219130 1753.94632  2.88%  12.7    1s
H16923  3409                    1803.0912141 1753.94632  2.73%  12.8    1s
H17217  3409                    1802.9974491 1753.94632  2.72%  12.8    1s
H19577  2169                    1802.9974483 1753.94632  2.72%  12.7    1s
H19619  2426                    1802.9974473 1753.94632  2.72%  12.7    1s
H20091  2426                    1802.9974385 1753.94632  2.72%  12.8    1s
H20227  2426                    1802.9974369 1753.94632  2.72%  12.8    1s
H23418  3244                    1802.9974364 1753.94632  2.72%  14.0    2s
H32499  4850                    1802.9974290 1753.94632  2.72%  16.8    2s
H33391  4635                    1802.9973607 1753.94632  2.72%  17.1    3s
H34527  4489                    1802.9973366 1753.94632  2.72%  16.9    4s
H34531  4269                    1802.9973200 1753.94632  2.72%  16.9    4s
H39290  4067                    1802.9972662 1753.94632  2.72%  16.6    4s
H40698  3968                    1802.9972475 1753.94632  2.72%  16.5    4s
H41878  4034                    1802.9972132 1753.94632  2.72%  16.4    4s
H41882  3854                    1802.9971921 1753.94632  2.72%  16.4    4s
H41883  3684                    1802.9971266 1753.94632  2.72%  16.4    4s
H42167  3649                    1802.9962658 1753.94632  2.72%  16.4    4s
H42212  3525                    1802.9961451 1753.94632  2.72%  16.4    4s
H43906  4542                    1802.9954734 1753.94632  2.72%  16.3    4s
 46717  6336 1760.83660  105   12 1802.99547 1753.94632  2.72%  16.3    5s
H53626  9619                    1802.9954732 1753.94632  2.72%  16.6    5s
H53791  9619                    1802.9954677 1753.94632  2.72%  16.6    5s
H53922  9619                    1802.9935403 1753.94632  2.72%  16.6    5s
H55392  9674                    1802.9934891 1753.94632  2.72%  17.0    5s
H55573  9674                    1802.9934887 1753.94632  2.72%  17.0    5s
H55690  9674                    1802.9930075 1753.94632  2.72%  17.0    5s
H56590  9835                    1802.9927673 1753.94632  2.72%  17.2    5s
H62095 10643                    1802.9925228 1753.94632  2.72%  17.7    6s
H66731 11556                    1802.9669345 1753.94632  2.72%  18.0    6s
H68306 11771                    1802.9669343 1753.94632  2.72%  18.1    6s
H75999 12973                    1802.8584970 1753.94632  2.71%  18.4    7s
H81990 13606                    1802.6376707 1753.94632  2.70%  18.6    8s
H81991 13406                    1800.8784843 1753.94632  2.61%  18.6    8s
H91039 13450                    1800.8784841 1753.94632  2.61%  19.0    9s
H96470 13211                    1800.7861185 1753.94632  2.60%  19.8    9s
H96474 13169                    1800.4764648 1753.94632  2.58%  19.8    9s
 99483 12911 1770.56437   77    9 1800.47646 1753.94632  2.58%  20.0   10s
H110804 11562                    1800.2513187 1754.73163  2.53%  20.4   11s
H110809 11491                    1799.4414465 1754.73163  2.48%  20.4   11s
 155071  3745     cutoff   92      1799.44145 1792.54866  0.38%  19.2   15s
H186542  4477                    1799.4414462 1794.80608  0.26%  19.2   17s
H186950  4477                    1799.4413710 1794.80608  0.26%  19.2   17s
H186953  4242                    1799.2462092 1794.80608  0.25%  19.2   17s
H188658  4381                    1799.2334223 1796.39770  0.16%  19.1   17s
H188781  4371                    1799.2274137 1796.39770  0.16%  19.1   17s
 222883  7472     cutoff   99      1799.22741 1796.89628  0.13%  18.4   20s
H262314  9181                    1799.2274135 1796.89628  0.13%  17.9   22s
H262360  9184                    1799.2274130 1796.89628  0.13%  17.9   22s
H262371  9184                    1799.2274124 1796.89628  0.13%  17.9   22s
H263453  9283                    1799.2274116 1796.89628  0.13%  17.9   22s
H265195  9286                    1799.2274111 1796.89628  0.13%  17.8   23s
H272066  9539                    1799.2274075 1796.89628  0.13%  17.8   24s
H277209  9823                    1799.2019027 1796.89628  0.13%  17.7   24s
 285237 10136     cutoff  104      1799.20190 1796.89628  0.13%  17.7   25s
 359676 12788     cutoff   98      1799.20190 1796.89628  0.13%  17.1   30s
H359692 12795                    1799.2019022 1796.89628  0.13%  17.1   30s
H359702 12795                    1799.2019019 1796.89628  0.13%  17.1   30s
 430540 15849 1796.89628  101    8 1799.20190 1796.89628  0.13%  17.1   35s
H460984 16943                    1799.2018992 1796.89628  0.13%  17.1   37s
H493577 18142                    1799.2018931 1796.89628  0.13%  17.0   39s
 499864 18338 1796.89628   85   16 1799.20189 1796.89628  0.13%  17.0   40s
H555118 19888                    1799.2018790 1796.89628  0.13%  16.5   43s
H555277 19867                    1799.2003589 1796.89628  0.13%  16.5   43s
H561892 20130                    1799.2003577 1796.89628  0.13%  16.5   43s
H563923 20250                    1799.2002268 1796.89628  0.13%  16.5   44s
 577247 20377     cutoff  106      1799.20023 1796.89628  0.13%  16.5   45s
H598541 21003                    1799.2002084 1796.89628  0.13%  16.5   46s
H599359 21007                    1799.1999785 1796.89628  0.13%  16.5   46s
H599364 21001                    1799.1964933 1796.89628  0.13%  16.5   46s
 648628 23216 1797.37981  111   10 1799.19649 1796.89628  0.13%  16.3   50s
H668431 23870                    1799.1964563 1796.89628  0.13%  16.3   52s
H712574 25267                    1799.1964496 1796.89628  0.13%  16.3   54s
 712577 25361 1796.89628   86   12 1799.19645 1796.89628  0.13%  16.3   55s
H714802 25445                    1799.1961255 1796.89628  0.13%  16.3   55s
 790474 29319     cutoff   94      1799.19613 1796.89628  0.13%  16.1   60s
H828863 30637                    1799.1961198 1796.89628  0.13%  16.0   62s
 863452 37742 1796.89628   83    9 1799.19612 1796.89628  0.13%  16.0   65s
H927546 50694                    1799.1961194 1796.89628  0.13%  15.7   68s
H927817 50305                    1799.1953792 1796.89628  0.13%  15.7   68s
H929362 50410                    1799.1953720 1796.89628  0.13%  15.7   68s
H931743 50556                    1799.1953691 1796.89628  0.13%  15.7   68s
H933916 50745                    1799.1946117 1796.89628  0.13%  15.6   69s
 946938 51910 1796.89628   99    8 1799.19461 1796.89628  0.13%  15.6   70s
H996073 59781                    1799.1945161 1796.89628  0.13%  15.5   73s
H998713 60448                    1799.1939979 1796.89628  0.13%  15.5   73s
H998715 60448                    1799.1938975 1796.89628  0.13%  15.5   73s
H998720 58773                    1798.9949540 1796.89628  0.12%  15.5   73s
H1000872 54110                    1798.6316893 1796.89628  0.10%  15.4   73s
H1000873 54061                    1798.6174114 1796.89628  0.10%  15.4   73s
H1001094 51194                    1798.2488138 1796.89628  0.08%  15.4   73s
H1001128 51041                    1798.2348800 1796.89628  0.07%  15.4   73s
H1002736 49154                    1798.1510913 1796.89628  0.07%  15.4   73s
H1003134 49058                    1798.1299987 1796.89628  0.07%  15.4   73s
H1005163 49541                    1798.1299945 1796.89628  0.07%  15.4   73s
H1006628 50169                    1798.1299941 1796.89628  0.07%  15.4   74s
 1020791 53129     cutoff  100      1798.12999 1796.89628  0.07%  15.4   75s
 1103992 75304 1796.89628   74    7 1798.12999 1796.89628  0.07%  15.3   80s
H1132877 81558                    1798.1299933 1796.89628  0.07%  15.3   81s
H1132883 81558                    1798.1299912 1796.89628  0.07%  15.3   81s
 1186337 94296 1796.89628   85    9 1798.12999 1796.89628  0.07%  15.2   85s
H1193290 95806                    1798.1299909 1796.89628  0.07%  15.2   85s
H1193293 95806                    1798.1299892 1796.89628  0.07%  15.2   85s
H1195283 96278                    1798.1299888 1796.89628  0.07%  15.2   86s
H1200575 97430                    1798.1299872 1796.89628  0.07%  15.3   87s
H1215298 100596                    1798.1299860 1796.89628  0.07%  15.3   88s
H1216477 100850                    1798.1299833 1796.89628  0.07%  15.3   88s
H1216482 100850                    1798.1299820 1796.89628  0.07%  15.3   88s
H1226501 102883                    1798.1299080 1796.89628  0.07%  15.3   89s
H1228014 103058                    1798.1299046 1796.89628  0.07%  15.3   89s
H1228099 103058                    1798.1298840 1796.89628  0.07%  15.3   89s
H1232352 103753                    1798.1298781 1796.89628  0.07%  15.2   89s
H1232354 103753                    1798.1298360 1796.89628  0.07%  15.2   89s
 1233461 103966 1796.89628  101    4 1798.12984 1796.89628  0.07%  15.2   90s
H1233462 103966                    1798.1298353 1796.89628  0.07%  15.2   90s
H1233940 103966                    1798.1298348 1796.89628  0.07%  15.2   90s
H1236460 104338                    1798.1298332 1796.89628  0.07%  15.2   90s
H1238142 104487                    1798.1298329 1796.89628  0.07%  15.2   90s
H1239845 104756                    1798.1298323 1796.89628  0.07%  15.2   90s
 1309032 110716 1796.89628   92    6 1798.12983 1796.89628  0.07%  15.2   95s
H1348466 114564                    1798.1298309 1796.89628  0.07%  15.2   97s
H1348661 114567                    1798.1298069 1796.89628  0.07%  15.2   97s
H1348669 114567                    1798.1295177 1796.89628  0.07%  15.2   97s
H1350676 114706                    1798.1295166 1796.89628  0.07%  15.2   97s
H1350698 114706                    1798.1294393 1796.89628  0.07%  15.2   97s
H1354139 114874                    1798.1294382 1796.89628  0.07%  15.2   98s
H1354499 113666                    1798.0899562 1796.89628  0.07%  15.2   98s
H1356186 113790                    1798.0899559 1796.89628  0.07%  15.2   98s
H1356224 113789                    1798.0894696 1796.89628  0.07%  15.2   98s
H1356226 113733                    1798.0832349 1796.89628  0.07%  15.2   98s
 1379539 114706 1796.99100  118    4 1798.08323 1796.89628  0.07%  15.1  100s
 1447872 117879 1796.89628  110    6 1798.08323 1796.89628  0.07%  15.2  105s
 1518197 122972 1796.89628  108    5 1798.08323 1796.89628  0.07%  15.2  110s
 1591624 128560 1797.04922  110    5 1798.08323 1796.89628  0.07%  15.2  115s
 1658355 132326 1796.89628  104    8 1798.08323 1796.89628  0.07%  15.3  120s

Cutting planes:
  Learned: 2
  Gomory: 8
  Implied bound: 1
  MIR: 4
  Flow cover: 5

Explored 1658970 nodes (25424761 simplex iterations) in 120.00 seconds (209.81 work units)
Thread count was 10 (of 10 available processors)

Solution count 10: 1798.08 1798.09 1798.09 ... 1798.15

Time limit reached
Best objective 1.798083234937e+03, best bound 1.796896276319e+03, gap 0.0660%

User-callback calls 3353652, time in user-callback 0.32 sec
