
Gurobi 12.0.3 (mac64[arm]) logging started Mon Dec  1 21:42:33 2025

Set parameter LogFile to value "/Users/arnav/projects/Candidate-Selection-via-Stochastic-IP/Transmission_Switching/Heuristic/logs/wait_and_see_scenario8_20251201_214111.log"
Set parameter LogToConsole to value 1
Set parameter OutputFlag to value 1

Gurobi 12.0.3 (mac64[arm]) logging started Mon Dec  1 21:42:33 2025

Set parameter LogFile to value "/Users/arnav/projects/Candidate-Selection-via-Stochastic-IP/Transmission_Switching/Heuristic/logs/wait_and_see_scenario8_20251201_214111.log"
Set parameter OutputFlag to value 1
Gurobi Optimizer version 12.0.3 build v12.0.3rc0 (mac64[arm] - Darwin 24.6.0 24G84)

CPU model: Apple M4
Thread count: 10 physical cores, 10 logical processors, using up to 10 threads

Non-default parameters:
TimeLimit  120

Optimize a model with 1099 rows, 726 columns and 3077 nonzeros
Model fingerprint: 0x0b4842be
Variable types: 540 continuous, 186 integer (186 binary)
Coefficient statistics:
  Matrix range     [1e+00, 3e+03]
  Objective range  [2e+01, 5e+03]
  Bounds range     [0e+00, 0e+00]
  RHS range        [5e-02, 3e+03]
Found heuristic solution: objective 231706.41548
Presolve removed 302 rows and 256 columns
Presolve time: 0.00s
Presolved: 797 rows, 470 columns, 2438 nonzeros
Found heuristic solution: objective 222719.37918
Variable types: 297 continuous, 173 integer (173 binary)

Root relaxation: objective 1.372271e+03, 745 iterations, 0.01 seconds (0.01 work units)

    Nodes    |    Current Node    |     Objective Bounds      |     Work
 Expl Unexpl |  Obj  Depth IntInf | Incumbent    BestBd   Gap | It/Node Time

     0     0 1372.27070    0   28 222719.379 1372.27070  99.4%     -    0s
H    0     0                    24325.122172 1372.27070  94.4%     -    0s
H    0     0                    24325.122169 1372.27070  94.4%     -    0s
     0     0 1372.27070    0   26 24325.1222 1372.27070  94.4%     -    0s
H    0     0                    3159.8193702 1372.27070  56.6%     -    0s
     0     0 1372.27070    0   26 3159.81937 1372.27070  56.6%     -    0s
     0     0 1372.27070    0   13 3159.81937 1372.27070  56.6%     -    0s
H    0     0                    2980.3860877 1372.27070  54.0%     -    0s
     0     0 1372.27070    0   14 2980.38609 1372.27070  54.0%     -    0s
     0     0 1372.27070    0    8 2980.38609 1372.27070  54.0%     -    0s
H    0     0                    2063.4569396 1372.27070  33.5%     -    0s
     0     0 1372.27070    0    8 2063.45694 1372.27070  33.5%     -    0s
     0     0 1372.27070    0    8 2063.45694 1372.27070  33.5%     -    0s
H    0     0                    2063.4569393 1372.27070  33.5%     -    0s
H    0     0                    2063.4569389 1372.27070  33.5%     -    0s
H    0     2                    2063.4569381 1372.27070  33.5%     -    0s
     0     2 1372.27070    0    8 2063.45694 1372.27070  33.5%     -    0s
H   27    52                    1942.7444097 1405.92865  27.6%  25.1    0s
H   57    52                    1897.3044643 1406.07880  25.9%  20.1    0s
H  181   168                    1886.8476034 1419.30106  24.8%  13.7    0s
H  191   168                    1885.0655997 1419.30106  24.7%  13.2    0s
H  768   791                    1864.9941864 1489.45988  20.1%  18.5    0s
* 1434  1037             129    1772.1801191 1523.85684  14.0%  16.5    0s
H 1895  1293                    1772.1801181 1564.54090  11.7%  16.0    0s
H 1921  1293                    1772.1801159 1564.54090  11.7%  15.9    0s
H 2013  1293                    1772.1801133 1564.54090  11.7%  15.7    0s
H 2013  1293                    1772.1801127 1564.54090  11.7%  15.7    0s
H 2146  1308                    1772.1801113 1564.54090  11.7%  16.3    0s
H 2176  1236                    1772.1801080 1564.54090  11.7%  16.2    0s
H 2860  1470                    1772.1800763 1564.54090  11.7%  15.5    0s
H 2877  1408                    1772.1800046 1564.54090  11.7%  15.5    0s
H 4016  1645                    1772.1800044 1564.54090  11.7%  14.7    0s
H 4040  1587                    1772.0186524 1564.54090  11.7%  14.7    0s
H 4073  1582                    1772.0186520 1564.54090  11.7%  14.7    0s
H 4105  1526                    1772.0186513 1564.54090  11.7%  14.6    0s
H 5343  2246                    1772.0186495 1564.54090  11.7%  13.6    0s
H 5382  2413                    1772.0186472 1564.54090  11.7%  13.6    0s
H 5507  2413                    1772.0186289 1564.54090  11.7%  13.5    0s
H 7734  3825                    1772.0186285 1564.54090  11.7%  12.8    0s
H 7797  3864                    1772.0186279 1564.54090  11.7%  12.7    0s
H 8007  4004                    1772.0186273 1564.54090  11.7%  12.7    0s
H 8024  4004                    1772.0186270 1564.54090  11.7%  12.7    0s
H 9208  4795                    1772.0186259 1564.54090  11.7%  12.3    0s
H 9212  4795                    1772.0185593 1564.54090  11.7%  12.3    0s
*13028  7459             128    1772.0154010 1603.38014  9.52%  11.9    1s
H14883  3153                    1729.8805265 1607.62797  7.07%  11.8    1s
*19994  5189             122    1718.2944696 1607.62797  6.44%  12.0    1s
*21786  4764             135    1702.0404333 1607.62797  5.55%  12.2    1s
*23221  4856             133    1691.2851855 1607.62797  4.95%  12.4    1s
*23225  4850             135    1690.8908406 1607.62797  4.92%  12.4    1s
H31411  7971                    1690.8908404 1607.62797  4.92%  12.0    2s
H37090 10159                    1690.8908389 1607.62797  4.92%  11.8    2s
H37095 10147                    1690.8356392 1607.62797  4.92%  11.8    2s
H37108 10146                    1690.8054677 1607.62797  4.92%  11.8    2s
H51207 15440                    1690.8054675 1607.62797  4.92%  12.0    3s
H51593 15593                    1690.6746790 1607.62797  4.91%  12.0    3s
H53541 16515                    1690.6746788 1607.62797  4.91%  12.0    4s
H54064 16515                    1690.6746766 1607.62797  4.91%  12.0    4s
H62292 19271                    1690.6746762 1607.62797  4.91%  12.0    4s
H62293 19271                    1690.6746704 1607.62797  4.91%  12.0    4s
H67488 20932                    1690.6746695 1607.62797  4.91%  12.0    4s
H67497 21008                    1690.6746660 1607.62797  4.91%  12.0    4s
 70101 22432     cutoff   69      1690.67467 1607.62797  4.91%  12.0    5s
 178954 63121     cutoff   92      1690.67467 1607.62797  4.91%  11.2   10s
H183406 64743                    1690.6746658 1607.62797  4.91%  11.1   10s
H184697 65145                    1690.6746650 1607.62797  4.91%  11.1   10s
H185469 65975                    1690.6746620 1607.62797  4.91%  11.1   10s
H187255 66253                    1690.6746583 1607.62797  4.91%  11.1   10s
H190084 67204                    1690.6746578 1607.62797  4.91%  11.1   10s
H192799 68308                    1690.6746564 1607.62797  4.91%  11.1   11s
H194678 68878                    1690.6746560 1607.62797  4.91%  11.1   11s
H196690 69792                    1690.6746553 1607.62797  4.91%  11.1   11s
 276023 98772 1659.32075   82   16 1690.67466 1607.62797  4.91%  10.9   15s
H340090 118736                    1690.6746462 1607.62797  4.91%  10.9   17s
H353981 122617                    1690.6746372 1607.62797  4.91%  10.8   18s
H354881 122994                    1690.6746251 1607.62797  4.91%  10.8   18s
 382411 132375 1687.58639  106    6 1690.67463 1607.62797  4.91%  10.7   20s
H419167 144756                    1690.6746247 1607.62797  4.91%  10.6   21s
H421352 145429                    1690.6746206 1607.62797  4.91%  10.6   21s
 492043 169418 1607.62797   83   14 1690.67462 1607.62797  4.91%  10.4   25s
H514622 176631                    1690.6739827 1607.62797  4.91%  10.3   25s
H560559 190892                    1690.6739824 1607.62797  4.91%  10.2   28s
H562011 191377                    1690.6739503 1607.62797  4.91%  10.2   28s
H563277 191879                    1690.6731171 1607.62797  4.91%  10.2   28s
H565119 187587                    1690.6679555 1607.62797  4.91%  10.2   28s
H566368 188059                    1690.6679553 1607.62797  4.91%  10.2   28s
H566782 188059                    1690.6676287 1607.62797  4.91%  10.2   28s
H569455 188849                    1690.6671723 1607.62797  4.91%  10.2   28s
H571541 189536                    1690.6666236 1607.62797  4.91%  10.2   28s
 600435 199781 1627.74429   88   12 1690.66662 1607.62797  4.91%  10.2   30s
H664481 219542                    1690.6664765 1607.62797  4.91%  10.1   32s
H666591 220180                    1690.6650379 1607.62797  4.91%  10.1   32s
H668575 220745                    1690.6643917 1607.62797  4.91%  10.1   33s
H687618 226369                    1690.6628213 1607.62797  4.91%  10.1   34s
 702026 230582 1607.62797   69   11 1690.66282 1607.62797  4.91%  10.1   35s
H784230 253505                    1690.6618269 1607.62797  4.91%  10.2   38s
 808683 262105     cutoff   88      1690.66183 1607.62797  4.91%  10.2   40s
H820795 266041                    1690.6600461 1607.62797  4.91%  10.2   40s
H822011 266524                    1690.6600459 1607.62797  4.91%  10.2   40s
H899534 293981                    1690.6558820 1607.62797  4.91%  10.1   44s
H901841 294802                    1690.6524520 1607.62797  4.91%  10.1   44s
H903922 295780                    1690.6516345 1607.62797  4.91%  10.1   44s
H904102 295780                    1690.6508928 1607.62797  4.91%  10.1   44s
H906117 296339                    1690.6508910 1607.62797  4.91%  10.1   44s
 913361 299049 1607.62797   85   11 1690.65089 1607.62797  4.91%  10.1   45s
 1025271 340650 1659.92541  104   12 1690.65089 1607.62797  4.91%  10.0   50s
H1034157 343366                    1690.6508906 1607.62797  4.91%  10.0   50s
 1122267 371199 1687.58639   95    8 1690.65089 1607.62797  4.91%  10.1   55s
 1225955 399845 1659.25051   77   15 1690.65089 1607.62797  4.91%  10.1   60s
 1330153 431466     cutoff   88      1690.65089 1607.62797  4.91%  10.2   65s
H1401636 448296                    1690.6507930 1607.62797  4.91%  10.2   68s
 1429301 455735 1630.54756   81   11 1690.65079 1607.62797  4.91%  10.2   70s
 1529666 484157 1652.28171   86    8 1690.65079 1607.62797  4.91%  10.3   75s
 1642389 524807 1611.47141   88   12 1690.65079 1607.62797  4.91%  10.2   80s
 1754720 564472 1607.62797   76   13 1690.65079 1607.62797  4.91%  10.2   85s
 1858288 602128 1610.70901   89   12 1690.65079 1607.62797  4.91%  10.2   90s
 1954021 633927 1613.53134   84   12 1690.65079 1607.62797  4.91%  10.2   95s
 2047977 663246 1671.15783   90    8 1690.65079 1607.62797  4.91%  10.3  100s
H2055338 663568                    1690.6507926 1607.62797  4.91%  10.3  100s
H2055739 663567                    1690.6500042 1607.62797  4.91%  10.3  100s
 2142316 689603 1623.23485   83   13 1690.65000 1607.62797  4.91%  10.4  105s
H2233754 716700                    1690.6500040 1607.62797  4.91%  10.4  109s
 2233916 716837 1607.62797   68   13 1690.65000 1607.62797  4.91%  10.4  110s
 2328871 746596     cutoff   80      1690.65000 1607.62797  4.91%  10.4  115s
H2359019 754458                    1690.6500038 1607.62797  4.91%  10.5  116s
 2413305 769832 1619.89995   86   12 1690.65000 1607.62797  4.91%  10.5  120s

Cutting planes:
  Learned: 5
  Gomory: 11
  MIR: 7
  Flow cover: 12

Explored 2414064 nodes (25348940 simplex iterations) in 120.00 seconds (210.38 work units)
Thread count was 10 (of 10 available processors)

Solution count 10: 1690.65 1690.66 1690.67 ... 1690.81

Time limit reached
Best objective 1.690650003867e+03, best bound 1.607627970829e+03, gap 4.9107%

User-callback calls 4866080, time in user-callback 0.45 sec
