
Gurobi 12.0.3 (mac64[arm]) logging started Mon Dec  1 21:41:16 2025

Set parameter LogFile to value "/Users/arnav/projects/Candidate-Selection-via-Stochastic-IP/Transmission_Switching/Heuristic/logs/wait_and_see_scenario2_20251201_214111.log"
Set parameter LogToConsole to value 1
Set parameter OutputFlag to value 1

Gurobi 12.0.3 (mac64[arm]) logging started Mon Dec  1 21:41:16 2025

Set parameter LogFile to value "/Users/arnav/projects/Candidate-Selection-via-Stochastic-IP/Transmission_Switching/Heuristic/logs/wait_and_see_scenario2_20251201_214111.log"
Set parameter OutputFlag to value 1
Gurobi Optimizer version 12.0.3 build v12.0.3rc0 (mac64[arm] - Darwin 24.6.0 24G84)

CPU model: Apple M4
Thread count: 10 physical cores, 10 logical processors, using up to 10 threads

Non-default parameters:
TimeLimit  120

Optimize a model with 1099 rows, 726 columns and 3077 nonzeros
Model fingerprint: 0x78b7aeb6
Variable types: 540 continuous, 186 integer (186 binary)
Coefficient statistics:
  Matrix range     [1e+00, 3e+03]
  Objective range  [2e+01, 5e+03]
  Bounds range     [0e+00, 0e+00]
  RHS range        [5e-02, 3e+03]
Found heuristic solution: objective 238173.99743
Presolve removed 302 rows and 256 columns
Presolve time: 0.00s
Presolved: 797 rows, 470 columns, 2438 nonzeros
Found heuristic solution: objective 229185.66477
Variable types: 297 continuous, 173 integer (173 binary)

Root relaxation: objective 1.450658e+03, 792 iterations, 0.01 seconds (0.02 work units)

    Nodes    |    Current Node    |     Objective Bounds      |     Work
 Expl Unexpl |  Obj  Depth IntInf | Incumbent    BestBd   Gap | It/Node Time

     0     0 1450.65779    0   23 229185.665 1450.65779  99.4%     -    0s
H    0     0                    36955.089265 1450.65779  96.1%     -    0s
     0     0 1450.65779    0   14 36955.0893 1450.65779  96.1%     -    0s
H    0     0                    2323.6134673 1450.65779  37.6%     -    0s
     0     0 1450.65779    0   11 2323.61347 1450.65779  37.6%     -    0s
     0     0 1450.65779    0   11 2323.61347 1450.65779  37.6%     -    0s
     0     0 1450.65779    0    7 2323.61347 1450.65779  37.6%     -    0s
     0     0 1450.65779    0    8 2323.61347 1450.65779  37.6%     -    0s
     0     0 1450.65779    0    8 2323.61347 1450.65779  37.6%     -    0s
     0     0 1450.65779    0    8 2323.61347 1450.65779  37.6%     -    0s
     0     0 1450.65779    0    8 2323.61347 1450.65779  37.6%     -    0s
     0     0 1450.65779    0    8 2323.61347 1450.65779  37.6%     -    0s
H    0     0                    2323.6134660 1450.65779  37.6%     -    0s
     0     2 1450.65779    0    8 2323.61347 1450.65779  37.6%     -    0s
H   26    66                    2323.6134649 1451.86469  37.5%  20.0    0s
H   31    66                    2291.9937813 1451.86469  36.7%  22.4    0s
H   67    66                    2146.9635171 1451.86469  32.4%  19.5    0s
H  158   160                    2079.2615832 1452.24977  30.2%  15.7    0s
H  420   476                    2079.2608502 1452.24977  30.2%  13.9    0s
H  784   780                    1980.9641080 1452.24977  26.7%  15.0    0s
H  795   716                    1921.0632823 1452.24977  24.4%  15.0    0s
H  796   716                    1913.2178984 1452.24977  24.1%  15.1    0s
H  940   824                    1889.7385459 1452.24977  23.2%  14.7    0s
H  988   916                    1889.7361560 1452.24977  23.2%  15.0    0s
H 1279  1109                    1889.7361558 1452.24977  23.2%  15.4    0s
H 1325  1246                    1889.7347482 1452.24977  23.2%  15.5    0s
H 1889  1586                    1874.2870473 1636.24326  12.7%  15.1    0s
H 1889  1483                    1854.2741305 1636.24326  11.8%  15.1    0s
H 1891  1410                    1854.2741298 1636.24326  11.8%  15.1    0s
H 1891  1340                    1854.2741197 1636.24326  11.8%  15.1    0s
H 1897  1276                    1854.2741109 1636.24326  11.8%  15.1    0s
H 1898  1214                    1854.2717575 1636.24326  11.8%  15.8    0s
H 1924  1205                    1854.2717573 1636.24326  11.8%  15.7    0s
H 1948  1139                    1854.2717547 1636.24326  11.8%  15.6    0s
H 2390  1282                    1832.8393162 1636.24326  10.7%  14.6    0s
H 2913  1400                    1832.8393137 1642.82312  10.4%  14.6    0s
H 2973  1330                    1832.8393091 1642.82312  10.4%  14.6    0s
H 3011  1270                    1832.8393082 1642.82312  10.4%  14.5    0s
H 3250  1089                    1822.5991560 1642.82312  9.86%  14.5    0s
H 3362   951                    1821.5544046 1642.82312  9.81%  14.4    0s
H 3403   863                    1807.2643575 1642.82312  9.10%  14.3    0s
H 4536   717                    1797.3717177 1642.82312  8.60%  13.8    0s
H 4595   721                    1797.3717158 1642.82312  8.60%  13.7    0s
H 4649   721                    1797.3716889 1642.82312  8.60%  13.6    0s
H 6303  1919                    1797.3715861 1652.77963  8.04%  14.2    0s
H 6392  1919                    1797.3706191 1652.77963  8.04%  14.2    0s
H 7355  2265                    1792.0736191 1673.84242  6.60%  14.3    0s
H 8375  2996                    1792.0736183 1673.84242  6.60%  14.3    0s
H 8427  2996                    1792.0736141 1673.84242  6.60%  14.3    0s
H 9645  3352                    1791.4207988 1693.79057  5.45%  14.1    1s
*10803  4203             142    1789.6401111 1693.79057  5.36%  13.7    1s
*12171  4594             116    1786.3551785 1693.79057  5.18%  13.2    1s
*12174  4550             116    1785.6733820 1693.79057  5.15%  13.2    1s
*13064  2865              83    1777.0536622 1693.79057  4.69%  12.9    1s
*14642  3389              75    1771.6519348 1693.79057  4.39%  12.7    1s
*15115  3630             143    1769.2087725 1693.79057  4.26%  12.7    1s
*15164  2098             136    1733.3072502 1693.79057  2.28%  12.6    1s
*15175  2001             139    1727.3142227 1693.79057  1.94%  12.6    1s
*15720  1903              79    1722.4237249 1693.79057  1.66%  12.6    1s
*15725  1888              82    1721.4064073 1693.79057  1.60%  12.6    1s
*16064  1886              93    1720.9524476 1693.79057  1.58%  12.6    1s
*16378  1805              82    1714.8509724 1693.79057  1.23%  12.6    1s
H18075  2231                    1714.8509698 1693.79057  1.23%  13.2    1s
H18229  2231                    1714.8509674 1693.79057  1.23%  13.2    1s
*18520  2201             112    1714.5647147 1693.79057  1.21%  13.2    1s
*18527  2201             114    1714.5636352 1693.79057  1.21%  13.2    1s
*18528  2201             114    1714.5628478 1693.79057  1.21%  13.2    1s
*18530  2201             114    1714.5622384 1693.79057  1.21%  13.2    1s
*18713  2308             100    1714.3965821 1693.79057  1.20%  13.3    1s
*19432  2602             108    1714.3504713 1693.79057  1.20%  13.5    1s
*20267  2780             108    1714.1363216 1693.79057  1.19%  13.7    1s
*20271  2780             107    1714.1337496 1693.79057  1.19%  13.7    1s
*20939  3003             107    1713.9694681 1693.79057  1.18%  13.9    1s
*22409  3608             116    1713.9689142 1693.79057  1.18%  14.4    1s
H24360  3125                    1713.9529372 1693.79057  1.18%  14.9    1s
H24728  3125                    1713.9473295 1693.79057  1.18%  15.0    1s
H28026  4493                    1713.9473291 1693.79057  1.18%  15.2    2s
H33955  4931                    1713.9473288 1693.79057  1.18%  15.1    2s
H41220  4822                    1713.9473285 1703.01948  0.64%  15.4    3s
H42013  5853                    1713.9473281 1710.76556  0.19%  15.4    3s
H42273  5853                    1713.9473276 1710.76556  0.19%  15.4    3s

Cutting planes:
  Learned: 2
  Gomory: 5
  MIR: 6
  Flow cover: 17
  Relax-and-lift: 1

Explored 43403 nodes (681316 simplex iterations) in 3.34 seconds (6.39 work units)
Thread count was 10 (of 10 available processors)

Solution count 10: 1713.95 1713.95 1713.95 ... 1714.4

Optimal solution found (tolerance 1.00e-04)
Best objective 1.713947329491e+03, best bound 1.713942885288e+03, gap 0.0003%

User-callback calls 88803, time in user-callback 0.01 sec
