
Gurobi 12.0.3 (mac64[arm]) logging started Mon Dec  1 21:42:27 2025

Set parameter LogFile to value "/Users/arnav/projects/Candidate-Selection-via-Stochastic-IP/Transmission_Switching/Heuristic/logs/wait_and_see_scenario6_20251201_214111.log"
Set parameter LogToConsole to value 1
Set parameter OutputFlag to value 1

Gurobi 12.0.3 (mac64[arm]) logging started Mon Dec  1 21:42:27 2025

Set parameter LogFile to value "/Users/arnav/projects/Candidate-Selection-via-Stochastic-IP/Transmission_Switching/Heuristic/logs/wait_and_see_scenario6_20251201_214111.log"
Set parameter OutputFlag to value 1
Gurobi Optimizer version 12.0.3 build v12.0.3rc0 (mac64[arm] - Darwin 24.6.0 24G84)

CPU model: Apple M4
Thread count: 10 physical cores, 10 logical processors, using up to 10 threads

Non-default parameters:
TimeLimit  120

Optimize a model with 1099 rows, 726 columns and 3077 nonzeros
Model fingerprint: 0x23024d05
Variable types: 540 continuous, 186 integer (186 binary)
Coefficient statistics:
  Matrix range     [1e+00, 3e+03]
  Objective range  [2e+01, 5e+03]
  Bounds range     [0e+00, 0e+00]
  RHS range        [5e-02, 3e+03]
Found heuristic solution: objective 228322.46367
Presolve removed 302 rows and 256 columns
Presolve time: 0.00s
Presolved: 797 rows, 470 columns, 2438 nonzeros
Found heuristic solution: objective 219072.48957
Variable types: 297 continuous, 173 integer (173 binary)

Root relaxation: objective 1.331257e+03, 623 iterations, 0.01 seconds (0.01 work units)

    Nodes    |    Current Node    |     Objective Bounds      |     Work
 Expl Unexpl |  Obj  Depth IntInf | Incumbent    BestBd   Gap | It/Node Time

     0     0 1331.25720    0   24 219072.490 1331.25720  99.4%     -    0s
H    0     0                    15471.929959 1331.25720  91.4%     -    0s
H    0     0                    15471.929955 1331.25720  91.4%     -    0s
     0     0 1331.25720    0   17 15471.9300 1331.25720  91.4%     -    0s
H    0     0                    6837.4650246 1331.25720  80.5%     -    0s
     0     0 1331.25720    0   10 6837.46502 1331.25720  80.5%     -    0s
H    0     0                    2669.2742477 1331.25720  50.1%     -    0s
     0     0 1331.25720    0    9 2669.27425 1331.25720  50.1%     -    0s
     0     0 1331.25720    0    9 2669.27425 1331.25720  50.1%     -    0s
H    0     0                    2262.8477765 1331.25720  41.2%     -    0s
     0     0 1331.25720    0   10 2262.84778 1331.25720  41.2%     -    0s
     0     0 1331.25720    0   10 2262.84778 1331.25720  41.2%     -    0s
     0     0 1331.25720    0   11 2262.84778 1331.25720  41.2%     -    0s
     0     0 1331.25720    0    9 2262.84778 1331.25720  41.2%     -    0s
     0     0 1331.25720    0    9 2262.84778 1331.25720  41.2%     -    0s
     0     0 1331.25720    0    9 2262.84778 1331.25720  41.2%     -    0s
     0     0 1331.25720    0    9 2262.84778 1331.25720  41.2%     -    0s
     0     2 1331.25720    0    9 2262.84778 1331.25720  41.2%     -    0s
H   26    72                    2262.8477762 1331.25720  41.2%  12.9    0s
H   32    72                    1976.2408736 1331.25720  32.6%  12.0    0s
H  342   394                    1949.9317246 1331.25720  31.7%  11.7    0s
H  349   394                    1925.9572793 1331.25720  30.9%  11.6    0s
H  370   394                    1872.2842236 1331.25720  28.9%  12.0    0s
H  495   567                    1872.2842230 1331.25720  28.9%  13.7    0s
H  505   567                    1872.2842216 1331.25720  28.9%  13.7    0s
H  515   567                    1746.3676516 1331.25720  23.8%  13.8    0s
H  622   639                    1721.6146235 1331.25720  22.7%  13.3    0s
H  658   639                    1651.7635518 1331.25720  19.4%  12.9    0s
H 1088   731                    1644.1733218 1331.25720  19.0%  12.6    0s
H 1102   665                    1639.9994033 1331.25720  18.8%  12.6    0s
H 1140   813                    1639.9994025 1331.25720  18.8%  12.9    0s
H 1160   813                    1639.9994003 1331.25720  18.8%  13.0    0s
H 1292   813                    1639.9993998 1331.25720  18.8%  13.4    0s
H 1924  1073                    1619.7496872 1331.25720  17.8%  14.1    0s
H 1926   982                    1619.7496856 1331.25720  17.8%  14.1    0s
H 1931   935                    1619.7496820 1331.25720  17.8%  14.1    0s
H 1935   891                    1619.7496558 1331.25720  17.8%  14.0    0s
H 1989   888                    1619.7482721 1331.25720  17.8%  15.4    0s
H 2327   909                    1619.7479519 1331.25720  17.8%  14.8    0s
H 3083  1088                    1617.8658604 1469.65915  9.16%  14.9    0s
H 4149  1207                    1617.5558187 1469.65915  9.14%  13.6    0s
H 4152  1199                    1614.5073449 1469.65915  8.97%  13.6    0s
H 7590  1967                    1614.5073441 1469.65915  8.97%  11.9    0s
H 7620  1967                    1614.5073436 1469.65915  8.97%  11.9    0s
H 7650  1967                    1614.5073433 1469.65915  8.97%  11.9    0s
H 8113  2005                    1614.5073425 1469.65915  8.97%  11.8    1s
*10204  1232              65    1563.3091737 1508.33359  3.52%  11.4    1s
H11775  1284                    1558.7235366 1509.51636  3.16%  11.7    1s
H11816  1252                    1554.9691080 1509.51636  2.92%  11.7    1s
H12026  1252                    1554.9691073 1509.51636  2.92%  11.7    1s
H12122  1252                    1554.9691051 1509.51636  2.92%  11.7    1s
H12149  1252                    1554.9691043 1509.51636  2.92%  11.7    1s
H19778  1787                    1554.9691033 1509.51636  2.92%  12.8    1s
H19850  1659                    1547.4506419 1509.51636  2.45%  12.8    1s
H20693  1807                    1547.4506413 1509.51636  2.45%  12.8    1s
H21248  1807                    1547.4506408 1509.51636  2.45%  12.9    1s
*22168  1843             117    1547.4471939 1509.51636  2.45%  12.9    1s
*22173  1843             116    1547.3759265 1509.51636  2.45%  12.9    1s
H32219  1145                    1546.7586187 1523.11112  1.53%  12.9    2s
H32307  1144                    1546.7005563 1523.11112  1.53%  12.9    2s
H32829  1029                    1546.7005552 1523.11112  1.53%  13.0    2s
H38628  3266                    1546.6538113 1546.49429  0.01%  14.1    2s
H38641  3261                    1546.5989278 1546.49429  0.01%  14.1    2s

Cutting planes:
  Gomory: 5
  MIR: 3
  Flow cover: 3
  Relax-and-lift: 2

Explored 38667 nodes (549086 simplex iterations) in 2.94 seconds (4.92 work units)
Thread count was 10 (of 10 available processors)

Solution count 10: 1546.6 1546.65 1546.7 ... 1554.97

Optimal solution found (tolerance 1.00e-04)
Best objective 1.546598927762e+03, best bound 1.546494292941e+03, gap 0.0068%

User-callback calls 78817, time in user-callback 0.01 sec
