
Gurobi 12.0.3 (mac64[arm]) logging started Mon Dec  1 21:41:24 2025

Set parameter LogFile to value "/Users/arnav/projects/Candidate-Selection-via-Stochastic-IP/Transmission_Switching/Heuristic/logs/wait_and_see_scenario4_20251201_214111.log"
Set parameter LogToConsole to value 1
Set parameter OutputFlag to value 1

Gurobi 12.0.3 (mac64[arm]) logging started Mon Dec  1 21:41:24 2025

Set parameter LogFile to value "/Users/arnav/projects/Candidate-Selection-via-Stochastic-IP/Transmission_Switching/Heuristic/logs/wait_and_see_scenario4_20251201_214111.log"
Set parameter OutputFlag to value 1
Gurobi Optimizer version 12.0.3 build v12.0.3rc0 (mac64[arm] - Darwin 24.6.0 24G84)

CPU model: Apple M4
Thread count: 10 physical cores, 10 logical processors, using up to 10 threads

Non-default parameters:
TimeLimit  120

Optimize a model with 1099 rows, 726 columns and 3077 nonzeros
Model fingerprint: 0x3bd1aed3
Variable types: 540 continuous, 186 integer (186 binary)
Coefficient statistics:
  Matrix range     [1e+00, 3e+03]
  Objective range  [2e+01, 5e+03]
  Bounds range     [0e+00, 0e+00]
  RHS range        [5e-02, 3e+03]
Found heuristic solution: objective 235382.77071
Presolve removed 302 rows and 256 columns
Presolve time: 0.00s
Presolved: 797 rows, 470 columns, 2438 nonzeros
Found heuristic solution: objective 226442.38476
Variable types: 297 continuous, 173 integer (173 binary)

Root relaxation: objective 1.416828e+03, 616 iterations, 0.00 seconds (0.01 work units)

    Nodes    |    Current Node    |     Objective Bounds      |     Work
 Expl Unexpl |  Obj  Depth IntInf | Incumbent    BestBd   Gap | It/Node Time

     0     0 1416.82812    0   24 226442.385 1416.82812  99.4%     -    0s
H    0     0                    18399.953147 1416.82812  92.3%     -    0s
H    0     0                    18399.953145 1416.82812  92.3%     -    0s
     0     0 1416.82812    0   17 18399.9531 1416.82812  92.3%     -    0s
H    0     0                    4389.9170913 1416.82812  67.7%     -    0s
     0     0 1416.82812    0   13 4389.91709 1416.82812  67.7%     -    0s
H    0     0                    3163.2526403 1416.82812  55.2%     -    0s
     0     0 1416.82812    0   13 3163.25264 1416.82812  55.2%     -    0s
     0     0 1416.82812    0    9 3163.25264 1416.82812  55.2%     -    0s
     0     0 1416.82812    0   20 3163.25264 1416.82812  55.2%     -    0s
     0     0 1416.82812    0   14 3163.25264 1416.82812  55.2%     -    0s
     0     0 1416.82812    0   14 3163.25264 1416.82812  55.2%     -    0s
     0     0 1416.91673    0   15 3163.25264 1416.91673  55.2%     -    0s
H    0     0                    3163.2526386 1416.93901  55.2%     -    0s
H    0     0                    2396.3759293 1416.93901  40.9%     -    0s
     0     0 1416.93901    0   16 2396.37593 1416.93901  40.9%     -    0s
     0     0 1417.15916    0   15 2396.37593 1417.15916  40.9%     -    0s
     0     0 1417.24137    0   15 2396.37593 1417.24137  40.9%     -    0s
     0     0 1417.35320    0   15 2396.37593 1417.35320  40.9%     -    0s
     0     0 1417.35756    0   15 2396.37593 1417.35756  40.9%     -    0s
     0     0 1417.35756    0   13 2396.37593 1417.35756  40.9%     -    0s
H    0     0                    2396.3759285 1417.35756  40.9%     -    0s
     0     2 1417.35756    0   12 2396.37593 1417.35756  40.9%     -    0s
H  356   373                    2396.3759272 1428.95282  40.4%  16.5    0s
H  490   526                    2182.0467030 1449.51127  33.6%  16.0    0s
H  573   526                    2178.0030594 1449.51127  33.4%  15.5    0s
H 1227   920                    2147.6782387 1449.51127  32.5%  17.3    0s
H 1588   676                    1870.4229911 1449.51127  22.5%  17.1    0s
H 2112  1021                    1865.2036936 1555.06616  16.6%  15.3    0s
H 2112   781                    1826.5802382 1555.06616  14.9%  15.3    0s
H 2114   736                    1826.5802368 1555.06616  14.9%  15.3    0s
H 2114   699                    1826.5802364 1555.06616  14.9%  15.3    0s
H 2157   699                    1826.5802320 1555.06616  14.9%  15.8    0s
H 3371  1145                    1804.6530794 1591.35745  11.8%  14.0    0s
H 3600  1256                    1804.6530774 1591.35745  11.8%  13.9    0s
* 4088   756             113    1746.6388558 1591.35745  8.89%  13.8    0s
H 4422   778                    1746.6388545 1591.35745  8.89%  13.6    0s
H 5612  1605                    1746.6388533 1635.67079  6.35%  13.3    0s
H 5889  1933                    1746.6388519 1635.67079  6.35%  13.3    0s
* 5921  1373             142    1732.1473364 1635.67079  5.57%  13.3    0s
* 5924  1360             144    1731.4511776 1635.67079  5.53%  13.3    0s
* 5926  1360             145    1731.1834723 1635.67079  5.52%  13.3    0s
* 5936  1360             143    1731.1810489 1635.67079  5.52%  13.3    0s
* 8485  1542             149    1689.1475433 1635.67079  3.17%  12.4    0s
* 8486  1441             149    1682.7586756 1635.67079  2.80%  12.4    0s
H 8678  1422                    1682.7586752 1635.67079  2.80%  12.3    0s
H 8711  1422                    1682.7586743 1635.67079  2.80%  12.3    0s
H 8758  1422                    1682.7586739 1635.67079  2.80%  12.3    0s
H10115  1813                    1678.7318989 1635.67079  2.57%  12.0    1s
H11130  1860                    1671.5991102 1635.67079  2.15%  12.2    1s
H11142  2150                    1671.5991100 1635.67079  2.15%  12.2    1s
H11169  2150                    1671.5991096 1635.67079  2.15%  12.2    1s
H11210  2150                    1671.5991077 1635.67079  2.15%  12.2    1s
H14490  3781                    1671.5991075 1635.67079  2.15%  14.2    1s
H14523  3781                    1671.5991066 1635.67079  2.15%  14.2    1s
*15363  4398             104    1671.5864590 1635.67079  2.15%  14.9    1s
H17608  5760                    1671.3396954 1635.67079  2.13%  16.1    1s
H17611  5756                    1671.3200571 1635.67079  2.13%  16.1    1s
H18032  6022                    1671.3200558 1635.67079  2.13%  16.3    1s
*18209  6002             137    1671.2942450 1635.67079  2.13%  16.3    1s
*18213  5996             137    1671.2935702 1635.67079  2.13%  16.3    1s
H19864  6947                    1671.2922196 1635.67079  2.13%  17.4    2s
*21566  8135             146    1671.2921813 1635.67079  2.13%  18.7    2s
*21570  8135             146    1671.2921581 1635.67079  2.13%  18.7    2s
*21582  8135             148    1671.2920947 1635.67079  2.13%  18.7    2s
*24259  3487             142    1671.2915927 1635.67079  2.13%  20.3    2s
H38989  2893                    1671.2915925 1635.67079  2.13%  20.4    4s
H39324  2600                    1671.2915922 1635.67079  2.13%  20.4    4s
 45917  1859     cutoff   68      1671.29159 1635.67079  2.13%  20.7    5s

Cutting planes:
  Gomory: 13
  MIR: 2
  Flow cover: 1
  Relax-and-lift: 1

Explored 122697 nodes (2548124 simplex iterations) in 9.76 seconds (18.39 work units)
Thread count was 10 (of 10 available processors)

Solution count 10: 1671.29 1671.29 1671.29 ... 1671.59

Optimal solution found (tolerance 1.00e-04)
Best objective 1.671291592135e+03, best bound 1.671291592135e+03, gap 0.0000%

User-callback calls 249217, time in user-callback 0.02 sec
