
Gurobi 12.0.3 (mac64[arm]) logging started Wed Dec  3 02:16:50 2025

Set parameter LogFile to value "/Users/arnav/projects/Candidate-Selection-via-Stochastic-IP/Facility_Location/Heuristic/logs/model_cost_scenario21_20251203_021649.log"
Set parameter LogToConsole to value 0

Gurobi 12.0.3 (mac64[arm]) logging started Wed Dec  3 02:16:50 2025

Set parameter LogFile to value "/Users/arnav/projects/Candidate-Selection-via-Stochastic-IP/Facility_Location/Heuristic/logs/model_cost_scenario21_20251203_021649.log"
Gurobi Optimizer version 12.0.3 build v12.0.3rc0 (mac64[arm] - Darwin 24.6.0 24G84)

CPU model: Apple M4
Thread count: 10 physical cores, 10 logical processors, using up to 10 threads

Non-default parameters:
TimeLimit  3600
LogToConsole  0

Optimize a model with 104 rows, 1328 columns and 2631 nonzeros
Model fingerprint: 0xf66d6be7
Variable types: 1300 continuous, 28 integer (28 binary)
Coefficient statistics:
  Matrix range     [1e+00, 4e+03]
  Objective range  [3e-01, 8e+03]
  Bounds range     [0e+00, 0e+00]
  RHS range        [1e+00, 4e+03]
Found heuristic solution: objective 312151.42584
Presolve removed 63 rows and 980 columns
Presolve time: 0.00s
Presolved: 41 rows, 348 columns, 677 nonzeros
Variable types: 346 continuous, 2 integer (2 binary)

Root relaxation: objective 1.037733e+05, 10 iterations, 0.00 seconds (0.00 work units)

    Nodes    |    Current Node    |     Objective Bounds      |     Work
 Expl Unexpl |  Obj  Depth IntInf | Incumbent    BestBd   Gap | It/Node Time

     0     0 103773.271    0    2 312151.426 103773.271  66.8%     -    0s
H    0     0                    135491.19196 103773.271  23.4%     -    0s
H    0     0                    103775.52528 103773.271  0.00%     -    0s

Explored 1 nodes (10 simplex iterations) in 0.00 seconds (0.00 work units)
Thread count was 10 (of 10 available processors)

Solution count 2: 103776 135491 

Optimal solution found (tolerance 1.00e-04)
Best objective 1.037755252824e+05, best bound 1.037732709016e+05, gap 0.0022%

User-callback calls 269, time in user-callback 0.00 sec
