
Gurobi 12.0.3 (mac64[arm]) logging started Wed Dec  3 02:46:47 2025

Set parameter LogFile to value "/Users/arnav/projects/Candidate-Selection-via-Stochastic-IP/Facility_Location/Heuristic/logs/model_cost_scenario50_20251203_024645.log"
Set parameter LogToConsole to value 0

Gurobi 12.0.3 (mac64[arm]) logging started Wed Dec  3 02:46:47 2025

Set parameter LogFile to value "/Users/arnav/projects/Candidate-Selection-via-Stochastic-IP/Facility_Location/Heuristic/logs/model_cost_scenario50_20251203_024645.log"
Gurobi Optimizer version 12.0.3 build v12.0.3rc0 (mac64[arm] - Darwin 24.6.0 24G84)

CPU model: Apple M4
Thread count: 10 physical cores, 10 logical processors, using up to 10 threads

Non-default parameters:
TimeLimit  3600
LogToConsole  0

Optimize a model with 104 rows, 1328 columns and 2631 nonzeros
Model fingerprint: 0x0c9ba6bb
Variable types: 1300 continuous, 28 integer (28 binary)
Coefficient statistics:
  Matrix range     [1e+00, 4e+03]
  Objective range  [3e-01, 8e+03]
  Bounds range     [0e+00, 0e+00]
  RHS range        [1e+00, 5e+03]
Found heuristic solution: objective 311616.87191
Presolve removed 70 rows and 1071 columns
Presolve time: 0.00s
Presolved: 34 rows, 257 columns, 502 nonzeros
Variable types: 255 continuous, 2 integer (2 binary)

Root relaxation: objective 9.844718e+04, 26 iterations, 0.00 seconds (0.00 work units)

    Nodes    |    Current Node    |     Objective Bounds      |     Work
 Expl Unexpl |  Obj  Depth IntInf | Incumbent    BestBd   Gap | It/Node Time

*    0     0               0    98447.178706 98447.1787  0.00%     -    0s

Explored 1 nodes (26 simplex iterations) in 0.03 seconds (0.00 work units)
Thread count was 10 (of 10 available processors)

Solution count 1: 98447.2 

Optimal solution found (tolerance 1.00e-04)
Best objective 9.844717870568e+04, best bound 9.844717870568e+04, gap 0.0000%

User-callback calls 265, time in user-callback 0.00 sec
