
Gurobi 12.0.3 (mac64[arm]) logging started Wed Dec  3 02:49:08 2025

Set parameter LogFile to value "/Users/arnav/projects/Candidate-Selection-via-Stochastic-IP/Facility_Location/Heuristic/logs/model_cost_scenario7_20251203_024907.log"
Set parameter LogToConsole to value 0

Gurobi 12.0.3 (mac64[arm]) logging started Wed Dec  3 02:49:08 2025

Set parameter LogFile to value "/Users/arnav/projects/Candidate-Selection-via-Stochastic-IP/Facility_Location/Heuristic/logs/model_cost_scenario7_20251203_024907.log"
Gurobi Optimizer version 12.0.3 build v12.0.3rc0 (mac64[arm] - Darwin 24.6.0 24G84)

CPU model: Apple M4
Thread count: 10 physical cores, 10 logical processors, using up to 10 threads

Non-default parameters:
TimeLimit  3600
LogToConsole  0

Optimize a model with 105 rows, 1329 columns and 2640 nonzeros
Model fingerprint: 0x814cf252
Variable types: 1300 continuous, 29 integer (29 binary)
Coefficient statistics:
  Matrix range     [1e+00, 4e+03]
  Objective range  [3e-01, 8e+03]
  Bounds range     [0e+00, 0e+00]
  RHS range        [1e+00, 6e+03]
Found heuristic solution: objective 570149.50204
Presolve removed 62 rows and 993 columns
Presolve time: 0.00s
Presolved: 43 rows, 336 columns, 657 nonzeros
Variable types: 330 continuous, 6 integer (6 binary)

Root relaxation: objective 1.627881e+05, 27 iterations, 0.00 seconds (0.00 work units)

    Nodes    |    Current Node    |     Objective Bounds      |     Work
 Expl Unexpl |  Obj  Depth IntInf | Incumbent    BestBd   Gap | It/Node Time

     0     0 162788.074    0    5 570149.502 162788.074  71.4%     -    0s
H    0     0                    183284.71709 162788.074  11.2%     -    0s

Cutting planes:
  Gomory: 2
  Implied bound: 15
  MIR: 2
  Flow cover: 2
  Relax-and-lift: 7

Explored 1 nodes (27 simplex iterations) in 0.02 seconds (0.00 work units)
Thread count was 10 (of 10 available processors)

Solution count 2: 183285 570150 

Optimal solution found (tolerance 1.00e-04)
Best objective 1.832847170878e+05, best bound 1.832847170878e+05, gap 0.0000%

User-callback calls 285, time in user-callback 0.00 sec
