
Gurobi 12.0.3 (mac64[arm]) logging started Wed Dec  3 02:17:32 2025

Set parameter LogFile to value "/Users/arnav/projects/Candidate-Selection-via-Stochastic-IP/Facility_Location/Heuristic/logs/model_cost_scenario19_20251203_021731.log"
Set parameter LogToConsole to value 0

Gurobi 12.0.3 (mac64[arm]) logging started Wed Dec  3 02:17:32 2025

Set parameter LogFile to value "/Users/arnav/projects/Candidate-Selection-via-Stochastic-IP/Facility_Location/Heuristic/logs/model_cost_scenario19_20251203_021731.log"
Gurobi Optimizer version 12.0.3 build v12.0.3rc0 (mac64[arm] - Darwin 24.6.0 24G84)

CPU model: Apple M4
Thread count: 10 physical cores, 10 logical processors, using up to 10 threads

Non-default parameters:
TimeLimit  3600
LogToConsole  0

Optimize a model with 105 rows, 1329 columns and 2637 nonzeros
Model fingerprint: 0x882bda80
Variable types: 1300 continuous, 29 integer (29 binary)
Coefficient statistics:
  Matrix range     [1e+00, 4e+03]
  Objective range  [3e-01, 8e+03]
  Bounds range     [0e+00, 0e+00]
  RHS range        [1e+00, 6e+03]
Found heuristic solution: objective 507609.23738
Presolve removed 63 rows and 981 columns
Presolve time: 0.00s
Presolved: 42 rows, 348 columns, 683 nonzeros
Variable types: 342 continuous, 6 integer (6 binary)

Root relaxation: objective 1.235748e+05, 45 iterations, 0.00 seconds (0.00 work units)

    Nodes    |    Current Node    |     Objective Bounds      |     Work
 Expl Unexpl |  Obj  Depth IntInf | Incumbent    BestBd   Gap | It/Node Time

     0     0 123574.816    0    5 507609.237 123574.816  75.7%     -    0s
H    0     0                    150551.89991 123574.816  17.9%     -    0s
H    0     0                    142288.30576 129313.866  9.12%     -    0s
     0     0 142288.306    0    4 142288.306 142288.306  0.00%     -    0s

Cutting planes:
  Implied bound: 18
  MIR: 1
  Flow cover: 1
  Relax-and-lift: 3

Explored 1 nodes (76 simplex iterations) in 0.00 seconds (0.00 work units)
Thread count was 10 (of 10 available processors)

Solution count 3: 142288 150552 507609 

Optimal solution found (tolerance 1.00e-04)
Best objective 1.422883057592e+05, best bound 1.422883057592e+05, gap 0.0000%

User-callback calls 289, time in user-callback 0.00 sec
