
Gurobi 12.0.3 (mac64[arm]) logging started Tue Dec  2 20:02:54 2025

Set parameter LogFile to value "/Users/arnav/projects/Candidate-Selection-via-Stochastic-IP/Facility_Location/Heuristic/logs/model_cost_scenario2_20251202_200253.log"
Set parameter LogToConsole to value 0

Gurobi 12.0.3 (mac64[arm]) logging started Tue Dec  2 20:02:54 2025

Set parameter LogFile to value "/Users/arnav/projects/Candidate-Selection-via-Stochastic-IP/Facility_Location/Heuristic/logs/model_cost_scenario2_20251202_200253.log"
Gurobi Optimizer version 12.0.3 build v12.0.3rc0 (mac64[arm] - Darwin 24.6.0 24G84)

CPU model: Apple M4
Thread count: 10 physical cores, 10 logical processors, using up to 10 threads

Non-default parameters:
TimeLimit  3600
LogToConsole  0

Optimize a model with 103 rows, 1327 columns and 2620 nonzeros
Model fingerprint: 0xcba4cfe1
Variable types: 1300 continuous, 27 integer (27 binary)
Coefficient statistics:
  Matrix range     [1e+00, 4e+03]
  Objective range  [3e-01, 8e+03]
  Bounds range     [0e+00, 0e+00]
  RHS range        [1e+00, 2e+04]
Found heuristic solution: objective 695964.81147
Presolve removed 73 rows and 1103 columns
Presolve time: 0.00s
Presolved: 30 rows, 224 columns, 436 nonzeros
Found heuristic solution: objective 670492.81378
Variable types: 223 continuous, 1 integer (1 binary)

Root relaxation: objective 2.094041e+05, 35 iterations, 0.00 seconds (0.00 work units)

    Nodes    |    Current Node    |     Objective Bounds      |     Work
 Expl Unexpl |  Obj  Depth IntInf | Incumbent    BestBd   Gap | It/Node Time

*    0     0               0    209404.13406 209404.134  0.00%     -    0s

Explored 1 nodes (35 simplex iterations) in 0.00 seconds (0.00 work units)
Thread count was 10 (of 10 available processors)

Solution count 3: 209404 670493 695965 

Optimal solution found (tolerance 1.00e-04)
Best objective 2.094041340636e+05, best bound 2.094041340636e+05, gap 0.0000%

User-callback calls 332, time in user-callback 0.00 sec
