
Gurobi 12.0.3 (mac64[arm]) logging started Wed Dec  3 02:49:08 2025

Set parameter LogFile to value "/Users/arnav/projects/Candidate-Selection-via-Stochastic-IP/Facility_Location/Heuristic/logs/model_cost_scenario18_20251203_024907.log"
Set parameter LogToConsole to value 0

Gurobi 12.0.3 (mac64[arm]) logging started Wed Dec  3 02:49:08 2025

Set parameter LogFile to value "/Users/arnav/projects/Candidate-Selection-via-Stochastic-IP/Facility_Location/Heuristic/logs/model_cost_scenario18_20251203_024907.log"
Gurobi Optimizer version 12.0.3 build v12.0.3rc0 (mac64[arm] - Darwin 24.6.0 24G84)

CPU model: Apple M4
Thread count: 10 physical cores, 10 logical processors, using up to 10 threads

Non-default parameters:
TimeLimit  3600
LogToConsole  0

Optimize a model with 105 rows, 1329 columns and 2640 nonzeros
Model fingerprint: 0xd02d21d6
Variable types: 1300 continuous, 29 integer (29 binary)
Coefficient statistics:
  Matrix range     [1e+00, 4e+03]
  Objective range  [3e-01, 8e+03]
  Bounds range     [0e+00, 0e+00]
  RHS range        [1e+00, 8e+03]
Found heuristic solution: objective 414426.73576
Presolve removed 64 rows and 1020 columns
Presolve time: 0.00s
Presolved: 41 rows, 309 columns, 605 nonzeros
Variable types: 303 continuous, 6 integer (6 binary)

Root relaxation: objective 1.109167e+05, 25 iterations, 0.00 seconds (0.00 work units)

    Nodes    |    Current Node    |     Objective Bounds      |     Work
 Expl Unexpl |  Obj  Depth IntInf | Incumbent    BestBd   Gap | It/Node Time

     0     0 110916.668    0    3 414426.736 110916.668  73.2%     -    0s
H    0     0                    114625.31451 110916.668  3.24%     -    0s

Cutting planes:
  Gomory: 1
  Implied bound: 4
  MIR: 1
  Flow cover: 1
  Relax-and-lift: 3

Explored 1 nodes (25 simplex iterations) in 0.04 seconds (0.00 work units)
Thread count was 10 (of 10 available processors)

Solution count 2: 114625 414427 

Optimal solution found (tolerance 1.00e-04)
Best objective 1.146253145118e+05, best bound 1.146253145118e+05, gap 0.0000%

User-callback calls 285, time in user-callback 0.00 sec
