
Gurobi 12.0.3 (mac64[arm]) logging started Wed Dec  3 02:49:09 2025

Set parameter LogFile to value "/Users/arnav/projects/Candidate-Selection-via-Stochastic-IP/Facility_Location/Heuristic/logs/model_cost_scenario36_20251203_024907.log"
Set parameter LogToConsole to value 0

Gurobi 12.0.3 (mac64[arm]) logging started Wed Dec  3 02:49:09 2025

Set parameter LogFile to value "/Users/arnav/projects/Candidate-Selection-via-Stochastic-IP/Facility_Location/Heuristic/logs/model_cost_scenario36_20251203_024907.log"
Gurobi Optimizer version 12.0.3 build v12.0.3rc0 (mac64[arm] - Darwin 24.6.0 24G84)

CPU model: Apple M4
Thread count: 10 physical cores, 10 logical processors, using up to 10 threads

Non-default parameters:
TimeLimit  3600
LogToConsole  0

Optimize a model with 105 rows, 1329 columns and 2640 nonzeros
Model fingerprint: 0x44a018ae
Variable types: 1300 continuous, 29 integer (29 binary)
Coefficient statistics:
  Matrix range     [1e+00, 4e+03]
  Objective range  [3e-01, 8e+03]
  Bounds range     [0e+00, 0e+00]
  RHS range        [1e+00, 1e+04]
Found heuristic solution: objective 676523.53319
Presolve removed 58 rows and 950 columns
Presolve time: 0.00s
Presolved: 47 rows, 379 columns, 739 nonzeros
Variable types: 373 continuous, 6 integer (6 binary)

Root relaxation: objective 1.773444e+05, 34 iterations, 0.00 seconds (0.00 work units)

    Nodes    |    Current Node    |     Objective Bounds      |     Work
 Expl Unexpl |  Obj  Depth IntInf | Incumbent    BestBd   Gap | It/Node Time

     0     0 177344.362    0    5 676523.533 177344.362  73.8%     -    0s
H    0     0                    187087.93992 177344.362  5.21%     -    0s

Explored 1 nodes (34 simplex iterations) in 0.05 seconds (0.00 work units)
Thread count was 10 (of 10 available processors)

Solution count 2: 187088 676524 

Optimal solution found (tolerance 1.00e-04)
Best objective 1.870879399208e+05, best bound 1.870879399208e+05, gap 0.0000%

User-callback calls 278, time in user-callback 0.00 sec
