
Gurobi 12.0.3 (mac64[arm]) logging started Tue Dec  2 22:53:45 2025

Set parameter LogFile to value "/Users/arnav/projects/Candidate-Selection-via-Stochastic-IP/Facility_Location/Heuristic/logs/model_cost_scenario4_20251202_225344.log"
Set parameter LogToConsole to value 0

Gurobi 12.0.3 (mac64[arm]) logging started Tue Dec  2 22:53:45 2025

Set parameter LogFile to value "/Users/arnav/projects/Candidate-Selection-via-Stochastic-IP/Facility_Location/Heuristic/logs/model_cost_scenario4_20251202_225344.log"
Gurobi Optimizer version 12.0.3 build v12.0.3rc0 (mac64[arm] - Darwin 24.6.0 24G84)

CPU model: Apple M4
Thread count: 10 physical cores, 10 logical processors, using up to 10 threads

Non-default parameters:
TimeLimit  3600
LogToConsole  0

Optimize a model with 103 rows, 1327 columns and 2620 nonzeros
Model fingerprint: 0x6fd470a4
Variable types: 1300 continuous, 27 integer (27 binary)
Coefficient statistics:
  Matrix range     [1e+00, 4e+03]
  Objective range  [3e-01, 8e+03]
  Bounds range     [0e+00, 0e+00]
  RHS range        [1e+00, 2e+04]
Found heuristic solution: objective 707540.55251
Presolve removed 62 rows and 982 columns
Presolve time: 0.00s
Presolved: 41 rows, 345 columns, 667 nonzeros
Variable types: 344 continuous, 1 integer (1 binary)

Root relaxation: objective 2.259195e+05, 35 iterations, 0.00 seconds (0.00 work units)

    Nodes    |    Current Node    |     Objective Bounds      |     Work
 Expl Unexpl |  Obj  Depth IntInf | Incumbent    BestBd   Gap | It/Node Time

     0     0 225919.472    0    1 707540.553 225919.472  68.1%     -    0s
H    0     0                    227271.56816 225919.472  0.59%     -    0s

Explored 1 nodes (35 simplex iterations) in 0.00 seconds (0.00 work units)
Thread count was 10 (of 10 available processors)

Solution count 2: 227272 707541 

Optimal solution found (tolerance 1.00e-04)
Best objective 2.272715681649e+05, best bound 2.272715681649e+05, gap 0.0000%

User-callback calls 259, time in user-callback 0.00 sec
