
Gurobi 12.0.3 (mac64[arm]) logging started Wed Dec  3 02:49:09 2025

Set parameter LogFile to value "/Users/arnav/projects/Candidate-Selection-via-Stochastic-IP/Facility_Location/Heuristic/logs/model_cost_scenario28_20251203_024907.log"
Set parameter LogToConsole to value 0

Gurobi 12.0.3 (mac64[arm]) logging started Wed Dec  3 02:49:09 2025

Set parameter LogFile to value "/Users/arnav/projects/Candidate-Selection-via-Stochastic-IP/Facility_Location/Heuristic/logs/model_cost_scenario28_20251203_024907.log"
Gurobi Optimizer version 12.0.3 build v12.0.3rc0 (mac64[arm] - Darwin 24.6.0 24G84)

CPU model: Apple M4
Thread count: 10 physical cores, 10 logical processors, using up to 10 threads

Non-default parameters:
TimeLimit  3600
LogToConsole  0

Optimize a model with 105 rows, 1329 columns and 2640 nonzeros
Model fingerprint: 0xaec30c18
Variable types: 1300 continuous, 29 integer (29 binary)
Coefficient statistics:
  Matrix range     [1e+00, 4e+03]
  Objective range  [3e-01, 8e+03]
  Bounds range     [0e+00, 0e+00]
  RHS range        [1e+00, 5e+03]
Found heuristic solution: objective 411750.47639
Presolve removed 63 rows and 1007 columns
Presolve time: 0.00s
Presolved: 42 rows, 322 columns, 630 nonzeros
Variable types: 316 continuous, 6 integer (6 binary)

Root relaxation: objective 1.171682e+05, 22 iterations, 0.00 seconds (0.00 work units)

    Nodes    |    Current Node    |     Objective Bounds      |     Work
 Expl Unexpl |  Obj  Depth IntInf | Incumbent    BestBd   Gap | It/Node Time

     0     0 117168.173    0    3 411750.476 117168.173  71.5%     -    0s
H    0     0                    133842.02747 117168.173  12.5%     -    0s
H    0     0                    119330.43918 117168.173  1.81%     -    0s

Cutting planes:
  Flow cover: 1

Explored 1 nodes (22 simplex iterations) in 0.01 seconds (0.00 work units)
Thread count was 10 (of 10 available processors)

Solution count 2: 119330 133842 

Optimal solution found (tolerance 1.00e-04)
Best objective 1.193304391774e+05, best bound 1.193304391774e+05, gap 0.0000%

User-callback calls 282, time in user-callback 0.00 sec
