
Gurobi 12.0.3 (mac64[arm]) logging started Wed Dec  3 02:17:32 2025

Set parameter LogFile to value "/Users/arnav/projects/Candidate-Selection-via-Stochastic-IP/Facility_Location/Heuristic/logs/model_cost_scenario22_20251203_021731.log"
Set parameter LogToConsole to value 0

Gurobi 12.0.3 (mac64[arm]) logging started Wed Dec  3 02:17:32 2025

Set parameter LogFile to value "/Users/arnav/projects/Candidate-Selection-via-Stochastic-IP/Facility_Location/Heuristic/logs/model_cost_scenario22_20251203_021731.log"
Gurobi Optimizer version 12.0.3 build v12.0.3rc0 (mac64[arm] - Darwin 24.6.0 24G84)

CPU model: Apple M4
Thread count: 10 physical cores, 10 logical processors, using up to 10 threads

Non-default parameters:
TimeLimit  3600
LogToConsole  0

Optimize a model with 105 rows, 1329 columns and 2637 nonzeros
Model fingerprint: 0x594cd8e2
Variable types: 1300 continuous, 29 integer (29 binary)
Coefficient statistics:
  Matrix range     [1e+00, 4e+03]
  Objective range  [3e-01, 8e+03]
  Bounds range     [0e+00, 0e+00]
  RHS range        [1e+00, 1e+04]
Found heuristic solution: objective 496886.93794
Presolve removed 63 rows and 987 columns
Presolve time: 0.00s
Presolved: 42 rows, 342 columns, 672 nonzeros
Variable types: 336 continuous, 6 integer (6 binary)

Root relaxation: objective 1.365123e+05, 40 iterations, 0.00 seconds (0.00 work units)

    Nodes    |    Current Node    |     Objective Bounds      |     Work
 Expl Unexpl |  Obj  Depth IntInf | Incumbent    BestBd   Gap | It/Node Time

     0     0 136512.287    0    3 496886.938 136512.287  72.5%     -    0s
H    0     0                    140240.05293 136512.287  2.66%     -    0s

Explored 1 nodes (40 simplex iterations) in 0.00 seconds (0.00 work units)
Thread count was 10 (of 10 available processors)

Solution count 2: 140240 496887 

Optimal solution found (tolerance 1.00e-04)
Best objective 1.402400529311e+05, best bound 1.402400529311e+05, gap 0.0000%

User-callback calls 276, time in user-callback 0.00 sec
