
Gurobi 12.0.3 (mac64[arm]) logging started Wed Dec  3 02:16:50 2025

Set parameter LogFile to value "/Users/arnav/projects/Candidate-Selection-via-Stochastic-IP/Facility_Location/Heuristic/logs/model_cost_scenario22_20251203_021649.log"
Set parameter LogToConsole to value 0

Gurobi 12.0.3 (mac64[arm]) logging started Wed Dec  3 02:16:50 2025

Set parameter LogFile to value "/Users/arnav/projects/Candidate-Selection-via-Stochastic-IP/Facility_Location/Heuristic/logs/model_cost_scenario22_20251203_021649.log"
Gurobi Optimizer version 12.0.3 build v12.0.3rc0 (mac64[arm] - Darwin 24.6.0 24G84)

CPU model: Apple M4
Thread count: 10 physical cores, 10 logical processors, using up to 10 threads

Non-default parameters:
TimeLimit  3600
LogToConsole  0

Optimize a model with 104 rows, 1328 columns and 2631 nonzeros
Model fingerprint: 0xef247a4f
Variable types: 1300 continuous, 28 integer (28 binary)
Coefficient statistics:
  Matrix range     [1e+00, 4e+03]
  Objective range  [3e-01, 8e+03]
  Bounds range     [0e+00, 0e+00]
  RHS range        [1e+00, 1e+04]
Found heuristic solution: objective 496886.93794
Presolve removed 66 rows and 1016 columns
Presolve time: 0.00s
Presolved: 38 rows, 312 columns, 608 nonzeros
Variable types: 310 continuous, 2 integer (2 binary)

Root relaxation: objective 1.396226e+05, 19 iterations, 0.00 seconds (0.00 work units)

    Nodes    |    Current Node    |     Objective Bounds      |     Work
 Expl Unexpl |  Obj  Depth IntInf | Incumbent    BestBd   Gap | It/Node Time

     0     0 139622.604    0    2 496886.938 139622.604  71.9%     -    0s
H    0     0                    140240.05293 139622.604  0.44%     -    0s

Explored 1 nodes (19 simplex iterations) in 0.00 seconds (0.00 work units)
Thread count was 10 (of 10 available processors)

Solution count 2: 140240 496887 

Optimal solution found (tolerance 1.00e-04)
Best objective 1.402400529311e+05, best bound 1.402400529311e+05, gap 0.0000%

User-callback calls 267, time in user-callback 0.00 sec
