
Gurobi 12.0.3 (mac64[arm]) logging started Wed Dec  3 02:45:09 2025

Set parameter LogFile to value "/Users/arnav/projects/Candidate-Selection-via-Stochastic-IP/Facility_Location/Heuristic/logs/model_cost_scenario6_20251203_024508.log"
Set parameter LogToConsole to value 0

Gurobi 12.0.3 (mac64[arm]) logging started Wed Dec  3 02:45:09 2025

Set parameter LogFile to value "/Users/arnav/projects/Candidate-Selection-via-Stochastic-IP/Facility_Location/Heuristic/logs/model_cost_scenario6_20251203_024508.log"
Gurobi Optimizer version 12.0.3 build v12.0.3rc0 (mac64[arm] - Darwin 24.6.0 24G84)

CPU model: Apple M4
Thread count: 10 physical cores, 10 logical processors, using up to 10 threads

Non-default parameters:
TimeLimit  3600
LogToConsole  0

Optimize a model with 103 rows, 1327 columns and 2620 nonzeros
Model fingerprint: 0x51e29796
Variable types: 1300 continuous, 27 integer (27 binary)
Coefficient statistics:
  Matrix range     [1e+00, 4e+03]
  Objective range  [3e-01, 8e+03]
  Bounds range     [0e+00, 0e+00]
  RHS range        [1e+00, 4e+03]
Found heuristic solution: objective 308035.48399
Presolve removed 71 rows and 1100 columns
Presolve time: 0.00s
Presolved: 32 rows, 227 columns, 443 nonzeros
Found heuristic solution: objective 296245.18358
Variable types: 226 continuous, 1 integer (1 binary)

Root relaxation: objective 7.844444e+04, 12 iterations, 0.00 seconds (0.00 work units)

    Nodes    |    Current Node    |     Objective Bounds      |     Work
 Expl Unexpl |  Obj  Depth IntInf | Incumbent    BestBd   Gap | It/Node Time

     0     0 78444.4437    0    1 296245.184 78444.4437  73.5%     -    0s
H    0     0                    103059.67284 78444.4437  23.9%     -    0s
H    0     0                    78617.496718 78444.4437  0.22%     -    0s

Explored 1 nodes (12 simplex iterations) in 0.00 seconds (0.00 work units)
Thread count was 10 (of 10 available processors)

Solution count 3: 78617.5 103060 308035 

Optimal solution found (tolerance 1.00e-04)
Best objective 7.861749671804e+04, best bound 7.861749671804e+04, gap 0.0000%

User-callback calls 336, time in user-callback 0.00 sec
