
Gurobi 12.0.3 (mac64[arm]) logging started Wed Dec  3 02:17:32 2025

Set parameter LogFile to value "/Users/arnav/projects/Candidate-Selection-via-Stochastic-IP/Facility_Location/Heuristic/logs/model_cost_scenario15_20251203_021731.log"
Set parameter LogToConsole to value 0

Gurobi 12.0.3 (mac64[arm]) logging started Wed Dec  3 02:17:32 2025

Set parameter LogFile to value "/Users/arnav/projects/Candidate-Selection-via-Stochastic-IP/Facility_Location/Heuristic/logs/model_cost_scenario15_20251203_021731.log"
Gurobi Optimizer version 12.0.3 build v12.0.3rc0 (mac64[arm] - Darwin 24.6.0 24G84)

CPU model: Apple M4
Thread count: 10 physical cores, 10 logical processors, using up to 10 threads

Non-default parameters:
TimeLimit  3600
LogToConsole  0

Optimize a model with 105 rows, 1329 columns and 2637 nonzeros
Model fingerprint: 0xb99b1fd4
Variable types: 1300 continuous, 29 integer (29 binary)
Coefficient statistics:
  Matrix range     [1e+00, 4e+03]
  Objective range  [3e-01, 8e+03]
  Bounds range     [0e+00, 0e+00]
  RHS range        [1e+00, 3e+03]
Found heuristic solution: objective 275944.39889
Presolve removed 65 rows and 1013 columns
Presolve time: 0.00s
Presolved: 40 rows, 316 columns, 622 nonzeros
Variable types: 310 continuous, 6 integer (6 binary)

Root relaxation: objective 8.872303e+04, 23 iterations, 0.00 seconds (0.00 work units)

    Nodes    |    Current Node    |     Objective Bounds      |     Work
 Expl Unexpl |  Obj  Depth IntInf | Incumbent    BestBd   Gap | It/Node Time

     0     0 88723.0256    0    3 275944.399 88723.0256  67.8%     -    0s
H    0     0                    92570.082501 88723.0256  4.16%     -    0s

Cutting planes:
  Flow cover: 2

Explored 1 nodes (23 simplex iterations) in 0.00 seconds (0.00 work units)
Thread count was 10 (of 10 available processors)

Solution count 2: 92570.1 275944 

Optimal solution found (tolerance 1.00e-04)
Best objective 9.257008250128e+04, best bound 9.257008250128e+04, gap 0.0000%

User-callback calls 279, time in user-callback 0.00 sec
