
Gurobi 12.0.3 (mac64[arm]) logging started Wed Dec  3 02:46:45 2025

Set parameter LogFile to value "/Users/arnav/projects/Candidate-Selection-via-Stochastic-IP/Facility_Location/Heuristic/logs/model_cost_scenario5_20251203_024645.log"
Set parameter LogToConsole to value 0

Gurobi 12.0.3 (mac64[arm]) logging started Wed Dec  3 02:46:45 2025

Set parameter LogFile to value "/Users/arnav/projects/Candidate-Selection-via-Stochastic-IP/Facility_Location/Heuristic/logs/model_cost_scenario5_20251203_024645.log"
Gurobi Optimizer version 12.0.3 build v12.0.3rc0 (mac64[arm] - Darwin 24.6.0 24G84)

CPU model: Apple M4
Thread count: 10 physical cores, 10 logical processors, using up to 10 threads

Non-default parameters:
TimeLimit  3600
LogToConsole  0

Optimize a model with 104 rows, 1328 columns and 2631 nonzeros
Model fingerprint: 0x0b9cd025
Variable types: 1300 continuous, 28 integer (28 binary)
Coefficient statistics:
  Matrix range     [1e+00, 4e+03]
  Objective range  [3e-01, 8e+03]
  Bounds range     [0e+00, 0e+00]
  RHS range        [1e+00, 3e+03]
Found heuristic solution: objective 274675.70035
Presolve removed 68 rows and 1043 columns
Presolve time: 0.00s
Presolved: 36 rows, 285 columns, 556 nonzeros
Variable types: 283 continuous, 2 integer (2 binary)

Root relaxation: objective 8.790311e+04, 12 iterations, 0.00 seconds (0.00 work units)

    Nodes    |    Current Node    |     Objective Bounds      |     Work
 Expl Unexpl |  Obj  Depth IntInf | Incumbent    BestBd   Gap | It/Node Time

     0     0 87903.1053    0    2 274675.700 87903.1053  68.0%     -    0s
H    0     0                    120449.49580 87903.1053  27.0%     -    0s
H    0     0                    89927.950248 87903.1053  2.25%     -    0s
     0     0     cutoff    0      89927.9502 89927.9502  0.00%     -    0s

Cutting planes:
  Gomory: 1

Explored 1 nodes (20 simplex iterations) in 0.01 seconds (0.00 work units)
Thread count was 10 (of 10 available processors)

Solution count 2: 89928 120449 

Optimal solution found (tolerance 1.00e-04)
Best objective 8.992795024847e+04, best bound 8.992795024847e+04, gap 0.0000%

User-callback calls 278, time in user-callback 0.00 sec
