
Gurobi 12.0.3 (mac64[arm]) logging started Wed Dec  3 02:49:09 2025

Set parameter LogFile to value "/Users/arnav/projects/Candidate-Selection-via-Stochastic-IP/Facility_Location/Heuristic/logs/model_cost_scenario34_20251203_024907.log"
Set parameter LogToConsole to value 0

Gurobi 12.0.3 (mac64[arm]) logging started Wed Dec  3 02:49:09 2025

Set parameter LogFile to value "/Users/arnav/projects/Candidate-Selection-via-Stochastic-IP/Facility_Location/Heuristic/logs/model_cost_scenario34_20251203_024907.log"
Gurobi Optimizer version 12.0.3 build v12.0.3rc0 (mac64[arm] - Darwin 24.6.0 24G84)

CPU model: Apple M4
Thread count: 10 physical cores, 10 logical processors, using up to 10 threads

Non-default parameters:
TimeLimit  3600
LogToConsole  0

Optimize a model with 105 rows, 1329 columns and 2640 nonzeros
Model fingerprint: 0x01468c30
Variable types: 1300 continuous, 29 integer (29 binary)
Coefficient statistics:
  Matrix range     [1e+00, 4e+03]
  Objective range  [3e-01, 8e+03]
  Bounds range     [0e+00, 0e+00]
  RHS range        [1e+00, 5e+03]
Found heuristic solution: objective 465204.10636
Presolve removed 60 rows and 973 columns
Presolve time: 0.00s
Presolved: 45 rows, 356 columns, 695 nonzeros
Variable types: 350 continuous, 6 integer (6 binary)

Root relaxation: objective 1.282064e+05, 30 iterations, 0.00 seconds (0.00 work units)

    Nodes    |    Current Node    |     Objective Bounds      |     Work
 Expl Unexpl |  Obj  Depth IntInf | Incumbent    BestBd   Gap | It/Node Time

     0     0 128206.363    0    5 465204.106 128206.363  72.4%     -    0s
H    0     0                    140564.80252 128206.363  8.79%     -    0s
     0     0 140564.803    0    5 140564.803 140564.803  0.00%     -    0s

Cutting planes:
  Gomory: 1
  Implied bound: 5
  MIR: 2
  Flow cover: 2
  Relax-and-lift: 4

Explored 1 nodes (49 simplex iterations) in 0.03 seconds (0.00 work units)
Thread count was 10 (of 10 available processors)

Solution count 2: 140565 465204 

Optimal solution found (tolerance 1.00e-04)
Best objective 1.405648025190e+05, best bound 1.405648025190e+05, gap 0.0000%

User-callback calls 288, time in user-callback 0.00 sec
