
Gurobi 12.0.3 (mac64[arm]) logging started Wed Dec  3 02:46:46 2025

Set parameter LogFile to value "/Users/arnav/projects/Candidate-Selection-via-Stochastic-IP/Facility_Location/Heuristic/logs/model_cost_scenario18_20251203_024645.log"
Set parameter LogToConsole to value 0

Gurobi 12.0.3 (mac64[arm]) logging started Wed Dec  3 02:46:46 2025

Set parameter LogFile to value "/Users/arnav/projects/Candidate-Selection-via-Stochastic-IP/Facility_Location/Heuristic/logs/model_cost_scenario18_20251203_024645.log"
Gurobi Optimizer version 12.0.3 build v12.0.3rc0 (mac64[arm] - Darwin 24.6.0 24G84)

CPU model: Apple M4
Thread count: 10 physical cores, 10 logical processors, using up to 10 threads

Non-default parameters:
TimeLimit  3600
LogToConsole  0

Optimize a model with 104 rows, 1328 columns and 2631 nonzeros
Model fingerprint: 0xcbc2a4e3
Variable types: 1300 continuous, 28 integer (28 binary)
Coefficient statistics:
  Matrix range     [1e+00, 4e+03]
  Objective range  [3e-01, 8e+03]
  Bounds range     [0e+00, 0e+00]
  RHS range        [1e+00, 8e+03]
Found heuristic solution: objective 406926.73576
Presolve removed 67 rows and 1030 columns
Presolve time: 0.00s
Presolved: 37 rows, 298 columns, 581 nonzeros
Variable types: 296 continuous, 2 integer (2 binary)

Root relaxation: objective 1.099018e+05, 19 iterations, 0.00 seconds (0.00 work units)

    Nodes    |    Current Node    |     Objective Bounds      |     Work
 Expl Unexpl |  Obj  Depth IntInf | Incumbent    BestBd   Gap | It/Node Time

     0     0 109901.850    0    2 406926.736 109901.850  73.0%     -    0s
H    0     0                    135851.44900 109901.850  19.1%     -    0s
H    0     0                    114625.31451 109901.850  4.12%     -    0s

Explored 1 nodes (19 simplex iterations) in 0.05 seconds (0.00 work units)
Thread count was 10 (of 10 available processors)

Solution count 3: 114625 135851 406927 

Optimal solution found (tolerance 1.00e-04)
Best objective 1.146253145118e+05, best bound 1.146253145118e+05, gap 0.0000%

User-callback calls 271, time in user-callback 0.00 sec
