
Gurobi 12.0.3 (mac64[arm]) logging started Wed Dec  3 02:45:10 2025

Set parameter LogFile to value "/Users/arnav/projects/Candidate-Selection-via-Stochastic-IP/Facility_Location/Heuristic/logs/model_cost_scenario49_20251203_024508.log"
Set parameter LogToConsole to value 0

Gurobi 12.0.3 (mac64[arm]) logging started Wed Dec  3 02:45:10 2025

Set parameter LogFile to value "/Users/arnav/projects/Candidate-Selection-via-Stochastic-IP/Facility_Location/Heuristic/logs/model_cost_scenario49_20251203_024508.log"
Gurobi Optimizer version 12.0.3 build v12.0.3rc0 (mac64[arm] - Darwin 24.6.0 24G84)

CPU model: Apple M4
Thread count: 10 physical cores, 10 logical processors, using up to 10 threads

Non-default parameters:
TimeLimit  3600
LogToConsole  0

Optimize a model with 103 rows, 1327 columns and 2620 nonzeros
Model fingerprint: 0x0a453806
Variable types: 1300 continuous, 27 integer (27 binary)
Coefficient statistics:
  Matrix range     [1e+00, 4e+03]
  Objective range  [3e-01, 8e+03]
  Bounds range     [0e+00, 0e+00]
  RHS range        [1e+00, 8e+03]
Found heuristic solution: objective 532192.68224
Presolve removed 64 rows and 994 columns
Presolve time: 0.00s
Presolved: 39 rows, 333 columns, 646 nonzeros
Variable types: 332 continuous, 1 integer (1 binary)

Root relaxation: objective 1.379948e+05, 51 iterations, 0.00 seconds (0.00 work units)

    Nodes    |    Current Node    |     Objective Bounds      |     Work
 Expl Unexpl |  Obj  Depth IntInf | Incumbent    BestBd   Gap | It/Node Time

     0     0 137994.841    0    1 532192.682 137994.841  74.1%     -    0s
H    0     0                    154313.65524 137994.841  10.6%     -    0s

Cutting planes:
  Implied bound: 10
  MIR: 1

Explored 1 nodes (51 simplex iterations) in 0.00 seconds (0.00 work units)
Thread count was 10 (of 10 available processors)

Solution count 2: 154314 532193 

Optimal solution found (tolerance 1.00e-04)
Best objective 1.543136552363e+05, best bound 1.543136552363e+05, gap 0.0000%

User-callback calls 263, time in user-callback 0.00 sec
