
Gurobi 12.0.3 (mac64[arm]) logging started Mon Dec  1 23:30:15 2025

Set parameter LogFile to value "/Users/arnav/projects/Candidate-Selection-via-Stochastic-IP/Facility_Location/Heuristic/logs/model_cost_scenario21_20251201_233015.log"
Set parameter LogToConsole to value 0

Gurobi 12.0.3 (mac64[arm]) logging started Mon Dec  1 23:30:15 2025

Set parameter LogFile to value "/Users/arnav/projects/Candidate-Selection-via-Stochastic-IP/Facility_Location/Heuristic/logs/model_cost_scenario21_20251201_233015.log"
Gurobi Optimizer version 12.0.3 build v12.0.3rc0 (mac64[arm] - Darwin 24.6.0 24G84)

CPU model: Apple M4
Thread count: 10 physical cores, 10 logical processors, using up to 10 threads

Non-default parameters:
TimeLimit  3600
LogToConsole  0

Optimize a model with 103 rows, 1327 columns and 2634 nonzeros
Model fingerprint: 0xce7b0dea
Variable types: 1300 continuous, 27 integer (27 binary)
Coefficient statistics:
  Matrix range     [1e+00, 4e+03]
  Objective range  [3e-01, 8e+03]
  Bounds range     [0e+00, 0e+00]
  RHS range        [1e+00, 1e+04]
Presolve removed 35 rows and 466 columns
Presolve time: 0.00s
Presolved: 68 rows, 861 columns, 1676 nonzeros
Variable types: 860 continuous, 1 integer (1 binary)
Found heuristic solution: objective 285800.16668

Root relaxation: objective 2.730286e+05, 32 iterations, 0.00 seconds (0.00 work units)

    Nodes    |    Current Node    |     Objective Bounds      |     Work
 Expl Unexpl |  Obj  Depth IntInf | Incumbent    BestBd   Gap | It/Node Time

     0     0 273028.592    0    1 285800.167 273028.592  4.47%     -    0s

Cutting planes:
  Implied bound: 20
  MIR: 1

Explored 1 nodes (32 simplex iterations) in 0.00 seconds (0.01 work units)
Thread count was 10 (of 10 available processors)

Solution count 1: 285800 

Optimal solution found (tolerance 1.00e-04)
Best objective 2.858001666781e+05, best bound 2.858001666781e+05, gap 0.0000%

User-callback calls 249, time in user-callback 0.00 sec
