
Gurobi 12.0.3 (mac64[arm]) logging started Wed Dec  3 02:49:08 2025

Set parameter LogFile to value "/Users/arnav/projects/Candidate-Selection-via-Stochastic-IP/Facility_Location/Heuristic/logs/model_cost_scenario19_20251203_024907.log"
Set parameter LogToConsole to value 0

Gurobi 12.0.3 (mac64[arm]) logging started Wed Dec  3 02:49:08 2025

Set parameter LogFile to value "/Users/arnav/projects/Candidate-Selection-via-Stochastic-IP/Facility_Location/Heuristic/logs/model_cost_scenario19_20251203_024907.log"
Gurobi Optimizer version 12.0.3 build v12.0.3rc0 (mac64[arm] - Darwin 24.6.0 24G84)

CPU model: Apple M4
Thread count: 10 physical cores, 10 logical processors, using up to 10 threads

Non-default parameters:
TimeLimit  3600
LogToConsole  0

Optimize a model with 105 rows, 1329 columns and 2640 nonzeros
Model fingerprint: 0xe7d3ca8f
Variable types: 1300 continuous, 29 integer (29 binary)
Coefficient statistics:
  Matrix range     [1e+00, 4e+03]
  Objective range  [3e-01, 8e+03]
  Bounds range     [0e+00, 0e+00]
  RHS range        [1e+00, 6e+03]
Found heuristic solution: objective 507609.23738
Presolve removed 62 rows and 994 columns
Presolve time: 0.00s
Presolved: 43 rows, 335 columns, 655 nonzeros
Variable types: 329 continuous, 6 integer (6 binary)

Root relaxation: objective 1.310418e+05, 34 iterations, 0.00 seconds (0.00 work units)

    Nodes    |    Current Node    |     Objective Bounds      |     Work
 Expl Unexpl |  Obj  Depth IntInf | Incumbent    BestBd   Gap | It/Node Time

     0     0 131041.848    0    6 507609.237 131041.848  74.2%     -    0s
H    0     0                    146927.61666 131041.848  10.8%     -    0s

Cutting planes:
  Gomory: 2
  Implied bound: 19
  MIR: 3
  Flow cover: 2
  Relax-and-lift: 4

Explored 1 nodes (34 simplex iterations) in 0.04 seconds (0.00 work units)
Thread count was 10 (of 10 available processors)

Solution count 2: 146928 507609 

Optimal solution found (tolerance 1.00e-04)
Best objective 1.469276166628e+05, best bound 1.469276166628e+05, gap 0.0000%

User-callback calls 286, time in user-callback 0.00 sec
