
Gurobi 12.0.3 (mac64[arm]) logging started Wed Dec  3 02:46:46 2025

Set parameter LogFile to value "/Users/arnav/projects/Candidate-Selection-via-Stochastic-IP/Facility_Location/Heuristic/logs/model_cost_scenario29_20251203_024645.log"
Set parameter LogToConsole to value 0

Gurobi 12.0.3 (mac64[arm]) logging started Wed Dec  3 02:46:46 2025

Set parameter LogFile to value "/Users/arnav/projects/Candidate-Selection-via-Stochastic-IP/Facility_Location/Heuristic/logs/model_cost_scenario29_20251203_024645.log"
Gurobi Optimizer version 12.0.3 build v12.0.3rc0 (mac64[arm] - Darwin 24.6.0 24G84)

CPU model: Apple M4
Thread count: 10 physical cores, 10 logical processors, using up to 10 threads

Non-default parameters:
TimeLimit  3600
LogToConsole  0

Optimize a model with 104 rows, 1328 columns and 2631 nonzeros
Model fingerprint: 0x53820d13
Variable types: 1300 continuous, 28 integer (28 binary)
Coefficient statistics:
  Matrix range     [1e+00, 4e+03]
  Objective range  [3e-01, 8e+03]
  Bounds range     [0e+00, 0e+00]
  RHS range        [1e+00, 1e+04]
Found heuristic solution: objective 597841.50664
Presolve removed 64 rows and 997 columns
Presolve time: 0.00s
Presolved: 40 rows, 331 columns, 645 nonzeros
Variable types: 329 continuous, 2 integer (2 binary)

Root relaxation: objective 1.562886e+05, 46 iterations, 0.00 seconds (0.00 work units)

    Nodes    |    Current Node    |     Objective Bounds      |     Work
 Expl Unexpl |  Obj  Depth IntInf | Incumbent    BestBd   Gap | It/Node Time

     0     0 156288.634    0    2 597841.507 156288.634  73.9%     -    0s
H    0     0                    168880.80073 156288.634  7.46%     -    0s
     0     0 168880.801    0    1 168880.801 168880.801  0.00%     -    0s

Cutting planes:
  Implied bound: 14
  Flow cover: 1
  Relax-and-lift: 2

Explored 1 nodes (84 simplex iterations) in 0.04 seconds (0.00 work units)
Thread count was 10 (of 10 available processors)

Solution count 2: 168881 597842 

Optimal solution found (tolerance 1.00e-04)
Best objective 1.688808007336e+05, best bound 1.688808007336e+05, gap 0.0000%

User-callback calls 279, time in user-callback 0.00 sec
