
Gurobi 12.0.3 (mac64[arm]) logging started Wed Dec  3 02:46:47 2025

Set parameter LogFile to value "/Users/arnav/projects/Candidate-Selection-via-Stochastic-IP/Facility_Location/Heuristic/logs/model_cost_scenario43_20251203_024645.log"
Set parameter LogToConsole to value 0

Gurobi 12.0.3 (mac64[arm]) logging started Wed Dec  3 02:46:47 2025

Set parameter LogFile to value "/Users/arnav/projects/Candidate-Selection-via-Stochastic-IP/Facility_Location/Heuristic/logs/model_cost_scenario43_20251203_024645.log"
Gurobi Optimizer version 12.0.3 build v12.0.3rc0 (mac64[arm] - Darwin 24.6.0 24G84)

CPU model: Apple M4
Thread count: 10 physical cores, 10 logical processors, using up to 10 threads

Non-default parameters:
TimeLimit  3600
LogToConsole  0

Optimize a model with 104 rows, 1328 columns and 2631 nonzeros
Model fingerprint: 0x34f2a7a6
Variable types: 1300 continuous, 28 integer (28 binary)
Coefficient statistics:
  Matrix range     [1e+00, 4e+03]
  Objective range  [3e-01, 8e+03]
  Bounds range     [0e+00, 0e+00]
  RHS range        [1e+00, 6e+03]
Found heuristic solution: objective 480958.11651
Presolve removed 64 rows and 1005 columns
Presolve time: 0.00s
Presolved: 40 rows, 323 columns, 631 nonzeros
Variable types: 321 continuous, 2 integer (2 binary)

Root relaxation: objective 1.635637e+05, 27 iterations, 0.00 seconds (0.00 work units)

    Nodes    |    Current Node    |     Objective Bounds      |     Work
 Expl Unexpl |  Obj  Depth IntInf | Incumbent    BestBd   Gap | It/Node Time

     0     0 163563.714    0    1 480958.117 163563.714  66.0%     -    0s
H    0     0                    182483.02260 163563.714  10.4%     -    0s
H    0     0                    172303.70980 163563.714  5.07%     -    0s

Cutting planes:
  Implied bound: 4
  MIR: 1
  Relax-and-lift: 3

Explored 1 nodes (27 simplex iterations) in 0.04 seconds (0.00 work units)
Thread count was 10 (of 10 available processors)

Solution count 2: 172304 182483 

Optimal solution found (tolerance 1.00e-04)
Best objective 1.723037098049e+05, best bound 1.723037098049e+05, gap 0.0000%

User-callback calls 277, time in user-callback 0.00 sec
