
Gurobi 12.0.3 (mac64[arm]) logging started Wed Dec  3 02:49:08 2025

Set parameter LogFile to value "/Users/arnav/projects/Candidate-Selection-via-Stochastic-IP/Facility_Location/Heuristic/logs/model_cost_scenario9_20251203_024907.log"
Set parameter LogToConsole to value 0

Gurobi 12.0.3 (mac64[arm]) logging started Wed Dec  3 02:49:08 2025

Set parameter LogFile to value "/Users/arnav/projects/Candidate-Selection-via-Stochastic-IP/Facility_Location/Heuristic/logs/model_cost_scenario9_20251203_024907.log"
Gurobi Optimizer version 12.0.3 build v12.0.3rc0 (mac64[arm] - Darwin 24.6.0 24G84)

CPU model: Apple M4
Thread count: 10 physical cores, 10 logical processors, using up to 10 threads

Non-default parameters:
TimeLimit  3600
LogToConsole  0

Optimize a model with 105 rows, 1329 columns and 2640 nonzeros
Model fingerprint: 0x01d6ca7f
Variable types: 1300 continuous, 29 integer (29 binary)
Coefficient statistics:
  Matrix range     [1e+00, 4e+03]
  Objective range  [3e-01, 8e+03]
  Bounds range     [0e+00, 0e+00]
  RHS range        [1e+00, 5e+03]
Found heuristic solution: objective 315265.34358
Presolve removed 67 rows and 1057 columns
Presolve time: 0.00s
Presolved: 38 rows, 272 columns, 534 nonzeros
Variable types: 266 continuous, 6 integer (6 binary)

Root relaxation: objective 8.328133e+04, 15 iterations, 0.00 seconds (0.00 work units)

    Nodes    |    Current Node    |     Objective Bounds      |     Work
 Expl Unexpl |  Obj  Depth IntInf | Incumbent    BestBd   Gap | It/Node Time

     0     0 83281.3319    0    3 315265.344 83281.3319  73.6%     -    0s
H    0     0                    83287.073829 83281.3319  0.01%     -    0s

Explored 1 nodes (15 simplex iterations) in 0.01 seconds (0.00 work units)
Thread count was 10 (of 10 available processors)

Solution count 2: 83287.1 315265 

Optimal solution found (tolerance 1.00e-04)
Best objective 8.328707382919e+04, best bound 8.328133190477e+04, gap 0.0069%

User-callback calls 277, time in user-callback 0.00 sec
