
Gurobi 12.0.3 (mac64[arm]) logging started Wed Dec  3 02:16:50 2025

Set parameter LogFile to value "/Users/arnav/projects/Candidate-Selection-via-Stochastic-IP/Facility_Location/Heuristic/logs/model_cost_scenario18_20251203_021649.log"
Set parameter LogToConsole to value 0

Gurobi 12.0.3 (mac64[arm]) logging started Wed Dec  3 02:16:50 2025

Set parameter LogFile to value "/Users/arnav/projects/Candidate-Selection-via-Stochastic-IP/Facility_Location/Heuristic/logs/model_cost_scenario18_20251203_021649.log"
Gurobi Optimizer version 12.0.3 build v12.0.3rc0 (mac64[arm] - Darwin 24.6.0 24G84)

CPU model: Apple M4
Thread count: 10 physical cores, 10 logical processors, using up to 10 threads

Non-default parameters:
TimeLimit  3600
LogToConsole  0

Optimize a model with 104 rows, 1328 columns and 2631 nonzeros
Model fingerprint: 0x75139389
Variable types: 1300 continuous, 28 integer (28 binary)
Coefficient statistics:
  Matrix range     [1e+00, 4e+03]
  Objective range  [3e-01, 8e+03]
  Bounds range     [0e+00, 0e+00]
  RHS range        [1e+00, 8e+03]
Found heuristic solution: objective 406926.73576
Presolve removed 68 rows and 1038 columns
Presolve time: 0.00s
Presolved: 36 rows, 290 columns, 566 nonzeros
Variable types: 288 continuous, 2 integer (2 binary)

Root relaxation: objective 1.130812e+05, 18 iterations, 0.00 seconds (0.00 work units)

    Nodes    |    Current Node    |     Objective Bounds      |     Work
 Expl Unexpl |  Obj  Depth IntInf | Incumbent    BestBd   Gap | It/Node Time

     0     0 113081.215    0    2 406926.736 113081.215  72.2%     -    0s
H    0     0                    116546.05457 113081.215  2.97%     -    0s
     0     0 116546.055    0    2 116546.055 116546.055  0.00%     -    0s

Cutting planes:
  Gomory: 1
  Implied bound: 17
  MIR: 1
  Relax-and-lift: 2

Explored 1 nodes (43 simplex iterations) in 0.00 seconds (0.00 work units)
Thread count was 10 (of 10 available processors)

Solution count 2: 116546 406927 

Optimal solution found (tolerance 1.00e-04)
Best objective 1.165460545660e+05, best bound 1.165460545660e+05, gap 0.0000%

User-callback calls 277, time in user-callback 0.00 sec
