
Gurobi 12.0.3 (mac64[arm]) logging started Wed Dec  3 02:45:09 2025

Set parameter LogFile to value "/Users/arnav/projects/Candidate-Selection-via-Stochastic-IP/Facility_Location/Heuristic/logs/model_cost_scenario26_20251203_024508.log"
Set parameter LogToConsole to value 0

Gurobi 12.0.3 (mac64[arm]) logging started Wed Dec  3 02:45:09 2025

Set parameter LogFile to value "/Users/arnav/projects/Candidate-Selection-via-Stochastic-IP/Facility_Location/Heuristic/logs/model_cost_scenario26_20251203_024508.log"
Gurobi Optimizer version 12.0.3 build v12.0.3rc0 (mac64[arm] - Darwin 24.6.0 24G84)

CPU model: Apple M4
Thread count: 10 physical cores, 10 logical processors, using up to 10 threads

Non-default parameters:
TimeLimit  3600
LogToConsole  0

Optimize a model with 103 rows, 1327 columns and 2620 nonzeros
Model fingerprint: 0x63fb43f2
Variable types: 1300 continuous, 27 integer (27 binary)
Coefficient statistics:
  Matrix range     [1e+00, 4e+03]
  Objective range  [3e-01, 8e+03]
  Bounds range     [0e+00, 0e+00]
  RHS range        [1e+00, 9e+03]
Found heuristic solution: objective 774330.10864
Presolve removed 65 rows and 1014 columns
Presolve time: 0.00s
Presolved: 38 rows, 313 columns, 608 nonzeros
Variable types: 312 continuous, 1 integer (1 binary)

Root relaxation: objective 2.421075e+05, 54 iterations, 0.00 seconds (0.00 work units)

    Nodes    |    Current Node    |     Objective Bounds      |     Work
 Expl Unexpl |  Obj  Depth IntInf | Incumbent    BestBd   Gap | It/Node Time

*    0     0               0    242107.45163 242107.452  0.00%     -    0s

Explored 1 nodes (54 simplex iterations) in 0.01 seconds (0.00 work units)
Thread count was 10 (of 10 available processors)

Solution count 2: 242107 774330 

Optimal solution found (tolerance 1.00e-04)
Best objective 2.421074516323e+05, best bound 2.421074516323e+05, gap 0.0000%

User-callback calls 258, time in user-callback 0.00 sec
