
Gurobi 12.0.3 (mac64[arm]) logging started Wed Dec  3 02:49:09 2025

Set parameter LogFile to value "/Users/arnav/projects/Candidate-Selection-via-Stochastic-IP/Facility_Location/Heuristic/logs/model_cost_scenario43_20251203_024907.log"
Set parameter LogToConsole to value 0

Gurobi 12.0.3 (mac64[arm]) logging started Wed Dec  3 02:49:09 2025

Set parameter LogFile to value "/Users/arnav/projects/Candidate-Selection-via-Stochastic-IP/Facility_Location/Heuristic/logs/model_cost_scenario43_20251203_024907.log"
Gurobi Optimizer version 12.0.3 build v12.0.3rc0 (mac64[arm] - Darwin 24.6.0 24G84)

CPU model: Apple M4
Thread count: 10 physical cores, 10 logical processors, using up to 10 threads

Non-default parameters:
TimeLimit  3600
LogToConsole  0

Optimize a model with 105 rows, 1329 columns and 2640 nonzeros
Model fingerprint: 0x384843b3
Variable types: 1300 continuous, 29 integer (29 binary)
Coefficient statistics:
  Matrix range     [1e+00, 4e+03]
  Objective range  [3e-01, 8e+03]
  Bounds range     [0e+00, 0e+00]
  RHS range        [1e+00, 6e+03]
Found heuristic solution: objective 480958.11651
Presolve removed 61 rows and 989 columns
Presolve time: 0.00s
Presolved: 44 rows, 340 columns, 664 nonzeros
Variable types: 334 continuous, 6 integer (6 binary)

Root relaxation: objective 1.449133e+05, 45 iterations, 0.00 seconds (0.00 work units)

    Nodes    |    Current Node    |     Objective Bounds      |     Work
 Expl Unexpl |  Obj  Depth IntInf | Incumbent    BestBd   Gap | It/Node Time

     0     0 144913.270    0    5 480958.117 144913.270  69.9%     -    0s
H    0     0                    174999.97365 144913.270  17.2%     -    0s
H    0     0                    171543.59788 144913.270  15.5%     -    0s
H    0     0                    149669.98781 144913.270  3.18%     -    0s

Cutting planes:
  Gomory: 2
  Implied bound: 9
  Flow cover: 3

Explored 1 nodes (45 simplex iterations) in 0.04 seconds (0.00 work units)
Thread count was 10 (of 10 available processors)

Solution count 3: 149670 171544 175000 

Optimal solution found (tolerance 1.00e-04)
Best objective 1.496699878110e+05, best bound 1.496699878110e+05, gap 0.0000%

User-callback calls 286, time in user-callback 0.00 sec
