
Gurobi 12.0.3 (mac64[arm]) logging started Wed Dec  3 02:49:08 2025

Set parameter LogFile to value "/Users/arnav/projects/Candidate-Selection-via-Stochastic-IP/Facility_Location/Heuristic/logs/model_cost_scenario22_20251203_024907.log"
Set parameter LogToConsole to value 0

Gurobi 12.0.3 (mac64[arm]) logging started Wed Dec  3 02:49:08 2025

Set parameter LogFile to value "/Users/arnav/projects/Candidate-Selection-via-Stochastic-IP/Facility_Location/Heuristic/logs/model_cost_scenario22_20251203_024907.log"
Gurobi Optimizer version 12.0.3 build v12.0.3rc0 (mac64[arm] - Darwin 24.6.0 24G84)

CPU model: Apple M4
Thread count: 10 physical cores, 10 logical processors, using up to 10 threads

Non-default parameters:
TimeLimit  3600
LogToConsole  0

Optimize a model with 105 rows, 1329 columns and 2640 nonzeros
Model fingerprint: 0x56e7e8f0
Variable types: 1300 continuous, 29 integer (29 binary)
Coefficient statistics:
  Matrix range     [1e+00, 4e+03]
  Objective range  [3e-01, 8e+03]
  Bounds range     [0e+00, 0e+00]
  RHS range        [1e+00, 1e+04]
Found heuristic solution: objective 496886.93794
Presolve removed 62 rows and 997 columns
Presolve time: 0.00s
Presolved: 43 rows, 332 columns, 649 nonzeros
Variable types: 326 continuous, 6 integer (6 binary)

Root relaxation: objective 1.358637e+05, 27 iterations, 0.00 seconds (0.00 work units)

    Nodes    |    Current Node    |     Objective Bounds      |     Work
 Expl Unexpl |  Obj  Depth IntInf | Incumbent    BestBd   Gap | It/Node Time

     0     0 135863.659    0    5 496886.938 135863.659  72.7%     -    0s
H    0     0                    157655.75404 135863.659  13.8%     -    0s
H    0     0                    138992.62096 135863.659  2.25%     -    0s

Explored 1 nodes (27 simplex iterations) in 0.04 seconds (0.00 work units)
Thread count was 10 (of 10 available processors)

Solution count 3: 138993 157656 496887 

Optimal solution found (tolerance 1.00e-04)
Best objective 1.389926209591e+05, best bound 1.389926209591e+05, gap 0.0000%

User-callback calls 280, time in user-callback 0.00 sec
