
Gurobi 12.0.3 (mac64[arm]) logging started Wed Dec  3 02:46:46 2025

Set parameter LogFile to value "/Users/arnav/projects/Candidate-Selection-via-Stochastic-IP/Facility_Location/Heuristic/logs/model_cost_scenario15_20251203_024645.log"
Set parameter LogToConsole to value 0

Gurobi 12.0.3 (mac64[arm]) logging started Wed Dec  3 02:46:46 2025

Set parameter LogFile to value "/Users/arnav/projects/Candidate-Selection-via-Stochastic-IP/Facility_Location/Heuristic/logs/model_cost_scenario15_20251203_024645.log"
Gurobi Optimizer version 12.0.3 build v12.0.3rc0 (mac64[arm] - Darwin 24.6.0 24G84)

CPU model: Apple M4
Thread count: 10 physical cores, 10 logical processors, using up to 10 threads

Non-default parameters:
TimeLimit  3600
LogToConsole  0

Optimize a model with 104 rows, 1328 columns and 2631 nonzeros
Model fingerprint: 0x94bf601e
Variable types: 1300 continuous, 28 integer (28 binary)
Coefficient statistics:
  Matrix range     [1e+00, 4e+03]
  Objective range  [3e-01, 8e+03]
  Bounds range     [0e+00, 0e+00]
  RHS range        [1e+00, 3e+03]
Found heuristic solution: objective 275944.39889
Presolve removed 67 rows and 1029 columns
Presolve time: 0.00s
Presolved: 37 rows, 299 columns, 584 nonzeros
Variable types: 297 continuous, 2 integer (2 binary)

Root relaxation: objective 9.674947e+04, 14 iterations, 0.00 seconds (0.00 work units)

    Nodes    |    Current Node    |     Objective Bounds      |     Work
 Expl Unexpl |  Obj  Depth IntInf | Incumbent    BestBd   Gap | It/Node Time

     0     0 96749.4717    0    2 275944.399 96749.4717  64.9%     -    0s
H    0     0                    127663.46525 96749.4717  24.2%     -    0s
H    0     0                    98068.450875 96749.4717  1.34%     -    0s

Explored 1 nodes (14 simplex iterations) in 0.01 seconds (0.00 work units)
Thread count was 10 (of 10 available processors)

Solution count 2: 98068.5 127663 

Optimal solution found (tolerance 1.00e-04)
Best objective 9.806845087500e+04, best bound 9.806845087500e+04, gap 0.0000%

User-callback calls 270, time in user-callback 0.00 sec
