
Gurobi 12.0.3 (mac64[arm]) logging started Wed Dec  3 02:49:08 2025

Set parameter LogFile to value "/Users/arnav/projects/Candidate-Selection-via-Stochastic-IP/Facility_Location/Heuristic/logs/model_cost_scenario27_20251203_024907.log"
Set parameter LogToConsole to value 0

Gurobi 12.0.3 (mac64[arm]) logging started Wed Dec  3 02:49:08 2025

Set parameter LogFile to value "/Users/arnav/projects/Candidate-Selection-via-Stochastic-IP/Facility_Location/Heuristic/logs/model_cost_scenario27_20251203_024907.log"
Gurobi Optimizer version 12.0.3 build v12.0.3rc0 (mac64[arm] - Darwin 24.6.0 24G84)

CPU model: Apple M4
Thread count: 10 physical cores, 10 logical processors, using up to 10 threads

Non-default parameters:
TimeLimit  3600
LogToConsole  0

Optimize a model with 105 rows, 1329 columns and 2640 nonzeros
Model fingerprint: 0x1afc1bf2
Variable types: 1300 continuous, 29 integer (29 binary)
Coefficient statistics:
  Matrix range     [1e+00, 4e+03]
  Objective range  [3e-01, 8e+03]
  Bounds range     [0e+00, 0e+00]
  RHS range        [1e+00, 1e+04]
Found heuristic solution: objective 642493.82479
Presolve removed 59 rows and 960 columns
Presolve time: 0.00s
Presolved: 46 rows, 369 columns, 720 nonzeros
Variable types: 363 continuous, 6 integer (6 binary)

Root relaxation: objective 1.770099e+05, 27 iterations, 0.00 seconds (0.00 work units)

    Nodes    |    Current Node    |     Objective Bounds      |     Work
 Expl Unexpl |  Obj  Depth IntInf | Incumbent    BestBd   Gap | It/Node Time

     0     0 177009.947    0    5 642493.825 177009.947  72.4%     -    0s
H    0     0                    191100.08716 177009.947  7.37%     -    0s

Cutting planes:
  Gomory: 2
  Implied bound: 20
  MIR: 2
  Flow cover: 1

Explored 1 nodes (27 simplex iterations) in 0.01 seconds (0.00 work units)
Thread count was 10 (of 10 available processors)

Solution count 2: 191100 642494 

Optimal solution found (tolerance 1.00e-04)
Best objective 1.911000871615e+05, best bound 1.911000871615e+05, gap 0.0000%

User-callback calls 284, time in user-callback 0.00 sec
