
Gurobi 12.0.3 (mac64[arm]) logging started Wed Dec  3 02:46:47 2025

Set parameter LogFile to value "/Users/arnav/projects/Candidate-Selection-via-Stochastic-IP/Facility_Location/Heuristic/logs/model_cost_scenario49_20251203_024645.log"
Set parameter LogToConsole to value 0

Gurobi 12.0.3 (mac64[arm]) logging started Wed Dec  3 02:46:47 2025

Set parameter LogFile to value "/Users/arnav/projects/Candidate-Selection-via-Stochastic-IP/Facility_Location/Heuristic/logs/model_cost_scenario49_20251203_024645.log"
Gurobi Optimizer version 12.0.3 build v12.0.3rc0 (mac64[arm] - Darwin 24.6.0 24G84)

CPU model: Apple M4
Thread count: 10 physical cores, 10 logical processors, using up to 10 threads

Non-default parameters:
TimeLimit  3600
LogToConsole  0

Optimize a model with 104 rows, 1328 columns and 2631 nonzeros
Model fingerprint: 0xe3f9616a
Variable types: 1300 continuous, 28 integer (28 binary)
Coefficient statistics:
  Matrix range     [1e+00, 4e+03]
  Objective range  [3e-01, 8e+03]
  Bounds range     [0e+00, 0e+00]
  RHS range        [1e+00, 8e+03]
Found heuristic solution: objective 532192.68224
Presolve removed 64 rows and 989 columns
Presolve time: 0.00s
Presolved: 40 rows, 339 columns, 660 nonzeros
Variable types: 337 continuous, 2 integer (2 binary)

Root relaxation: objective 1.454168e+05, 45 iterations, 0.00 seconds (0.00 work units)

    Nodes    |    Current Node    |     Objective Bounds      |     Work
 Expl Unexpl |  Obj  Depth IntInf | Incumbent    BestBd   Gap | It/Node Time

     0     0 145416.765    0    1 532192.682 145416.765  72.7%     -    0s
H    0     0                    171932.55026 145416.765  15.4%     -    0s
H    0     0                    162530.97934 145416.765  10.5%     -    0s
     0     0 162530.979    0    1 162530.979 162530.979  0.00%     -    0s

Cutting planes:
  Gomory: 1
  Implied bound: 7
  MIR: 1
  Relax-and-lift: 4

Explored 1 nodes (69 simplex iterations) in 0.04 seconds (0.00 work units)
Thread count was 10 (of 10 available processors)

Solution count 2: 162531 532193 

Optimal solution found (tolerance 1.00e-04)
Best objective 1.625309793392e+05, best bound 1.625309793392e+05, gap 0.0000%

User-callback calls 281, time in user-callback 0.00 sec
