
Gurobi 12.0.3 (mac64[arm]) logging started Wed Dec  3 02:16:50 2025

Set parameter LogFile to value "/Users/arnav/projects/Candidate-Selection-via-Stochastic-IP/Facility_Location/Heuristic/logs/model_cost_scenario14_20251203_021649.log"
Set parameter LogToConsole to value 0

Gurobi 12.0.3 (mac64[arm]) logging started Wed Dec  3 02:16:50 2025

Set parameter LogFile to value "/Users/arnav/projects/Candidate-Selection-via-Stochastic-IP/Facility_Location/Heuristic/logs/model_cost_scenario14_20251203_021649.log"
Gurobi Optimizer version 12.0.3 build v12.0.3rc0 (mac64[arm] - Darwin 24.6.0 24G84)

CPU model: Apple M4
Thread count: 10 physical cores, 10 logical processors, using up to 10 threads

Non-default parameters:
TimeLimit  3600
LogToConsole  0

Optimize a model with 104 rows, 1328 columns and 2631 nonzeros
Model fingerprint: 0x403df5a3
Variable types: 1300 continuous, 28 integer (28 binary)
Coefficient statistics:
  Matrix range     [1e+00, 4e+03]
  Objective range  [3e-01, 8e+03]
  Bounds range     [0e+00, 0e+00]
  RHS range        [1e+00, 1e+04]
Found heuristic solution: objective 577680.57782
Presolve removed 61 rows and 959 columns
Presolve time: 0.00s
Presolved: 43 rows, 369 columns, 718 nonzeros
Variable types: 367 continuous, 2 integer (2 binary)

Root relaxation: objective 1.682450e+05, 41 iterations, 0.00 seconds (0.00 work units)

    Nodes    |    Current Node    |     Objective Bounds      |     Work
 Expl Unexpl |  Obj  Depth IntInf | Incumbent    BestBd   Gap | It/Node Time

     0     0 168245.034    0    2 577680.578 168245.034  70.9%     -    0s
H    0     0                    181849.06620 168245.034  7.48%     -    0s
H    0     0                    178866.93674 168245.034  5.94%     -    0s
     0     0 178866.937    0    2 178866.937 178866.937  0.00%     -    0s

Cutting planes:
  Implied bound: 15
  MIR: 2
  Relax-and-lift: 2

Explored 1 nodes (64 simplex iterations) in 0.00 seconds (0.00 work units)
Thread count was 10 (of 10 available processors)

Solution count 3: 178867 181849 577681 

Optimal solution found (tolerance 1.00e-04)
Best objective 1.788669367382e+05, best bound 1.788669367382e+05, gap 0.0000%

User-callback calls 279, time in user-callback 0.00 sec
