
Gurobi 12.0.3 (mac64[arm]) logging started Wed Dec  3 02:49:09 2025

Set parameter LogFile to value "/Users/arnav/projects/Candidate-Selection-via-Stochastic-IP/Facility_Location/Heuristic/logs/model_cost_scenario37_20251203_024907.log"
Set parameter LogToConsole to value 0

Gurobi 12.0.3 (mac64[arm]) logging started Wed Dec  3 02:49:09 2025

Set parameter LogFile to value "/Users/arnav/projects/Candidate-Selection-via-Stochastic-IP/Facility_Location/Heuristic/logs/model_cost_scenario37_20251203_024907.log"
Gurobi Optimizer version 12.0.3 build v12.0.3rc0 (mac64[arm] - Darwin 24.6.0 24G84)

CPU model: Apple M4
Thread count: 10 physical cores, 10 logical processors, using up to 10 threads

Non-default parameters:
TimeLimit  3600
LogToConsole  0

Optimize a model with 105 rows, 1329 columns and 2640 nonzeros
Model fingerprint: 0xdbb1fb47
Variable types: 1300 continuous, 29 integer (29 binary)
Coefficient statistics:
  Matrix range     [1e+00, 4e+03]
  Objective range  [3e-01, 8e+03]
  Bounds range     [0e+00, 0e+00]
  RHS range        [1e+00, 1e+04]
Found heuristic solution: objective 466063.52267
Presolve removed 67 rows and 1056 columns
Presolve time: 0.00s
Presolved: 38 rows, 273 columns, 536 nonzeros
Variable types: 267 continuous, 6 integer (6 binary)

Root relaxation: objective 1.198480e+05, 21 iterations, 0.00 seconds (0.00 work units)

    Nodes    |    Current Node    |     Objective Bounds      |     Work
 Expl Unexpl |  Obj  Depth IntInf | Incumbent    BestBd   Gap | It/Node Time

     0     0 119847.991    0    4 466063.523 119847.991  74.3%     -    0s
H    0     0                    140455.36031 119847.991  14.7%     -    0s
H    0     0                    121074.72512 119847.991  1.01%     -    0s

Explored 1 nodes (21 simplex iterations) in 0.03 seconds (0.00 work units)
Thread count was 10 (of 10 available processors)

Solution count 3: 121075 140455 466064 

Optimal solution found (tolerance 1.00e-04)
Best objective 1.210747251169e+05, best bound 1.210747251169e+05, gap 0.0000%

User-callback calls 279, time in user-callback 0.00 sec
