
Gurobi 12.0.3 (mac64[arm]) logging started Wed Dec  3 02:46:45 2025

Set parameter LogFile to value "/Users/arnav/projects/Candidate-Selection-via-Stochastic-IP/Facility_Location/Heuristic/logs/model_cost_scenario3_20251203_024645.log"
Set parameter LogToConsole to value 0

Gurobi 12.0.3 (mac64[arm]) logging started Wed Dec  3 02:46:45 2025

Set parameter LogFile to value "/Users/arnav/projects/Candidate-Selection-via-Stochastic-IP/Facility_Location/Heuristic/logs/model_cost_scenario3_20251203_024645.log"
Gurobi Optimizer version 12.0.3 build v12.0.3rc0 (mac64[arm] - Darwin 24.6.0 24G84)

CPU model: Apple M4
Thread count: 10 physical cores, 10 logical processors, using up to 10 threads

Non-default parameters:
TimeLimit  3600
LogToConsole  0

Optimize a model with 104 rows, 1328 columns and 2631 nonzeros
Model fingerprint: 0x86697c9b
Variable types: 1300 continuous, 28 integer (28 binary)
Coefficient statistics:
  Matrix range     [1e+00, 4e+03]
  Objective range  [3e-01, 8e+03]
  Bounds range     [0e+00, 0e+00]
  RHS range        [1e+00, 4e+03]
Found heuristic solution: objective 339219.30877
Presolve removed 64 rows and 1002 columns
Presolve time: 0.00s
Presolved: 40 rows, 326 columns, 636 nonzeros
Variable types: 324 continuous, 2 integer (2 binary)

Root relaxation: objective 1.134740e+05, 12 iterations, 0.00 seconds (0.00 work units)

    Nodes    |    Current Node    |     Objective Bounds      |     Work
 Expl Unexpl |  Obj  Depth IntInf | Incumbent    BestBd   Gap | It/Node Time

     0     0 113474.014    0    2 339219.309 113474.014  66.5%     -    0s
H    0     0                    147829.27024 113474.014  23.2%     -    0s
H    0     0                    116010.91795 113474.014  2.19%     -    0s

Cutting planes:
  Implied bound: 5
  MIR: 1

Explored 1 nodes (12 simplex iterations) in 0.01 seconds (0.00 work units)
Thread count was 10 (of 10 available processors)

Solution count 2: 116011 147829 

Optimal solution found (tolerance 1.00e-04)
Best objective 1.160109179456e+05, best bound 1.160109179456e+05, gap 0.0000%

User-callback calls 275, time in user-callback 0.00 sec
