
Gurobi 12.0.3 (mac64[arm]) logging started Wed Dec  3 02:46:46 2025

Set parameter LogFile to value "/Users/arnav/projects/Candidate-Selection-via-Stochastic-IP/Facility_Location/Heuristic/logs/model_cost_scenario13_20251203_024645.log"
Set parameter LogToConsole to value 0

Gurobi 12.0.3 (mac64[arm]) logging started Wed Dec  3 02:46:46 2025

Set parameter LogFile to value "/Users/arnav/projects/Candidate-Selection-via-Stochastic-IP/Facility_Location/Heuristic/logs/model_cost_scenario13_20251203_024645.log"
Gurobi Optimizer version 12.0.3 build v12.0.3rc0 (mac64[arm] - Darwin 24.6.0 24G84)

CPU model: Apple M4
Thread count: 10 physical cores, 10 logical processors, using up to 10 threads

Non-default parameters:
TimeLimit  3600
LogToConsole  0

Optimize a model with 104 rows, 1328 columns and 2631 nonzeros
Model fingerprint: 0x897b22e1
Variable types: 1300 continuous, 28 integer (28 binary)
Coefficient statistics:
  Matrix range     [1e+00, 4e+03]
  Objective range  [3e-01, 8e+03]
  Bounds range     [0e+00, 0e+00]
  RHS range        [1e+00, 2e+04]
Found heuristic solution: objective 634010.05797
Presolve removed 70 rows and 1063 columns
Presolve time: 0.00s
Presolved: 34 rows, 265 columns, 518 nonzeros
Variable types: 263 continuous, 2 integer (2 binary)

Root relaxation: objective 1.676200e+05, 27 iterations, 0.00 seconds (0.00 work units)

    Nodes    |    Current Node    |     Objective Bounds      |     Work
 Expl Unexpl |  Obj  Depth IntInf | Incumbent    BestBd   Gap | It/Node Time

     0     0 167619.991    0    1 634010.058 167619.991  73.6%     -    0s
H    0     0                    171786.37299 167619.991  2.43%     -    0s

Cutting planes:
  Implied bound: 12
  MIR: 1
  Flow cover: 1
  Relax-and-lift: 2

Explored 1 nodes (27 simplex iterations) in 0.01 seconds (0.00 work units)
Thread count was 10 (of 10 available processors)

Solution count 2: 171786 634010 

Optimal solution found (tolerance 1.00e-04)
Best objective 1.717863729873e+05, best bound 1.717863729873e+05, gap 0.0000%

User-callback calls 275, time in user-callback 0.00 sec
