
Gurobi 12.0.3 (mac64[arm]) logging started Wed Dec  3 02:16:50 2025

Set parameter LogFile to value "/Users/arnav/projects/Candidate-Selection-via-Stochastic-IP/Facility_Location/Heuristic/logs/model_cost_scenario6_20251203_021649.log"
Set parameter LogToConsole to value 0

Gurobi 12.0.3 (mac64[arm]) logging started Wed Dec  3 02:16:50 2025

Set parameter LogFile to value "/Users/arnav/projects/Candidate-Selection-via-Stochastic-IP/Facility_Location/Heuristic/logs/model_cost_scenario6_20251203_021649.log"
Gurobi Optimizer version 12.0.3 build v12.0.3rc0 (mac64[arm] - Darwin 24.6.0 24G84)

CPU model: Apple M4
Thread count: 10 physical cores, 10 logical processors, using up to 10 threads

Non-default parameters:
TimeLimit  3600
LogToConsole  0

Optimize a model with 104 rows, 1328 columns and 2631 nonzeros
Model fingerprint: 0x676e1482
Variable types: 1300 continuous, 28 integer (28 binary)
Coefficient statistics:
  Matrix range     [1e+00, 4e+03]
  Objective range  [3e-01, 8e+03]
  Bounds range     [0e+00, 0e+00]
  RHS range        [1e+00, 4e+03]
Found heuristic solution: objective 308035.48399
Presolve removed 72 rows and 1105 columns
Presolve time: 0.00s
Presolved: 32 rows, 223 columns, 438 nonzeros
Found heuristic solution: objective 296378.68107
Variable types: 221 continuous, 2 integer (2 binary)

Root relaxation: objective 7.819781e+04, 7 iterations, 0.00 seconds (0.00 work units)

    Nodes    |    Current Node    |     Objective Bounds      |     Work
 Expl Unexpl |  Obj  Depth IntInf | Incumbent    BestBd   Gap | It/Node Time

     0     0 78197.8080    0    2 296378.681 78197.8080  73.6%     -    0s
H    0     0                    110352.22443 78197.8080  29.1%     -    0s
H    0     0                    78617.496718 78197.8080  0.53%     -    0s
     0     0     cutoff    0      78617.4967 78617.4967  0.00%     -    0s

Explored 1 nodes (10 simplex iterations) in 0.00 seconds (0.00 work units)
Thread count was 10 (of 10 available processors)

Solution count 3: 78617.5 110352 308035 

Optimal solution found (tolerance 1.00e-04)
Best objective 7.861749671804e+04, best bound 7.861749671804e+04, gap 0.0000%

User-callback calls 352, time in user-callback 0.00 sec
