
Gurobi 12.0.3 (mac64[arm]) logging started Wed Dec  3 02:14:25 2025

Set parameter LogFile to value "/Users/arnav/projects/Candidate-Selection-via-Stochastic-IP/Facility_Location/Heuristic/logs/model_cost_scenario9_20251203_021425.log"
Set parameter LogToConsole to value 0

Gurobi 12.0.3 (mac64[arm]) logging started Wed Dec  3 02:14:25 2025

Set parameter LogFile to value "/Users/arnav/projects/Candidate-Selection-via-Stochastic-IP/Facility_Location/Heuristic/logs/model_cost_scenario9_20251203_021425.log"
Gurobi Optimizer version 12.0.3 build v12.0.3rc0 (mac64[arm] - Darwin 24.6.0 24G84)

CPU model: Apple M4
Thread count: 10 physical cores, 10 logical processors, using up to 10 threads

Non-default parameters:
TimeLimit  3600
LogToConsole  0

Optimize a model with 103 rows, 1327 columns and 2620 nonzeros
Model fingerprint: 0x8c6d5f38
Variable types: 1300 continuous, 27 integer (27 binary)
Coefficient statistics:
  Matrix range     [1e+00, 4e+03]
  Objective range  [3e-01, 8e+03]
  Bounds range     [0e+00, 0e+00]
  RHS range        [1e+00, 5e+03]
Found heuristic solution: objective 307765.34358
Presolve removed 73 rows and 1106 columns
Presolve time: 0.00s
Presolved: 30 rows, 221 columns, 430 nonzeros
Found heuristic solution: objective 278192.70406
Variable types: 220 continuous, 1 integer (1 binary)

Root relaxation: objective 8.691231e+04, 12 iterations, 0.00 seconds (0.00 work units)

    Nodes    |    Current Node    |     Objective Bounds      |     Work
 Expl Unexpl |  Obj  Depth IntInf | Incumbent    BestBd   Gap | It/Node Time

     0     0 86912.3126    0    1 278192.704 86912.3126  68.8%     -    0s
H    0     0                    87126.945967 86912.3126  0.25%     -    0s

Cutting planes:
  Gomory: 1
  MIR: 1
  Flow cover: 1

Explored 1 nodes (12 simplex iterations) in 0.00 seconds (0.00 work units)
Thread count was 10 (of 10 available processors)

Solution count 2: 87126.9 307765 

Optimal solution found (tolerance 1.00e-04)
Best objective 8.712694596748e+04, best bound 8.712694596748e+04, gap 0.0000%

User-callback calls 339, time in user-callback 0.00 sec
