
Gurobi 12.0.3 (mac64[arm]) logging started Wed Dec  3 02:17:32 2025

Set parameter LogFile to value "/Users/arnav/projects/Candidate-Selection-via-Stochastic-IP/Facility_Location/Heuristic/logs/model_cost_scenario14_20251203_021731.log"
Set parameter LogToConsole to value 0

Gurobi 12.0.3 (mac64[arm]) logging started Wed Dec  3 02:17:32 2025

Set parameter LogFile to value "/Users/arnav/projects/Candidate-Selection-via-Stochastic-IP/Facility_Location/Heuristic/logs/model_cost_scenario14_20251203_021731.log"
Gurobi Optimizer version 12.0.3 build v12.0.3rc0 (mac64[arm] - Darwin 24.6.0 24G84)

CPU model: Apple M4
Thread count: 10 physical cores, 10 logical processors, using up to 10 threads

Non-default parameters:
TimeLimit  3600
LogToConsole  0

Optimize a model with 105 rows, 1329 columns and 2637 nonzeros
Model fingerprint: 0xdd800753
Variable types: 1300 continuous, 29 integer (29 binary)
Coefficient statistics:
  Matrix range     [1e+00, 4e+03]
  Objective range  [3e-01, 8e+03]
  Bounds range     [0e+00, 0e+00]
  RHS range        [1e+00, 1e+04]
Found heuristic solution: objective 562680.57782
Presolve removed 58 rows and 924 columns
Presolve time: 0.00s
Presolved: 47 rows, 405 columns, 793 nonzeros
Variable types: 399 continuous, 6 integer (6 binary)

Root relaxation: objective 1.654830e+05, 54 iterations, 0.00 seconds (0.00 work units)

    Nodes    |    Current Node    |     Objective Bounds      |     Work
 Expl Unexpl |  Obj  Depth IntInf | Incumbent    BestBd   Gap | It/Node Time

     0     0 165482.988    0    5 562680.578 165482.988  70.6%     -    0s
H    0     0                    181849.06620 165482.988  9.00%     -    0s
H    0     0                    178866.93674 165482.988  7.48%     -    0s

Cutting planes:
  Gomory: 1
  Implied bound: 19
  MIR: 2
  Flow cover: 1
  Relax-and-lift: 3

Explored 1 nodes (54 simplex iterations) in 0.00 seconds (0.00 work units)
Thread count was 10 (of 10 available processors)

Solution count 3: 178867 181849 562681 

Optimal solution found (tolerance 1.00e-04)
Best objective 1.788669367382e+05, best bound 1.788669367382e+05, gap 0.0000%

User-callback calls 286, time in user-callback 0.00 sec
