
Gurobi 12.0.3 (mac64[arm]) logging started Wed Dec  3 02:46:46 2025

Set parameter LogFile to value "/Users/arnav/projects/Candidate-Selection-via-Stochastic-IP/Facility_Location/Heuristic/logs/model_cost_scenario20_20251203_024645.log"
Set parameter LogToConsole to value 0

Gurobi 12.0.3 (mac64[arm]) logging started Wed Dec  3 02:46:46 2025

Set parameter LogFile to value "/Users/arnav/projects/Candidate-Selection-via-Stochastic-IP/Facility_Location/Heuristic/logs/model_cost_scenario20_20251203_024645.log"
Gurobi Optimizer version 12.0.3 build v12.0.3rc0 (mac64[arm] - Darwin 24.6.0 24G84)

CPU model: Apple M4
Thread count: 10 physical cores, 10 logical processors, using up to 10 threads

Non-default parameters:
TimeLimit  3600
LogToConsole  0

Optimize a model with 104 rows, 1328 columns and 2631 nonzeros
Model fingerprint: 0x27564d30
Variable types: 1300 continuous, 28 integer (28 binary)
Coefficient statistics:
  Matrix range     [1e+00, 4e+03]
  Objective range  [3e-01, 8e+03]
  Bounds range     [0e+00, 0e+00]
  RHS range        [1e+00, 5e+03]
Found heuristic solution: objective 445739.76659
Presolve removed 66 rows and 1023 columns
Presolve time: 0.00s
Presolved: 38 rows, 305 columns, 595 nonzeros
Variable types: 303 continuous, 2 integer (2 binary)

Root relaxation: objective 1.181083e+05, 26 iterations, 0.00 seconds (0.00 work units)

    Nodes    |    Current Node    |     Objective Bounds      |     Work
 Expl Unexpl |  Obj  Depth IntInf | Incumbent    BestBd   Gap | It/Node Time

     0     0 118108.284    0    1 445739.767 118108.284  73.5%     -    0s
H    0     0                    155032.25993 118108.284  23.8%     -    0s
H    0     0                    119027.42072 118108.284  0.77%     -    0s

Explored 1 nodes (26 simplex iterations) in 0.03 seconds (0.00 work units)
Thread count was 10 (of 10 available processors)

Solution count 2: 119027 155032 

Optimal solution found (tolerance 1.00e-04)
Best objective 1.190274207228e+05, best bound 1.190274207228e+05, gap 0.0000%

User-callback calls 270, time in user-callback 0.00 sec
