
Gurobi 12.0.3 (mac64[arm]) logging started Wed Dec  3 02:45:09 2025

Set parameter LogFile to value "/Users/arnav/projects/Candidate-Selection-via-Stochastic-IP/Facility_Location/Heuristic/logs/model_cost_scenario37_20251203_024508.log"
Set parameter LogToConsole to value 0

Gurobi 12.0.3 (mac64[arm]) logging started Wed Dec  3 02:45:09 2025

Set parameter LogFile to value "/Users/arnav/projects/Candidate-Selection-via-Stochastic-IP/Facility_Location/Heuristic/logs/model_cost_scenario37_20251203_024508.log"
Gurobi Optimizer version 12.0.3 build v12.0.3rc0 (mac64[arm] - Darwin 24.6.0 24G84)

CPU model: Apple M4
Thread count: 10 physical cores, 10 logical processors, using up to 10 threads

Non-default parameters:
TimeLimit  3600
LogToConsole  0

Optimize a model with 103 rows, 1327 columns and 2620 nonzeros
Model fingerprint: 0x17f03f76
Variable types: 1300 continuous, 27 integer (27 binary)
Coefficient statistics:
  Matrix range     [1e+00, 4e+03]
  Objective range  [3e-01, 8e+03]
  Bounds range     [0e+00, 0e+00]
  RHS range        [1e+00, 1e+04]
Found heuristic solution: objective 458563.52267
Presolve removed 71 rows and 1089 columns
Presolve time: 0.00s
Presolved: 32 rows, 238 columns, 463 nonzeros
Found heuristic solution: objective 435860.57060
Variable types: 237 continuous, 1 integer (1 binary)

Root relaxation: objective 1.272335e+05, 16 iterations, 0.00 seconds (0.00 work units)

    Nodes    |    Current Node    |     Objective Bounds      |     Work
 Expl Unexpl |  Obj  Depth IntInf | Incumbent    BestBd   Gap | It/Node Time

     0     0 127233.550    0    1 435860.571 127233.550  70.8%     -    0s
H    0     0                    134877.47231 127233.550  5.67%     -    0s

Cutting planes:
  Implied bound: 7

Explored 1 nodes (16 simplex iterations) in 0.00 seconds (0.00 work units)
Thread count was 10 (of 10 available processors)

Solution count 3: 134877 435861 458564 

Optimal solution found (tolerance 1.00e-04)
Best objective 1.348774723089e+05, best bound 1.348774723089e+05, gap 0.0000%

User-callback calls 337, time in user-callback 0.00 sec
