
Gurobi 12.0.3 (mac64[arm]) logging started Wed Dec  3 02:46:46 2025

Set parameter LogFile to value "/Users/arnav/projects/Candidate-Selection-via-Stochastic-IP/Facility_Location/Heuristic/logs/model_cost_scenario28_20251203_024645.log"
Set parameter LogToConsole to value 0

Gurobi 12.0.3 (mac64[arm]) logging started Wed Dec  3 02:46:46 2025

Set parameter LogFile to value "/Users/arnav/projects/Candidate-Selection-via-Stochastic-IP/Facility_Location/Heuristic/logs/model_cost_scenario28_20251203_024645.log"
Gurobi Optimizer version 12.0.3 build v12.0.3rc0 (mac64[arm] - Darwin 24.6.0 24G84)

CPU model: Apple M4
Thread count: 10 physical cores, 10 logical processors, using up to 10 threads

Non-default parameters:
TimeLimit  3600
LogToConsole  0

Optimize a model with 104 rows, 1328 columns and 2631 nonzeros
Model fingerprint: 0xda510075
Variable types: 1300 continuous, 28 integer (28 binary)
Coefficient statistics:
  Matrix range     [1e+00, 4e+03]
  Objective range  [3e-01, 8e+03]
  Bounds range     [0e+00, 0e+00]
  RHS range        [1e+00, 5e+03]
Found heuristic solution: objective 411750.47639
Presolve removed 66 rows and 1022 columns
Presolve time: 0.00s
Presolved: 38 rows, 306 columns, 598 nonzeros
Variable types: 304 continuous, 2 integer (2 binary)

Root relaxation: objective 1.299639e+05, 15 iterations, 0.00 seconds (0.00 work units)

    Nodes    |    Current Node    |     Objective Bounds      |     Work
 Expl Unexpl |  Obj  Depth IntInf | Incumbent    BestBd   Gap | It/Node Time

     0     0 129963.901    0    2 411750.476 129963.901  68.4%     -    0s
H    0     0                    153134.77504 129963.901  15.1%     -    0s
H    0     0                    130205.51977 129963.901  0.19%     -    0s

Explored 1 nodes (15 simplex iterations) in 0.03 seconds (0.00 work units)
Thread count was 10 (of 10 available processors)

Solution count 2: 130206 153135 

Optimal solution found (tolerance 1.00e-04)
Best objective 1.302055197675e+05, best bound 1.302055197675e+05, gap 0.0000%

User-callback calls 270, time in user-callback 0.00 sec
