
Gurobi 12.0.3 (mac64[arm]) logging started Wed Dec  3 02:49:08 2025

Set parameter LogFile to value "/Users/arnav/projects/Candidate-Selection-via-Stochastic-IP/Facility_Location/Heuristic/logs/model_cost_scenario20_20251203_024907.log"
Set parameter LogToConsole to value 0

Gurobi 12.0.3 (mac64[arm]) logging started Wed Dec  3 02:49:08 2025

Set parameter LogFile to value "/Users/arnav/projects/Candidate-Selection-via-Stochastic-IP/Facility_Location/Heuristic/logs/model_cost_scenario20_20251203_024907.log"
Gurobi Optimizer version 12.0.3 build v12.0.3rc0 (mac64[arm] - Darwin 24.6.0 24G84)

CPU model: Apple M4
Thread count: 10 physical cores, 10 logical processors, using up to 10 threads

Non-default parameters:
TimeLimit  3600
LogToConsole  0

Optimize a model with 105 rows, 1329 columns and 2640 nonzeros
Model fingerprint: 0x54440fd6
Variable types: 1300 continuous, 29 integer (29 binary)
Coefficient statistics:
  Matrix range     [1e+00, 4e+03]
  Objective range  [3e-01, 8e+03]
  Bounds range     [0e+00, 0e+00]
  RHS range        [1e+00, 5e+03]
Found heuristic solution: objective 445739.76659
Presolve removed 63 rows and 1012 columns
Presolve time: 0.00s
Presolved: 42 rows, 317 columns, 620 nonzeros
Variable types: 311 continuous, 6 integer (6 binary)

Root relaxation: objective 1.198832e+05, 29 iterations, 0.00 seconds (0.00 work units)

    Nodes    |    Current Node    |     Objective Bounds      |     Work
 Expl Unexpl |  Obj  Depth IntInf | Incumbent    BestBd   Gap | It/Node Time

     0     0 119883.219    0    3 445739.767 119883.219  73.1%     -    0s
H    0     0                    120251.84624 119883.219  0.31%     -    0s

Explored 1 nodes (29 simplex iterations) in 0.03 seconds (0.00 work units)
Thread count was 10 (of 10 available processors)

Solution count 2: 120252 445740 

Optimal solution found (tolerance 1.00e-04)
Best objective 1.202518462418e+05, best bound 1.202518462418e+05, gap 0.0000%

User-callback calls 277, time in user-callback 0.00 sec
