
Gurobi 12.0.3 (mac64[arm]) logging started Wed Dec  3 02:49:08 2025

Set parameter LogFile to value "/Users/arnav/projects/Candidate-Selection-via-Stochastic-IP/Facility_Location/Heuristic/logs/model_cost_scenario12_20251203_024907.log"
Set parameter LogToConsole to value 0

Gurobi 12.0.3 (mac64[arm]) logging started Wed Dec  3 02:49:08 2025

Set parameter LogFile to value "/Users/arnav/projects/Candidate-Selection-via-Stochastic-IP/Facility_Location/Heuristic/logs/model_cost_scenario12_20251203_024907.log"
Gurobi Optimizer version 12.0.3 build v12.0.3rc0 (mac64[arm] - Darwin 24.6.0 24G84)

CPU model: Apple M4
Thread count: 10 physical cores, 10 logical processors, using up to 10 threads

Non-default parameters:
TimeLimit  3600
LogToConsole  0

Optimize a model with 105 rows, 1329 columns and 2640 nonzeros
Model fingerprint: 0x3e2d14e5
Variable types: 1300 continuous, 29 integer (29 binary)
Coefficient statistics:
  Matrix range     [1e+00, 4e+03]
  Objective range  [3e-01, 8e+03]
  Bounds range     [0e+00, 0e+00]
  RHS range        [1e+00, 1e+04]
Found heuristic solution: objective 527203.28168
Presolve removed 67 rows and 1060 columns
Presolve time: 0.00s
Presolved: 38 rows, 269 columns, 528 nonzeros
Variable types: 263 continuous, 6 integer (6 binary)

Root relaxation: objective 1.460002e+05, 30 iterations, 0.00 seconds (0.00 work units)

    Nodes    |    Current Node    |     Objective Bounds      |     Work
 Expl Unexpl |  Obj  Depth IntInf | Incumbent    BestBd   Gap | It/Node Time

     0     0 146000.195    0    5 527203.282 146000.195  72.3%     -    0s
H    0     0                    151611.85743 146000.195  3.70%     -    0s

Cutting planes:
  Gomory: 3
  Implied bound: 5
  Flow cover: 1
  Relax-and-lift: 3

Explored 1 nodes (30 simplex iterations) in 0.02 seconds (0.00 work units)
Thread count was 10 (of 10 available processors)

Solution count 2: 151612 527203 

Optimal solution found (tolerance 1.00e-04)
Best objective 1.516118574305e+05, best bound 1.516118574305e+05, gap 0.0000%

User-callback calls 284, time in user-callback 0.00 sec
