
Gurobi 12.0.3 (mac64[arm]) logging started Wed Dec  3 02:40:39 2025

Set parameter LogFile to value "/Users/arnav/projects/Candidate-Selection-via-Stochastic-IP/Facility_Location/Heuristic/logs/reformulated_extensive_form_20251203_023957.log"
Set parameter LogToConsole to value 0

Gurobi 12.0.3 (mac64[arm]) logging started Wed Dec  3 02:40:40 2025

Set parameter LogFile to value "/Users/arnav/projects/Candidate-Selection-via-Stochastic-IP/Facility_Location/Heuristic/logs/reformulated_extensive_form_20251203_023957.log"
Gurobi Optimizer version 12.0.3 build v12.0.3rc0 (mac64[arm] - Darwin 24.6.0 24G84)

CPU model: Apple M4
Thread count: 10 physical cores, 10 logical processors, using up to 10 threads

Non-default parameters:
TimeLimit  3600
LogToConsole  0

Optimize a model with 5051 rows, 5100 columns and 15100 nonzeros
Model fingerprint: 0xdff5807c
Variable types: 0 continuous, 5100 integer (5100 binary)
Coefficient statistics:
  Matrix range     [1e+00, 1e+00]
  Objective range  [1e+03, 1e+04]
  Bounds range     [0e+00, 0e+00]
  RHS range        [1e+00, 2e+00]
Presolve time: 0.04s
Presolved: 5051 rows, 5100 columns, 15100 nonzeros
Variable types: 0 continuous, 5100 integer (5100 binary)
Found heuristic solution: objective 161441.94991

Root relaxation: objective 1.485006e+05, 1479 iterations, 0.05 seconds (0.05 work units)

    Nodes    |    Current Node    |     Objective Bounds      |     Work
 Expl Unexpl |  Obj  Depth IntInf | Incumbent    BestBd   Gap | It/Node Time

*    0     0               0    148500.64452 148500.645  0.00%     -    0s

Explored 1 nodes (1479 simplex iterations) in 0.12 seconds (0.10 work units)
Thread count was 10 (of 10 available processors)

Solution count 2: 148501 161442 

Optimal solution found (tolerance 1.00e-04)
Best objective 1.485006445236e+05, best bound 1.485006445236e+05, gap 0.0000%

User-callback calls 182, time in user-callback 0.00 sec
