
Gurobi 12.0.3 (mac64[arm]) logging started Tue Dec  2 22:52:02 2025

Set parameter LogFile to value "/Users/arnav/projects/Candidate-Selection-via-Stochastic-IP/Facility_Location/Heuristic/logs/reformulated_extensive_form_20251202_225158.log"
Set parameter LogToConsole to value 0

Gurobi 12.0.3 (mac64[arm]) logging started Tue Dec  2 22:52:02 2025

Set parameter LogFile to value "/Users/arnav/projects/Candidate-Selection-via-Stochastic-IP/Facility_Location/Heuristic/logs/reformulated_extensive_form_20251202_225158.log"
Gurobi Optimizer version 12.0.3 build v12.0.3rc0 (mac64[arm] - Darwin 24.6.0 24G84)

CPU model: Apple M4
Thread count: 10 physical cores, 10 logical processors, using up to 10 threads

Non-default parameters:
TimeLimit  3600
LogToConsole  0

Optimize a model with 307 rows, 350 columns and 950 nonzeros
Model fingerprint: 0xb6cf2b09
Variable types: 0 continuous, 350 integer (350 binary)
Coefficient statistics:
  Matrix range     [1e+00, 1e+00]
  Objective range  [1e+04, 8e+04]
  Bounds range     [0e+00, 0e+00]
  RHS range        [1e+00, 2e+00]
Presolve time: 0.00s
Presolved: 307 rows, 350 columns, 950 nonzeros
Variable types: 0 continuous, 350 integer (350 binary)
Found heuristic solution: objective 129572.93103

Root relaxation: cutoff, 98 iterations, 0.00 seconds (0.00 work units)

    Nodes    |    Current Node    |     Objective Bounds      |     Work
 Expl Unexpl |  Obj  Depth IntInf | Incumbent    BestBd   Gap | It/Node Time

     0     0     cutoff    0      129572.931 129572.931  0.00%     -    0s

Explored 1 nodes (98 simplex iterations) in 0.00 seconds (0.00 work units)
Thread count was 10 (of 10 available processors)

Solution count 1: 129573 

Optimal solution found (tolerance 1.00e-04)
Best objective 1.295729310318e+05, best bound 1.295729310318e+05, gap 0.0000%

User-callback calls 144, time in user-callback 0.00 sec
