
Gurobi 12.0.3 (mac64[arm]) logging started Mon Dec  1 23:17:14 2025

Set parameter LogFile to value "/Users/arnav/projects/Candidate-Selection-via-Stochastic-IP/Facility_Location/Heuristic/logs/reformulated_extensive_form_20251201_231713.log"
Set parameter LogToConsole to value 0

Gurobi 12.0.3 (mac64[arm]) logging started Mon Dec  1 23:17:14 2025

Set parameter LogFile to value "/Users/arnav/projects/Candidate-Selection-via-Stochastic-IP/Facility_Location/Heuristic/logs/reformulated_extensive_form_20251201_231713.log"
Gurobi Optimizer version 12.0.3 build v12.0.3rc0 (mac64[arm] - Darwin 24.6.0 24G84)

CPU model: Apple M4
Thread count: 10 physical cores, 10 logical processors, using up to 10 threads

Non-default parameters:
TimeLimit  3600
LogToConsole  0

Optimize a model with 551 rows, 510 columns and 1510 nonzeros
Model fingerprint: 0xefd28231
Variable types: 0 continuous, 510 integer (510 binary)
Coefficient statistics:
  Matrix range     [1e+00, 1e+00]
  Objective range  [4e+03, 1e+04]
  Bounds range     [0e+00, 0e+00]
  RHS range        [1e+00, 2e+00]
Presolve time: 0.00s
Presolved: 551 rows, 510 columns, 1510 nonzeros
Variable types: 0 continuous, 510 integer (510 binary)
Found heuristic solution: objective 268898.70446

Root relaxation: objective 2.627930e+05, 293 iterations, 0.00 seconds (0.00 work units)

    Nodes    |    Current Node    |     Objective Bounds      |     Work
 Expl Unexpl |  Obj  Depth IntInf | Incumbent    BestBd   Gap | It/Node Time

*    0     0               0    262793.01034 262793.010  0.00%     -    0s

Explored 1 nodes (293 simplex iterations) in 0.00 seconds (0.01 work units)
Thread count was 10 (of 10 available processors)

Solution count 2: 262793 268899 

Optimal solution found (tolerance 1.00e-04)
Best objective 2.627930103411e+05, best bound 2.627930103411e+05, gap 0.0000%

User-callback calls 146, time in user-callback 0.00 sec
