
Gurobi 12.0.3 (mac64[arm]) logging started Wed Dec  3 02:43:54 2025

Set parameter LogFile to value "/Users/arnav/projects/Candidate-Selection-via-Stochastic-IP/Facility_Location/Heuristic/logs/reformulated_extensive_form_20251203_024327.log"
Set parameter LogToConsole to value 0

Gurobi 12.0.3 (mac64[arm]) logging started Wed Dec  3 02:43:54 2025

Set parameter LogFile to value "/Users/arnav/projects/Candidate-Selection-via-Stochastic-IP/Facility_Location/Heuristic/logs/reformulated_extensive_form_20251203_024327.log"
Gurobi Optimizer version 12.0.3 build v12.0.3rc0 (mac64[arm] - Darwin 24.6.0 24G84)

CPU model: Apple M4
Thread count: 10 physical cores, 10 logical processors, using up to 10 threads

Non-default parameters:
TimeLimit  3600
LogToConsole  0

Optimize a model with 5051 rows, 5100 columns and 15100 nonzeros
Model fingerprint: 0xb1fdd064
Variable types: 0 continuous, 5100 integer (5100 binary)
Coefficient statistics:
  Matrix range     [1e+00, 1e+00]
  Objective range  [1e+03, 1e+04]
  Bounds range     [0e+00, 0e+00]
  RHS range        [1e+00, 4e+00]
Presolve time: 0.04s
Presolved: 5051 rows, 5100 columns, 15100 nonzeros
Variable types: 0 continuous, 5100 integer (5100 binary)
Found heuristic solution: objective 149666.42996

Root relaxation: objective 1.438672e+05, 1175 iterations, 0.04 seconds (0.05 work units)

    Nodes    |    Current Node    |     Objective Bounds      |     Work
 Expl Unexpl |  Obj  Depth IntInf | Incumbent    BestBd   Gap | It/Node Time

     0     0 143867.243    0   54 149666.430 143867.243  3.87%     -    0s
H    0     0                    143896.85066 143867.243  0.02%     -    0s

Cutting planes:
  RLT: 1

Explored 1 nodes (1175 simplex iterations) in 0.16 seconds (0.12 work units)
Thread count was 10 (of 10 available processors)

Solution count 2: 143897 149666 

Optimal solution found (tolerance 1.00e-04)
Best objective 1.438968506577e+05, best bound 1.438968506577e+05, gap 0.0000%

User-callback calls 196, time in user-callback 0.00 sec
