
Gurobi 12.0.3 (mac64[arm]) logging started Tue Dec  2 19:38:21 2025

Set parameter LogFile to value "/Users/arnav/projects/Candidate-Selection-via-Stochastic-IP/Facility_Location/Heuristic/logs/scenario44_20251202_193819.log"
Set parameter LogToConsole to value 1
Set parameter OutputFlag to value 1

Gurobi 12.0.3 (mac64[arm]) logging started Tue Dec  2 19:38:21 2025

Set parameter LogFile to value "/Users/arnav/projects/Candidate-Selection-via-Stochastic-IP/Facility_Location/Heuristic/logs/scenario44_20251202_193819.log"
Set parameter OutputFlag to value 1
Gurobi Optimizer version 12.0.3 build v12.0.3rc0 (mac64[arm] - Darwin 24.6.0 24G84)

CPU model: Apple M4
Thread count: 10 physical cores, 10 logical processors, using up to 10 threads

Non-default parameters:
TimeLimit  120

Optimize a model with 75 rows, 1325 columns and 2575 nonzeros
Model fingerprint: 0xbc314bef
Variable types: 1300 continuous, 25 integer (25 binary)
Coefficient statistics:
  Matrix range     [1e+00, 4e+03]
  Objective range  [3e-01, 8e+03]
  Bounds range     [0e+00, 0e+00]
  RHS range        [3e+01, 1e+04]
Found heuristic solution: objective 488859.29890
Presolve removed 23 rows and 683 columns
Presolve time: 0.00s
Presolved: 52 rows, 642 columns, 1233 nonzeros
Variable types: 618 continuous, 24 integer (24 binary)

Root relaxation: objective 1.339915e+05, 52 iterations, 0.00 seconds (0.00 work units)

    Nodes    |    Current Node    |     Objective Bounds      |     Work
 Expl Unexpl |  Obj  Depth IntInf | Incumbent    BestBd   Gap | It/Node Time

     0     0 133991.491    0   13 488859.299 133991.491  72.6%     -    0s
H    0     0                    207173.79130 133991.491  35.3%     -    0s
H    0     0                    178044.97049 133991.491  24.7%     -    0s
H    0     0                    164431.61189 133991.491  18.5%     -    0s
H    0     0                    164146.87764 136091.862  17.1%     -    0s
H    0     0                    156861.90106 146097.043  6.86%     -    0s
H    0     0                    155890.26520 146097.043  6.28%     -    0s
     0     0 146097.043    0   11 155890.265 146097.043  6.28%     -    0s
H    0     0                    153730.18712 146702.707  4.57%     -    0s
     0     0 146702.707    0   11 153730.187 146702.707  4.57%     -    0s
     0     0 149276.613    0   10 153730.187 149276.613  2.90%     -    0s
     0     0 149348.838    0   10 153730.187 149348.838  2.85%     -    0s
     0     0 150014.186    0    6 153730.187 150014.186  2.42%     -    0s
     0     0 150198.490    0    8 153730.187 150198.490  2.30%     -    0s
H    0     0                    152373.57302 150215.361  1.42%     -    0s
     0     0 150215.361    0    4 152373.573 150215.361  1.42%     -    0s
     0     0 150336.159    0    3 152373.573 150336.159  1.34%     -    0s
     0     0 150366.240    0    3 152373.573 150366.240  1.32%     -    0s
     0     0 150419.030    0    5 152373.573 150419.030  1.28%     -    0s
     0     0 150439.264    0    5 152373.573 150439.264  1.27%     -    0s
     0     0 150532.615    0    9 152373.573 150532.615  1.21%     -    0s
     0     0 150532.615    0    8 152373.573 150532.615  1.21%     -    0s
     0     0 150532.615    0    5 152373.573 150532.615  1.21%     -    0s
     0     0 150532.615    0    7 152373.573 150532.615  1.21%     -    0s
     0     0 150532.615    0    5 152373.573 150532.615  1.21%     -    0s
     0     0 150532.615    0    5 152373.573 150532.615  1.21%     -    0s
     0     0 150599.531    0    4 152373.573 150599.531  1.16%     -    0s
     0     0 150599.531    0    4 152373.573 150599.531  1.16%     -    0s
     0     0 150599.531    0    4 152373.573 150599.531  1.16%     -    0s
     0     0 150706.223    0    5 152373.573 150706.223  1.09%     -    0s
     0     0 150709.224    0    5 152373.573 150709.224  1.09%     -    0s
     0     0 150805.692    0    5 152373.573 150805.692  1.03%     -    0s
     0     0 150828.893    0    5 152373.573 150828.893  1.01%     -    0s
     0     0 150842.272    0    6 152373.573 150842.272  1.00%     -    0s
     0     0 150842.272    0    6 152373.573 150842.272  1.00%     -    0s
     0     0 150842.272    0    7 152373.573 150842.272  1.00%     -    0s
     0     0 150842.272    0    8 152373.573 150842.272  1.00%     -    0s
     0     0 150842.272    0    5 152373.573 150842.272  1.00%     -    0s
     0     0 150842.272    0    5 152373.573 150842.272  1.00%     -    0s
     0     0 150842.272    0    5 152373.573 150842.272  1.00%     -    0s
     0     0 150842.272    0    6 152373.573 150842.272  1.00%     -    0s
     0     0 150842.272    0    6 152373.573 150842.272  1.00%     -    0s
     0     0 150850.666    0    6 152373.573 150850.666  1.00%     -    0s
     0     0 150907.983    0    6 152373.573 150907.983  0.96%     -    0s
     0     0 150909.201    0    5 152373.573 150909.201  0.96%     -    0s
     0     0 150919.571    0    5 152373.573 150919.571  0.95%     -    0s
     0     0 150920.328    0    5 152373.573 150920.328  0.95%     -    0s
     0     0 150926.213    0    5 152373.573 150926.213  0.95%     -    0s
     0     0 150926.213    0    5 152373.573 150926.213  0.95%     -    0s
     0     0 150926.213    0    6 152373.573 150926.213  0.95%     -    0s
     0     0 150926.213    0    7 152373.573 150926.213  0.95%     -    0s
     0     0 150926.213    0    4 152373.573 150926.213  0.95%     -    0s
     0     0 150926.213    0    2 152373.573 150926.213  0.95%     -    0s
     0     0 150926.213    0    4 152373.573 150926.213  0.95%     -    0s
     0     0 150926.213    0    5 152373.573 150926.213  0.95%     -    0s
     0     0 150926.213    0    5 152373.573 150926.213  0.95%     -    0s
     0     0 150926.213    0    5 152373.573 150926.213  0.95%     -    0s
     0     0 150946.978    0    5 152373.573 150946.978  0.94%     -    0s
     0     0 150946.978    0    5 152373.573 150946.978  0.94%     -    0s
     0     0 150946.978    0    5 152373.573 150946.978  0.94%     -    0s
     0     0 151289.971    0    5 152373.573 151289.971  0.71%     -    0s
     0     0 151289.971    0    5 152373.573 151289.971  0.71%     -    0s
     0     2 151289.971    0    5 152373.573 151289.971  0.71%     -    0s

Cutting planes:
  Gomory: 1
  Implied bound: 25
  MIR: 8
  Flow cover: 1
  Relax-and-lift: 2

Explored 39 nodes (1006 simplex iterations) in 0.07 seconds (0.07 work units)
Thread count was 10 (of 10 available processors)

Solution count 8: 152374 153730 156862 ... 488859

Optimal solution found (tolerance 1.00e-04)
Best objective 1.523735730150e+05, best bound 1.523735730150e+05, gap 0.0000%

User-callback calls 607, time in user-callback 0.00 sec
