
Gurobi 12.0.3 (mac64[arm]) logging started Tue Dec  2 19:40:35 2025

Set parameter LogFile to value "/Users/arnav/projects/Candidate-Selection-via-Stochastic-IP/Facility_Location/Heuristic/logs/scenario64_20251202_194032.log"
Set parameter LogToConsole to value 1
Set parameter OutputFlag to value 1

Gurobi 12.0.3 (mac64[arm]) logging started Tue Dec  2 19:40:35 2025

Set parameter LogFile to value "/Users/arnav/projects/Candidate-Selection-via-Stochastic-IP/Facility_Location/Heuristic/logs/scenario64_20251202_194032.log"
Set parameter OutputFlag to value 1
Gurobi Optimizer version 12.0.3 build v12.0.3rc0 (mac64[arm] - Darwin 24.6.0 24G84)

CPU model: Apple M4
Thread count: 10 physical cores, 10 logical processors, using up to 10 threads

Non-default parameters:
TimeLimit  120

Optimize a model with 75 rows, 1325 columns and 2575 nonzeros
Model fingerprint: 0x3707aad8
Variable types: 1300 continuous, 25 integer (25 binary)
Coefficient statistics:
  Matrix range     [1e+00, 4e+03]
  Objective range  [3e-01, 8e+03]
  Bounds range     [0e+00, 0e+00]
  RHS range        [3e+01, 1e+04]
Found heuristic solution: objective 565168.69149
Presolve removed 21 rows and 640 columns
Presolve time: 0.00s
Presolved: 54 rows, 685 columns, 1317 nonzeros
Variable types: 661 continuous, 24 integer (24 binary)

Root relaxation: objective 1.489469e+05, 51 iterations, 0.00 seconds (0.00 work units)

    Nodes    |    Current Node    |     Objective Bounds      |     Work
 Expl Unexpl |  Obj  Depth IntInf | Incumbent    BestBd   Gap | It/Node Time

     0     0 148946.890    0   13 565168.691 148946.890  73.6%     -    0s
H    0     0                    221150.36896 148946.890  32.6%     -    0s
H    0     0                    197842.77489 148946.890  24.7%     -    0s
H    0     0                    196805.70538 148946.890  24.3%     -    0s
H    0     0                    195141.05848 161364.709  17.3%     -    0s
H    0     0                    187386.46374 161364.709  13.9%     -    0s
H    0     0                    185957.65719 161364.709  13.2%     -    0s
     0     0 161364.709    0    9 185957.657 161364.709  13.2%     -    0s
H    0     0                    181523.73878 161734.661  10.9%     -    0s
H    0     0                    173449.75296 161734.661  6.75%     -    0s
H    0     0                    170880.37426 161734.661  5.35%     -    0s
     0     0 163562.001    0   11 170880.374 163562.001  4.28%     -    0s
     0     0 164181.123    0   12 170880.374 164181.123  3.92%     -    0s
H    0     0                    170212.80738 164181.123  3.54%     -    0s
     0     0 164962.242    0    7 170212.807 164962.242  3.08%     -    0s
H    0     0                    167901.91047 165174.119  1.62%     -    0s
     0     0 165174.119    0    3 167901.910 165174.119  1.62%     -    0s
     0     0 165175.803    0    4 167901.910 165175.803  1.62%     -    0s
     0     0 165861.579    0    2 167901.910 165861.579  1.22%     -    0s
     0     0 165921.353    0    3 167901.910 165921.353  1.18%     -    0s
     0     0 165923.945    0    3 167901.910 165923.945  1.18%     -    0s
     0     0 165923.945    0    9 167901.910 165923.945  1.18%     -    0s
     0     0 165923.945    0    7 167901.910 165923.945  1.18%     -    0s
     0     0 165923.945    0    6 167901.910 165923.945  1.18%     -    0s
     0     0 165923.945    0    5 167901.910 165923.945  1.18%     -    0s
     0     0 165923.945    0    4 167901.910 165923.945  1.18%     -    0s
     0     0 165923.945    0    4 167901.910 165923.945  1.18%     -    0s
     0     0 165923.945    0    3 167901.910 165923.945  1.18%     -    0s
     0     0 166041.576    0    5 167901.910 166041.576  1.11%     -    0s
     0     0 166056.634    0    4 167901.910 166056.634  1.10%     -    0s
     0     0 166126.690    0    6 167901.910 166126.690  1.06%     -    0s
     0     0 166137.409    0    6 167901.910 166137.409  1.05%     -    0s
     0     0 166147.212    0    6 167901.910 166147.212  1.05%     -    0s
     0     0 166147.345    0    6 167901.910 166147.345  1.04%     -    0s
     0     0 166228.217    0    4 167901.910 166228.217  1.00%     -    0s
     0     0 166233.896    0    4 167901.910 166233.896  0.99%     -    0s
     0     0 166256.745    0    5 167901.910 166256.745  0.98%     -    0s
     0     0 166434.834    0    6 167901.910 166434.834  0.87%     -    0s
     0     0 166434.834    0    3 167901.910 166434.834  0.87%     -    0s
     0     0 167510.872    0    2 167901.910 167510.872  0.23%     -    0s

Cutting planes:
  Implied bound: 48
  MIR: 9
  Flow cover: 4
  Relax-and-lift: 2

Explored 1 nodes (393 simplex iterations) in 0.03 seconds (0.04 work units)
Thread count was 10 (of 10 available processors)

Solution count 10: 167902 170213 170880 ... 197843

Optimal solution found (tolerance 1.00e-04)
Best objective 1.679019104687e+05, best bound 1.679019104687e+05, gap 0.0000%

User-callback calls 401, time in user-callback 0.00 sec
