
Gurobi 12.0.3 (mac64[arm]) logging started Tue Dec  2 19:38:23 2025

Set parameter LogFile to value "/Users/arnav/projects/Candidate-Selection-via-Stochastic-IP/Facility_Location/Heuristic/logs/scenario89_20251202_193819.log"
Set parameter LogToConsole to value 1
Set parameter OutputFlag to value 1

Gurobi 12.0.3 (mac64[arm]) logging started Tue Dec  2 19:38:23 2025

Set parameter LogFile to value "/Users/arnav/projects/Candidate-Selection-via-Stochastic-IP/Facility_Location/Heuristic/logs/scenario89_20251202_193819.log"
Set parameter OutputFlag to value 1
Gurobi Optimizer version 12.0.3 build v12.0.3rc0 (mac64[arm] - Darwin 24.6.0 24G84)

CPU model: Apple M4
Thread count: 10 physical cores, 10 logical processors, using up to 10 threads

Non-default parameters:
TimeLimit  120

Optimize a model with 75 rows, 1325 columns and 2575 nonzeros
Model fingerprint: 0x7ef7573a
Variable types: 1300 continuous, 25 integer (25 binary)
Coefficient statistics:
  Matrix range     [1e+00, 4e+03]
  Objective range  [3e-01, 8e+03]
  Bounds range     [0e+00, 0e+00]
  RHS range        [4e+01, 1e+04]
Found heuristic solution: objective 562568.32272
Presolve removed 23 rows and 666 columns
Presolve time: 0.00s
Presolved: 52 rows, 659 columns, 1267 nonzeros
Variable types: 635 continuous, 24 integer (24 binary)

Root relaxation: objective 1.366882e+05, 60 iterations, 0.00 seconds (0.00 work units)

    Nodes    |    Current Node    |     Objective Bounds      |     Work
 Expl Unexpl |  Obj  Depth IntInf | Incumbent    BestBd   Gap | It/Node Time

     0     0 136688.237    0   13 562568.323 136688.237  75.7%     -    0s
H    0     0                    215597.87287 136688.237  36.6%     -    0s
H    0     0                    189880.81687 136688.237  28.0%     -    0s
H    0     0                    183193.26948 136688.237  25.4%     -    0s
H    0     0                    174742.49555 136688.237  21.8%     -    0s
H    0     0                    159502.64184 144901.042  9.15%     -    0s
     0     0 144901.042    0    9 159502.642 144901.042  9.15%     -    0s
H    0     0                    158808.20099 145820.248  8.18%     -    0s
     0     0 147941.324    0    3 158808.201 147941.324  6.84%     -    0s
H    0     0                    158171.92148 147997.311  6.43%     -    0s
H    0     0                    156866.62525 147997.311  5.65%     -    0s
     0     0 148236.935    0    4 156866.625 148236.935  5.50%     -    0s
H    0     0                    156475.52495 148431.111  5.14%     -    0s
H    0     0                    155813.11694 148431.111  4.74%     -    0s
H    0     0                    155540.64674 148431.111  4.57%     -    0s
     0     0 148857.011    0    5 155540.647 148857.011  4.30%     -    0s
H    0     0                    154069.55402 148987.700  3.30%     -    0s
H    0     0                    154065.44728 148987.700  3.30%     -    0s
     0     0 148987.700    0    6 154065.447 148987.700  3.30%     -    0s
     0     0 149584.197    0    8 154065.447 149584.197  2.91%     -    0s
     0     0 149650.105    0    6 154065.447 149650.105  2.87%     -    0s
     0     0 149898.711    0    8 154065.447 149898.711  2.70%     -    0s
     0     0 149934.334    0    7 154065.447 149934.334  2.68%     -    0s
H    0     0                    153509.39991 150075.634  2.24%     -    0s
     0     0 150075.634    0    8 153509.400 150075.634  2.24%     -    0s
H    0     0                    153090.80566 150083.948  1.96%     -    0s
H    0     0                    152186.60801 150083.948  1.38%     -    0s
     0     0 150083.948    0    7 152186.608 150083.948  1.38%     -    0s
H    0     0                    151852.27603 150083.948  1.16%     -    0s
     0     0 150095.213    0    6 151852.276 150095.213  1.16%     -    0s
     0     0 150114.173    0    5 151852.276 150114.173  1.14%     -    0s
     0     0 150114.454    0    8 151852.276 150114.454  1.14%     -    0s
     0     0 150128.498    0    5 151852.276 150128.498  1.14%     -    0s
     0     0 150146.107    0    4 151852.276 150146.107  1.12%     -    0s
     0     0 150146.107    0    4 151852.276 150146.107  1.12%     -    0s
     0     0 150149.474    0   10 151852.276 150149.474  1.12%     -    0s
     0     0 150149.474    0    7 151852.276 150149.474  1.12%     -    0s
     0     0 150149.474    0    4 151852.276 150149.474  1.12%     -    0s
     0     0 150149.474    0   10 151852.276 150149.474  1.12%     -    0s
     0     0 150149.474    0    8 151852.276 150149.474  1.12%     -    0s
     0     0 150149.474    0    6 151852.276 150149.474  1.12%     -    0s
     0     0 150149.474    0    5 151852.276 150149.474  1.12%     -    0s
     0     0 150149.474    0    4 151852.276 150149.474  1.12%     -    0s
     0     0 150149.474    0    4 151852.276 150149.474  1.12%     -    0s
     0     0 150241.092    0    4 151852.276 150241.092  1.06%     -    0s
     0     0 150721.145    0    4 151852.276 150721.145  0.74%     -    0s
     0     0 150735.708    0    4 151852.276 150735.708  0.74%     -    0s
     0     0 150781.795    0    3 151852.276 150781.795  0.70%     -    0s
     0     0 150795.181    0    2 151852.276 150795.181  0.70%     -    0s
     0     0 150807.377    0    2 151852.276 150807.377  0.69%     -    0s
     0     0 150817.486    0    3 151852.276 150817.486  0.68%     -    0s
     0     0 150825.249    0    4 151852.276 150825.249  0.68%     -    0s
     0     0 150849.217    0    3 151852.276 150849.217  0.66%     -    0s
     0     0 150849.916    0    4 151852.276 150849.916  0.66%     -    0s
     0     0 150862.331    0    3 151852.276 150862.331  0.65%     -    0s

Cutting planes:
  Implied bound: 43
  MIR: 9
  Flow cover: 1
  Relax-and-lift: 1

Explored 1 nodes (500 simplex iterations) in 0.05 seconds (0.05 work units)
Thread count was 10 (of 10 available processors)

Solution count 10: 151852 152187 154065 ... 189881

Optimal solution found (tolerance 1.00e-04)
Best objective 1.518522760278e+05, best bound 1.518522760278e+05, gap 0.0000%

User-callback calls 467, time in user-callback 0.00 sec
