
Gurobi 12.0.3 (mac64[arm]) logging started Wed Dec  3 02:10:57 2025

Set parameter LogFile to value "/Users/arnav/projects/Candidate-Selection-via-Stochastic-IP/Facility_Location/Heuristic/logs/scenario94_20251203_021053.log"
Set parameter LogToConsole to value 1
Set parameter OutputFlag to value 1

Gurobi 12.0.3 (mac64[arm]) logging started Wed Dec  3 02:10:57 2025

Set parameter LogFile to value "/Users/arnav/projects/Candidate-Selection-via-Stochastic-IP/Facility_Location/Heuristic/logs/scenario94_20251203_021053.log"
Set parameter OutputFlag to value 1
Gurobi Optimizer version 12.0.3 build v12.0.3rc0 (mac64[arm] - Darwin 24.6.0 24G84)

CPU model: Apple M4
Thread count: 10 physical cores, 10 logical processors, using up to 10 threads

Non-default parameters:
TimeLimit  120

Optimize a model with 75 rows, 1325 columns and 2575 nonzeros
Model fingerprint: 0x0a147324
Variable types: 1300 continuous, 25 integer (25 binary)
Coefficient statistics:
  Matrix range     [1e+00, 4e+03]
  Objective range  [3e-01, 8e+03]
  Bounds range     [0e+00, 0e+00]
  RHS range        [4e+01, 5e+03]
Found heuristic solution: objective 375548.00244
Presolve removed 27 rows and 780 columns
Presolve time: 0.00s
Presolved: 48 rows, 545 columns, 1043 nonzeros
Variable types: 521 continuous, 24 integer (24 binary)

Root relaxation: objective 1.127672e+05, 52 iterations, 0.00 seconds (0.00 work units)

    Nodes    |    Current Node    |     Objective Bounds      |     Work
 Expl Unexpl |  Obj  Depth IntInf | Incumbent    BestBd   Gap | It/Node Time

     0     0 112767.208    0   13 375548.002 112767.208  70.0%     -    0s
H    0     0                    183539.65180 112767.208  38.6%     -    0s
H    0     0                    161457.92985 112767.208  30.2%     -    0s
H    0     0                    150889.87264 112767.208  25.3%     -    0s
H    0     0                    143607.71574 112767.208  21.5%     -    0s
     0     0 123928.342    0   10 143607.716 123928.342  13.7%     -    0s
H    0     0                    135737.25547 124245.710  8.47%     -    0s
H    0     0                    130879.27507 124245.710  5.07%     -    0s
     0     0 124245.710    0   10 130879.275 124245.710  5.07%     -    0s
H    0     0                    128513.34704 124245.710  3.32%     -    0s
     0     0 126145.022    0    9 128513.347 126145.022  1.84%     -    0s
     0     0 126458.159    0    9 128513.347 126458.159  1.60%     -    0s
     0     0 127312.548    0    9 128513.347 127312.548  0.93%     -    0s
     0     0 127691.202    0    5 128513.347 127691.202  0.64%     -    0s
     0     0 127762.911    0    5 128513.347 127762.911  0.58%     -    0s
     0     0 127768.148    0    5 128513.347 127768.148  0.58%     -    0s
     0     0 128157.867    0    3 128513.347 128157.867  0.28%     -    0s
     0     0 128173.330    0    1 128513.347 128173.330  0.26%     -    0s
     0     0 128202.245    0    2 128513.347 128202.245  0.24%     -    0s

Cutting planes:
  Implied bound: 54
  MIR: 6
  Flow cover: 7
  Relax-and-lift: 6

Explored 1 nodes (180 simplex iterations) in 0.01 seconds (0.01 work units)
Thread count was 10 (of 10 available processors)

Solution count 8: 128513 130879 135737 ... 375548

Optimal solution found (tolerance 1.00e-04)
Best objective 1.285133470437e+05, best bound 1.285133470437e+05, gap 0.0000%

User-callback calls 313, time in user-callback 0.00 sec
