
Gurobi 12.0.3 (mac64[arm]) logging started Tue Dec  2 19:38:23 2025

Set parameter LogFile to value "/Users/arnav/projects/Candidate-Selection-via-Stochastic-IP/Facility_Location/Heuristic/logs/scenario77_20251202_193819.log"
Set parameter LogToConsole to value 1
Set parameter OutputFlag to value 1

Gurobi 12.0.3 (mac64[arm]) logging started Tue Dec  2 19:38:23 2025

Set parameter LogFile to value "/Users/arnav/projects/Candidate-Selection-via-Stochastic-IP/Facility_Location/Heuristic/logs/scenario77_20251202_193819.log"
Set parameter OutputFlag to value 1
Gurobi Optimizer version 12.0.3 build v12.0.3rc0 (mac64[arm] - Darwin 24.6.0 24G84)

CPU model: Apple M4
Thread count: 10 physical cores, 10 logical processors, using up to 10 threads

Non-default parameters:
TimeLimit  120

Optimize a model with 75 rows, 1325 columns and 2575 nonzeros
Model fingerprint: 0x6fafb6e3
Variable types: 1300 continuous, 25 integer (25 binary)
Coefficient statistics:
  Matrix range     [1e+00, 4e+03]
  Objective range  [3e-01, 8e+03]
  Bounds range     [0e+00, 0e+00]
  RHS range        [3e+01, 2e+04]
Found heuristic solution: objective 552654.59395
Presolve removed 25 rows and 717 columns
Presolve time: 0.00s
Presolved: 50 rows, 608 columns, 1167 nonzeros
Variable types: 584 continuous, 24 integer (24 binary)

Root relaxation: objective 1.245722e+05, 60 iterations, 0.00 seconds (0.00 work units)

    Nodes    |    Current Node    |     Objective Bounds      |     Work
 Expl Unexpl |  Obj  Depth IntInf | Incumbent    BestBd   Gap | It/Node Time

     0     0 124572.243    0   11 552654.594 124572.243  77.5%     -    0s
H    0     0                    190666.17654 124572.243  34.7%     -    0s
H    0     0                    165347.35022 124572.243  24.7%     -    0s
H    0     0                    158999.11583 124572.243  21.7%     -    0s
H    0     0                    158698.66004 124572.243  21.5%     -    0s
H    0     0                    154528.78504 124572.243  19.4%     -    0s
     0     0 131534.995    0    7 154528.785 131534.995  14.9%     -    0s
H    0     0                    152316.02570 131979.557  13.4%     -    0s
H    0     0                    146874.16700 131979.557  10.1%     -    0s
H    0     0                    144233.47665 131979.557  8.50%     -    0s
H    0     0                    142462.80580 131979.557  7.36%     -    0s
     0     0 133518.356    0   10 142462.806 133518.356  6.28%     -    0s
     0     0 133890.606    0    9 142462.806 133890.606  6.02%     -    0s
H    0     0                    141538.98670 133890.606  5.40%     -    0s
     0     0 134738.025    0    7 141538.987 134738.025  4.81%     -    0s
     0     0 134765.634    0    8 141538.987 134765.634  4.79%     -    0s
     0     0 134765.634    0    8 141538.987 134765.634  4.79%     -    0s
     0     0 135398.268    0    8 141538.987 135398.268  4.34%     -    0s
     0     0 135441.012    0    7 141538.987 135441.012  4.31%     -    0s
     0     0 135441.552    0    7 141538.987 135441.552  4.31%     -    0s
H    0     0                    141409.93757 135441.552  4.22%     -    0s
H    0     0                    140860.24005 135441.552  3.85%     -    0s
     0     0 135915.359    0    3 140860.240 135915.359  3.51%     -    0s
     0     0 136005.490    0    6 140860.240 136005.490  3.45%     -    0s
     0     0 136006.183    0    5 140860.240 136006.183  3.45%     -    0s
     0     0 136029.263    0    8 140860.240 136029.263  3.43%     -    0s
H    0     0                    137199.36183 136037.489  0.85%     -    0s
     0     0 136037.489    0    7 137199.362 136037.489  0.85%     -    0s
     0     0 136065.077    0    9 137199.362 136065.077  0.83%     -    0s
     0     0 136065.077    0    9 137199.362 136065.077  0.83%     -    0s
     0     0 136065.077    0    8 137199.362 136065.077  0.83%     -    0s
     0     0 136065.077    0    7 137199.362 136065.077  0.83%     -    0s
     0     0 136065.077    0    8 137199.362 136065.077  0.83%     -    0s
     0     0 136065.077    0    9 137199.362 136065.077  0.83%     -    0s
     0     0 136065.077    0   10 137199.362 136065.077  0.83%     -    0s
     0     0 136065.077    0    7 137199.362 136065.077  0.83%     -    0s
     0     0 136065.077    0    9 137199.362 136065.077  0.83%     -    0s
     0     0 136065.077    0    7 137199.362 136065.077  0.83%     -    0s
     0     0 136065.077    0    9 137199.362 136065.077  0.83%     -    0s
     0     0 136086.883    0    7 137199.362 136086.883  0.81%     -    0s
     0     0 136106.705    0    7 137199.362 136106.705  0.80%     -    0s
     0     0 136269.744    0    7 137199.362 136269.744  0.68%     -    0s
     0     0 136318.101    0    6 137199.362 136318.101  0.64%     -    0s
     0     0 136318.626    0    6 137199.362 136318.626  0.64%     -    0s
     0     0 136343.288    0    6 137199.362 136343.288  0.62%     -    0s
     0     0 136344.829    0    7 137199.362 136344.829  0.62%     -    0s
     0     0 136356.678    0    6 137199.362 136356.678  0.61%     -    0s
     0     0 136356.678    0    6 137199.362 136356.678  0.61%     -    0s
     0     0 136356.678    0    7 137199.362 136356.678  0.61%     -    0s
     0     0 136356.678    0    8 137199.362 136356.678  0.61%     -    0s
     0     0 136356.678    0    7 137199.362 136356.678  0.61%     -    0s
     0     0 136356.678    0    7 137199.362 136356.678  0.61%     -    0s
     0     0 136356.678    0    9 137199.362 136356.678  0.61%     -    0s
     0     0 136356.678    0    6 137199.362 136356.678  0.61%     -    0s
     0     0 136356.678    0    5 137199.362 136356.678  0.61%     -    0s
     0     0 136356.678    0    6 137199.362 136356.678  0.61%     -    0s
     0     0 136356.678    0    6 137199.362 136356.678  0.61%     -    0s
     0     0 136356.678    0    5 137199.362 136356.678  0.61%     -    0s
     0     0 136356.678    0    5 137199.362 136356.678  0.61%     -    0s
     0     0 136356.678    0    6 137199.362 136356.678  0.61%     -    0s
     0     0 136357.390    0    6 137199.362 136357.390  0.61%     -    0s
     0     0 136366.811    0    6 137199.362 136366.811  0.61%     -    0s
     0     0 136366.811    0    6 137199.362 136366.811  0.61%     -    0s
     0     2 136366.811    0    6 137199.362 136366.811  0.61%     -    0s

Cutting planes:
  Implied bound: 53
  MIR: 7
  Flow cover: 2
  Relax-and-lift: 2

Explored 47 nodes (1170 simplex iterations) in 0.07 seconds (0.07 work units)
Thread count was 10 (of 10 available processors)

Solution count 10: 137199 139525 140860 ... 154529

Optimal solution found (tolerance 1.00e-04)
Best objective 1.371993618330e+05, best bound 1.371993618330e+05, gap 0.0000%

User-callback calls 625, time in user-callback 0.00 sec
