
Gurobi 12.0.3 (mac64[arm]) logging started Tue Dec  2 19:40:35 2025

Set parameter LogFile to value "/Users/arnav/projects/Candidate-Selection-via-Stochastic-IP/Facility_Location/Heuristic/logs/scenario65_20251202_194032.log"
Set parameter LogToConsole to value 1
Set parameter OutputFlag to value 1

Gurobi 12.0.3 (mac64[arm]) logging started Tue Dec  2 19:40:35 2025

Set parameter LogFile to value "/Users/arnav/projects/Candidate-Selection-via-Stochastic-IP/Facility_Location/Heuristic/logs/scenario65_20251202_194032.log"
Set parameter OutputFlag to value 1
Gurobi Optimizer version 12.0.3 build v12.0.3rc0 (mac64[arm] - Darwin 24.6.0 24G84)

CPU model: Apple M4
Thread count: 10 physical cores, 10 logical processors, using up to 10 threads

Non-default parameters:
TimeLimit  120

Optimize a model with 75 rows, 1325 columns and 2575 nonzeros
Model fingerprint: 0x5335d3f5
Variable types: 1300 continuous, 25 integer (25 binary)
Coefficient statistics:
  Matrix range     [1e+00, 4e+03]
  Objective range  [3e-01, 8e+03]
  Bounds range     [0e+00, 0e+00]
  RHS range        [3e+01, 3e+03]
Found heuristic solution: objective 161596.79697
Presolve removed 33 rows and 905 columns
Presolve time: 0.00s
Presolved: 42 rows, 420 columns, 799 nonzeros
Variable types: 396 continuous, 24 integer (24 binary)

Root relaxation: objective 3.377080e+04, 34 iterations, 0.00 seconds (0.00 work units)

    Nodes    |    Current Node    |     Objective Bounds      |     Work
 Expl Unexpl |  Obj  Depth IntInf | Incumbent    BestBd   Gap | It/Node Time

     0     0 33770.7963    0    9 161596.797 33770.7963  79.1%     -    0s
H    0     0                    90815.596626 33770.7963  62.8%     -    0s
H    0     0                    89916.888931 33770.7963  62.4%     -    0s
H    0     0                    87307.641629 34367.8244  60.6%     -    0s
H    0     0                    68937.288376 36887.4315  46.5%     -    0s
H    0     0                    61822.157536 36887.4315  40.3%     -    0s
H    0     0                    46269.618378 36887.4315  20.3%     -    0s
     0     0 36887.4315    0    8 46269.6184 36887.4315  20.3%     -    0s
     0     0 37087.0829    0    8 46269.6184 37087.0829  19.8%     -    0s
     0     0 38585.7638    0    9 46269.6184 38585.7638  16.6%     -    0s
H    0     0                    44580.803643 39324.9325  11.8%     -    0s
     0     0 39324.9325    0   10 44580.8036 39324.9325  11.8%     -    0s
     0     0 40640.4435    0   10 44580.8036 40640.4435  8.84%     -    0s
     0     0 40750.4411    0   10 44580.8036 40750.4411  8.59%     -    0s
     0     0 41289.8478    0    8 44580.8036 41289.8478  7.38%     -    0s
     0     0 41324.5223    0    8 44580.8036 41324.5223  7.30%     -    0s
     0     0 41371.0917    0    8 44580.8036 41371.0917  7.20%     -    0s
     0     0 41665.2522    0    5 44580.8036 41665.2522  6.54%     -    0s
H    0     0                    44444.462123 41708.2463  6.16%     -    0s
     0     0 41708.2463    0    6 44444.4621 41708.2463  6.16%     -    0s
     0     0 41792.6887    0    5 44444.4621 41792.6887  5.97%     -    0s
     0     0 41829.3105    0    3 44444.4621 41829.3105  5.88%     -    0s
     0     0 41848.0793    0    3 44444.4621 41848.0793  5.84%     -    0s
H    0     0                    44438.530437 41857.7009  5.81%     -    0s
     0     0 41857.7009    0    4 44438.5304 41857.7009  5.81%     -    0s
     0     0 41883.2820    0    4 44438.5304 41883.2820  5.75%     -    0s
     0     0 41883.2820    0    4 44438.5304 41883.2820  5.75%     -    0s
     0     0 41900.1409    0    6 44438.5304 41900.1409  5.71%     -    0s
     0     0 41900.1409    0    6 44438.5304 41900.1409  5.71%     -    0s
     0     0 41900.1409    0    6 44438.5304 41900.1409  5.71%     -    0s
     0     0 41900.1409    0    7 44438.5304 41900.1409  5.71%     -    0s
     0     0 41900.1409    0    2 44438.5304 41900.1409  5.71%     -    0s
     0     0 41900.1409    0    6 44438.5304 41900.1409  5.71%     -    0s
     0     0 41900.1409    0    6 44438.5304 41900.1409  5.71%     -    0s
     0     0 41900.1409    0    5 44438.5304 41900.1409  5.71%     -    0s
     0     0 41900.1409    0    3 44438.5304 41900.1409  5.71%     -    0s
     0     0 41900.1409    0    3 44438.5304 41900.1409  5.71%     -    0s
     0     0 41900.1409    0    3 44438.5304 41900.1409  5.71%     -    0s
     0     0 41955.7237    0    5 44438.5304 41955.7237  5.59%     -    0s
     0     0 41974.4797    0    5 44438.5304 41974.4797  5.54%     -    0s
     0     0 41974.4797    0    5 44438.5304 41974.4797  5.54%     -    0s
     0     0 41974.4797    0    5 44438.5304 41974.4797  5.54%     -    0s
     0     0 42103.6229    0    7 44438.5304 42103.6229  5.25%     -    0s
     0     0 42104.5442    0    7 44438.5304 42104.5442  5.25%     -    0s
     0     0 42104.5442    0    6 44438.5304 42104.5442  5.25%     -    0s
     0     0 42104.5442    0    6 44438.5304 42104.5442  5.25%     -    0s
     0     0 42104.5442    0    6 44438.5304 42104.5442  5.25%     -    0s
     0     0 42104.5442    0    7 44438.5304 42104.5442  5.25%     -    0s
     0     0 42104.5442    0    1 44438.5304 42104.5442  5.25%     -    0s
     0     0 42104.5442    0    7 44438.5304 42104.5442  5.25%     -    0s
     0     0 42104.5442    0    5 44438.5304 42104.5442  5.25%     -    0s
     0     0 42104.5442    0    6 44438.5304 42104.5442  5.25%     -    0s
     0     0 42104.5442    0    6 44438.5304 42104.5442  5.25%     -    0s
     0     0 42104.5442    0    7 44438.5304 42104.5442  5.25%     -    0s
     0     0 42104.5442    0    5 44438.5304 42104.5442  5.25%     -    0s
     0     0 42104.5442    0    5 44438.5304 42104.5442  5.25%     -    0s
H    0     0                    44320.401352 42126.4787  4.95%     -    0s
     0     0 42126.4787    0    5 44320.4014 42126.4787  4.95%     -    0s
     0     0 42293.2211    0    5 44320.4014 42293.2211  4.57%     -    0s
     0     0 42293.2211    0    6 44320.4014 42293.2211  4.57%     -    0s
     0     0 42293.2211    0    7 44320.4014 42293.2211  4.57%     -    0s
     0     0 42293.2211    0    7 44320.4014 42293.2211  4.57%     -    0s
     0     0 42293.2211    0    6 44320.4014 42293.2211  4.57%     -    0s
     0     0 42293.2211    0    1 44320.4014 42293.2211  4.57%     -    0s
     0     0 42293.2211    0    5 44320.4014 42293.2211  4.57%     -    0s
     0     0 42293.2211    0    6 44320.4014 42293.2211  4.57%     -    0s
     0     0 42293.2211    0    6 44320.4014 42293.2211  4.57%     -    0s
     0     0 42293.2211    0    4 44320.4014 42293.2211  4.57%     -    0s
     0     0 42293.2211    0    4 44320.4014 42293.2211  4.57%     -    0s
     0     0 42293.2211    0    5 44320.4014 42293.2211  4.57%     -    0s
     0     0 42293.2211    0    5 44320.4014 42293.2211  4.57%     -    0s
     0     0 43245.0726    0    4 44320.4014 43245.0726  2.43%     -    0s
     0     0 43924.4573    0    4 44320.4014 43924.4573  0.89%     -    0s
     0     0 44311.5939    0    6 44320.4014 44311.5939  0.02%     -    0s

Cutting planes:
  Implied bound: 42
  MIR: 4
  Flow cover: 7
  Relax-and-lift: 1

Explored 1 nodes (672 simplex iterations) in 0.05 seconds (0.05 work units)
Thread count was 10 (of 10 available processors)

Solution count 10: 44320.4 44438.5 44444.5 ... 90815.6

Optimal solution found (tolerance 1.00e-04)
Best objective 4.432040135153e+04, best bound 4.432040135153e+04, gap 0.0000%

User-callback calls 571, time in user-callback 0.00 sec
