
Gurobi 12.0.3 (mac64[arm]) logging started Wed Dec  3 02:10:55 2025

Set parameter LogFile to value "/Users/arnav/projects/Candidate-Selection-via-Stochastic-IP/Facility_Location/Heuristic/logs/scenario45_20251203_021053.log"
Set parameter LogToConsole to value 1
Set parameter OutputFlag to value 1

Gurobi 12.0.3 (mac64[arm]) logging started Wed Dec  3 02:10:55 2025

Set parameter LogFile to value "/Users/arnav/projects/Candidate-Selection-via-Stochastic-IP/Facility_Location/Heuristic/logs/scenario45_20251203_021053.log"
Set parameter OutputFlag to value 1
Gurobi Optimizer version 12.0.3 build v12.0.3rc0 (mac64[arm] - Darwin 24.6.0 24G84)

CPU model: Apple M4
Thread count: 10 physical cores, 10 logical processors, using up to 10 threads

Non-default parameters:
TimeLimit  120

Optimize a model with 75 rows, 1325 columns and 2575 nonzeros
Model fingerprint: 0xbd140c73
Variable types: 1300 continuous, 25 integer (25 binary)
Coefficient statistics:
  Matrix range     [1e+00, 4e+03]
  Objective range  [3e-01, 8e+03]
  Bounds range     [0e+00, 0e+00]
  RHS range        [2e+01, 1e+04]
Found heuristic solution: objective 331161.80132
Presolve removed 37 rows and 1003 columns
Presolve time: 0.00s
Presolved: 38 rows, 322 columns, 607 nonzeros
Variable types: 298 continuous, 24 integer (24 binary)

Root relaxation: objective 1.005162e+05, 39 iterations, 0.00 seconds (0.00 work units)

    Nodes    |    Current Node    |     Objective Bounds      |     Work
 Expl Unexpl |  Obj  Depth IntInf | Incumbent    BestBd   Gap | It/Node Time

     0     0 100516.178    0   10 331161.801 100516.178  69.6%     -    0s
H    0     0                    160295.11443 100516.178  37.3%     -    0s
H    0     0                    152946.29293 100516.178  34.3%     -    0s
H    0     0                    138603.80337 100516.178  27.5%     -    0s
H    0     0                    135646.24271 108316.468  20.1%     -    0s
H    0     0                    120616.24852 108316.468  10.2%     -    0s
     0     0 108316.468    0    5 120616.249 108316.468  10.2%     -    0s
H    0     0                    115819.96612 108518.552  6.30%     -    0s
H    0     0                    114599.39867 108840.160  5.03%     -    0s
     0     0 108840.160    0    2 114599.399 108840.160  5.03%     -    0s
     0     0 109219.239    0    3 114599.399 109219.239  4.69%     -    0s
     0     0 109219.239    0    2 114599.399 109219.239  4.69%     -    0s
     0     0 109219.239    0    6 114599.399 109219.239  4.69%     -    0s
H    0     0                    114237.59846 109219.239  4.39%     -    0s
     0     0 109219.239    0    6 114237.598 109219.239  4.39%     -    0s
     0     0 109219.239    0    6 114237.598 109219.239  4.39%     -    0s
H    0     0                    113197.70560 109264.190  3.47%     -    0s
     0     0 109264.190    0    4 113197.706 109264.190  3.47%     -    0s
     0     0 110088.857    0    3 113197.706 110088.857  2.75%     -    0s
     0     0 110356.830    0    1 113197.706 110356.830  2.51%     -    0s
     0     0 110356.830    0    7 113197.706 110356.830  2.51%     -    0s
     0     0 110511.593    0    7 113197.706 110511.593  2.37%     -    0s
     0     0 110511.593    0    3 113197.706 110511.593  2.37%     -    0s
     0     0 110524.169    0    3 113197.706 110524.169  2.36%     -    0s
     0     0 110940.571    0    4 113197.706 110940.571  1.99%     -    0s
     0     0 111021.144    0    4 113197.706 111021.144  1.92%     -    0s
H    0     0                    111957.35542 111021.144  0.84%     -    0s
     0     0 111021.144    0    3 111957.355 111021.144  0.84%     -    0s
     0     0 111021.144    0    1 111957.355 111021.144  0.84%     -    0s
     0     0 111021.144    0    1 111957.355 111021.144  0.84%     -    0s
     0     0 111021.144    0    3 111957.355 111021.144  0.84%     -    0s
     0     0 111021.144    0    5 111957.355 111021.144  0.84%     -    0s
     0     0 111021.144    0    4 111957.355 111021.144  0.84%     -    0s

Cutting planes:
  Gomory: 1
  Implied bound: 12
  MIR: 6
  Flow cover: 2

Explored 1 nodes (187 simplex iterations) in 0.02 seconds (0.01 work units)
Thread count was 10 (of 10 available processors)

Solution count 10: 111957 113198 114238 ... 160295

Optimal solution found (tolerance 1.00e-04)
Best objective 1.119573554184e+05, best bound 1.119573554184e+05, gap 0.0000%

User-callback calls 386, time in user-callback 0.00 sec
