
Gurobi 12.0.3 (mac64[arm]) logging started Mon Dec  1 22:46:32 2025

Set parameter LogFile to value "/Users/arnav/projects/Candidate-Selection-via-Stochastic-IP/Facility_Location/Heuristic/logs/scenario2_20251201_224632.log"
Set parameter LogToConsole to value 1
Set parameter OutputFlag to value 1

Gurobi 12.0.3 (mac64[arm]) logging started Mon Dec  1 22:46:32 2025

Set parameter LogFile to value "/Users/arnav/projects/Candidate-Selection-via-Stochastic-IP/Facility_Location/Heuristic/logs/scenario2_20251201_224632.log"
Set parameter OutputFlag to value 1
Gurobi Optimizer version 12.0.3 build v12.0.3rc0 (mac64[arm] - Darwin 24.6.0 24G84)

CPU model: Apple M4
Thread count: 10 physical cores, 10 logical processors, using up to 10 threads

Non-default parameters:
TimeLimit  120

Optimize a model with 75 rows, 1325 columns and 2575 nonzeros
Model fingerprint: 0x59a581d4
Variable types: 1300 continuous, 25 integer (25 binary)
Coefficient statistics:
  Matrix range     [1e+00, 4e+03]
  Objective range  [3e-01, 8e+03]
  Bounds range     [0e+00, 0e+00]
  RHS range        [3e+01, 1e+04]
Found heuristic solution: objective 981199.96261
Presolve removed 0 rows and 150 columns
Presolve time: 0.00s
Presolved: 75 rows, 1175 columns, 2276 nonzeros
Variable types: 1151 continuous, 24 integer (24 binary)

Root relaxation: objective 2.646374e+05, 64 iterations, 0.00 seconds (0.00 work units)

    Nodes    |    Current Node    |     Objective Bounds      |     Work
 Expl Unexpl |  Obj  Depth IntInf | Incumbent    BestBd   Gap | It/Node Time

     0     0 264637.443    0   17 981199.963 264637.443  73.0%     -    0s
H    0     0                    343115.22489 264637.443  22.9%     -    0s
H    0     0                    333633.85324 264637.443  20.7%     -    0s
H    0     0                    326849.23264 264637.443  19.0%     -    0s
H    0     0                    326719.11347 264637.443  19.0%     -    0s
H    0     0                    324169.94983 264637.443  18.4%     -    0s
H    0     0                    296805.37573 264637.443  10.8%     -    0s
H    0     0                    290337.56202 264637.443  8.85%     -    0s
H    0     0                    289111.29968 264637.443  8.47%     -    0s
     0     0 281564.116    0   11 289111.300 281564.116  2.61%     -    0s
     0     0 281893.875    0   11 289111.300 281893.875  2.50%     -    0s
     0     0 281893.875    0   11 289111.300 281893.875  2.50%     -    0s
     0     0 284597.851    0    9 289111.300 284597.851  1.56%     -    0s
     0     0 284691.647    0   11 289111.300 284691.647  1.53%     -    0s
     0     0 284698.260    0   11 289111.300 284698.260  1.53%     -    0s
     0     0 285221.367    0    6 289111.300 285221.367  1.35%     -    0s
H    0     0                    289040.41455 285271.518  1.30%     -    0s
H    0     0                    288662.04686 285303.776  1.16%     -    0s
     0     0 285303.776    0    4 288662.047 285303.776  1.16%     -    0s
     0     0 285313.235    0    4 288662.047 285313.235  1.16%     -    0s
     0     0 285363.419    0    8 288662.047 285363.419  1.14%     -    0s
     0     0 285390.533    0    8 288662.047 285390.533  1.13%     -    0s
     0     2 285390.533    0    8 288662.047 285390.533  1.13%     -    0s
H   62    55                    288311.81644 285689.531  0.91%  18.3    0s
*  111    69               9    287751.40796 285966.563  0.62%  17.9    0s

Cutting planes:
  Implied bound: 88
  MIR: 12
  Flow cover: 9
  Relax-and-lift: 4

Explored 334 nodes (4897 simplex iterations) in 0.05 seconds (0.09 work units)
Thread count was 10 (of 10 available processors)

Solution count 10: 287751 288312 288662 ... 333634

Optimal solution found (tolerance 1.00e-04)
Best objective 2.877514079594e+05, best bound 2.877514079594e+05, gap 0.0000%

User-callback calls 1006, time in user-callback 0.00 sec
