
Gurobi 12.0.3 (mac64[arm]) logging started Wed Dec  3 02:10:56 2025

Set parameter LogFile to value "/Users/arnav/projects/Candidate-Selection-via-Stochastic-IP/Facility_Location/Heuristic/logs/scenario82_20251203_021053.log"
Set parameter LogToConsole to value 1
Set parameter OutputFlag to value 1

Gurobi 12.0.3 (mac64[arm]) logging started Wed Dec  3 02:10:56 2025

Set parameter LogFile to value "/Users/arnav/projects/Candidate-Selection-via-Stochastic-IP/Facility_Location/Heuristic/logs/scenario82_20251203_021053.log"
Set parameter OutputFlag to value 1
Gurobi Optimizer version 12.0.3 build v12.0.3rc0 (mac64[arm] - Darwin 24.6.0 24G84)

CPU model: Apple M4
Thread count: 10 physical cores, 10 logical processors, using up to 10 threads

Non-default parameters:
TimeLimit  120

Optimize a model with 75 rows, 1325 columns and 2575 nonzeros
Model fingerprint: 0x030df676
Variable types: 1300 continuous, 25 integer (25 binary)
Coefficient statistics:
  Matrix range     [1e+00, 4e+03]
  Objective range  [3e-01, 8e+03]
  Bounds range     [0e+00, 0e+00]
  RHS range        [7e+01, 4e+03]
Found heuristic solution: objective 234755.66060
Presolve removed 27 rows and 774 columns
Presolve time: 0.00s
Presolved: 48 rows, 551 columns, 1055 nonzeros
Variable types: 527 continuous, 24 integer (24 binary)

Root relaxation: objective 5.116243e+04, 57 iterations, 0.00 seconds (0.00 work units)

    Nodes    |    Current Node    |     Objective Bounds      |     Work
 Expl Unexpl |  Obj  Depth IntInf | Incumbent    BestBd   Gap | It/Node Time

     0     0 51162.4277    0   14 234755.661 51162.4277  78.2%     -    0s
H    0     0                    136607.82238 51162.4277  62.5%     -    0s
H    0     0                    91244.443701 51162.4277  43.9%     -    0s
H    0     0                    86459.993551 51162.4277  40.8%     -    0s
     0     0 57597.1176    0   12 86459.9936 57597.1176  33.4%     -    0s
H    0     0                    74421.817269 58032.2620  22.0%     -    0s
H    0     0                    73738.289728 58032.2620  21.3%     -    0s
     0     0 58032.2620    0   12 73738.2897 58032.2620  21.3%     -    0s
H    0     0                    71651.372086 59805.5929  16.5%     -    0s
     0     0 59805.5929    0   11 71651.3721 59805.5929  16.5%     -    0s
H    0     0                    71050.530736 60390.6067  15.0%     -    0s
     0     0 60390.6067    0   10 71050.5307 60390.6067  15.0%     -    0s
     0     0 61780.0414    0    8 71050.5307 61780.0414  13.0%     -    0s
H    0     0                    69580.974955 61868.0070  11.1%     -    0s
H    0     0                    69191.319985 63018.3720  8.92%     -    0s
H    0     0                    68027.059844 63018.3720  7.36%     -    0s
     0     0 63018.3720    0    6 68027.0598 63018.3720  7.36%     -    0s
     0     0 63100.9451    0    6 68027.0598 63100.9451  7.24%     -    0s
H    0     0                    65824.071465 63100.9451  4.14%     -    0s
     0     0 64653.9776    0    4 65824.0715 64653.9776  1.78%     -    0s
     0     0 64702.2489    0    6 65824.0715 64702.2489  1.70%     -    0s
     0     0 64702.2489    0    6 65824.0715 64702.2489  1.70%     -    0s
     0     0 64811.2664    0    8 65824.0715 64811.2664  1.54%     -    0s
     0     0 64811.2664    0    8 65824.0715 64811.2664  1.54%     -    0s
     0     0 64811.2664    0    7 65824.0715 64811.2664  1.54%     -    0s
     0     0 64811.2664    0    3 65824.0715 64811.2664  1.54%     -    0s
     0     0 64811.2664    0    5 65824.0715 64811.2664  1.54%     -    0s
     0     0 64811.2664    0    4 65824.0715 64811.2664  1.54%     -    0s
     0     0 64811.2664    0    5 65824.0715 64811.2664  1.54%     -    0s
     0     0 64811.2664    0    6 65824.0715 64811.2664  1.54%     -    0s
     0     0 64811.2664    0    1 65824.0715 64811.2664  1.54%     -    0s
     0     0 64811.2664    0    7 65824.0715 64811.2664  1.54%     -    0s
     0     0 64811.2664    0    7 65824.0715 64811.2664  1.54%     -    0s
     0     2 64811.2664    0    7 65824.0715 64811.2664  1.54%     -    0s

Cutting planes:
  Gomory: 2
  Implied bound: 50
  MIR: 5
  Relax-and-lift: 1

Explored 56 nodes (637 simplex iterations) in 0.03 seconds (0.04 work units)
Thread count was 10 (of 10 available processors)

Solution count 10: 65824.1 68027.1 69191.3 ... 91244.4

Optimal solution found (tolerance 1.00e-04)
Best objective 6.582407146517e+04, best bound 6.582407146517e+04, gap 0.0000%

User-callback calls 507, time in user-callback 0.00 sec
