
Gurobi 12.0.3 (mac64[arm]) logging started Tue Dec  2 19:40:34 2025

Set parameter LogFile to value "/Users/arnav/projects/Candidate-Selection-via-Stochastic-IP/Facility_Location/Heuristic/logs/scenario43_20251202_194032.log"
Set parameter LogToConsole to value 1
Set parameter OutputFlag to value 1

Gurobi 12.0.3 (mac64[arm]) logging started Tue Dec  2 19:40:34 2025

Set parameter LogFile to value "/Users/arnav/projects/Candidate-Selection-via-Stochastic-IP/Facility_Location/Heuristic/logs/scenario43_20251202_194032.log"
Set parameter OutputFlag to value 1
Gurobi Optimizer version 12.0.3 build v12.0.3rc0 (mac64[arm] - Darwin 24.6.0 24G84)

CPU model: Apple M4
Thread count: 10 physical cores, 10 logical processors, using up to 10 threads

Non-default parameters:
TimeLimit  120

Optimize a model with 75 rows, 1325 columns and 2575 nonzeros
Model fingerprint: 0x5d52ff31
Variable types: 1300 continuous, 25 integer (25 binary)
Coefficient statistics:
  Matrix range     [1e+00, 4e+03]
  Objective range  [3e-01, 8e+03]
  Bounds range     [0e+00, 0e+00]
  RHS range        [3e+01, 6e+03]
Found heuristic solution: objective 443458.11651
Presolve removed 23 rows and 690 columns
Presolve time: 0.00s
Presolved: 52 rows, 635 columns, 1219 nonzeros
Variable types: 611 continuous, 24 integer (24 binary)

Root relaxation: objective 1.220431e+05, 52 iterations, 0.00 seconds (0.00 work units)

    Nodes    |    Current Node    |     Objective Bounds      |     Work
 Expl Unexpl |  Obj  Depth IntInf | Incumbent    BestBd   Gap | It/Node Time

     0     0 122043.081    0   17 443458.117 122043.081  72.5%     -    0s
H    0     0                    207769.95672 122043.081  41.3%     -    0s
H    0     0                    173969.06878 122043.081  29.8%     -    0s
H    0     0                    173381.80199 122043.081  29.6%     -    0s
H    0     0                    168518.68096 122043.081  27.6%     -    0s
H    0     0                    153951.49549 136053.390  11.6%     -    0s
     0     0 136053.390    0   12 153951.495 136053.390  11.6%     -    0s
H    0     0                    148932.24363 136869.007  8.10%     -    0s
     0     0 138423.588    0    9 148932.244 138423.588  7.06%     -    0s
H    0     0                    147224.96238 138607.243  5.85%     -    0s
     0     0 138651.454    0    6 147224.962 138651.454  5.82%     -    0s
H    0     0                    146540.70108 139578.155  4.75%     -    0s
H    0     0                    145888.77304 139578.155  4.33%     -    0s
     0     0 139578.155    0    8 145888.773 139578.155  4.33%     -    0s
H    0     0                    143435.60348 139578.155  2.69%     -    0s
     0     0 139578.155    0    8 143435.603 139578.155  2.69%     -    0s
     0     0 139578.155    0    8 143435.603 139578.155  2.69%     -    0s
     0     0 139578.155    0    5 143435.603 139578.155  2.69%     -    0s
H    0     0                    142122.16383 139578.155  1.79%     -    0s
     0     0 140024.309    0    3 142122.164 140024.309  1.48%     -    0s
     0     0 140258.731    0    5 142122.164 140258.731  1.31%     -    0s
     0     0 140293.808    0    5 142122.164 140293.808  1.29%     -    0s
     0     0 140577.194    0    5 142122.164 140577.194  1.09%     -    0s
     0     0 140580.124    0    6 142122.164 140580.124  1.09%     -    0s
     0     0 140989.247    0    1 142122.164 140989.247  0.80%     -    0s
     0     0 140989.247    0    1 142122.164 140989.247  0.80%     -    0s
     0     0 141821.269    0    8 142122.164 141821.269  0.21%     -    0s
     0     0 141821.269    0    8 142122.164 141821.269  0.21%     -    0s
     0     0 141821.269    0   11 142122.164 141821.269  0.21%     -    0s
     0     0 141821.269    0   12 142122.164 141821.269  0.21%     -    0s
     0     0 141821.269    0    7 142122.164 141821.269  0.21%     -    0s
     0     0 141821.269    0    7 142122.164 141821.269  0.21%     -    0s
     0     0 141821.269    0    5 142122.164 141821.269  0.21%     -    0s
     0     0 141821.269    0    4 142122.164 141821.269  0.21%     -    0s
     0     0 141821.269    0    3 142122.164 141821.269  0.21%     -    0s
     0     0 141821.269    0    6 142122.164 141821.269  0.21%     -    0s
     0     0 141821.269    0    5 142122.164 141821.269  0.21%     -    0s
     0     0 141821.269    0    5 142122.164 141821.269  0.21%     -    0s
     0     0 141821.269    0    3 142122.164 141821.269  0.21%     -    0s
     0     0 141821.269    0    2 142122.164 141821.269  0.21%     -    0s

Cutting planes:
  Implied bound: 47
  MIR: 13
  Flow cover: 1
  Relax-and-lift: 3

Explored 1 nodes (547 simplex iterations) in 0.04 seconds (0.04 work units)
Thread count was 10 (of 10 available processors)

Solution count 10: 142122 143436 145889 ... 207770

Optimal solution found (tolerance 1.00e-04)
Best objective 1.421221638350e+05, best bound 1.421221638350e+05, gap 0.0000%

User-callback calls 401, time in user-callback 0.00 sec
