
Gurobi 12.0.3 (mac64[arm]) logging started Wed Dec  3 02:10:56 2025

Set parameter LogFile to value "/Users/arnav/projects/Candidate-Selection-via-Stochastic-IP/Facility_Location/Heuristic/logs/scenario59_20251203_021053.log"
Set parameter LogToConsole to value 1
Set parameter OutputFlag to value 1

Gurobi 12.0.3 (mac64[arm]) logging started Wed Dec  3 02:10:56 2025

Set parameter LogFile to value "/Users/arnav/projects/Candidate-Selection-via-Stochastic-IP/Facility_Location/Heuristic/logs/scenario59_20251203_021053.log"
Set parameter OutputFlag to value 1
Gurobi Optimizer version 12.0.3 build v12.0.3rc0 (mac64[arm] - Darwin 24.6.0 24G84)

CPU model: Apple M4
Thread count: 10 physical cores, 10 logical processors, using up to 10 threads

Non-default parameters:
TimeLimit  120

Optimize a model with 75 rows, 1325 columns and 2575 nonzeros
Model fingerprint: 0xd750374e
Variable types: 1300 continuous, 25 integer (25 binary)
Coefficient statistics:
  Matrix range     [1e+00, 4e+03]
  Objective range  [3e-01, 8e+03]
  Bounds range     [0e+00, 0e+00]
  RHS range        [3e+01, 6e+03]
Found heuristic solution: objective 326976.64921
Presolve removed 27 rows and 777 columns
Presolve time: 0.00s
Presolved: 48 rows, 548 columns, 1049 nonzeros
Variable types: 524 continuous, 24 integer (24 binary)

Root relaxation: objective 1.039445e+05, 50 iterations, 0.00 seconds (0.00 work units)

    Nodes    |    Current Node    |     Objective Bounds      |     Work
 Expl Unexpl |  Obj  Depth IntInf | Incumbent    BestBd   Gap | It/Node Time

     0     0 103944.458    0   11 326976.649 103944.458  68.2%     -    0s
H    0     0                    165113.71922 103944.458  37.0%     -    0s
H    0     0                    137475.92439 103944.458  24.4%     -    0s
H    0     0                    132011.82877 105512.643  20.1%     -    0s
H    0     0                    126147.32619 112081.588  11.2%     -    0s
H    0     0                    126138.58235 112081.588  11.1%     -    0s
     0     0 112081.588    0   11 126138.582 112081.588  11.1%     -    0s
H    0     0                    121468.63992 112270.857  7.57%     -    0s
     0     0 112270.857    0   11 121468.640 112270.857  7.57%     -    0s
     0     0 114612.922    0    5 121468.640 114612.922  5.64%     -    0s
     0     0 115451.362    0    6 121468.640 115451.362  4.95%     -    0s
     0     0 115735.382    0    5 121468.640 115735.382  4.72%     -    0s
H    0     0                    118127.46207 115827.516  1.95%     -    0s
     0     0 116211.650    0    6 118127.462 116211.650  1.62%     -    0s
     0     0 116958.228    0   11 118127.462 116958.228  0.99%     -    0s
     0     0 117085.186    0    5 118127.462 117085.186  0.88%     -    0s
     0     0 117144.171    0    9 118127.462 117144.171  0.83%     -    0s
     0     0 117151.067    0   10 118127.462 117151.067  0.83%     -    0s
     0     0 117199.204    0    5 118127.462 117199.204  0.79%     -    0s
     0     0 117210.184    0    5 118127.462 117210.184  0.78%     -    0s
     0     0 117212.796    0    5 118127.462 117212.796  0.77%     -    0s
     0     0 117250.775    0    7 118127.462 117250.775  0.74%     -    0s
     0     0 117250.775    0    4 118127.462 117250.775  0.74%     -    0s
     0     0 117250.775    0    4 118127.462 117250.775  0.74%     -    0s
     0     0 117250.775    0    5 118127.462 117250.775  0.74%     -    0s
     0     0 117250.775    0    2 118127.462 117250.775  0.74%     -    0s
     0     0 117250.775    0    2 118127.462 117250.775  0.74%     -    0s
     0     0 117251.413    0    6 118127.462 117251.413  0.74%     -    0s
     0     0 117289.443    0    6 118127.462 117289.443  0.71%     -    0s
     0     0 117289.443    0    6 118127.462 117289.443  0.71%     -    0s
     0     0 117315.691    0    1 118127.462 117315.691  0.69%     -    0s
     0     0 117315.691    0    4 118127.462 117315.691  0.69%     -    0s
     0     0 117315.691    0    3 118127.462 117315.691  0.69%     -    0s
     0     0 117315.691    0    3 118127.462 117315.691  0.69%     -    0s
     0     0 117315.691    0    2 118127.462 117315.691  0.69%     -    0s
     0     0 117357.305    0    1 118127.462 117357.305  0.65%     -    0s

Cutting planes:
  Implied bound: 8
  MIR: 4
  Flow cover: 1
  Relax-and-lift: 2

Explored 1 nodes (303 simplex iterations) in 0.03 seconds (0.03 work units)
Thread count was 10 (of 10 available processors)

Solution count 8: 118127 121469 123577 ... 326977

Optimal solution found (tolerance 1.00e-04)
Best objective 1.181274620665e+05, best bound 1.181274620665e+05, gap 0.0000%

User-callback calls 399, time in user-callback 0.00 sec
