
Gurobi 12.0.3 (mac64[arm]) logging started Tue Dec  2 19:40:33 2025

Set parameter LogFile to value "/Users/arnav/projects/Candidate-Selection-via-Stochastic-IP/Facility_Location/Heuristic/logs/scenario30_20251202_194032.log"
Set parameter LogToConsole to value 1
Set parameter OutputFlag to value 1

Gurobi 12.0.3 (mac64[arm]) logging started Tue Dec  2 19:40:33 2025

Set parameter LogFile to value "/Users/arnav/projects/Candidate-Selection-via-Stochastic-IP/Facility_Location/Heuristic/logs/scenario30_20251202_194032.log"
Set parameter OutputFlag to value 1
Gurobi Optimizer version 12.0.3 build v12.0.3rc0 (mac64[arm] - Darwin 24.6.0 24G84)

CPU model: Apple M4
Thread count: 10 physical cores, 10 logical processors, using up to 10 threads

Non-default parameters:
TimeLimit  120

Optimize a model with 75 rows, 1325 columns and 2575 nonzeros
Model fingerprint: 0xe14d847d
Variable types: 1300 continuous, 25 integer (25 binary)
Coefficient statistics:
  Matrix range     [1e+00, 4e+03]
  Objective range  [3e-01, 8e+03]
  Bounds range     [0e+00, 0e+00]
  RHS range        [3e+01, 7e+03]
Found heuristic solution: objective 423014.08234
Presolve removed 25 rows and 724 columns
Presolve time: 0.00s
Presolved: 50 rows, 601 columns, 1153 nonzeros
Variable types: 577 continuous, 24 integer (24 binary)

Root relaxation: objective 1.048634e+05, 54 iterations, 0.00 seconds (0.00 work units)

    Nodes    |    Current Node    |     Objective Bounds      |     Work
 Expl Unexpl |  Obj  Depth IntInf | Incumbent    BestBd   Gap | It/Node Time

     0     0 104863.412    0   14 423014.082 104863.412  75.2%     -    0s
H    0     0                    185361.84778 104863.412  43.4%     -    0s
H    0     0                    155656.77844 104863.412  32.6%     -    0s
H    0     0                    153365.05460 104863.412  31.6%     -    0s
H    0     0                    149653.83002 104863.412  29.9%     -    0s
H    0     0                    126645.03429 116242.382  8.21%     -    0s
     0     0 116242.382    0   14 126645.034 116242.382  8.21%     -    0s
     0     0 116764.982    0   13 126645.034 116764.982  7.80%     -    0s
H    0     0                    126625.30167 119955.518  5.27%     -    0s
     0     0 119955.518    0    7 126625.302 119955.518  5.27%     -    0s
H    0     0                    122647.88517 120068.040  2.10%     -    0s
     0     0 120068.040    0    7 122647.885 120068.040  2.10%     -    0s
H    0     0                    122300.69241 120068.040  1.83%     -    0s
     0     0 120882.508    0    9 122300.692 120882.508  1.16%     -    0s
     0     0 121069.962    0    8 122300.692 121069.962  1.01%     -    0s
     0     0 121225.079    0    7 122300.692 121225.079  0.88%     -    0s
H    0     0                    122144.75570 121225.079  0.75%     -    0s
     0     0 121619.179    0    3 122144.756 121619.179  0.43%     -    0s
     0     0 121619.179    0   10 122144.756 121619.179  0.43%     -    0s
     0     0 121619.179    0    8 122144.756 121619.179  0.43%     -    0s
     0     0 121619.179    0    8 122144.756 121619.179  0.43%     -    0s
     0     0 121619.179    0    5 122144.756 121619.179  0.43%     -    0s
     0     0 121619.179    0    6 122144.756 121619.179  0.43%     -    0s
     0     0 121619.179    0    5 122144.756 121619.179  0.43%     -    0s
     0     0 121619.179    0    4 122144.756 121619.179  0.43%     -    0s
     0     0 121619.179    0    3 122144.756 121619.179  0.43%     -    0s
     0     0 121633.971    0    2 122144.756 121633.971  0.42%     -    0s
H    0     0                    122089.26272 121633.971  0.37%     -    0s
     0     0 121645.588    0    2 122089.263 121645.588  0.36%     -    0s
     0     0 121645.588    0    2 122089.263 121645.588  0.36%     -    0s
     0     0 121645.588    0    7 122089.263 121645.588  0.36%     -    0s
     0     0 121645.588    0    8 122089.263 121645.588  0.36%     -    0s
     0     0 121645.588    0    6 122089.263 121645.588  0.36%     -    0s
     0     0 121645.588    0    5 122089.263 121645.588  0.36%     -    0s
     0     0 121645.588    0    2 122089.263 121645.588  0.36%     -    0s
     0     0 121649.976    0    5 122089.263 121649.976  0.36%     -    0s
     0     0 122089.263    0    5 122089.263 122089.263  0.00%     -    0s

Cutting planes:
  Implied bound: 30
  MIR: 8
  Flow cover: 5
  Relax-and-lift: 4

Explored 1 nodes (481 simplex iterations) in 0.03 seconds (0.03 work units)
Thread count was 10 (of 10 available processors)

Solution count 8: 122089 122301 126625 ... 423014

Optimal solution found (tolerance 1.00e-04)
Best objective 1.220892627183e+05, best bound 1.220892627183e+05, gap 0.0000%

User-callback calls 400, time in user-callback 0.00 sec
