
Gurobi 12.0.3 (mac64[arm]) logging started Tue Dec  2 19:40:34 2025

Set parameter LogFile to value "/Users/arnav/projects/Candidate-Selection-via-Stochastic-IP/Facility_Location/Heuristic/logs/scenario49_20251202_194032.log"
Set parameter LogToConsole to value 1
Set parameter OutputFlag to value 1

Gurobi 12.0.3 (mac64[arm]) logging started Tue Dec  2 19:40:34 2025

Set parameter LogFile to value "/Users/arnav/projects/Candidate-Selection-via-Stochastic-IP/Facility_Location/Heuristic/logs/scenario49_20251202_194032.log"
Set parameter OutputFlag to value 1
Gurobi Optimizer version 12.0.3 build v12.0.3rc0 (mac64[arm] - Darwin 24.6.0 24G84)

CPU model: Apple M4
Thread count: 10 physical cores, 10 logical processors, using up to 10 threads

Non-default parameters:
TimeLimit  120

Optimize a model with 75 rows, 1325 columns and 2575 nonzeros
Model fingerprint: 0xe2a7c0a8
Variable types: 1300 continuous, 25 integer (25 binary)
Coefficient statistics:
  Matrix range     [1e+00, 4e+03]
  Objective range  [3e-01, 8e+03]
  Bounds range     [0e+00, 0e+00]
  RHS range        [4e+01, 8e+03]
Found heuristic solution: objective 494692.68224
Presolve removed 23 rows and 665 columns
Presolve time: 0.00s
Presolved: 52 rows, 660 columns, 1269 nonzeros
Variable types: 636 continuous, 24 integer (24 binary)

Root relaxation: objective 1.152635e+05, 45 iterations, 0.00 seconds (0.00 work units)

    Nodes    |    Current Node    |     Objective Bounds      |     Work
 Expl Unexpl |  Obj  Depth IntInf | Incumbent    BestBd   Gap | It/Node Time

     0     0 115263.523    0   15 494692.682 115263.523  76.7%     -    0s
H    0     0                    195297.66941 115263.523  41.0%     -    0s
H    0     0                    167936.70105 115263.523  31.4%     -    0s
H    0     0                    161523.55782 115263.523  28.6%     -    0s
H    0     0                    158860.82014 116742.333  26.5%     -    0s
H    0     0                    152770.97945 116742.333  23.6%     -    0s
H    0     0                    133764.15377 125187.319  6.41%     -    0s
     0     0 125187.319    0    9 133764.154 125187.319  6.41%     -    0s
H    0     0                    132437.47354 128199.443  3.20%     -    0s
     0     0 128199.443    0    9 132437.474 128199.443  3.20%     -    0s
H    0     0                    132290.72223 128324.539  3.00%     -    0s
     0     0 128753.205    0    5 132290.722 128753.205  2.67%     -    0s
     0     0 128815.625    0    5 132290.722 128815.625  2.63%     -    0s
     0     0 128930.700    0    3 132290.722 128930.700  2.54%     -    0s
H    0     0                    131559.42808 128930.700  2.00%     -    0s
     0     0 128947.859    0    3 131559.428 128947.859  1.99%     -    0s
     0     0 128947.859    0    3 131559.428 128947.859  1.99%     -    0s
     0     0 129055.117    0   14 131559.428 129055.117  1.90%     -    0s
     0     0 129055.117    0   10 131559.428 129055.117  1.90%     -    0s
     0     0 129055.117    0    5 131559.428 129055.117  1.90%     -    0s
     0     0 129055.117    0    3 131559.428 129055.117  1.90%     -    0s
     0     0 129055.117    0    3 131559.428 129055.117  1.90%     -    0s
     0     0 129079.852    0    2 131559.428 129079.852  1.88%     -    0s
     0     0 129083.035    0    2 131559.428 129083.035  1.88%     -    0s
     0     0 129130.240    0    7 131559.428 129130.240  1.85%     -    0s
     0     0 129132.637    0    7 131559.428 129132.637  1.84%     -    0s
     0     2 129132.637    0    7 131559.428 129132.637  1.84%     -    0s
*   66     5               9    131546.48675 129880.296  1.27%   8.9    0s

Cutting planes:
  Implied bound: 46
  MIR: 8
  Flow cover: 5
  Relax-and-lift: 1

Explored 95 nodes (1160 simplex iterations) in 0.04 seconds (0.04 work units)
Thread count was 10 (of 10 available processors)

Solution count 10: 131546 131559 132291 ... 195298

Optimal solution found (tolerance 1.00e-04)
Best objective 1.315464867502e+05, best bound 1.315464867502e+05, gap 0.0000%

User-callback calls 556, time in user-callback 0.00 sec
