
Gurobi 12.0.3 (mac64[arm]) logging started Tue Dec  2 19:38:23 2025

Set parameter LogFile to value "/Users/arnav/projects/Candidate-Selection-via-Stochastic-IP/Facility_Location/Heuristic/logs/scenario76_20251202_193819.log"
Set parameter LogToConsole to value 1
Set parameter OutputFlag to value 1

Gurobi 12.0.3 (mac64[arm]) logging started Tue Dec  2 19:38:23 2025

Set parameter LogFile to value "/Users/arnav/projects/Candidate-Selection-via-Stochastic-IP/Facility_Location/Heuristic/logs/scenario76_20251202_193819.log"
Set parameter OutputFlag to value 1
Gurobi Optimizer version 12.0.3 build v12.0.3rc0 (mac64[arm] - Darwin 24.6.0 24G84)

CPU model: Apple M4
Thread count: 10 physical cores, 10 logical processors, using up to 10 threads

Non-default parameters:
TimeLimit  120

Optimize a model with 75 rows, 1325 columns and 2575 nonzeros
Model fingerprint: 0x89f0d61e
Variable types: 1300 continuous, 25 integer (25 binary)
Coefficient statistics:
  Matrix range     [1e+00, 4e+03]
  Objective range  [3e-01, 8e+03]
  Bounds range     [0e+00, 0e+00]
  RHS range        [2e+01, 5e+03]
Found heuristic solution: objective 370003.34712
Presolve removed 23 rows and 675 columns
Presolve time: 0.00s
Presolved: 52 rows, 650 columns, 1249 nonzeros
Variable types: 626 continuous, 24 integer (24 binary)

Root relaxation: objective 9.137852e+04, 47 iterations, 0.00 seconds (0.00 work units)

    Nodes    |    Current Node    |     Objective Bounds      |     Work
 Expl Unexpl |  Obj  Depth IntInf | Incumbent    BestBd   Gap | It/Node Time

     0     0 91378.5161    0   17 370003.347 91378.5161  75.3%     -    0s
H    0     0                    185267.03313 91378.5161  50.7%     -    0s
H    0     0                    142560.78107 91378.5161  35.9%     -    0s
H    0     0                    127567.75164 93391.2665  26.8%     -    0s
H    0     0                    122214.89738 98894.1566  19.1%     -    0s
H    0     0                    120342.15386 98894.1566  17.8%     -    0s
     0     0 98894.1566    0   11 120342.154 98894.1566  17.8%     -    0s
H    0     0                    116313.16446 99384.7938  14.6%     -    0s
H    0     0                    112926.16160 99384.7938  12.0%     -    0s
     0     0 101197.123    0   10 112926.162 101197.123  10.4%     -    0s
H    0     0                    110733.31408 101289.177  8.53%     -    0s
H    0     0                    104159.84543 101289.177  2.76%     -    0s
     0     0 101289.177    0   10 104159.845 101289.177  2.76%     -    0s
H    0     0                    103686.84683 101289.177  2.31%     -    0s
     0     0 102058.865    0    3 103686.847 102058.865  1.57%     -    0s
     0     0 102174.865    0    3 103686.847 102174.865  1.46%     -    0s
     0     0 102177.499    0    3 103686.847 102177.499  1.46%     -    0s
     0     0 102358.246    0    6 103686.847 102358.246  1.28%     -    0s
     0     0 102388.546    0    4 103686.847 102388.546  1.25%     -    0s
     0     0 102494.608    0    1 103686.847 102494.608  1.15%     -    0s
     0     0 102494.815    0    1 103686.847 102494.815  1.15%     -    0s
     0     0 102500.045    0    1 103686.847 102500.045  1.14%     -    0s
     0     0 102500.045    0    1 103686.847 102500.045  1.14%     -    0s
     0     0 102500.045    0   12 103686.847 102500.045  1.14%     -    0s
     0     0 102500.045    0    7 103686.847 102500.045  1.14%     -    0s
     0     0 102500.045    0    8 103686.847 102500.045  1.14%     -    0s
     0     0 102500.045    0    5 103686.847 102500.045  1.14%     -    0s
     0     0 102500.045    0    3 103686.847 102500.045  1.14%     -    0s
     0     0 102500.045    0    3 103686.847 102500.045  1.14%     -    0s
     0     0 102500.045    0    2 103686.847 102500.045  1.14%     -    0s
     0     0 102500.045    0    2 103686.847 102500.045  1.14%     -    0s
     0     0 102500.766    0    2 103686.847 102500.766  1.14%     -    0s
     0     0 102507.865    0    1 103686.847 102507.865  1.14%     -    0s
     0     0 102519.087    0    3 103686.847 102519.087  1.13%     -    0s
     0     0 102519.178    0    3 103686.847 102519.178  1.13%     -    0s
     0     2 102519.178    0    3 103686.847 102519.178  1.13%     -    0s

Cutting planes:
  Implied bound: 51
  MIR: 8
  Flow cover: 1
  Relax-and-lift: 2

Explored 22 nodes (632 simplex iterations) in 0.13 seconds (0.05 work units)
Thread count was 10 (of 10 available processors)

Solution count 10: 103687 104160 110733 ... 185267

Optimal solution found (tolerance 1.00e-04)
Best objective 1.036868468262e+05, best bound 1.036868468262e+05, gap 0.0000%

User-callback calls 475, time in user-callback 0.00 sec
