
Gurobi 12.0.3 (mac64[arm]) logging started Tue Dec  2 19:38:21 2025

Set parameter LogFile to value "/Users/arnav/projects/Candidate-Selection-via-Stochastic-IP/Facility_Location/Heuristic/logs/scenario39_20251202_193819.log"
Set parameter LogToConsole to value 1
Set parameter OutputFlag to value 1

Gurobi 12.0.3 (mac64[arm]) logging started Tue Dec  2 19:38:21 2025

Set parameter LogFile to value "/Users/arnav/projects/Candidate-Selection-via-Stochastic-IP/Facility_Location/Heuristic/logs/scenario39_20251202_193819.log"
Set parameter OutputFlag to value 1
Gurobi Optimizer version 12.0.3 build v12.0.3rc0 (mac64[arm] - Darwin 24.6.0 24G84)

CPU model: Apple M4
Thread count: 10 physical cores, 10 logical processors, using up to 10 threads

Non-default parameters:
TimeLimit  120

Optimize a model with 75 rows, 1325 columns and 2575 nonzeros
Model fingerprint: 0x9a57b018
Variable types: 1300 continuous, 25 integer (25 binary)
Coefficient statistics:
  Matrix range     [1e+00, 4e+03]
  Objective range  [3e-01, 8e+03]
  Bounds range     [0e+00, 0e+00]
  RHS range        [3e+01, 1e+04]
Found heuristic solution: objective 425481.71840
Presolve removed 27 rows and 766 columns
Presolve time: 0.00s
Presolved: 48 rows, 559 columns, 1071 nonzeros
Variable types: 535 continuous, 24 integer (24 binary)

Root relaxation: objective 9.941273e+04, 48 iterations, 0.00 seconds (0.00 work units)

    Nodes    |    Current Node    |     Objective Bounds      |     Work
 Expl Unexpl |  Obj  Depth IntInf | Incumbent    BestBd   Gap | It/Node Time

     0     0 99412.7327    0   11 425481.718 99412.7327  76.6%     -    0s
H    0     0                    164636.98617 99412.7327  39.6%     -    0s
H    0     0                    132417.54385 99412.7327  24.9%     -    0s
H    0     0                    124086.91997 99412.7327  19.9%     -    0s
H    0     0                    114515.23844 105842.256  7.57%     -    0s
     0     0 105842.256    0   10 114515.238 105842.256  7.57%     -    0s
H    0     0                    113363.36617 105990.841  6.50%     -    0s
     0     0 105990.841    0   10 113363.366 105990.841  6.50%     -    0s
     0     0 108345.420    0    9 113363.366 108345.420  4.43%     -    0s
H    0     0                    113318.38542 108638.161  4.13%     -    0s
     0     0 109666.299    0    8 113318.385 109666.299  3.22%     -    0s
H    0     0                    112600.25347 109741.258  2.54%     -    0s
     0     0 109741.258    0    8 112600.253 109741.258  2.54%     -    0s
H    0     0                    112428.11570 109741.258  2.39%     -    0s
     0     0 110032.986    0    7 112428.116 110032.986  2.13%     -    0s
     0     0 110044.680    0    7 112428.116 110044.680  2.12%     -    0s
     0     0 110100.361    0    5 112428.116 110100.361  2.07%     -    0s
     0     0 110147.988    0    7 112428.116 110147.988  2.03%     -    0s
     0     0 110153.034    0    7 112428.116 110153.034  2.02%     -    0s
     0     0 110194.472    0    8 112428.116 110194.472  1.99%     -    0s
     0     0 110194.472    0    8 112428.116 110194.472  1.99%     -    0s
     0     0 110194.472    0    8 112428.116 110194.472  1.99%     -    0s
     0     0 110194.472    0    8 112428.116 110194.472  1.99%     -    0s
     0     0 110194.472    0    9 112428.116 110194.472  1.99%     -    0s
     0     0 110194.472    0    8 112428.116 110194.472  1.99%     -    0s
     0     0 110194.472    0    8 112428.116 110194.472  1.99%     -    0s
     0     0 110194.472    0    6 112428.116 110194.472  1.99%     -    0s
     0     0 110211.344    0    8 112428.116 110211.344  1.97%     -    0s
     0     0 110213.888    0    8 112428.116 110213.888  1.97%     -    0s
     0     0 110227.401    0    7 112428.116 110227.401  1.96%     -    0s
     0     0 110228.788    0    7 112428.116 110228.788  1.96%     -    0s
     0     0 110234.839    0    5 112428.116 110234.839  1.95%     -    0s
     0     0 110240.647    0    6 112428.116 110240.647  1.95%     -    0s
     0     0 110240.647    0    6 112428.116 110240.647  1.95%     -    0s
     0     2 110430.198    0    6 112428.116 110430.198  1.78%     -    0s

Cutting planes:
  Implied bound: 47
  MIR: 11
  Relax-and-lift: 2

Explored 67 nodes (974 simplex iterations) in 0.04 seconds (0.05 work units)
Thread count was 10 (of 10 available processors)

Solution count 8: 112428 112600 113318 ... 425482

Optimal solution found (tolerance 1.00e-04)
Best objective 1.124281157015e+05, best bound 1.124281157015e+05, gap 0.0000%

User-callback calls 543, time in user-callback 0.00 sec
