
Gurobi 12.0.3 (mac64[arm]) logging started Tue Dec  2 19:38:21 2025

Set parameter LogFile to value "/Users/arnav/projects/Candidate-Selection-via-Stochastic-IP/Facility_Location/Heuristic/logs/scenario31_20251202_193819.log"
Set parameter LogToConsole to value 1
Set parameter OutputFlag to value 1

Gurobi 12.0.3 (mac64[arm]) logging started Tue Dec  2 19:38:21 2025

Set parameter LogFile to value "/Users/arnav/projects/Candidate-Selection-via-Stochastic-IP/Facility_Location/Heuristic/logs/scenario31_20251202_193819.log"
Set parameter OutputFlag to value 1
Gurobi Optimizer version 12.0.3 build v12.0.3rc0 (mac64[arm] - Darwin 24.6.0 24G84)

CPU model: Apple M4
Thread count: 10 physical cores, 10 logical processors, using up to 10 threads

Non-default parameters:
TimeLimit  120

Optimize a model with 75 rows, 1325 columns and 2575 nonzeros
Model fingerprint: 0x1a8696b6
Variable types: 1300 continuous, 25 integer (25 binary)
Coefficient statistics:
  Matrix range     [1e+00, 4e+03]
  Objective range  [3e-01, 8e+03]
  Bounds range     [0e+00, 0e+00]
  RHS range        [3e+01, 6e+03]
Found heuristic solution: objective 423303.18846
Presolve removed 20 rows and 612 columns
Presolve time: 0.00s
Presolved: 55 rows, 713 columns, 1372 nonzeros
Variable types: 689 continuous, 24 integer (24 binary)

Root relaxation: objective 1.068868e+05, 53 iterations, 0.00 seconds (0.00 work units)

    Nodes    |    Current Node    |     Objective Bounds      |     Work
 Expl Unexpl |  Obj  Depth IntInf | Incumbent    BestBd   Gap | It/Node Time

     0     0 106886.796    0   17 423303.188 106886.796  74.7%     -    0s
H    0     0                    194853.10795 106886.796  45.1%     -    0s
H    0     0                    184053.11657 106886.796  41.9%     -    0s
H    0     0                    167720.24279 121828.252  27.4%     -    0s
H    0     0                    134664.77461 121828.252  9.53%     -    0s
     0     0 121828.252    0   11 134664.775 121828.252  9.53%     -    0s
H    0     0                    131737.58114 122325.328  7.14%     -    0s
H    0     0                    131425.69341 124695.031  5.12%     -    0s
     0     0 124695.031    0    8 131425.693 124695.031  5.12%     -    0s
H    0     0                    131324.98747 124855.270  4.93%     -    0s
H    0     0                    129258.40272 124855.270  3.41%     -    0s
     0     0 125406.914    0    8 129258.403 125406.914  2.98%     -    0s
     0     0 125623.379    0    6 129258.403 125623.379  2.81%     -    0s
     0     0 126139.195    0    8 129258.403 126139.195  2.41%     -    0s
     0     0 126184.935    0    6 129258.403 126184.935  2.38%     -    0s
     0     0 126185.597    0    6 129258.403 126185.597  2.38%     -    0s
     0     0 127010.786    0    4 129258.403 127010.786  1.74%     -    0s
     0     0 127019.793    0    5 129258.403 127019.793  1.73%     -    0s
     0     0 127154.073    0    5 129258.403 127154.073  1.63%     -    0s
H    0     0                    128768.76001 127154.073  1.25%     -    0s
     0     0 127179.806    0    5 128768.760 127179.806  1.23%     -    0s
     0     0 127495.896    0    3 128768.760 127495.896  0.99%     -    0s
     0     0 127535.248    0    7 128768.760 127535.248  0.96%     -    0s
     0     0 127536.408    0    8 128768.760 127536.408  0.96%     -    0s
     0     0 127586.624    0    8 128768.760 127586.624  0.92%     -    0s
     0     0 127588.634    0    8 128768.760 127588.634  0.92%     -    0s
     0     0 127600.164    0   11 128768.760 127600.164  0.91%     -    0s
     0     0 127600.164    0   10 128768.760 127600.164  0.91%     -    0s
     0     0 127600.164    0    5 128768.760 127600.164  0.91%     -    0s
     0     0 127600.164    0   10 128768.760 127600.164  0.91%     -    0s
     0     0 127600.164    0    8 128768.760 127600.164  0.91%     -    0s
     0     0 127600.164    0    9 128768.760 127600.164  0.91%     -    0s
     0     0 127600.164    0    8 128768.760 127600.164  0.91%     -    0s
     0     0 127600.164    0    7 128768.760 127600.164  0.91%     -    0s
     0     0 127600.164    0    8 128768.760 127600.164  0.91%     -    0s
     0     0 127600.164    0    8 128768.760 127600.164  0.91%     -    0s
     0     0 127646.846    0    9 128768.760 127646.846  0.87%     -    0s
     0     0 127669.545    0    8 128768.760 127669.545  0.85%     -    0s
     0     0 127689.402    0    7 128768.760 127689.402  0.84%     -    0s
     0     0 127690.811    0    7 128768.760 127690.811  0.84%     -    0s
     0     0 127846.228    0    7 128768.760 127846.228  0.72%     -    0s
     0     0 127867.240    0    5 128768.760 127867.240  0.70%     -    0s
     0     0 127873.512    0    6 128768.760 127873.512  0.70%     -    0s
     0     0 127933.917    0    8 128768.760 127933.917  0.65%     -    0s
     0     0 127939.896    0    8 128768.760 127939.896  0.64%     -    0s
     0     2 127974.823    0    8 128768.760 127974.823  0.62%     -    0s

Cutting planes:
  Implied bound: 68
  MIR: 11
  Flow cover: 1
  Relax-and-lift: 1

Explored 36 nodes (905 simplex iterations) in 0.06 seconds (0.07 work units)
Thread count was 10 (of 10 available processors)

Solution count 10: 128769 129258 131325 ... 423303

Optimal solution found (tolerance 1.00e-04)
Best objective 1.287687600074e+05, best bound 1.287687600074e+05, gap 0.0000%

User-callback calls 515, time in user-callback 0.00 sec
