
Gurobi 12.0.3 (mac64[arm]) logging started Tue Dec  2 19:40:34 2025

Set parameter LogFile to value "/Users/arnav/projects/Candidate-Selection-via-Stochastic-IP/Facility_Location/Heuristic/logs/scenario42_20251202_194032.log"
Set parameter LogToConsole to value 1
Set parameter OutputFlag to value 1

Gurobi 12.0.3 (mac64[arm]) logging started Tue Dec  2 19:40:34 2025

Set parameter LogFile to value "/Users/arnav/projects/Candidate-Selection-via-Stochastic-IP/Facility_Location/Heuristic/logs/scenario42_20251202_194032.log"
Set parameter OutputFlag to value 1
Gurobi Optimizer version 12.0.3 build v12.0.3rc0 (mac64[arm] - Darwin 24.6.0 24G84)

CPU model: Apple M4
Thread count: 10 physical cores, 10 logical processors, using up to 10 threads

Non-default parameters:
TimeLimit  120

Optimize a model with 75 rows, 1325 columns and 2575 nonzeros
Model fingerprint: 0x14129a79
Variable types: 1300 continuous, 25 integer (25 binary)
Coefficient statistics:
  Matrix range     [1e+00, 4e+03]
  Objective range  [3e-01, 8e+03]
  Bounds range     [0e+00, 0e+00]
  RHS range        [3e+01, 1e+04]
Found heuristic solution: objective 402719.05862
Presolve removed 23 rows and 677 columns
Presolve time: 0.00s
Presolved: 52 rows, 648 columns, 1245 nonzeros
Variable types: 624 continuous, 24 integer (24 binary)

Root relaxation: objective 1.043633e+05, 55 iterations, 0.00 seconds (0.00 work units)

    Nodes    |    Current Node    |     Objective Bounds      |     Work
 Expl Unexpl |  Obj  Depth IntInf | Incumbent    BestBd   Gap | It/Node Time

     0     0 104363.271    0   13 402719.059 104363.271  74.1%     -    0s
H    0     0                    179498.67291 104363.271  41.9%     -    0s
H    0     0                    145703.85372 104363.271  28.4%     -    0s
H    0     0                    145289.06598 104363.271  28.2%     -    0s
H    0     0                    132093.41572 115347.891  12.7%     -    0s
     0     0 115347.891    0   10 132093.416 115347.891  12.7%     -    0s
H    0     0                    125179.20217 115708.100  7.57%     -    0s
     0     0 117810.422    0    7 125179.202 117810.422  5.89%     -    0s
     0     0 118075.870    0    6 125179.202 118075.870  5.67%     -    0s
     0     0 118181.079    0    7 125179.202 118181.079  5.59%     -    0s
H    0     0                    123598.42659 118181.079  4.38%     -    0s
     0     0 118262.552    0    5 123598.427 118262.552  4.32%     -    0s
H    0     0                    122513.14189 118262.552  3.47%     -    0s
     0     0 118272.436    0    4 122513.142 118272.436  3.46%     -    0s
     0     0 118496.029    0    5 122513.142 118496.029  3.28%     -    0s
     0     0 118595.277    0    5 122513.142 118595.277  3.20%     -    0s
     0     0 118647.076    0    5 122513.142 118647.076  3.16%     -    0s
     0     0 118754.121    0    5 122513.142 118754.121  3.07%     -    0s
     0     0 118754.121    0    5 122513.142 118754.121  3.07%     -    0s
     0     0 118754.121    0    5 122513.142 118754.121  3.07%     -    0s
     0     2 118760.896    0    5 122513.142 118760.896  3.06%     -    0s
*   18    10               4    122429.79721 118865.749  2.91%  16.6    0s
*   50    17               7    121407.33027 118942.914  2.03%  11.3    0s

Cutting planes:
  Implied bound: 64
  MIR: 7
  Flow cover: 5
  Relax-and-lift: 2

Explored 82 nodes (1060 simplex iterations) in 0.03 seconds (0.04 work units)
Thread count was 10 (of 10 available processors)

Solution count 9: 121407 122430 122513 ... 402719

Optimal solution found (tolerance 1.00e-04)
Best objective 1.214073302747e+05, best bound 1.214073302747e+05, gap 0.0000%

User-callback calls 513, time in user-callback 0.00 sec
