
Gurobi 12.0.3 (mac64[arm]) logging started Tue Dec  2 19:38:20 2025

Set parameter LogFile to value "/Users/arnav/projects/Candidate-Selection-via-Stochastic-IP/Facility_Location/Heuristic/logs/scenario3_20251202_193819.log"
Set parameter LogToConsole to value 1
Set parameter OutputFlag to value 1

Gurobi 12.0.3 (mac64[arm]) logging started Tue Dec  2 19:38:20 2025

Set parameter LogFile to value "/Users/arnav/projects/Candidate-Selection-via-Stochastic-IP/Facility_Location/Heuristic/logs/scenario3_20251202_193819.log"
Set parameter OutputFlag to value 1
Gurobi Optimizer version 12.0.3 build v12.0.3rc0 (mac64[arm] - Darwin 24.6.0 24G84)

CPU model: Apple M4
Thread count: 10 physical cores, 10 logical processors, using up to 10 threads

Non-default parameters:
TimeLimit  120

Optimize a model with 75 rows, 1325 columns and 2575 nonzeros
Model fingerprint: 0x5c2bca5b
Variable types: 1300 continuous, 25 integer (25 binary)
Coefficient statistics:
  Matrix range     [1e+00, 4e+03]
  Objective range  [3e-01, 8e+03]
  Bounds range     [0e+00, 0e+00]
  RHS range        [2e+01, 4e+03]
Found heuristic solution: objective 301719.30877
Presolve removed 23 rows and 684 columns
Presolve time: 0.00s
Presolved: 52 rows, 641 columns, 1231 nonzeros
Variable types: 617 continuous, 24 integer (24 binary)

Root relaxation: objective 8.540841e+04, 42 iterations, 0.00 seconds (0.00 work units)

    Nodes    |    Current Node    |     Objective Bounds      |     Work
 Expl Unexpl |  Obj  Depth IntInf | Incumbent    BestBd   Gap | It/Node Time

     0     0 85408.4108    0   12 301719.309 85408.4108  71.7%     -    0s
H    0     0                    149384.04320 85408.4108  42.8%     -    0s
H    0     0                    134403.14133 85408.4108  36.5%     -    0s
H    0     0                    128791.85522 85408.4108  33.7%     -    0s
H    0     0                    127209.77605 85408.4108  32.9%     -    0s
     0     0 97985.4312    0   10 127209.776 97985.4312  23.0%     -    0s
H    0     0                    123823.31006 98649.9978  20.3%     -    0s
H    0     0                    119003.39654 98649.9978  17.1%     -    0s
     0     0 101142.708    0    6 119003.397 101142.708  15.0%     -    0s
H    0     0                    114197.43859 101459.946  11.2%     -    0s
H    0     0                    106905.92319 101459.946  5.09%     -    0s
H    0     0                    106837.65522 101459.946  5.03%     -    0s
     0     0 101526.989    0    5 106837.655 101526.989  4.97%     -    0s
     0     0 101834.459    0    8 106837.655 101834.459  4.68%     -    0s
     0     0 102267.382    0    7 106837.655 102267.382  4.28%     -    0s
     0     0 103173.935    0    7 106837.655 103173.935  3.43%     -    0s
     0     0 103275.928    0    7 106837.655 103275.928  3.33%     -    0s
     0     0 103861.646    0    3 106837.655 103861.646  2.79%     -    0s
     0     0 103891.085    0    6 106837.655 103891.085  2.76%     -    0s
     0     0 103891.085    0    6 106837.655 103891.085  2.76%     -    0s
H    0     0                    104550.46648 103891.085  0.63%     -    0s
     0     0 103891.085    0    4 104550.466 103891.085  0.63%     -    0s
     0     0 103891.085    0    4 104550.466 103891.085  0.63%     -    0s
     0     0 103891.085    0    3 104550.466 103891.085  0.63%     -    0s
     0     0 103891.085    0    3 104550.466 103891.085  0.63%     -    0s
     0     0 103891.085    0    6 104550.466 103891.085  0.63%     -    0s
     0     0 103891.085    0    4 104550.466 103891.085  0.63%     -    0s
     0     0 103891.085    0    6 104550.466 103891.085  0.63%     -    0s
     0     0 103891.085    0    5 104550.466 103891.085  0.63%     -    0s
     0     0 103891.085    0    5 104550.466 103891.085  0.63%     -    0s
     0     0 103891.085    0    5 104550.466 103891.085  0.63%     -    0s
     0     0 103891.085    0    5 104550.466 103891.085  0.63%     -    0s
     0     0 104208.946    0    5 104550.466 104208.946  0.33%     -    0s

Cutting planes:
  Implied bound: 22
  MIR: 8
  Flow cover: 2

Explored 1 nodes (272 simplex iterations) in 0.03 seconds (0.03 work units)
Thread count was 10 (of 10 available processors)

Solution count 10: 104550 106838 114197 ... 301719

Optimal solution found (tolerance 1.00e-04)
Best objective 1.045504664836e+05, best bound 1.045504664836e+05, gap 0.0000%

User-callback calls 376, time in user-callback 0.00 sec
