
Gurobi 12.0.3 (mac64[arm]) logging started Wed Dec  3 02:10:55 2025

Set parameter LogFile to value "/Users/arnav/projects/Candidate-Selection-via-Stochastic-IP/Facility_Location/Heuristic/logs/scenario34_20251203_021053.log"
Set parameter LogToConsole to value 1
Set parameter OutputFlag to value 1

Gurobi 12.0.3 (mac64[arm]) logging started Wed Dec  3 02:10:55 2025

Set parameter LogFile to value "/Users/arnav/projects/Candidate-Selection-via-Stochastic-IP/Facility_Location/Heuristic/logs/scenario34_20251203_021053.log"
Set parameter OutputFlag to value 1
Gurobi Optimizer version 12.0.3 build v12.0.3rc0 (mac64[arm] - Darwin 24.6.0 24G84)

CPU model: Apple M4
Thread count: 10 physical cores, 10 logical processors, using up to 10 threads

Non-default parameters:
TimeLimit  120

Optimize a model with 75 rows, 1325 columns and 2575 nonzeros
Model fingerprint: 0x7c44a3f0
Variable types: 1300 continuous, 25 integer (25 binary)
Coefficient statistics:
  Matrix range     [1e+00, 4e+03]
  Objective range  [3e-01, 8e+03]
  Bounds range     [0e+00, 0e+00]
  RHS range        [2e+01, 5e+03]
Found heuristic solution: objective 427704.10636
Presolve removed 22 rows and 660 columns
Presolve time: 0.00s
Presolved: 53 rows, 665 columns, 1278 nonzeros
Variable types: 641 continuous, 24 integer (24 binary)

Root relaxation: objective 1.165460e+05, 51 iterations, 0.00 seconds (0.00 work units)

    Nodes    |    Current Node    |     Objective Bounds      |     Work
 Expl Unexpl |  Obj  Depth IntInf | Incumbent    BestBd   Gap | It/Node Time

     0     0 116546.035    0   13 427704.106 116546.035  72.8%     -    0s
H    0     0                    189023.35644 116546.035  38.3%     -    0s
H    0     0                    166942.94180 116546.035  30.2%     -    0s
H    0     0                    165552.96984 116546.035  29.6%     -    0s
H    0     0                    160400.86954 117711.518  26.6%     -    0s
H    0     0                    138222.21641 127041.204  8.09%     -    0s
H    0     0                    136078.09980 127041.204  6.64%     -    0s
H    0     0                    135214.55311 127041.204  6.04%     -    0s
     0     0 127041.204    0   10 135214.553 127041.204  6.04%     -    0s
     0     0 127316.972    0   11 135214.553 127316.972  5.84%     -    0s
     0     0 129154.812    0    9 135214.553 129154.812  4.48%     -    0s
H    0     0                    130840.56011 129466.951  1.05%     -    0s
     0     0 129466.951    0    7 130840.560 129466.951  1.05%     -    0s
     0     0 129466.951    0    6 130840.560 129466.951  1.05%     -    0s
     0     0 129466.951    0   10 130840.560 129466.951  1.05%     -    0s
     0     0 129466.951    0    8 130840.560 129466.951  1.05%     -    0s
     0     0 129466.951    0    8 130840.560 129466.951  1.05%     -    0s
     0     0 129466.951    0    6 130840.560 129466.951  1.05%     -    0s
     0     0 129466.951    0    7 130840.560 129466.951  1.05%     -    0s
     0     0 129924.447    0    5 130840.560 129924.447  0.70%     -    0s
     0     0 130320.077    0    2 130840.560 130320.077  0.40%     -    0s

Cutting planes:
  Implied bound: 42
  MIR: 4
  Flow cover: 10
  Relax-and-lift: 2

Explored 1 nodes (270 simplex iterations) in 0.01 seconds (0.02 work units)
Thread count was 10 (of 10 available processors)

Solution count 8: 130841 135215 138222 ... 427704

Optimal solution found (tolerance 1.00e-04)
Best objective 1.308405601142e+05, best bound 1.308405601142e+05, gap 0.0000%

User-callback calls 327, time in user-callback 0.00 sec
