
Gurobi 12.0.3 (mac64[arm]) logging started Wed Dec  3 02:10:55 2025

Set parameter LogFile to value "/Users/arnav/projects/Candidate-Selection-via-Stochastic-IP/Facility_Location/Heuristic/logs/scenario53_20251203_021053.log"
Set parameter LogToConsole to value 1
Set parameter OutputFlag to value 1

Gurobi 12.0.3 (mac64[arm]) logging started Wed Dec  3 02:10:55 2025

Set parameter LogFile to value "/Users/arnav/projects/Candidate-Selection-via-Stochastic-IP/Facility_Location/Heuristic/logs/scenario53_20251203_021053.log"
Set parameter OutputFlag to value 1
Gurobi Optimizer version 12.0.3 build v12.0.3rc0 (mac64[arm] - Darwin 24.6.0 24G84)

CPU model: Apple M4
Thread count: 10 physical cores, 10 logical processors, using up to 10 threads

Non-default parameters:
TimeLimit  120

Optimize a model with 75 rows, 1325 columns and 2575 nonzeros
Model fingerprint: 0xc6e94ca4
Variable types: 1300 continuous, 25 integer (25 binary)
Coefficient statistics:
  Matrix range     [1e+00, 4e+03]
  Objective range  [3e-01, 8e+03]
  Bounds range     [0e+00, 0e+00]
  RHS range        [4e+01, 2e+04]
Found heuristic solution: objective 743468.64400
Presolve removed 17 rows and 545 columns
Presolve time: 0.00s
Presolved: 58 rows, 780 columns, 1503 nonzeros
Variable types: 756 continuous, 24 integer (24 binary)

Root relaxation: objective 2.146714e+05, 63 iterations, 0.00 seconds (0.00 work units)

    Nodes    |    Current Node    |     Objective Bounds      |     Work
 Expl Unexpl |  Obj  Depth IntInf | Incumbent    BestBd   Gap | It/Node Time

     0     0 214671.354    0   13 743468.644 214671.354  71.1%     -    0s
H    0     0                    282063.72707 214671.354  23.9%     -    0s
H    0     0                    263309.30009 214671.354  18.5%     -    0s
H    0     0                    261688.72650 214671.354  18.0%     -    0s
H    0     0                    248057.81944 214671.354  13.5%     -    0s
     0     0 224005.382    0   10 248057.819 224005.382  9.70%     -    0s
H    0     0                    243156.67615 224157.571  7.81%     -    0s
H    0     0                    233748.10581 224157.571  4.10%     -    0s
     0     0 225980.653    0    9 233748.106 225980.653  3.32%     -    0s
H    0     0                    233197.66375 226121.916  3.03%     -    0s
     0     0 226372.154    0   10 233197.664 226372.154  2.93%     -    0s
H    0     0                    231491.80457 226372.154  2.21%     -    0s
     0     0 226372.154    0    9 231491.805 226372.154  2.21%     -    0s
H    0     0                    231314.70600 226801.636  1.95%     -    0s
     0     0 226801.636    0    4 231314.706 226801.636  1.95%     -    0s
     0     0 226805.371    0    5 231314.706 226805.371  1.95%     -    0s
     0     0 226952.537    0    6 231314.706 226952.537  1.89%     -    0s
     0     0 227019.936    0    7 231314.706 227019.936  1.86%     -    0s
H    0     0                    231299.19206 227048.387  1.84%     -    0s
     0     0 227048.387    0    6 231299.192 227048.387  1.84%     -    0s
     0     0 227472.924    0    4 231299.192 227472.924  1.65%     -    0s
     0     0 227658.222    0    3 231299.192 227658.222  1.57%     -    0s
     0     0 227661.072    0    4 231299.192 227661.072  1.57%     -    0s
     0     0 227670.080    0    4 231299.192 227670.080  1.57%     -    0s
     0     0 227670.080    0    4 231299.192 227670.080  1.57%     -    0s
     0     2 227680.152    0    4 231299.192 227680.152  1.56%     -    0s

Cutting planes:
  Implied bound: 74
  MIR: 7
  Flow cover: 5
  Relax-and-lift: 3

Explored 216 nodes (2481 simplex iterations) in 0.04 seconds (0.06 work units)
Thread count was 10 (of 10 available processors)

Solution count 10: 231299 231315 231492 ... 282064

Optimal solution found (tolerance 1.00e-04)
Best objective 2.312991920568e+05, best bound 2.312991920568e+05, gap 0.0000%

User-callback calls 779, time in user-callback 0.00 sec
