
Gurobi 12.0.3 (mac64[arm]) logging started Wed Dec  3 02:10:57 2025

Set parameter LogFile to value "/Users/arnav/projects/Candidate-Selection-via-Stochastic-IP/Facility_Location/Heuristic/logs/scenario92_20251203_021053.log"
Set parameter LogToConsole to value 1
Set parameter OutputFlag to value 1

Gurobi 12.0.3 (mac64[arm]) logging started Wed Dec  3 02:10:57 2025

Set parameter LogFile to value "/Users/arnav/projects/Candidate-Selection-via-Stochastic-IP/Facility_Location/Heuristic/logs/scenario92_20251203_021053.log"
Set parameter OutputFlag to value 1
Gurobi Optimizer version 12.0.3 build v12.0.3rc0 (mac64[arm] - Darwin 24.6.0 24G84)

CPU model: Apple M4
Thread count: 10 physical cores, 10 logical processors, using up to 10 threads

Non-default parameters:
TimeLimit  120

Optimize a model with 75 rows, 1325 columns and 2575 nonzeros
Model fingerprint: 0x2d699533
Variable types: 1300 continuous, 25 integer (25 binary)
Coefficient statistics:
  Matrix range     [1e+00, 4e+03]
  Objective range  [3e-01, 8e+03]
  Bounds range     [0e+00, 0e+00]
  RHS range        [3e+01, 4e+03]
Found heuristic solution: objective 321820.66061
Presolve removed 29 rows and 816 columns
Presolve time: 0.00s
Presolved: 46 rows, 509 columns, 973 nonzeros
Variable types: 485 continuous, 24 integer (24 binary)

Root relaxation: objective 8.441218e+04, 51 iterations, 0.00 seconds (0.00 work units)

    Nodes    |    Current Node    |     Objective Bounds      |     Work
 Expl Unexpl |  Obj  Depth IntInf | Incumbent    BestBd   Gap | It/Node Time

     0     0 84412.1779    0   12 321820.661 84412.1779  73.8%     -    0s
H    0     0                    145626.63300 84412.1779  42.0%     -    0s
H    0     0                    115932.87433 84412.1779  27.2%     -    0s
H    0     0                    114756.36321 93460.7438  18.6%     -    0s
     0     0 93460.7438    0    9 114756.363 93460.7438  18.6%     -    0s
H    0     0                    108925.13066 94190.7081  13.5%     -    0s
     0     0 94190.7081    0    9 108925.131 94190.7081  13.5%     -    0s
     0     0 94190.7081    0    9 108925.131 94190.7081  13.5%     -    0s
H    0     0                    106781.23312 94190.7081  11.8%     -    0s
H    0     0                    106498.27973 94190.7081  11.6%     -    0s
H    0     0                    101284.90329 97058.4832  4.17%     -    0s
     0     0 97058.4832    0    9 101284.903 97058.4832  4.17%     -    0s
     0     0 97185.0803    0   10 101284.903 97185.0803  4.05%     -    0s
     0     0 97853.9833    0    5 101284.903 97853.9833  3.39%     -    0s
H    0     0                    101168.04140 97877.5497  3.25%     -    0s
     0     0 97904.7092    0    5 101168.041 97904.7092  3.23%     -    0s
     0     0 97908.3065    0    6 101168.041 97908.3065  3.22%     -    0s
     0     0 98304.5280    0    5 101168.041 98304.5280  2.83%     -    0s
     0     0 98545.6399    0    5 101168.041 98545.6399  2.59%     -    0s
     0     0 98565.1522    0    5 101168.041 98565.1522  2.57%     -    0s
     0     0 98567.3264    0    5 101168.041 98567.3264  2.57%     -    0s
     0     0 98613.7785    0    6 101168.041 98613.7785  2.52%     -    0s
     0     0 98622.7615    0    8 101168.041 98622.7615  2.52%     -    0s
     0     0 98647.1163    0    7 101168.041 98647.1163  2.49%     -    0s
     0     0 98666.4302    0    7 101168.041 98666.4302  2.47%     -    0s
     0     0 98760.8405    0   10 101168.041 98760.8405  2.38%     -    0s
     0     0 98760.8405    0   10 101168.041 98760.8405  2.38%     -    0s
     0     0 98760.8405    0    9 101168.041 98760.8405  2.38%     -    0s
     0     0 98760.8405    0    9 101168.041 98760.8405  2.38%     -    0s
     0     0 98760.8405    0    8 101168.041 98760.8405  2.38%     -    0s
     0     0 98760.8405    0    7 101168.041 98760.8405  2.38%     -    0s
     0     0 98760.8405    0    8 101168.041 98760.8405  2.38%     -    0s
     0     0 98760.8405    0    8 101168.041 98760.8405  2.38%     -    0s
     0     0 98760.8405    0    7 101168.041 98760.8405  2.38%     -    0s
     0     0 98760.8405    0    6 101168.041 98760.8405  2.38%     -    0s
     0     0 98779.8999    0    7 101168.041 98779.8999  2.36%     -    0s
     0     0 98784.3868    0    7 101168.041 98784.3868  2.36%     -    0s
     0     2 98818.5212    0    7 101168.041 98818.5212  2.32%     -    0s
H    6     8                    100965.91203 98929.1674  2.02%   9.7    0s

Cutting planes:
  Implied bound: 48
  MIR: 10
  Flow cover: 1
  Relax-and-lift: 1

Explored 134 nodes (1254 simplex iterations) in 0.04 seconds (0.04 work units)
Thread count was 10 (of 10 available processors)

Solution count 9: 100966 101168 101285 ... 321821

Optimal solution found (tolerance 1.00e-04)
Best objective 1.009659120290e+05, best bound 1.009659120290e+05, gap 0.0000%

User-callback calls 688, time in user-callback 0.00 sec
