
Gurobi 12.0.3 (mac64[arm]) logging started Wed Dec  3 02:10:56 2025

Set parameter LogFile to value "/Users/arnav/projects/Candidate-Selection-via-Stochastic-IP/Facility_Location/Heuristic/logs/scenario58_20251203_021053.log"
Set parameter LogToConsole to value 1
Set parameter OutputFlag to value 1

Gurobi 12.0.3 (mac64[arm]) logging started Wed Dec  3 02:10:56 2025

Set parameter LogFile to value "/Users/arnav/projects/Candidate-Selection-via-Stochastic-IP/Facility_Location/Heuristic/logs/scenario58_20251203_021053.log"
Set parameter OutputFlag to value 1
Gurobi Optimizer version 12.0.3 build v12.0.3rc0 (mac64[arm] - Darwin 24.6.0 24G84)

CPU model: Apple M4
Thread count: 10 physical cores, 10 logical processors, using up to 10 threads

Non-default parameters:
TimeLimit  120

Optimize a model with 75 rows, 1325 columns and 2575 nonzeros
Model fingerprint: 0x08dbbb25
Variable types: 1300 continuous, 25 integer (25 binary)
Coefficient statistics:
  Matrix range     [1e+00, 4e+03]
  Objective range  [3e-01, 8e+03]
  Bounds range     [0e+00, 0e+00]
  RHS range        [3e+01, 2e+04]
Found heuristic solution: objective 831968.20260
Presolve removed 19 rows and 594 columns
Presolve time: 0.00s
Presolved: 56 rows, 731 columns, 1407 nonzeros
Variable types: 707 continuous, 24 integer (24 binary)

Root relaxation: objective 2.237570e+05, 43 iterations, 0.00 seconds (0.00 work units)

    Nodes    |    Current Node    |     Objective Bounds      |     Work
 Expl Unexpl |  Obj  Depth IntInf | Incumbent    BestBd   Gap | It/Node Time

     0     0 223757.037    0   15 831968.203 223757.037  73.1%     -    0s
H    0     0                    303816.12531 223757.037  26.4%     -    0s
H    0     0                    275502.82525 223757.037  18.8%     -    0s
H    0     0                    268119.60036 223757.037  16.5%     -    0s
H    0     0                    268037.81397 223757.037  16.5%     -    0s
H    0     0                    246935.11125 223757.037  9.39%     -    0s
     0     0 235141.367    0   13 246935.111 235141.367  4.78%     -    0s
     0     0 235774.475    0   12 246935.111 235774.475  4.52%     -    0s
H    0     0                    245105.12396 235774.475  3.81%     -    0s
H    0     0                    244927.09583 235774.475  3.74%     -    0s
     0     0 238875.680    0    8 244927.096 238875.680  2.47%     -    0s
H    0     0                    244332.47985 239413.435  2.01%     -    0s
H    0     0                    242582.80525 239413.435  1.31%     -    0s
     0     0 239413.435    0    8 242582.805 239413.435  1.31%     -    0s
H    0     0                    242420.29462 239413.435  1.24%     -    0s
     0     0 239909.559    0    6 242420.295 239909.559  1.04%     -    0s
     0     0 240032.783    0    6 242420.295 240032.783  0.98%     -    0s
     0     0 240090.201    0    5 242420.295 240090.201  0.96%     -    0s
     0     0 240115.330    0    5 242420.295 240115.330  0.95%     -    0s
     0     0 240120.623    0    5 242420.295 240120.623  0.95%     -    0s
     0     0 240174.995    0    5 242420.295 240174.995  0.93%     -    0s
     0     0 240215.141    0    5 242420.295 240215.141  0.91%     -    0s
     0     2 240215.141    0    5 242420.295 240215.141  0.91%     -    0s

Cutting planes:
  Implied bound: 50
  MIR: 12
  Flow cover: 2
  Relax-and-lift: 4

Explored 86 nodes (1009 simplex iterations) in 0.03 seconds (0.05 work units)
Thread count was 10 (of 10 available processors)

Solution count 7: 242420 244927 246935 ... 831968

Optimal solution found (tolerance 1.00e-04)
Best objective 2.424202946230e+05, best bound 2.424202946230e+05, gap 0.0000%

User-callback calls 509, time in user-callback 0.00 sec
