
Gurobi 12.0.3 (mac64[arm]) logging started Tue Dec  2 15:13:13 2025

Set parameter LogFile to value "/Users/arnav/projects/Candidate-Selection-via-Stochastic-IP/Facility_Location/Heuristic/logs/wait_and_see_scenario10_20251202_151313.log"
Set parameter LogToConsole to value 1
Set parameter OutputFlag to value 1

Gurobi 12.0.3 (mac64[arm]) logging started Tue Dec  2 15:13:13 2025

Set parameter LogFile to value "/Users/arnav/projects/Candidate-Selection-via-Stochastic-IP/Facility_Location/Heuristic/logs/wait_and_see_scenario10_20251202_151313.log"
Set parameter OutputFlag to value 1
Gurobi Optimizer version 12.0.3 build v12.0.3rc0 (mac64[arm] - Darwin 24.6.0 24G84)

CPU model: Apple M4
Thread count: 10 physical cores, 10 logical processors, using up to 10 threads

Non-default parameters:
TimeLimit  120

Optimize a model with 75 rows, 1325 columns and 2575 nonzeros
Model fingerprint: 0xbee281c0
Variable types: 1300 continuous, 25 integer (25 binary)
Coefficient statistics:
  Matrix range     [1e+00, 4e+03]
  Objective range  [3e-01, 8e+03]
  Bounds range     [0e+00, 0e+00]
  RHS range        [3e+01, 1e+04]
Found heuristic solution: objective 864916.89958
Presolve removed 0 rows and 150 columns
Presolve time: 0.00s
Presolved: 75 rows, 1175 columns, 2276 nonzeros
Variable types: 1151 continuous, 24 integer (24 binary)

Root relaxation: objective 2.245105e+05, 59 iterations, 0.00 seconds (0.00 work units)

    Nodes    |    Current Node    |     Objective Bounds      |     Work
 Expl Unexpl |  Obj  Depth IntInf | Incumbent    BestBd   Gap | It/Node Time

     0     0 224510.461    0   19 864916.900 224510.461  74.0%     -    0s
H    0     0                    308408.58292 224510.461  27.2%     -    0s
H    0     0                    293187.40421 224510.461  23.4%     -    0s
H    0     0                    287181.52682 224510.461  21.8%     -    0s
H    0     0                    281549.34731 224510.461  20.3%     -    0s
H    0     0                    272161.76499 224510.461  17.5%     -    0s
     0     0 242884.819    0   13 272161.765 242884.819  10.8%     -    0s
H    0     0                    259300.82689 243475.640  6.10%     -    0s
H    0     0                    255214.35240 243475.640  4.60%     -    0s
H    0     0                    252995.34505 246315.039  2.64%     -    0s
     0     0 246315.039    0   16 252995.345 246315.039  2.64%     -    0s
H    0     0                    250550.44669 247386.651  1.26%     -    0s
H    0     0                    249325.76001 247386.651  0.78%     -    0s
     0     0 247386.651    0    9 249325.760 247386.651  0.78%     -    0s
     0     0 247441.678    0    8 249325.760 247441.678  0.76%     -    0s
     0     0 247472.052    0    8 249325.760 247472.052  0.74%     -    0s
     0     0 247682.512    0   13 249325.760 247682.512  0.66%     -    0s
     0     0 247724.468    0   15 249325.760 247724.468  0.64%     -    0s
     0     0 247749.402    0   14 249325.760 247749.402  0.63%     -    0s
     0     0 247756.501    0   14 249325.760 247756.501  0.63%     -    0s
     0     0 247983.001    0   11 249325.760 247983.001  0.54%     -    0s
H    0     0                    248831.53356 248002.946  0.33%     -    0s
     0     0 248002.946    0   10 248831.534 248002.946  0.33%     -    0s
     0     0 248004.505    0    9 248831.534 248004.505  0.33%     -    0s
     0     0 248064.642    0   11 248831.534 248064.642  0.31%     -    0s
     0     0 248064.642    0   11 248831.534 248064.642  0.31%     -    0s
     0     2 248064.642    0   11 248831.534 248064.642  0.31%     -    0s

Cutting planes:
  Implied bound: 91
  MIR: 9
  Flow cover: 3
  Relax-and-lift: 4

Explored 39 nodes (711 simplex iterations) in 0.04 seconds (0.06 work units)
Thread count was 10 (of 10 available processors)

Solution count 10: 248832 249326 250550 ... 293187

Optimal solution found (tolerance 1.00e-04)
Best objective 2.488315335607e+05, best bound 2.488315335607e+05, gap 0.0000%

User-callback calls 417, time in user-callback 0.00 sec
