
Gurobi 12.0.3 (mac64[arm]) logging started Mon Dec  1 23:27:06 2025

Set parameter LogFile to value "/Users/arnav/projects/Candidate-Selection-via-Stochastic-IP/Facility_Location/Heuristic/logs/wait_and_see_scenario44_20251201_232704.log"
Set parameter LogToConsole to value 1
Set parameter OutputFlag to value 1

Gurobi 12.0.3 (mac64[arm]) logging started Mon Dec  1 23:27:06 2025

Set parameter LogFile to value "/Users/arnav/projects/Candidate-Selection-via-Stochastic-IP/Facility_Location/Heuristic/logs/wait_and_see_scenario44_20251201_232704.log"
Set parameter OutputFlag to value 1
Gurobi Optimizer version 12.0.3 build v12.0.3rc0 (mac64[arm] - Darwin 24.6.0 24G84)

CPU model: Apple M4
Thread count: 10 physical cores, 10 logical processors, using up to 10 threads

Non-default parameters:
TimeLimit  120

Optimize a model with 75 rows, 1325 columns and 2575 nonzeros
Model fingerprint: 0x9c504698
Variable types: 1300 continuous, 25 integer (25 binary)
Coefficient statistics:
  Matrix range     [1e+00, 4e+03]
  Objective range  [3e-01, 8e+03]
  Bounds range     [0e+00, 0e+00]
  RHS range        [3e+01, 1e+04]
Found heuristic solution: objective 932023.41101
Presolve removed 0 rows and 150 columns
Presolve time: 0.00s
Presolved: 75 rows, 1175 columns, 2276 nonzeros
Variable types: 1151 continuous, 24 integer (24 binary)

Root relaxation: objective 2.451116e+05, 63 iterations, 0.00 seconds (0.00 work units)

    Nodes    |    Current Node    |     Objective Bounds      |     Work
 Expl Unexpl |  Obj  Depth IntInf | Incumbent    BestBd   Gap | It/Node Time

     0     0 245111.606    0   17 932023.411 245111.606  73.7%     -    0s
H    0     0                    329053.44945 245111.606  25.5%     -    0s
H    0     0                    319422.06849 245111.606  23.3%     -    0s
H    0     0                    313733.28936 245111.606  21.9%     -    0s
H    0     0                    283999.96767 245111.606  13.7%     -    0s
H    0     0                    273616.32079 245111.606  10.4%     -    0s
     0     0 262344.873    0   11 273616.321 262344.873  4.12%     -    0s
     0     0 262748.491    0   11 273616.321 262748.491  3.97%     -    0s
     0     0 265974.767    0   10 273616.321 265974.767  2.79%     -    0s
H    0     0                    272145.55228 266213.935  2.18%     -    0s
H    0     0                    269228.58506 266213.935  1.12%     -    0s
     0     0 266213.935    0   11 269228.585 266213.935  1.12%     -    0s
H    0     0                    268907.13345 266213.935  1.00%     -    0s
H    0     0                    268829.51884 266998.643  0.68%     -    0s
     0     0 266998.643    0    8 268829.519 266998.643  0.68%     -    0s
     0     0 267111.977    0    8 268829.519 267111.977  0.64%     -    0s
H    0     0                    267675.26182 267111.977  0.21%     -    0s
     0     0 267173.213    0    7 267675.262 267173.213  0.19%     -    0s
     0     0 267173.213    0    7 267675.262 267173.213  0.19%     -    0s
     0     0 267291.101    0    8 267675.262 267291.101  0.14%     -    0s
     0     0 267374.536    0    5 267675.262 267374.536  0.11%     -    0s
     0     0 267464.521    0    6 267675.262 267464.521  0.08%     -    0s
     0     0 267492.140    0    6 267675.262 267492.140  0.07%     -    0s
     0     0 267492.299    0    6 267675.262 267492.299  0.07%     -    0s
     0     0 267497.012    0    3 267675.262 267497.012  0.07%     -    0s
     0     0 267502.171    0    5 267675.262 267502.171  0.06%     -    0s
     0     0 267502.171    0    5 267675.262 267502.171  0.06%     -    0s
     0     0 267502.171    0    7 267675.262 267502.171  0.06%     -    0s
     0     0 267502.171    0    7 267675.262 267502.171  0.06%     -    0s
     0     0 267502.171    0    3 267675.262 267502.171  0.06%     -    0s
     0     0 267502.171    0    4 267675.262 267502.171  0.06%     -    0s
     0     0 267502.171    0    6 267675.262 267502.171  0.06%     -    0s
     0     0 267593.929    0    3 267675.262 267593.929  0.03%     -    0s

Cutting planes:
  Cover: 1
  Implied bound: 37
  MIR: 9
  Flow cover: 1
  Relax-and-lift: 2

Explored 1 nodes (443 simplex iterations) in 0.04 seconds (0.05 work units)
Thread count was 10 (of 10 available processors)

Solution count 10: 267675 268830 268907 ... 319422

Optimal solution found (tolerance 1.00e-04)
Best objective 2.676752618162e+05, best bound 2.676752618162e+05, gap 0.0000%

User-callback calls 368, time in user-callback 0.00 sec
