
Gurobi 12.0.3 (mac64[arm]) logging started Mon Dec  1 23:27:06 2025

Set parameter LogFile to value "/Users/arnav/projects/Candidate-Selection-via-Stochastic-IP/Facility_Location/Heuristic/logs/wait_and_see_scenario48_20251201_232704.log"
Set parameter LogToConsole to value 1
Set parameter OutputFlag to value 1

Gurobi 12.0.3 (mac64[arm]) logging started Mon Dec  1 23:27:06 2025

Set parameter LogFile to value "/Users/arnav/projects/Candidate-Selection-via-Stochastic-IP/Facility_Location/Heuristic/logs/wait_and_see_scenario48_20251201_232704.log"
Set parameter OutputFlag to value 1
Gurobi Optimizer version 12.0.3 build v12.0.3rc0 (mac64[arm] - Darwin 24.6.0 24G84)

CPU model: Apple M4
Thread count: 10 physical cores, 10 logical processors, using up to 10 threads

Non-default parameters:
TimeLimit  120

Optimize a model with 75 rows, 1325 columns and 2575 nonzeros
Model fingerprint: 0x7f6630b6
Variable types: 1300 continuous, 25 integer (25 binary)
Coefficient statistics:
  Matrix range     [1e+00, 4e+03]
  Objective range  [3e-01, 8e+03]
  Bounds range     [0e+00, 0e+00]
  RHS range        [4e+01, 2e+04]
Found heuristic solution: objective 1070697.6691
Presolve removed 0 rows and 150 columns
Presolve time: 0.00s
Presolved: 75 rows, 1175 columns, 2276 nonzeros
Variable types: 1151 continuous, 24 integer (24 binary)

Root relaxation: objective 2.865409e+05, 73 iterations, 0.00 seconds (0.00 work units)

    Nodes    |    Current Node    |     Objective Bounds      |     Work
 Expl Unexpl |  Obj  Depth IntInf | Incumbent    BestBd   Gap | It/Node Time

     0     0 286540.881    0   15 1070697.67 286540.881  73.2%     -    0s
H    0     0                    355074.47283 286540.881  19.3%     -    0s
H    0     0                    339172.13776 286540.881  15.5%     -    0s
H    0     0                    323235.53760 286540.881  11.4%     -    0s
H    0     0                    318816.08578 302914.770  4.99%     -    0s
     0     0 302914.770    0    8 318816.086 302914.770  4.99%     -    0s
H    0     0                    313861.58623 302992.705  3.46%     -    0s
H    0     0                    309495.32074 302992.705  2.10%     -    0s
H    0     0                    307492.39526 305307.350  0.71%     -    0s
     0     0 305307.350    0    9 307492.395 305307.350  0.71%     -    0s
H    0     0                    307392.64483 305403.040  0.65%     -    0s
     0     0 305403.040    0    9 307392.645 305403.040  0.65%     -    0s
     0     0 306077.075    0    4 307392.645 306077.075  0.43%     -    0s
     0     0 306239.057    0    7 307392.645 306239.057  0.38%     -    0s
     0     0 306249.557    0    8 307392.645 306249.557  0.37%     -    0s
     0     0 306251.818    0    8 307392.645 306251.818  0.37%     -    0s
     0     0 306273.542    0    7 307392.645 306273.542  0.36%     -    0s
H    0     0                    307124.20248 306275.683  0.28%     -    0s
     0     0 306297.981    0    5 307124.202 306297.981  0.27%     -    0s
     0     0 306302.738    0    6 307124.202 306302.738  0.27%     -    0s
     0     0 306304.980    0    5 307124.202 306304.980  0.27%     -    0s
     0     0 306305.048    0    5 307124.202 306305.048  0.27%     -    0s
     0     0 306328.839    0    5 307124.202 306328.839  0.26%     -    0s
     0     0 306328.839    0    8 307124.202 306328.839  0.26%     -    0s
     0     0 306328.839    0    5 307124.202 306328.839  0.26%     -    0s
     0     0 306328.839    0    3 307124.202 306328.839  0.26%     -    0s
     0     0 306328.839    0    5 307124.202 306328.839  0.26%     -    0s
     0     0 306328.839    0    5 307124.202 306328.839  0.26%     -    0s
     0     0 306352.211    0    6 307124.202 306352.211  0.25%     -    0s
     0     0 306684.251    0    5 307124.202 306684.251  0.14%     -    0s
     0     0 306684.251    0    5 307124.202 306684.251  0.14%     -    0s

Cutting planes:
  Implied bound: 44
  MIR: 9
  Flow cover: 1
  Relax-and-lift: 2

Explored 1 nodes (466 simplex iterations) in 0.04 seconds (0.05 work units)
Thread count was 10 (of 10 available processors)

Solution count 10: 307124 307393 307492 ... 1.0707e+06

Optimal solution found (tolerance 1.00e-04)
Best objective 3.071242024800e+05, best bound 3.071005626977e+05, gap 0.0077%

User-callback calls 363, time in user-callback 0.00 sec
