
Gurobi 12.0.3 (mac64[arm]) logging started Tue Dec  2 15:13:13 2025

Set parameter LogFile to value "/Users/arnav/projects/Candidate-Selection-via-Stochastic-IP/Facility_Location/Heuristic/logs/wait_and_see_scenario11_20251202_151313.log"
Set parameter LogToConsole to value 1
Set parameter OutputFlag to value 1

Gurobi 12.0.3 (mac64[arm]) logging started Tue Dec  2 15:13:13 2025

Set parameter LogFile to value "/Users/arnav/projects/Candidate-Selection-via-Stochastic-IP/Facility_Location/Heuristic/logs/wait_and_see_scenario11_20251202_151313.log"
Set parameter OutputFlag to value 1
Gurobi Optimizer version 12.0.3 build v12.0.3rc0 (mac64[arm] - Darwin 24.6.0 24G84)

CPU model: Apple M4
Thread count: 10 physical cores, 10 logical processors, using up to 10 threads

Non-default parameters:
TimeLimit  120

Optimize a model with 75 rows, 1325 columns and 2575 nonzeros
Model fingerprint: 0x13883e48
Variable types: 1300 continuous, 25 integer (25 binary)
Coefficient statistics:
  Matrix range     [1e+00, 4e+03]
  Objective range  [3e-01, 8e+03]
  Bounds range     [0e+00, 0e+00]
  RHS range        [2e+01, 1e+04]
Found heuristic solution: objective 831733.08010
Presolve removed 0 rows and 150 columns
Presolve time: 0.00s
Presolved: 75 rows, 1175 columns, 2276 nonzeros
Variable types: 1151 continuous, 24 integer (24 binary)

Root relaxation: objective 2.145261e+05, 57 iterations, 0.00 seconds (0.00 work units)

    Nodes    |    Current Node    |     Objective Bounds      |     Work
 Expl Unexpl |  Obj  Depth IntInf | Incumbent    BestBd   Gap | It/Node Time

     0     0 214526.051    0   18 831733.080 214526.051  74.2%     -    0s
H    0     0                    309611.26457 214526.051  30.7%     -    0s
H    0     0                    287372.12984 214526.051  25.3%     -    0s
H    0     0                    271367.28471 214526.051  20.9%     -    0s
H    0     0                    244698.52690 231200.646  5.52%     -    0s
H    0     0                    242394.85940 231200.646  4.62%     -    0s
     0     0 231200.646    0   11 242394.859 231200.646  4.62%     -    0s
H    0     0                    240904.70130 231440.599  3.93%     -    0s
H    0     0                    239405.56965 234075.061  2.23%     -    0s
     0     0 234075.061    0   12 239405.570 234075.061  2.23%     -    0s
     0     0 234418.682    0   12 239405.570 234418.682  2.08%     -    0s
     0     0 235150.132    0    7 239405.570 235150.132  1.78%     -    0s
     0     0 235541.299    0    9 239405.570 235541.299  1.61%     -    0s
     0     0 235587.786    0    8 239405.570 235587.786  1.59%     -    0s
     0     0 235587.825    0    8 239405.570 235587.825  1.59%     -    0s
     0     0 235820.890    0    6 239405.570 235820.890  1.50%     -    0s
H    0     0                    237932.66384 235820.890  0.89%     -    0s
     0     0 235824.778    0    6 237932.664 235824.778  0.89%     -    0s
     0     0 235969.449    0    8 237932.664 235969.449  0.83%     -    0s
     0     0 235969.449    0    8 237932.664 235969.449  0.83%     -    0s
H    0     0                    237513.98998 235969.449  0.65%     -    0s
H    0     0                    237017.84703 235969.449  0.44%     -    0s
     0     0 235969.449    0   12 237017.847 235969.449  0.44%     -    0s
     0     0 235969.449    0    9 237017.847 235969.449  0.44%     -    0s
     0     0 235969.449    0    9 237017.847 235969.449  0.44%     -    0s
     0     0 235969.449    0    8 237017.847 235969.449  0.44%     -    0s
     0     0 235969.449    0    6 237017.847 235969.449  0.44%     -    0s
     0     0 235969.449    0    8 237017.847 235969.449  0.44%     -    0s
     0     0 235969.449    0    8 237017.847 235969.449  0.44%     -    0s
     0     0 236060.622    0    7 237017.847 236060.622  0.40%     -    0s
     0     0 236069.013    0    9 237017.847 236069.013  0.40%     -    0s
     0     0 236094.871    0   10 237017.847 236094.871  0.39%     -    0s
     0     0 236095.342    0   10 237017.847 236095.342  0.39%     -    0s
     0     2 236095.342    0   10 237017.847 236095.342  0.39%     -    0s

Cutting planes:
  Implied bound: 69
  MIR: 12
  Flow cover: 1
  Relax-and-lift: 5

Explored 54 nodes (1349 simplex iterations) in 0.06 seconds (0.08 work units)
Thread count was 10 (of 10 available processors)

Solution count 9: 237018 237933 239406 ... 831733

Optimal solution found (tolerance 1.00e-04)
Best objective 2.370178470276e+05, best bound 2.370178470276e+05, gap 0.0000%

User-callback calls 488, time in user-callback 0.00 sec
