
Gurobi 12.0.3 (mac64[arm]) logging started Tue Dec  2 15:13:14 2025

Set parameter LogFile to value "/Users/arnav/projects/Candidate-Selection-via-Stochastic-IP/Facility_Location/Heuristic/logs/wait_and_see_scenario13_20251202_151313.log"
Set parameter LogToConsole to value 1
Set parameter OutputFlag to value 1

Gurobi 12.0.3 (mac64[arm]) logging started Tue Dec  2 15:13:14 2025

Set parameter LogFile to value "/Users/arnav/projects/Candidate-Selection-via-Stochastic-IP/Facility_Location/Heuristic/logs/wait_and_see_scenario13_20251202_151313.log"
Set parameter OutputFlag to value 1
Gurobi Optimizer version 12.0.3 build v12.0.3rc0 (mac64[arm] - Darwin 24.6.0 24G84)

CPU model: Apple M4
Thread count: 10 physical cores, 10 logical processors, using up to 10 threads

Non-default parameters:
TimeLimit  120

Optimize a model with 75 rows, 1325 columns and 2575 nonzeros
Model fingerprint: 0x02c7bd63
Variable types: 1300 continuous, 25 integer (25 binary)
Coefficient statistics:
  Matrix range     [1e+00, 4e+03]
  Objective range  [3e-01, 8e+03]
  Bounds range     [0e+00, 0e+00]
  RHS range        [2e+01, 1e+04]
Found heuristic solution: objective 694637.16833
Presolve removed 0 rows and 150 columns
Presolve time: 0.01s
Presolved: 75 rows, 1175 columns, 2276 nonzeros
Variable types: 1151 continuous, 24 integer (24 binary)

Root relaxation: objective 1.818978e+05, 58 iterations, 0.00 seconds (0.00 work units)

    Nodes    |    Current Node    |     Objective Bounds      |     Work
 Expl Unexpl |  Obj  Depth IntInf | Incumbent    BestBd   Gap | It/Node Time

     0     0 181897.761    0   20 694637.168 181897.761  73.8%     -    0s
H    0     0                    284715.85322 181897.761  36.1%     -    0s
H    0     0                    266162.34753 181897.761  31.7%     -    0s
H    0     0                    260583.97208 181897.761  30.2%     -    0s
H    0     0                    256723.91877 181897.761  29.1%     -    0s
H    0     0                    252185.02394 198325.366  21.4%     -    0s
H    0     0                    219872.37071 198325.366  9.80%     -    0s
H    0     0                    216915.89298 198325.366  8.57%     -    0s
H    0     0                    215606.38242 198325.366  8.02%     -    0s
     0     0 198325.366    0   13 215606.382 198325.366  8.02%     -    0s
H    0     0                    214166.34105 198524.347  7.30%     -    0s
H    0     0                    212897.65553 198524.347  6.75%     -    0s
H    0     0                    211544.02899 198524.347  6.15%     -    0s
H    0     0                    210450.90035 201229.433  4.38%     -    0s
H    0     0                    210400.91259 201229.433  4.36%     -    0s
H    0     0                    210181.21139 201229.433  4.26%     -    0s
     0     0 201229.433    0   15 210181.211 201229.433  4.26%     -    0s
H    0     0                    207732.96017 201507.865  3.00%     -    0s
     0     0 201507.865    0   16 207732.960 201507.865  3.00%     -    0s
     0     0 201507.865    0   16 207732.960 201507.865  3.00%     -    0s
     0     0 202410.379    0   10 207732.960 202410.379  2.56%     -    0s
     0     0 202559.705    0   11 207732.960 202559.705  2.49%     -    0s
     0     0 202876.965    0   12 207732.960 202876.965  2.34%     -    0s
H    0     0                    205796.83160 202877.282  1.42%     -    0s
     0     0 202935.885    0   10 205796.832 202935.885  1.39%     -    0s
     0     0 202940.089    0   10 205796.832 202940.089  1.39%     -    0s
     0     0 203219.496    0    8 205796.832 203219.496  1.25%     -    0s
     0     0 203221.429    0    8 205796.832 203221.429  1.25%     -    0s
     0     0 203238.600    0    8 205796.832 203238.600  1.24%     -    0s
     0     0 203238.600    0    8 205796.832 203238.600  1.24%     -    0s
     0     2 203238.600    0    8 205796.832 203238.600  1.24%     -    0s
H   13    16                    204789.70759 203555.247  0.60%  17.1    0s
H   37    29                    204190.79502 203843.481  0.17%  13.5    0s

Cutting planes:
  Implied bound: 99
  MIR: 15
  Flow cover: 7
  Relax-and-lift: 1

Explored 103 nodes (1194 simplex iterations) in 0.11 seconds (0.06 work units)
Thread count was 10 (of 10 available processors)

Solution count 10: 204191 204790 205797 ... 215606

Optimal solution found (tolerance 1.00e-04)
Best objective 2.041907950187e+05, best bound 2.041907950187e+05, gap 0.0000%

User-callback calls 585, time in user-callback 0.00 sec
