
Gurobi 12.0.3 (mac64[arm]) logging started Mon Dec  1 23:27:05 2025

Set parameter LogFile to value "/Users/arnav/projects/Candidate-Selection-via-Stochastic-IP/Facility_Location/Heuristic/logs/wait_and_see_scenario28_20251201_232704.log"
Set parameter LogToConsole to value 1
Set parameter OutputFlag to value 1

Gurobi 12.0.3 (mac64[arm]) logging started Mon Dec  1 23:27:05 2025

Set parameter LogFile to value "/Users/arnav/projects/Candidate-Selection-via-Stochastic-IP/Facility_Location/Heuristic/logs/wait_and_see_scenario28_20251201_232704.log"
Set parameter OutputFlag to value 1
Gurobi Optimizer version 12.0.3 build v12.0.3rc0 (mac64[arm] - Darwin 24.6.0 24G84)

CPU model: Apple M4
Thread count: 10 physical cores, 10 logical processors, using up to 10 threads

Non-default parameters:
TimeLimit  120

Optimize a model with 75 rows, 1325 columns and 2575 nonzeros
Model fingerprint: 0x06e40e7a
Variable types: 1300 continuous, 25 integer (25 binary)
Coefficient statistics:
  Matrix range     [1e+00, 4e+03]
  Objective range  [3e-01, 8e+03]
  Bounds range     [0e+00, 0e+00]
  RHS range        [3e+01, 2e+04]
Found heuristic solution: objective 887979.71143
Presolve removed 0 rows and 150 columns
Presolve time: 0.00s
Presolved: 75 rows, 1175 columns, 2276 nonzeros
Variable types: 1151 continuous, 24 integer (24 binary)

Root relaxation: objective 2.384660e+05, 67 iterations, 0.00 seconds (0.00 work units)

    Nodes    |    Current Node    |     Objective Bounds      |     Work
 Expl Unexpl |  Obj  Depth IntInf | Incumbent    BestBd   Gap | It/Node Time

     0     0 238465.969    0   15 887979.711 238465.969  73.1%     -    0s
H    0     0                    319801.55660 238465.969  25.4%     -    0s
H    0     0                    306790.31506 238465.969  22.3%     -    0s
H    0     0                    300074.52315 238465.969  20.5%     -    0s
H    0     0                    280331.37903 253804.543  9.46%     -    0s
H    0     0                    269417.09461 253804.543  5.79%     -    0s
H    0     0                    269122.54173 253804.543  5.69%     -    0s
     0     0 253804.543    0   12 269122.542 253804.543  5.69%     -    0s
     0     0 254078.147    0   12 269122.542 254078.147  5.59%     -    0s
H    0     0                    267018.07387 254078.147  4.85%     -    0s
H    0     0                    266993.36239 256803.302  3.82%     -    0s
H    0     0                    266936.17748 256803.302  3.80%     -    0s
H    0     0                    265566.53105 256803.302  3.30%     -    0s
     0     0 256803.302    0   10 265566.531 256803.302  3.30%     -    0s
     0     0 257108.323    0    9 265566.531 257108.323  3.18%     -    0s
     0     0 257109.226    0    9 265566.531 257109.226  3.18%     -    0s
H    0     0                    264980.02662 257109.226  2.97%     -    0s
H    0     0                    264047.93664 257755.810  2.38%     -    0s
     0     0 257755.810    0    4 264047.937 257755.810  2.38%     -    0s
     0     0 257848.395    0    5 264047.937 257848.395  2.35%     -    0s
     0     0 258047.903    0    5 264047.937 258047.903  2.27%     -    0s
     0     0 258054.650    0    6 264047.937 258054.650  2.27%     -    0s
H    0     0                    263987.29193 258054.650  2.25%     -    0s
H    0     0                    263617.48269 258054.650  2.11%     -    0s
     0     0 258187.082    0    3 263617.483 258187.082  2.06%     -    0s
     0     0 258188.318    0    2 263617.483 258188.318  2.06%     -    0s
     0     0 258214.384    0    3 263617.483 258214.384  2.05%     -    0s
     0     0 258214.384    0    3 263617.483 258214.384  2.05%     -    0s
H    0     0                    263429.01403 258214.384  1.98%     -    0s
     0     2 258214.384    0    3 263429.014 258214.384  1.98%     -    0s
H   11    16                    260803.82996 258383.378  0.93%  22.3    0s

Cutting planes:
  Implied bound: 85
  MIR: 15
  Flow cover: 7
  Relax-and-lift: 4

Explored 154 nodes (2182 simplex iterations) in 0.06 seconds (0.08 work units)
Thread count was 10 (of 10 available processors)

Solution count 10: 260804 263429 263617 ... 269123

Optimal solution found (tolerance 1.00e-04)
Best objective 2.608038299566e+05, best bound 2.608038299566e+05, gap 0.0000%

User-callback calls 659, time in user-callback 0.00 sec
