
Gurobi 12.0.3 (mac64[arm]) logging started Mon Dec  1 23:27:05 2025

Set parameter LogFile to value "/Users/arnav/projects/Candidate-Selection-via-Stochastic-IP/Facility_Location/Heuristic/logs/wait_and_see_scenario29_20251201_232704.log"
Set parameter LogToConsole to value 1
Set parameter OutputFlag to value 1

Gurobi 12.0.3 (mac64[arm]) logging started Mon Dec  1 23:27:05 2025

Set parameter LogFile to value "/Users/arnav/projects/Candidate-Selection-via-Stochastic-IP/Facility_Location/Heuristic/logs/wait_and_see_scenario29_20251201_232704.log"
Set parameter OutputFlag to value 1
Gurobi Optimizer version 12.0.3 build v12.0.3rc0 (mac64[arm] - Darwin 24.6.0 24G84)

CPU model: Apple M4
Thread count: 10 physical cores, 10 logical processors, using up to 10 threads

Non-default parameters:
TimeLimit  120

Optimize a model with 75 rows, 1325 columns and 2575 nonzeros
Model fingerprint: 0x906d5006
Variable types: 1300 continuous, 25 integer (25 binary)
Coefficient statistics:
  Matrix range     [1e+00, 4e+03]
  Objective range  [3e-01, 8e+03]
  Bounds range     [0e+00, 0e+00]
  RHS range        [2e+01, 1e+04]
Found heuristic solution: objective 791774.49236
Presolve removed 0 rows and 150 columns
Presolve time: 0.00s
Presolved: 75 rows, 1175 columns, 2276 nonzeros
Variable types: 1151 continuous, 24 integer (24 binary)

Root relaxation: objective 2.076394e+05, 63 iterations, 0.00 seconds (0.00 work units)

    Nodes    |    Current Node    |     Objective Bounds      |     Work
 Expl Unexpl |  Obj  Depth IntInf | Incumbent    BestBd   Gap | It/Node Time

     0     0 207639.423    0   19 791774.492 207639.423  73.8%     -    0s
H    0     0                    299664.47979 207639.423  30.7%     -    0s
H    0     0                    283685.63355 207639.423  26.8%     -    0s
H    0     0                    280832.35833 207639.423  26.1%     -    0s
H    0     0                    266111.43689 207639.423  22.0%     -    0s
H    0     0                    236708.07829 207639.423  12.3%     -    0s
     0     0 224518.666    0   14 236708.078 224518.666  5.15%     -    0s
H    0     0                    235420.10050 227525.321  3.35%     -    0s
H    0     0                    234928.10751 227525.321  3.15%     -    0s
     0     0 227525.321    0   12 234928.108 227525.321  3.15%     -    0s
     0     0 227683.217    0   12 234928.108 227683.217  3.08%     -    0s
H    0     0                    233330.19492 228418.052  2.11%     -    0s
     0     0 228418.052    0   14 233330.195 228418.052  2.11%     -    0s
     0     0 228639.073    0    8 233330.195 228639.073  2.01%     -    0s
     0     0 228696.917    0    9 233330.195 228696.917  1.99%     -    0s
     0     0 228696.917    0    9 233330.195 228696.917  1.99%     -    0s
     0     0 228943.763    0    6 233330.195 228943.763  1.88%     -    0s
H    0     0                    232153.45962 228943.763  1.38%     -    0s
     0     0 228983.895    0    6 232153.460 228983.895  1.37%     -    0s
     0     0 228984.075    0    6 232153.460 228984.075  1.37%     -    0s
     0     0 229254.802    0    5 232153.460 229254.802  1.25%     -    0s
     0     0 229264.245    0    5 232153.460 229264.245  1.24%     -    0s
     0     0 229268.324    0    4 232153.460 229268.324  1.24%     -    0s
     0     0 229268.386    0    6 232153.460 229268.386  1.24%     -    0s
     0     0 229284.688    0    8 232153.460 229284.688  1.24%     -    0s
     0     0 229284.688    0    8 232153.460 229284.688  1.24%     -    0s
     0     2 229284.688    0    8 232153.460 229284.688  1.24%     -    0s
*  166    55              14    231634.49455 230053.667  0.68%  12.8    0s

Cutting planes:
  Implied bound: 100
  MIR: 12
  Flow cover: 7
  Relax-and-lift: 7

Explored 309 nodes (3704 simplex iterations) in 0.06 seconds (0.09 work units)
Thread count was 10 (of 10 available processors)

Solution count 10: 231634 232153 233330 ... 299664

Optimal solution found (tolerance 1.00e-04)
Best objective 2.316344945458e+05, best bound 2.316344945458e+05, gap 0.0000%

User-callback calls 968, time in user-callback 0.00 sec
