
Gurobi 12.0.3 (mac64[arm]) logging started Mon Dec  1 23:27:06 2025

Set parameter LogFile to value "/Users/arnav/projects/Candidate-Selection-via-Stochastic-IP/Facility_Location/Heuristic/logs/wait_and_see_scenario37_20251201_232704.log"
Set parameter LogToConsole to value 1
Set parameter OutputFlag to value 1

Gurobi 12.0.3 (mac64[arm]) logging started Mon Dec  1 23:27:06 2025

Set parameter LogFile to value "/Users/arnav/projects/Candidate-Selection-via-Stochastic-IP/Facility_Location/Heuristic/logs/wait_and_see_scenario37_20251201_232704.log"
Set parameter OutputFlag to value 1
Gurobi Optimizer version 12.0.3 build v12.0.3rc0 (mac64[arm] - Darwin 24.6.0 24G84)

CPU model: Apple M4
Thread count: 10 physical cores, 10 logical processors, using up to 10 threads

Non-default parameters:
TimeLimit  120

Optimize a model with 75 rows, 1325 columns and 2575 nonzeros
Model fingerprint: 0xb60f889b
Variable types: 1300 continuous, 25 integer (25 binary)
Coefficient statistics:
  Matrix range     [1e+00, 4e+03]
  Objective range  [3e-01, 8e+03]
  Bounds range     [0e+00, 0e+00]
  RHS range        [2e+01, 9e+03]
Found heuristic solution: objective 697191.10742
Presolve removed 0 rows and 150 columns
Presolve time: 0.00s
Presolved: 75 rows, 1175 columns, 2276 nonzeros
Variable types: 1151 continuous, 24 integer (24 binary)

Root relaxation: objective 1.766694e+05, 70 iterations, 0.00 seconds (0.00 work units)

    Nodes    |    Current Node    |     Objective Bounds      |     Work
 Expl Unexpl |  Obj  Depth IntInf | Incumbent    BestBd   Gap | It/Node Time

     0     0 176669.420    0   21 697191.107 176669.420  74.7%     -    0s
H    0     0                    279203.74112 176669.420  36.7%     -    0s
H    0     0                    255281.74449 176669.420  30.8%     -    0s
H    0     0                    243744.91220 176669.420  27.5%     -    0s
H    0     0                    214190.99116 176669.420  17.5%     -    0s
H    0     0                    211255.06875 194540.510  7.91%     -    0s
     0     0 194540.510    0   13 211255.069 194540.510  7.91%     -    0s
H    0     0                    211221.93673 197408.714  6.54%     -    0s
H    0     0                    204961.84030 197408.714  3.69%     -    0s
H    0     0                    204535.33453 197408.714  3.48%     -    0s
     0     0 197408.714    0   15 204535.335 197408.714  3.48%     -    0s
     0     0 197627.064    0   15 204535.335 197627.064  3.38%     -    0s
     0     0 197652.516    0   16 204535.335 197652.516  3.37%     -    0s
     0     0 197653.068    0   16 204535.335 197653.068  3.36%     -    0s
H    0     0                    204060.93068 197653.068  3.14%     -    0s
H    0     0                    203684.53842 197653.068  2.96%     -    0s
H    0     0                    203172.79930 197653.068  2.72%     -    0s
H    0     0                    202625.34628 197653.068  2.45%     -    0s
H    0     0                    202357.51151 197653.068  2.32%     -    0s
H    0     0                    201838.11970 198898.604  1.46%     -    0s
     0     0 198898.604    0   10 201838.120 198898.604  1.46%     -    0s
     0     0 199048.567    0   12 201838.120 199048.567  1.38%     -    0s
     0     0 199050.467    0   12 201838.120 199050.467  1.38%     -    0s
     0     0 199466.066    0    9 201838.120 199466.066  1.18%     -    0s
H    0     0                    201579.77498 199468.794  1.05%     -    0s
H    0     0                    201297.07925 199468.794  0.91%     -    0s
     0     0 199472.453    0    7 201297.079 199472.453  0.91%     -    0s
     0     0 199719.574    0    7 201297.079 199719.574  0.78%     -    0s
H    0     0                    200841.91548 199719.574  0.56%     -    0s
     0     0 199735.347    0    9 200841.915 199735.347  0.55%     -    0s
     0     0 199735.347    0    9 200841.915 199735.347  0.55%     -    0s
     0     0 199735.347    0   17 200841.915 199735.347  0.55%     -    0s
     0     0 199735.347    0   11 200841.915 199735.347  0.55%     -    0s
     0     0 199735.347    0   14 200841.915 199735.347  0.55%     -    0s
     0     0 199735.347    0   11 200841.915 199735.347  0.55%     -    0s
     0     0 199735.347    0   13 200841.915 199735.347  0.55%     -    0s
     0     0 199735.347    0   11 200841.915 199735.347  0.55%     -    0s
     0     0 199735.347    0    9 200841.915 199735.347  0.55%     -    0s
     0     0 199735.347    0    9 200841.915 199735.347  0.55%     -    0s
     0     0 199743.122    0   10 200841.915 199743.122  0.55%     -    0s
     0     0 199776.256    0   10 200841.915 199776.256  0.53%     -    0s
     0     0 199776.256    0   10 200841.915 199776.256  0.53%     -    0s
     0     2 199776.256    0   10 200841.915 199776.256  0.53%     -    0s

Cutting planes:
  Implied bound: 87
  MIR: 11
  Flow cover: 2
  Relax-and-lift: 3

Explored 57 nodes (1192 simplex iterations) in 0.06 seconds (0.09 work units)
Thread count was 10 (of 10 available processors)

Solution count 10: 200842 201297 201838 ... 214191

Optimal solution found (tolerance 1.00e-04)
Best objective 2.008419154837e+05, best bound 2.008419154837e+05, gap 0.0000%

User-callback calls 520, time in user-callback 0.00 sec
