
Gurobi 12.0.3 (mac64[arm]) logging started Tue Dec  2 15:13:14 2025

Set parameter LogFile to value "/Users/arnav/projects/Candidate-Selection-via-Stochastic-IP/Facility_Location/Heuristic/logs/wait_and_see_scenario16_20251202_151313.log"
Set parameter LogToConsole to value 1
Set parameter OutputFlag to value 1

Gurobi 12.0.3 (mac64[arm]) logging started Tue Dec  2 15:13:14 2025

Set parameter LogFile to value "/Users/arnav/projects/Candidate-Selection-via-Stochastic-IP/Facility_Location/Heuristic/logs/wait_and_see_scenario16_20251202_151313.log"
Set parameter OutputFlag to value 1
Gurobi Optimizer version 12.0.3 build v12.0.3rc0 (mac64[arm] - Darwin 24.6.0 24G84)

CPU model: Apple M4
Thread count: 10 physical cores, 10 logical processors, using up to 10 threads

Non-default parameters:
TimeLimit  120

Optimize a model with 75 rows, 1325 columns and 2575 nonzeros
Model fingerprint: 0x7dcc3904
Variable types: 1300 continuous, 25 integer (25 binary)
Coefficient statistics:
  Matrix range     [1e+00, 4e+03]
  Objective range  [3e-01, 8e+03]
  Bounds range     [0e+00, 0e+00]
  RHS range        [2e+01, 1e+04]
Found heuristic solution: objective 813209.31717
Presolve removed 0 rows and 150 columns
Presolve time: 0.00s
Presolved: 75 rows, 1175 columns, 2276 nonzeros
Variable types: 1151 continuous, 24 integer (24 binary)

Root relaxation: objective 2.172184e+05, 52 iterations, 0.00 seconds (0.00 work units)

    Nodes    |    Current Node    |     Objective Bounds      |     Work
 Expl Unexpl |  Obj  Depth IntInf | Incumbent    BestBd   Gap | It/Node Time

     0     0 217218.433    0   18 813209.317 217218.433  73.3%     -    0s
H    0     0                    306861.84205 217218.433  29.2%     -    0s
H    0     0                    286580.57286 217218.433  24.2%     -    0s
H    0     0                    282346.29049 217218.433  23.1%     -    0s
H    0     0                    281343.83506 219948.888  21.8%     -    0s
H    0     0                    270665.46961 234095.619  13.5%     -    0s
H    0     0                    248681.93102 234095.619  5.87%     -    0s
H    0     0                    247349.75846 234095.619  5.36%     -    0s
H    0     0                    246347.51066 234095.619  4.97%     -    0s
     0     0 234095.619    0   14 246347.511 234095.619  4.97%     -    0s
H    0     0                    246150.44544 234436.599  4.76%     -    0s
H    0     0                    242384.24001 234436.599  3.28%     -    0s
     0     0 237245.059    0   11 242384.240 237245.059  2.12%     -    0s
H    0     0                    241550.50136 238197.530  1.39%     -    0s
     0     0 238197.530    0    8 241550.501 238197.530  1.39%     -    0s
     0     0 238270.033    0    7 241550.501 238270.033  1.36%     -    0s
     0     0 238360.383    0    1 241550.501 238360.383  1.32%     -    0s
     0     0 238380.404    0    1 241550.501 238380.404  1.31%     -    0s
     0     0 238380.404    0    1 241550.501 238380.404  1.31%     -    0s
     0     2 238380.404    0    1 241550.501 238380.404  1.31%     -    0s
H   17    25                    240684.13714 238599.151  0.87%  15.6    0s

Cutting planes:
  Implied bound: 92
  MIR: 9
  Flow cover: 8
  Relax-and-lift: 4

Explored 225 nodes (2489 simplex iterations) in 0.05 seconds (0.07 work units)
Thread count was 10 (of 10 available processors)

Solution count 10: 240684 241551 242384 ... 286581

Optimal solution found (tolerance 1.00e-04)
Best objective 2.406841371376e+05, best bound 2.406841371376e+05, gap 0.0000%

User-callback calls 766, time in user-callback 0.00 sec
