
Gurobi 12.0.3 (mac64[arm]) logging started Mon Dec  1 23:27:05 2025

Set parameter LogFile to value "/Users/arnav/projects/Candidate-Selection-via-Stochastic-IP/Facility_Location/Heuristic/logs/wait_and_see_scenario25_20251201_232704.log"
Set parameter LogToConsole to value 1
Set parameter OutputFlag to value 1

Gurobi 12.0.3 (mac64[arm]) logging started Mon Dec  1 23:27:05 2025

Set parameter LogFile to value "/Users/arnav/projects/Candidate-Selection-via-Stochastic-IP/Facility_Location/Heuristic/logs/wait_and_see_scenario25_20251201_232704.log"
Set parameter OutputFlag to value 1
Gurobi Optimizer version 12.0.3 build v12.0.3rc0 (mac64[arm] - Darwin 24.6.0 24G84)

CPU model: Apple M4
Thread count: 10 physical cores, 10 logical processors, using up to 10 threads

Non-default parameters:
TimeLimit  120

Optimize a model with 75 rows, 1325 columns and 2575 nonzeros
Model fingerprint: 0xf45ca8e6
Variable types: 1300 continuous, 25 integer (25 binary)
Coefficient statistics:
  Matrix range     [1e+00, 4e+03]
  Objective range  [3e-01, 8e+03]
  Bounds range     [0e+00, 0e+00]
  RHS range        [3e+01, 1e+04]
Found heuristic solution: objective 998754.99700
Presolve removed 0 rows and 150 columns
Presolve time: 0.00s
Presolved: 75 rows, 1175 columns, 2276 nonzeros
Variable types: 1151 continuous, 24 integer (24 binary)

Root relaxation: objective 2.690276e+05, 67 iterations, 0.00 seconds (0.00 work units)

    Nodes    |    Current Node    |     Objective Bounds      |     Work
 Expl Unexpl |  Obj  Depth IntInf | Incumbent    BestBd   Gap | It/Node Time

     0     0 269027.574    0   16 998754.997 269027.574  73.1%     -    0s
H    0     0                    345554.79640 269027.574  22.1%     -    0s
H    0     0                    335482.58728 269027.574  19.8%     -    0s
H    0     0                    333700.61268 269027.574  19.4%     -    0s
H    0     0                    327385.86348 269027.574  17.8%     -    0s
H    0     0                    304485.12621 269027.574  11.6%     -    0s
H    0     0                    294842.73370 285227.726  3.26%     -    0s
H    0     0                    294829.48136 285227.726  3.26%     -    0s
     0     0 285227.726    0   10 294829.481 285227.726  3.26%     -    0s
H    0     0                    294783.55339 285485.093  3.15%     -    0s
H    0     0                    294776.68089 285485.093  3.15%     -    0s
     0     0 285485.093    0   10 294776.681 285485.093  3.15%     -    0s
     0     0 288714.524    0   10 294776.681 288714.524  2.06%     -    0s
     0     0 289008.654    0   11 294776.681 289008.654  1.96%     -    0s
     0     0 289008.654    0   11 294776.681 289008.654  1.96%     -    0s
     0     0 289008.654    0   11 294776.681 289008.654  1.96%     -    0s
H    0     0                    294012.73276 289008.654  1.70%     -    0s
H    0     0                    293945.54972 289008.654  1.68%     -    0s
H    0     0                    289806.68910 289008.654  0.28%     -    0s
     0     0 289187.495    0    3 289806.689 289187.495  0.21%     -    0s
     0     0 289207.234    0    7 289806.689 289207.234  0.21%     -    0s
     0     0 289211.295    0    7 289806.689 289211.295  0.21%     -    0s
     0     0 289211.295    0   12 289806.689 289211.295  0.21%     -    0s
     0     0 289211.295    0   11 289806.689 289211.295  0.21%     -    0s
     0     0 289211.295    0    3 289806.689 289211.295  0.21%     -    0s
     0     0 289211.295    0   11 289806.689 289211.295  0.21%     -    0s
     0     0 289211.295    0   11 289806.689 289211.295  0.21%     -    0s
     0     0 289211.295    0    8 289806.689 289211.295  0.21%     -    0s
     0     0 289391.986    0    9 289806.689 289391.986  0.14%     -    0s
     0     0 289391.986    0    6 289806.689 289391.986  0.14%     -    0s
     0     0 289806.689    0    8 289806.689 289806.689  0.00%     -    0s

Cutting planes:
  Implied bound: 40
  MIR: 8
  Flow cover: 3
  Relax-and-lift: 11

Explored 1 nodes (480 simplex iterations) in 0.03 seconds (0.04 work units)
Thread count was 10 (of 10 available processors)

Solution count 10: 289807 293946 294013 ... 345555

Optimal solution found (tolerance 1.00e-04)
Best objective 2.898066891015e+05, best bound 2.898066891015e+05, gap 0.0000%

User-callback calls 356, time in user-callback 0.00 sec
