
Gurobi 12.0.3 (mac64[arm]) logging started Tue Dec  2 15:13:15 2025

Set parameter LogFile to value "/Users/arnav/projects/Candidate-Selection-via-Stochastic-IP/Facility_Location/Heuristic/logs/wait_and_see_scenario41_20251202_151313.log"
Set parameter LogToConsole to value 1
Set parameter OutputFlag to value 1

Gurobi 12.0.3 (mac64[arm]) logging started Tue Dec  2 15:13:15 2025

Set parameter LogFile to value "/Users/arnav/projects/Candidate-Selection-via-Stochastic-IP/Facility_Location/Heuristic/logs/wait_and_see_scenario41_20251202_151313.log"
Set parameter OutputFlag to value 1
Gurobi Optimizer version 12.0.3 build v12.0.3rc0 (mac64[arm] - Darwin 24.6.0 24G84)

CPU model: Apple M4
Thread count: 10 physical cores, 10 logical processors, using up to 10 threads

Non-default parameters:
TimeLimit  120

Optimize a model with 75 rows, 1325 columns and 2575 nonzeros
Model fingerprint: 0x220bcea0
Variable types: 1300 continuous, 25 integer (25 binary)
Coefficient statistics:
  Matrix range     [1e+00, 4e+03]
  Objective range  [3e-01, 8e+03]
  Bounds range     [0e+00, 0e+00]
  RHS range        [3e+01, 1e+04]
Found heuristic solution: objective 840645.46807
Presolve removed 0 rows and 150 columns
Presolve time: 0.00s
Presolved: 75 rows, 1175 columns, 2276 nonzeros
Variable types: 1151 continuous, 24 integer (24 binary)

Root relaxation: objective 2.182587e+05, 62 iterations, 0.00 seconds (0.00 work units)

    Nodes    |    Current Node    |     Objective Bounds      |     Work
 Expl Unexpl |  Obj  Depth IntInf | Incumbent    BestBd   Gap | It/Node Time

     0     0 218258.713    0   18 840645.468 218258.713  74.0%     -    0s
H    0     0                    304853.66099 218258.713  28.4%     -    0s
H    0     0                    286221.96555 218258.713  23.7%     -    0s
H    0     0                    281039.91995 218258.713  22.3%     -    0s
H    0     0                    278888.85664 218258.713  21.7%     -    0s
H    0     0                    267363.30279 218258.713  18.4%     -    0s
H    0     0                    247242.07012 218258.713  11.7%     -    0s
     0     0 235280.736    0   13 247242.070 235280.736  4.84%     -    0s
     0     0 235527.051    0   13 247242.070 235527.051  4.74%     -    0s
H    0     0                    245821.09677 235527.051  4.19%     -    0s
     0     0 238605.046    0   14 245821.097 238605.046  2.94%     -    0s
H    0     0                    245747.52439 239180.530  2.67%     -    0s
     0     0 239180.530    0   14 245747.524 239180.530  2.67%     -    0s
H    0     0                    245688.41788 239180.530  2.65%     -    0s
     0     0 239180.530    0   13 245688.418 239180.530  2.65%     -    0s
     0     0 240043.716    0    9 245688.418 240043.716  2.30%     -    0s
H    0     0                    245468.10135 240274.290  2.12%     -    0s
     0     0 240274.290    0    9 245468.101 240274.290  2.12%     -    0s
     0     0 240533.860    0   11 245468.101 240533.860  2.01%     -    0s
     0     0 240536.135    0   11 245468.101 240536.135  2.01%     -    0s
     0     0 241292.351    0    9 245468.101 241292.351  1.70%     -    0s
H    0     0                    245202.47334 241305.235  1.59%     -    0s
H    0     0                    243833.41380 241466.393  0.97%     -    0s
     0     0 241466.393    0    9 243833.414 241466.393  0.97%     -    0s
     0     0 241468.947    0   10 243833.414 241468.947  0.97%     -    0s
     0     0 241619.057    0   11 243833.414 241619.057  0.91%     -    0s
     0     0 241624.570    0   10 243833.414 241624.570  0.91%     -    0s
     0     0 241641.506    0    9 243833.414 241641.506  0.90%     -    0s
     0     0 241656.489    0   15 243833.414 241656.489  0.89%     -    0s
     0     0 241686.418    0    9 243833.414 241686.418  0.88%     -    0s
     0     0 241686.418    0    9 243833.414 241686.418  0.88%     -    0s
H    0     0                    243653.87081 241686.418  0.81%     -    0s
H    0     0                    243581.38460 241686.418  0.78%     -    0s
     0     2 241686.418    0    9 243581.385 241686.418  0.78%     -    0s
H   41    38                    243273.21831 242265.870  0.41%  15.1    0s
H   42    38                    243233.93637 242265.870  0.40%  14.9    0s
H  138     0                    243225.21970 243038.897  0.08%  10.3    0s

Cutting planes:
  Implied bound: 102
  MIR: 20
  Flow cover: 7
  Relax-and-lift: 5

Explored 143 nodes (1867 simplex iterations) in 0.05 seconds (0.07 work units)
Thread count was 10 (of 10 available processors)

Solution count 10: 243225 243234 243581 ... 267363

Optimal solution found (tolerance 1.00e-04)
Best objective 2.432252197044e+05, best bound 2.432252197044e+05, gap 0.0000%

User-callback calls 657, time in user-callback 0.00 sec
