
Gurobi 12.0.3 (mac64[arm]) logging started Mon Dec  1 23:27:05 2025

Set parameter LogFile to value "/Users/arnav/projects/Candidate-Selection-via-Stochastic-IP/Facility_Location/Heuristic/logs/wait_and_see_scenario18_20251201_232704.log"
Set parameter LogToConsole to value 1
Set parameter OutputFlag to value 1

Gurobi 12.0.3 (mac64[arm]) logging started Mon Dec  1 23:27:05 2025

Set parameter LogFile to value "/Users/arnav/projects/Candidate-Selection-via-Stochastic-IP/Facility_Location/Heuristic/logs/wait_and_see_scenario18_20251201_232704.log"
Set parameter OutputFlag to value 1
Gurobi Optimizer version 12.0.3 build v12.0.3rc0 (mac64[arm] - Darwin 24.6.0 24G84)

CPU model: Apple M4
Thread count: 10 physical cores, 10 logical processors, using up to 10 threads

Non-default parameters:
TimeLimit  120

Optimize a model with 75 rows, 1325 columns and 2575 nonzeros
Model fingerprint: 0x389fd0df
Variable types: 1300 continuous, 25 integer (25 binary)
Coefficient statistics:
  Matrix range     [1e+00, 4e+03]
  Objective range  [3e-01, 8e+03]
  Bounds range     [0e+00, 0e+00]
  RHS range        [6e+00, 1e+04]
Found heuristic solution: objective 624342.57663
Presolve removed 0 rows and 150 columns
Presolve time: 0.00s
Presolved: 75 rows, 1175 columns, 2276 nonzeros
Variable types: 1151 continuous, 24 integer (24 binary)

Root relaxation: objective 1.625120e+05, 59 iterations, 0.00 seconds (0.00 work units)

    Nodes    |    Current Node    |     Objective Bounds      |     Work
 Expl Unexpl |  Obj  Depth IntInf | Incumbent    BestBd   Gap | It/Node Time

     0     0 162511.953    0   20 624342.577 162511.953  74.0%     -    0s
H    0     0                    273140.55572 162511.953  40.5%     -    0s
H    0     0                    239449.91778 162511.953  32.1%     -    0s
H    0     0                    238435.96824 162511.953  31.8%     -    0s
H    0     0                    233464.40566 162511.953  30.4%     -    0s
H    0     0                    213850.07780 178654.157  16.5%     -    0s
H    0     0                    189648.67976 178654.157  5.80%     -    0s
     0     0 178654.157    0   13 189648.680 178654.157  5.80%     -    0s
H    0     0                    188176.01353 182112.323  3.22%     -    0s
     0     0 182112.323    0   12 188176.014 182112.323  3.22%     -    0s
     0     0 182238.743    0   12 188176.014 182238.743  3.16%     -    0s
     0     0 182979.377    0   12 188176.014 182979.377  2.76%     -    0s
H    0     0                    188098.04688 183533.121  2.43%     -    0s
     0     0 183533.121    0    8 188098.047 183533.121  2.43%     -    0s
H    0     0                    184822.47163 183543.794  0.69%     -    0s
     0     0 183543.794    0    8 184822.472 183543.794  0.69%     -    0s
     0     0 183910.983    0    8 184822.472 183910.983  0.49%     -    0s
     0     0 183927.145    0    8 184822.472 183927.145  0.48%     -    0s
     0     0 183939.484    0    9 184822.472 183939.484  0.48%     -    0s
     0     0 183939.484    0    9 184822.472 183939.484  0.48%     -    0s
     0     2 183939.484    0    9 184822.472 183939.484  0.48%     -    0s

Cutting planes:
  Implied bound: 105
  MIR: 7
  Flow cover: 3
  Relax-and-lift: 1

Explored 47 nodes (727 simplex iterations) in 0.03 seconds (0.05 work units)
Thread count was 10 (of 10 available processors)

Solution count 10: 184822 188098 188176 ... 624343

Optimal solution found (tolerance 1.00e-04)
Best objective 1.848224716310e+05, best bound 1.848224716310e+05, gap 0.0000%

User-callback calls 411, time in user-callback 0.00 sec
