
Gurobi 12.0.3 (mac64[arm]) logging started Mon Dec  1 23:27:05 2025

Set parameter LogFile to value "/Users/arnav/projects/Candidate-Selection-via-Stochastic-IP/Facility_Location/Heuristic/logs/wait_and_see_scenario15_20251201_232704.log"
Set parameter LogToConsole to value 1
Set parameter OutputFlag to value 1

Gurobi 12.0.3 (mac64[arm]) logging started Mon Dec  1 23:27:05 2025

Set parameter LogFile to value "/Users/arnav/projects/Candidate-Selection-via-Stochastic-IP/Facility_Location/Heuristic/logs/wait_and_see_scenario15_20251201_232704.log"
Set parameter OutputFlag to value 1
Gurobi Optimizer version 12.0.3 build v12.0.3rc0 (mac64[arm] - Darwin 24.6.0 24G84)

CPU model: Apple M4
Thread count: 10 physical cores, 10 logical processors, using up to 10 threads

Non-default parameters:
TimeLimit  120

Optimize a model with 75 rows, 1325 columns and 2575 nonzeros
Model fingerprint: 0x89ac9b32
Variable types: 1300 continuous, 25 integer (25 binary)
Coefficient statistics:
  Matrix range     [1e+00, 4e+03]
  Objective range  [3e-01, 8e+03]
  Bounds range     [0e+00, 0e+00]
  RHS range        [3e+01, 1e+04]
Found heuristic solution: objective 935991.37508
Presolve removed 0 rows and 150 columns
Presolve time: 0.00s
Presolved: 75 rows, 1175 columns, 2276 nonzeros
Variable types: 1151 continuous, 24 integer (24 binary)

Root relaxation: objective 2.474510e+05, 68 iterations, 0.00 seconds (0.00 work units)

    Nodes    |    Current Node    |     Objective Bounds      |     Work
 Expl Unexpl |  Obj  Depth IntInf | Incumbent    BestBd   Gap | It/Node Time

     0     0 247450.957    0   17 935991.375 247450.957  73.6%     -    0s
H    0     0                    330951.91520 247450.957  25.2%     -    0s
H    0     0                    314749.38267 247450.957  21.4%     -    0s
H    0     0                    307070.86291 247450.957  19.4%     -    0s
H    0     0                    297206.44302 247450.957  16.7%     -    0s
H    0     0                    276474.97484 263876.662  4.56%     -    0s
H    0     0                    275937.59408 263876.662  4.37%     -    0s
H    0     0                    275680.11530 263876.662  4.28%     -    0s
     0     0 263876.662    0   10 275680.115 263876.662  4.28%     -    0s
     0     0 264504.410    0   10 275680.115 264504.410  4.05%     -    0s
H    0     0                    270463.45089 264504.410  2.20%     -    0s
H    0     0                    270337.58284 264504.410  2.16%     -    0s
     0     0 266646.467    0   13 270337.583 266646.467  1.37%     -    0s
H    0     0                    270336.28691 266723.013  1.34%     -    0s
H    0     0                    268868.35990 266723.013  0.80%     -    0s
H    0     0                    268349.15771 266723.013  0.61%     -    0s
     0     0 266732.041    0   12 268349.158 266732.041  0.60%     -    0s
     0     0 267420.683    0    6 268349.158 267420.683  0.35%     -    0s
     0     0 267568.706    0    7 268349.158 267568.706  0.29%     -    0s
     0     0 267866.763    0   10 268349.158 267866.763  0.18%     -    0s
     0     0 267881.427    0    9 268349.158 267881.427  0.17%     -    0s
     0     0 267881.427    0    9 268349.158 267881.427  0.17%     -    0s
     0     0 268060.721    0    7 268349.158 268060.721  0.11%     -    0s
     0     0 268061.849    0    9 268349.158 268061.849  0.11%     -    0s
     0     0 268084.258    0    8 268349.158 268084.258  0.10%     -    0s
     0     0 268084.258    0    8 268349.158 268084.258  0.10%     -    0s
     0     0 268084.258    0    9 268349.158 268084.258  0.10%     -    0s
     0     0 268084.258    0    7 268349.158 268084.258  0.10%     -    0s
     0     0 268084.258    0    6 268349.158 268084.258  0.10%     -    0s
     0     0 268084.258    0    8 268349.158 268084.258  0.10%     -    0s
     0     0 268084.258    0    8 268349.158 268084.258  0.10%     -    0s
     0     0 268084.258    0    8 268349.158 268084.258  0.10%     -    0s
     0     0 268114.340    0    5 268349.158 268114.340  0.09%     -    0s
     0     0 268123.523    0    9 268349.158 268123.523  0.08%     -    0s
     0     0 268125.658    0    9 268349.158 268125.658  0.08%     -    0s
     0     0 268129.948    0    9 268349.158 268129.948  0.08%     -    0s
     0     0 268140.002    0    9 268349.158 268140.002  0.08%     -    0s
     0     2 268140.002    0    9 268349.158 268140.002  0.08%     -    0s

Cutting planes:
  Implied bound: 54
  MIR: 10
  Relax-and-lift: 3

Explored 16 nodes (571 simplex iterations) in 0.05 seconds (0.06 work units)
Thread count was 10 (of 10 available processors)

Solution count 10: 268349 270336 270338 ... 314749

Optimal solution found (tolerance 1.00e-04)
Best objective 2.683491577102e+05, best bound 2.683491577102e+05, gap 0.0000%

User-callback calls 419, time in user-callback 0.00 sec
