
Gurobi 12.0.3 (mac64[arm]) logging started Tue Dec  2 15:13:14 2025

Set parameter LogFile to value "/Users/arnav/projects/Candidate-Selection-via-Stochastic-IP/Facility_Location/Heuristic/logs/wait_and_see_scenario21_20251202_151313.log"
Set parameter LogToConsole to value 1
Set parameter OutputFlag to value 1

Gurobi 12.0.3 (mac64[arm]) logging started Tue Dec  2 15:13:14 2025

Set parameter LogFile to value "/Users/arnav/projects/Candidate-Selection-via-Stochastic-IP/Facility_Location/Heuristic/logs/wait_and_see_scenario21_20251202_151313.log"
Set parameter OutputFlag to value 1
Gurobi Optimizer version 12.0.3 build v12.0.3rc0 (mac64[arm] - Darwin 24.6.0 24G84)

CPU model: Apple M4
Thread count: 10 physical cores, 10 logical processors, using up to 10 threads

Non-default parameters:
TimeLimit  120

Optimize a model with 75 rows, 1325 columns and 2575 nonzeros
Model fingerprint: 0x3a1e44ff
Variable types: 1300 continuous, 25 integer (25 binary)
Coefficient statistics:
  Matrix range     [1e+00, 4e+03]
  Objective range  [3e-01, 8e+03]
  Bounds range     [0e+00, 0e+00]
  RHS range        [3e+01, 1e+04]
Found heuristic solution: objective 967214.28730
Presolve removed 0 rows and 150 columns
Presolve time: 0.00s
Presolved: 75 rows, 1175 columns, 2276 nonzeros
Variable types: 1151 continuous, 24 integer (24 binary)

Root relaxation: objective 2.549412e+05, 83 iterations, 0.00 seconds (0.00 work units)

    Nodes    |    Current Node    |     Objective Bounds      |     Work
 Expl Unexpl |  Obj  Depth IntInf | Incumbent    BestBd   Gap | It/Node Time

     0     0 254941.161    0   16 967214.287 254941.161  73.6%     -    0s
H    0     0                    334972.90647 254941.161  23.9%     -    0s
H    0     0                    325453.45697 254941.161  21.7%     -    0s
H    0     0                    320109.67665 254941.161  20.4%     -    0s
H    0     0                    292320.29715 254941.161  12.8%     -    0s
H    0     0                    288713.62953 272021.976  5.78%     -    0s
     0     0 272021.976    0   11 288713.630 272021.976  5.78%     -    0s
     0     0 272271.586    0   11 288713.630 272271.586  5.69%     -    0s
H    0     0                    288664.80289 272271.586  5.68%     -    0s
H    0     0                    283099.44516 272271.586  3.82%     -    0s
H    0     0                    281614.53185 272271.586  3.32%     -    0s
H    0     0                    280682.07101 275563.856  1.82%     -    0s
     0     0 275563.856    0   11 280682.071 275563.856  1.82%     -    0s
     0     0 275686.406    0   11 280682.071 275686.406  1.78%     -    0s
     0     0 276398.910    0    7 280682.071 276398.910  1.53%     -    0s
     0     0 276491.947    0    7 280682.071 276491.947  1.49%     -    0s
     0     0 276506.153    0    6 280682.071 276506.153  1.49%     -    0s
     0     0 276729.773    0    5 280682.071 276729.773  1.41%     -    0s
H    0     0                    279842.46036 276745.895  1.11%     -    0s
     0     0 276745.895    0    5 279842.460 276745.895  1.11%     -    0s
     0     0 276748.224    0    6 279842.460 276748.224  1.11%     -    0s
     0     0 276752.780    0    6 279842.460 276752.780  1.10%     -    0s
     0     0 276754.600    0    6 279842.460 276754.600  1.10%     -    0s
     0     2 276754.600    0    6 279842.460 276754.600  1.10%     -    0s
H   17    25                    279491.79850 277222.295  0.81%  17.6    0s
H   31    41                    278979.60318 277372.918  0.58%  16.8    0s
H   36    41                    278398.53581 277372.918  0.37%  15.9    0s
*  120     0               6    277913.77480 277631.368  0.10%  12.6    0s

Cutting planes:
  Implied bound: 86
  MIR: 13
  Flow cover: 4
  Relax-and-lift: 3

Explored 140 nodes (1960 simplex iterations) in 0.04 seconds (0.06 work units)
Thread count was 10 (of 10 available processors)

Solution count 10: 277914 279842 280682 ... 334973

Optimal solution found (tolerance 1.00e-04)
Best objective 2.779137748001e+05, best bound 2.779137748001e+05, gap 0.0000%

User-callback calls 619, time in user-callback 0.00 sec
