
Gurobi 12.0.3 (mac64[arm]) logging started Tue Sep 23 11:49:27 2025

Set parameter LogFile to value "Logs/Facility Location Logs/nscen30_K1/phase2/reformulated_extensive_form.log"
Set parameter LogToConsole to value 0

Gurobi 12.0.3 (mac64[arm]) logging started Tue Sep 23 11:49:27 2025

Set parameter LogFile to value "Logs/Facility Location Logs/nscen30_K1/phase2/reformulated_extensive_form.log"
Gurobi Optimizer version 12.0.3 build v12.0.3rc0 (mac64[arm] - Darwin 24.6.0 24G222)

CPU model: Apple M3
Thread count: 8 physical cores, 8 logical processors, using up to 8 threads

Non-default parameters:
TimeLimit  30
LogToConsole  0

Optimize a model with 3101 rows, 3030 columns and 9030 nonzeros
Model fingerprint: 0x654d4bcc
Variable types: 0 continuous, 3030 integer (3030 binary)
Coefficient statistics:
  Matrix range     [1e+00, 1e+00]
  Objective range  [6e+02, 4e+04]
  Bounds range     [0e+00, 0e+00]
  RHS range        [1e+00, 1e+00]
Presolve time: 0.01s
Presolved: 3101 rows, 3030 columns, 9030 nonzeros
Variable types: 0 continuous, 3030 integer (3030 binary)
Found heuristic solution: objective 520202.20186
Found heuristic solution: objective 222486.28706
Found heuristic solution: objective 222478.54758

Root relaxation: objective 1.273986e+05, 1815 iterations, 0.01 seconds (0.03 work units)

    Nodes    |    Current Node    |     Objective Bounds      |     Work
 Expl Unexpl |  Obj  Depth IntInf | Incumbent    BestBd   Gap | It/Node Time

*    0     0               0    127398.61329 127398.613  0.00%     -    0s

Explored 1 nodes (1815 simplex iterations) in 0.03 seconds (0.06 work units)
Thread count was 8 (of 8 available processors)

Solution count 4: 127399 222479 222486 520202 

Optimal solution found (tolerance 1.00e-04)
Best objective 1.273986132876e+05, best bound 1.273986132876e+05, gap 0.0000%

User-callback calls 157, time in user-callback 0.00 sec

============================================================
SUMMARY STATISTICS - PHASE 2B: REFORMULATED EXTENSIVE FORM
============================================================
Parameters:
  nsamples: 100
  nscen: 30
  infeasible_pairs: 0
  K: 1

Results:
  selected_solutions: 1
  objective_value: 127398.61328761124
============================================================

Gurobi 12.0.3 (mac64[arm]) logging started Tue Sep 23 12:12:43 2025

Set parameter LogFile to value "Logs/Facility Location Logs/nscen30_K1/phase2/reformulated_extensive_form.log"
Set parameter LogToConsole to value 0

Gurobi 12.0.3 (mac64[arm]) logging started Tue Sep 23 12:12:44 2025

Set parameter LogFile to value "Logs/Facility Location Logs/nscen30_K1/phase2/reformulated_extensive_form.log"
Gurobi Optimizer version 12.0.3 build v12.0.3rc0 (mac64[arm] - Darwin 24.6.0 24G222)

CPU model: Apple M3
Thread count: 8 physical cores, 8 logical processors, using up to 8 threads

Non-default parameters:
TimeLimit  30
LogToConsole  0

Optimize a model with 3101 rows, 3030 columns and 9030 nonzeros
Model fingerprint: 0x654d4bcc
Variable types: 0 continuous, 3030 integer (3030 binary)
Coefficient statistics:
  Matrix range     [1e+00, 1e+00]
  Objective range  [6e+02, 4e+04]
  Bounds range     [0e+00, 0e+00]
  RHS range        [1e+00, 1e+00]
Presolve time: 0.01s
Presolved: 3101 rows, 3030 columns, 9030 nonzeros
Variable types: 0 continuous, 3030 integer (3030 binary)
Found heuristic solution: objective 520202.20186
Found heuristic solution: objective 222486.28706
Found heuristic solution: objective 222478.54758

Root relaxation: objective 1.273986e+05, 1815 iterations, 0.01 seconds (0.03 work units)

    Nodes    |    Current Node    |     Objective Bounds      |     Work
 Expl Unexpl |  Obj  Depth IntInf | Incumbent    BestBd   Gap | It/Node Time

*    0     0               0    127398.61329 127398.613  0.00%     -    0s

Explored 1 nodes (1815 simplex iterations) in 0.03 seconds (0.06 work units)
Thread count was 8 (of 8 available processors)

Solution count 4: 127399 222479 222486 520202 

Optimal solution found (tolerance 1.00e-04)
Best objective 1.273986132876e+05, best bound 1.273986132876e+05, gap 0.0000%

User-callback calls 158, time in user-callback 0.00 sec

============================================================
SUMMARY STATISTICS - PHASE 2B: REFORMULATED EXTENSIVE FORM
============================================================
Parameters:
  nsamples: 100
  nscen: 30
  infeasible_pairs: 0
  K: 1

Results:
  selected_solutions: 1
  objective_value: 127398.61328761124
============================================================
