
Gurobi 12.0.3 (mac64[arm]) logging started Tue Sep 23 19:07:23 2025

Set parameter LogFile to value "Logs/PowerFlow Logs/L20/phase2/reformulated_extensive_form_K6.log"
Set parameter LogToConsole to value 0

Gurobi 12.0.3 (mac64[arm]) logging started Tue Sep 23 19:07:23 2025

Set parameter LogFile to value "Logs/PowerFlow Logs/L20/phase2/reformulated_extensive_form_K6.log"
Gurobi Optimizer version 12.0.3 build v12.0.3rc0 (mac64[arm] - Darwin 24.6.0 24G222)

CPU model: Apple M3
Thread count: 8 physical cores, 8 logical processors, using up to 8 threads

Non-default parameters:
TimeLimit  3600
LogToConsole  0

Optimize a model with 2101 rows, 2020 columns and 6020 nonzeros
Model fingerprint: 0xf5c0468c
Variable types: 0 continuous, 2020 integer (2020 binary)
Coefficient statistics:
  Matrix range     [1e+00, 1e+00]
  Objective range  [3e+01, 5e+01]
  Bounds range     [0e+00, 0e+00]
  RHS range        [1e+00, 6e+00]
Presolve time: 0.00s
Presolved: 2101 rows, 2020 columns, 6020 nonzeros
Variable types: 0 continuous, 2020 integer (2020 binary)
Found heuristic solution: objective 3137.4910205

Root relaxation: objective 3.112872e+03, 331 iterations, 0.00 seconds (0.01 work units)

    Nodes    |    Current Node    |     Objective Bounds      |     Work
 Expl Unexpl |  Obj  Depth IntInf | Incumbent    BestBd   Gap | It/Node Time

*    0     0               0    3112.8724442 3112.87244  0.00%     -    0s

Explored 1 nodes (331 simplex iterations) in 0.01 seconds (0.02 work units)
Thread count was 8 (of 8 available processors)

Solution count 2: 3112.87 3137.49 

Optimal solution found (tolerance 1.00e-04)
Best objective 3.112872444239e+03, best bound 3.112872444239e+03, gap 0.0000%

User-callback calls 147, time in user-callback 0.00 sec

============================================================
SUMMARY STATISTICS - Phase 2B - Reformulated Extensive Form
============================================================
Parameters:
  nsamples: 100
  nscen: 20
  K: 6

Results:
  execution_time: 0.03 seconds
  objective_value: 3112.8724442390576
============================================================
