
Gurobi 12.0.3 (mac64[arm]) logging started Wed Dec  3 02:38:15 2025

Set parameter LogFile to value "/Users/arnav/projects/Candidate-Selection-via-Stochastic-IP/Samples/FL/logs/wait_and_see_scenario36_20251203_023809.log"
Set parameter LogToConsole to value 1
Set parameter OutputFlag to value 1

Gurobi 12.0.3 (mac64[arm]) logging started Wed Dec  3 02:38:15 2025

Set parameter LogFile to value "/Users/arnav/projects/Candidate-Selection-via-Stochastic-IP/Samples/FL/logs/wait_and_see_scenario36_20251203_023809.log"
Set parameter OutputFlag to value 1
Gurobi Optimizer version 12.0.3 build v12.0.3rc0 (mac64[arm] - Darwin 24.6.0 24G84)

CPU model: Apple M4
Thread count: 10 physical cores, 10 logical processors, using up to 10 threads

Non-default parameters:
TimeLimit  120

Optimize a model with 75 rows, 1325 columns and 2575 nonzeros
Model fingerprint: 0xeab0d3cc
Variable types: 1300 continuous, 25 integer (25 binary)
Coefficient statistics:
  Matrix range     [1e+00, 4e+03]
  Objective range  [3e-01, 8e+03]
  Bounds range     [0e+00, 0e+00]
  RHS range        [3e+01, 1e+04]
Found heuristic solution: objective 631523.53319
Presolve removed 20 rows and 614 columns
Presolve time: 0.00s
Presolved: 55 rows, 711 columns, 1368 nonzeros
Variable types: 687 continuous, 24 integer (24 binary)

Root relaxation: objective 1.588668e+05, 50 iterations, 0.00 seconds (0.00 work units)

    Nodes    |    Current Node    |     Objective Bounds      |     Work
 Expl Unexpl |  Obj  Depth IntInf | Incumbent    BestBd   Gap | It/Node Time

     0     0 158866.846    0   16 631523.533 158866.846  74.8%     -    0s
H    0     0                    238697.56462 158866.846  33.4%     -    0s
H    0     0                    215588.79424 158866.846  26.3%     -    0s
H    0     0                    211655.17906 158866.846  24.9%     -    0s
H    0     0                    198228.52535 158866.846  19.9%     -    0s
H    0     0                    191430.78290 169542.434  11.4%     -    0s
     0     0 169542.434    0   11 191430.783 169542.434  11.4%     -    0s
H    0     0                    187585.93978 169704.132  9.53%     -    0s
H    0     0                    186113.00863 169704.132  8.82%     -    0s
     0     0 169704.132    0   10 186113.009 169704.132  8.82%     -    0s
H    0     0                    184071.35931 169704.132  7.81%     -    0s
H    0     0                    181987.64546 169704.132  6.75%     -    0s
     0     0 172643.311    0    8 181987.645 172643.311  5.13%     -    0s
H    0     0                    174525.56545 172703.423  1.04%     -    0s
     0     0 172709.531    0    6 174525.565 172709.531  1.04%     -    0s
     0     0 172913.825    0    7 174525.565 172913.825  0.92%     -    0s
     0     0 173036.819    0    4 174525.565 173036.819  0.85%     -    0s
     0     0 173164.451    0    5 174525.565 173164.451  0.78%     -    0s
     0     0 173171.723    0    4 174525.565 173171.723  0.78%     -    0s
     0     0 173303.656    0    3 174525.565 173303.656  0.70%     -    0s
     0     0 173794.501    0    5 174525.565 173794.501  0.42%     -    0s
     0     0 173835.403    0    5 174525.565 173835.403  0.40%     -    0s
     0     0 173835.403    0    2 174525.565 173835.403  0.40%     -    0s
     0     0 173835.403    0    2 174525.565 173835.403  0.40%     -    0s
     0     0 173835.403    0    2 174525.565 173835.403  0.40%     -    0s
     0     0 173835.403    0    2 174525.565 173835.403  0.40%     -    0s
     0     0     cutoff    0      174525.565 174525.565  0.00%     -    0s

Cutting planes:
  Gomory: 1
  Implied bound: 2

Explored 1 nodes (277 simplex iterations) in 0.07 seconds (0.03 work units)
Thread count was 10 (of 10 available processors)

Solution count 10: 174526 176843 178379 ... 211655

Optimal solution found (tolerance 1.00e-04)
Best objective 1.745255654546e+05, best bound 1.745255654546e+05, gap 0.0000%

User-callback calls 376, time in user-callback 0.00 sec
