
Gurobi 12.0.3 (mac64[arm]) logging started Tue Dec  2 19:33:48 2025

Set parameter LogFile to value "/Users/arnav/projects/Candidate-Selection-via-Stochastic-IP/Samples/FL/logs/wait_and_see_scenario23_20251202_193347.log"
Set parameter LogToConsole to value 1
Set parameter OutputFlag to value 1

Gurobi 12.0.3 (mac64[arm]) logging started Tue Dec  2 19:33:48 2025

Set parameter LogFile to value "/Users/arnav/projects/Candidate-Selection-via-Stochastic-IP/Samples/FL/logs/wait_and_see_scenario23_20251202_193347.log"
Set parameter OutputFlag to value 1
Gurobi Optimizer version 12.0.3 build v12.0.3rc0 (mac64[arm] - Darwin 24.6.0 24G84)

CPU model: Apple M4
Thread count: 10 physical cores, 10 logical processors, using up to 10 threads

Non-default parameters:
TimeLimit  120

Optimize a model with 75 rows, 1325 columns and 2575 nonzeros
Model fingerprint: 0x61ff45e4
Variable types: 1300 continuous, 25 integer (25 binary)
Coefficient statistics:
  Matrix range     [1e+00, 4e+03]
  Objective range  [3e-01, 8e+03]
  Bounds range     [0e+00, 0e+00]
  RHS range        [3e+01, 1e+04]
Found heuristic solution: objective 689991.45210
Presolve removed 21 rows and 632 columns
Presolve time: 0.00s
Presolved: 54 rows, 693 columns, 1333 nonzeros
Variable types: 669 continuous, 24 integer (24 binary)

Root relaxation: objective 1.811023e+05, 61 iterations, 0.00 seconds (0.00 work units)

    Nodes    |    Current Node    |     Objective Bounds      |     Work
 Expl Unexpl |  Obj  Depth IntInf | Incumbent    BestBd   Gap | It/Node Time

     0     0 181102.335    0   14 689991.452 181102.335  73.8%     -    0s
H    0     0                    246936.61767 181102.335  26.7%     -    0s
H    0     0                    237166.06616 181102.335  23.6%     -    0s
H    0     0                    233711.80279 181102.335  22.5%     -    0s
H    0     0                    214826.03354 181102.335  15.7%     -    0s
H    0     0                    214535.82404 182375.077  15.0%     -    0s
H    0     0                    212139.66827 190958.061  10.0%     -    0s
H    0     0                    202334.47291 190958.061  5.62%     -    0s
     0     0 190958.061    0   11 202334.473 190958.061  5.62%     -    0s
H    0     0                    200520.04600 191092.926  4.70%     -    0s
     0     0 193129.581    0    8 200520.046 193129.581  3.69%     -    0s
H    0     0                    199574.57553 193211.601  3.19%     -    0s
H    0     0                    197261.90482 193211.601  2.05%     -    0s
     0     0 193505.394    0    9 197261.905 193505.394  1.90%     -    0s
     0     0 193738.510    0    9 197261.905 193738.510  1.79%     -    0s
     0     0 194341.676    0    9 197261.905 194341.676  1.48%     -    0s
H    0     0                    197250.93572 194678.498  1.30%     -    0s
     0     0 194678.498    0    9 197250.936 194678.498  1.30%     -    0s
     0     0 194690.837    0    8 197250.936 194690.837  1.30%     -    0s
H    0     0                    196602.53420 194690.837  0.97%     -    0s
     0     0 195395.253    0    3 196602.534 195395.253  0.61%     -    0s
     0     0 195454.502    0    4 196602.534 195454.502  0.58%     -    0s
     0     0 195454.502    0    4 196602.534 195454.502  0.58%     -    0s
     0     0 195454.502    0    8 196602.534 195454.502  0.58%     -    0s
     0     0 195454.502    0    6 196602.534 195454.502  0.58%     -    0s
     0     0 195454.502    0    7 196602.534 195454.502  0.58%     -    0s
     0     0 195454.502    0    6 196602.534 195454.502  0.58%     -    0s
     0     0 195454.502    0    5 196602.534 195454.502  0.58%     -    0s
     0     0 195454.502    0    4 196602.534 195454.502  0.58%     -    0s
     0     0 195454.502    0    4 196602.534 195454.502  0.58%     -    0s
     0     0 195497.161    0    4 196602.534 195497.161  0.56%     -    0s
     0     0 195504.256    0    5 196602.534 195504.256  0.56%     -    0s
     0     0 195504.256    0    5 196602.534 195504.256  0.56%     -    0s
     0     2 195504.256    0    5 196602.534 195504.256  0.56%     -    0s
H    5     7                    196553.78858 195617.968  0.48%   7.4    0s

Cutting planes:
  Implied bound: 41
  MIR: 8
  Flow cover: 2
  Relax-and-lift: 2

Explored 23 nodes (602 simplex iterations) in 0.04 seconds (0.04 work units)
Thread count was 10 (of 10 available processors)

Solution count 10: 196554 196603 197251 ... 233712

Optimal solution found (tolerance 1.00e-04)
Best objective 1.965537885782e+05, best bound 1.965537885782e+05, gap 0.0000%

User-callback calls 429, time in user-callback 0.00 sec
