
Gurobi 12.0.3 (mac64[arm]) logging started Wed Dec  3 02:10:16 2025

Set parameter LogFile to value "/Users/arnav/projects/Candidate-Selection-via-Stochastic-IP/Samples/FL/logs/wait_and_see_scenario9_20251203_021015.log"
Set parameter LogToConsole to value 1
Set parameter OutputFlag to value 1

Gurobi 12.0.3 (mac64[arm]) logging started Wed Dec  3 02:10:16 2025

Set parameter LogFile to value "/Users/arnav/projects/Candidate-Selection-via-Stochastic-IP/Samples/FL/logs/wait_and_see_scenario9_20251203_021015.log"
Set parameter OutputFlag to value 1
Gurobi Optimizer version 12.0.3 build v12.0.3rc0 (mac64[arm] - Darwin 24.6.0 24G84)

CPU model: Apple M4
Thread count: 10 physical cores, 10 logical processors, using up to 10 threads

Non-default parameters:
TimeLimit  120

Optimize a model with 75 rows, 1325 columns and 2575 nonzeros
Model fingerprint: 0x0678e88f
Variable types: 1300 continuous, 25 integer (25 binary)
Coefficient statistics:
  Matrix range     [1e+00, 4e+03]
  Objective range  [3e-01, 8e+03]
  Bounds range     [0e+00, 0e+00]
  RHS range        [3e+01, 5e+03]
Found heuristic solution: objective 270265.34358
Presolve removed 29 rows and 813 columns
Presolve time: 0.00s
Presolved: 46 rows, 512 columns, 979 nonzeros
Variable types: 488 continuous, 24 integer (24 binary)

Root relaxation: objective 6.363786e+04, 49 iterations, 0.00 seconds (0.00 work units)

    Nodes    |    Current Node    |     Objective Bounds      |     Work
 Expl Unexpl |  Obj  Depth IntInf | Incumbent    BestBd   Gap | It/Node Time

     0     0 63637.8589    0   12 270265.344 63637.8589  76.5%     -    0s
H    0     0                    136908.34236 63637.8589  53.5%     -    0s
H    0     0                    101951.55960 63637.8589  37.6%     -    0s
H    0     0                    96003.838906 63637.8589  33.7%     -    0s
H    0     0                    90914.943444 63637.8589  30.0%     -    0s
H    0     0                    90580.242396 63637.8589  29.7%     -    0s
     0     0 69500.4477    0   11 90580.2424 69500.4477  23.3%     -    0s
H    0     0                    87817.392783 69880.6899  20.4%     -    0s
     0     0 70417.0687    0    9 87817.3928 70417.0687  19.8%     -    0s
H    0     0                    82751.074546 70488.9922  14.8%     -    0s
     0     0 70825.9263    0    9 82751.0745 70825.9263  14.4%     -    0s
     0     0 71000.9829    0    5 82751.0745 71000.9829  14.2%     -    0s
H    0     0                    81003.043861 71012.8830  12.3%     -    0s
H    0     0                    80821.435838 71012.8830  12.1%     -    0s
     0     0 71912.9144    0    9 80821.4358 71912.9144  11.0%     -    0s
H    0     0                    75452.838412 71939.9060  4.66%     -    0s
H    0     0                    75214.709132 71939.9060  4.35%     -    0s
     0     0 71939.9060    0    9 75214.7091 71939.9060  4.35%     -    0s
     0     0 71945.7907    0    9 75214.7091 71945.7907  4.35%     -    0s
     0     0 71948.2617    0    9 75214.7091 71948.2617  4.34%     -    0s
H    0     0                    73786.355447 71948.2617  2.49%     -    0s
     0     0 72613.8276    0    1 73786.3554 72613.8276  1.59%     -    0s
     0     0 72613.8276    0    9 73786.3554 72613.8276  1.59%     -    0s
     0     0 72613.8276    0    6 73786.3554 72613.8276  1.59%     -    0s
     0     0 72613.8276    0    7 73786.3554 72613.8276  1.59%     -    0s
     0     0 72613.8276    0    3 73786.3554 72613.8276  1.59%     -    0s
     0     0 72613.8276    0    4 73786.3554 72613.8276  1.59%     -    0s
     0     0 72613.8276    0    3 73786.3554 72613.8276  1.59%     -    0s
     0     0 72613.8276    0    3 73786.3554 72613.8276  1.59%     -    0s
     0     0 72613.8276    0    4 73786.3554 72613.8276  1.59%     -    0s
     0     0 72613.8276    0    1 73786.3554 72613.8276  1.59%     -    0s
     0     0 72613.8276    0    1 73786.3554 72613.8276  1.59%     -    0s
     0     0 72613.8276    0    1 73786.3554 72613.8276  1.59%     -    0s
     0     0 72666.8852    0    2 73786.3554 72666.8852  1.52%     -    0s
     0     0 72715.9418    0    1 73786.3554 72715.9418  1.45%     -    0s
     0     0 72722.6935    0    6 73786.3554 72722.6935  1.44%     -    0s
     0     0 72818.7927    0    7 73786.3554 72818.7927  1.31%     -    0s
     0     0 72894.0996    0    5 73786.3554 72894.0996  1.21%     -    0s
     0     0 73379.7453    0    6 73786.3554 73379.7453  0.55%     -    0s
     0     0 73397.8234    0    6 73786.3554 73397.8234  0.53%     -    0s
     0     0 73397.8234    0    6 73786.3554 73397.8234  0.53%     -    0s
     0     0 73397.8234    0    6 73786.3554 73397.8234  0.53%     -    0s
     0     0 73397.8234    0    4 73786.3554 73397.8234  0.53%     -    0s
     0     0 73397.8234    0    3 73786.3554 73397.8234  0.53%     -    0s
     0     0 73397.8234    0    3 73786.3554 73397.8234  0.53%     -    0s
     0     0 73397.8234    0    3 73786.3554 73397.8234  0.53%     -    0s
     0     0 73397.8234    0    3 73786.3554 73397.8234  0.53%     -    0s
     0     0 73397.8234    0    5 73786.3554 73397.8234  0.53%     -    0s
     0     0 73397.8234    0    7 73786.3554 73397.8234  0.53%     -    0s
     0     0 73397.8234    0    6 73786.3554 73397.8234  0.53%     -    0s
     0     0 73397.8234    0    6 73786.3554 73397.8234  0.53%     -    0s
     0     0 73481.6884    0    5 73786.3554 73481.6884  0.41%     -    0s
     0     0 73481.6884    0    5 73786.3554 73481.6884  0.41%     -    0s
     0     0 73481.6884    0    6 73786.3554 73481.6884  0.41%     -    0s
     0     0 73481.6884    0    5 73786.3554 73481.6884  0.41%     -    0s
     0     0 73481.6884    0    3 73786.3554 73481.6884  0.41%     -    0s
     0     0 73481.6884    0    2 73786.3554 73481.6884  0.41%     -    0s
     0     0 73481.6884    0    4 73786.3554 73481.6884  0.41%     -    0s
     0     0 73481.6884    0    3 73786.3554 73481.6884  0.41%     -    0s
     0     0 73481.6884    0    3 73786.3554 73481.6884  0.41%     -    0s
     0     0 73481.6884    0    3 73786.3554 73481.6884  0.41%     -    0s
     0     0 73481.6884    0    5 73786.3554 73481.6884  0.41%     -    0s
     0     0 73786.3554    0    6 73786.3554 73786.3554  0.00%     -    0s

Cutting planes:
  Implied bound: 35
  MIR: 6
  Flow cover: 1
  Relax-and-lift: 2

Explored 1 nodes (610 simplex iterations) in 0.03 seconds (0.04 work units)
Thread count was 10 (of 10 available processors)

Solution count 10: 73786.4 74841 75214.7 ... 90914.9

Optimal solution found (tolerance 1.00e-04)
Best objective 7.378635544689e+04, best bound 7.378635544689e+04, gap 0.0000%

User-callback calls 513, time in user-callback 0.00 sec
