
Gurobi 12.0.3 (mac64[arm]) logging started Tue Dec  2 19:32:19 2025

Set parameter LogFile to value "/Users/arnav/projects/Candidate-Selection-via-Stochastic-IP/Samples/FL/logs/wait_and_see_scenario22_20251202_193218.log"
Set parameter LogToConsole to value 1
Set parameter OutputFlag to value 1

Gurobi 12.0.3 (mac64[arm]) logging started Tue Dec  2 19:32:19 2025

Set parameter LogFile to value "/Users/arnav/projects/Candidate-Selection-via-Stochastic-IP/Samples/FL/logs/wait_and_see_scenario22_20251202_193218.log"
Set parameter OutputFlag to value 1
Gurobi Optimizer version 12.0.3 build v12.0.3rc0 (mac64[arm] - Darwin 24.6.0 24G84)

CPU model: Apple M4
Thread count: 10 physical cores, 10 logical processors, using up to 10 threads

Non-default parameters:
TimeLimit  120

Optimize a model with 75 rows, 1325 columns and 2575 nonzeros
Model fingerprint: 0xe2b0a6a4
Variable types: 1300 continuous, 25 integer (25 binary)
Coefficient statistics:
  Matrix range     [1e+00, 4e+03]
  Objective range  [3e-01, 8e+03]
  Bounds range     [0e+00, 0e+00]
  RHS range        [3e+01, 1e+04]
Found heuristic solution: objective 459386.93794
Presolve removed 24 rows and 701 columns
Presolve time: 0.00s
Presolved: 51 rows, 624 columns, 1198 nonzeros
Variable types: 600 continuous, 24 integer (24 binary)

Root relaxation: objective 1.197083e+05, 43 iterations, 0.00 seconds (0.00 work units)

    Nodes    |    Current Node    |     Objective Bounds      |     Work
 Expl Unexpl |  Obj  Depth IntInf | Incumbent    BestBd   Gap | It/Node Time

     0     0 119708.263    0   12 459386.938 119708.263  73.9%     -    0s
H    0     0                    187624.46406 119708.263  36.2%     -    0s
H    0     0                    178962.21394 119708.263  33.1%     -    0s
H    0     0                    172227.33347 119708.263  30.5%     -    0s
H    0     0                    167227.28274 120369.470  28.0%     -    0s
H    0     0                    142524.58561 127507.849  10.5%     -    0s
H    0     0                    138211.89753 127507.849  7.74%     -    0s
H    0     0                    136948.43698 127507.849  6.89%     -    0s
     0     0 127507.849    0   12 136948.437 127507.849  6.89%     -    0s
     0     0 129306.399    0    9 136948.437 129306.399  5.58%     -    0s
     0     0 130042.180    0    9 136948.437 130042.180  5.04%     -    0s
H    0     0                    136205.40043 130042.180  4.52%     -    0s
     0     0 130105.567    0    7 136205.400 130105.567  4.48%     -    0s
H    0     0                    136205.16216 130163.034  4.44%     -    0s
H    0     0                    135985.48564 130163.034  4.28%     -    0s
     0     0 130550.887    0    5 135985.486 130550.887  4.00%     -    0s
H    0     0                    135958.34893 130550.887  3.98%     -    0s
     0     0 130570.037    0    5 135958.349 130570.037  3.96%     -    0s
H    0     0                    135660.67479 130570.037  3.75%     -    0s
     0     0 131097.973    0    2 135660.675 131097.973  3.36%     -    0s
     0     0 131295.343    0    4 135660.675 131295.343  3.22%     -    0s
     0     0 131346.506    0    3 135660.675 131346.506  3.18%     -    0s
     0     0 131346.556    0    3 135660.675 131346.556  3.18%     -    0s
     0     0 131491.256    0    6 135660.675 131491.256  3.07%     -    0s
H    0     0                    135384.24159 131499.793  2.87%     -    0s
     0     0 131563.695    0    4 135384.242 131563.695  2.82%     -    0s
     0     0 131605.898    0    5 135384.242 131605.898  2.79%     -    0s
     0     0 131667.960    0    3 135384.242 131667.960  2.74%     -    0s
     0     0 131667.976    0    3 135384.242 131667.976  2.74%     -    0s
     0     0 131692.912    0    5 135384.242 131692.912  2.73%     -    0s
     0     0 131692.912    0    5 135384.242 131692.912  2.73%     -    0s
     0     0 131736.985    0    9 135384.242 131736.985  2.69%     -    0s
     0     0 131736.985    0    8 135384.242 131736.985  2.69%     -    0s
     0     0 131736.985    0    9 135384.242 131736.985  2.69%     -    0s
     0     0 131736.985    0    6 135384.242 131736.985  2.69%     -    0s
     0     0 131736.985    0    4 135384.242 131736.985  2.69%     -    0s
     0     0 131736.985    0    3 135384.242 131736.985  2.69%     -    0s
     0     0 131736.985    0    5 135384.242 131736.985  2.69%     -    0s
     0     0 131736.985    0    6 135384.242 131736.985  2.69%     -    0s
     0     0 131736.985    0    2 135384.242 131736.985  2.69%     -    0s
     0     0 131736.985    0    4 135384.242 131736.985  2.69%     -    0s
     0     0 131736.985    0    6 135384.242 131736.985  2.69%     -    0s
     0     0 131736.985    0    4 135384.242 131736.985  2.69%     -    0s
     0     0 131736.985    0    4 135384.242 131736.985  2.69%     -    0s
     0     0 131736.985    0    2 135384.242 131736.985  2.69%     -    0s
     0     0 131736.985    0    3 135384.242 131736.985  2.69%     -    0s
     0     0 131736.985    0    5 135384.242 131736.985  2.69%     -    0s
     0     0 131736.985    0    5 135384.242 131736.985  2.69%     -    0s
     0     0 131736.985    0    3 135384.242 131736.985  2.69%     -    0s
     0     0 131736.985    0    4 135384.242 131736.985  2.69%     -    0s
     0     0 131736.985    0    4 135384.242 131736.985  2.69%     -    0s
H    0     0                    134914.61634 131736.985  2.36%     -    0s
     0     2 131736.985    0    4 134914.616 131736.985  2.36%     -    0s
H   61    31                    134662.44277 132162.288  1.86%  12.7    0s

Cutting planes:
  Implied bound: 73
  MIR: 9
  Flow cover: 1
  Relax-and-lift: 3

Explored 163 nodes (2173 simplex iterations) in 0.06 seconds (0.07 work units)
Thread count was 10 (of 10 available processors)

Solution count 10: 134662 134915 135384 ... 178962

Optimal solution found (tolerance 1.00e-04)
Best objective 1.346624427672e+05, best bound 1.346624427672e+05, gap 0.0000%

User-callback calls 806, time in user-callback 0.00 sec
