
Gurobi 12.0.3 (mac64[arm]) logging started Thu Oct 16 16:45:38 2025

Set parameter LogFile to value "Logs/Facility Location Logs/bernoulli_false/L30/phase2/reformulated_extensive_form_K1.log"
Set parameter LogToConsole to value 0

Gurobi 12.0.3 (mac64[arm]) logging started Thu Oct 16 16:45:38 2025

Set parameter LogFile to value "Logs/Facility Location Logs/bernoulli_false/L30/phase2/reformulated_extensive_form_K1.log"
Gurobi Optimizer version 12.0.3 build v12.0.3rc0 (mac64[arm] - Darwin 24.6.0 24G84)

CPU model: Apple M4
Thread count: 10 physical cores, 10 logical processors, using up to 10 threads

Non-default parameters:
TimeLimit  30
LogToConsole  0

Optimize a model with 3101 rows, 3030 columns and 9030 nonzeros
Model fingerprint: 0xcc9ce133
Variable types: 0 continuous, 3030 integer (3030 binary)
Coefficient statistics:
  Matrix range     [1e+00, 1e+00]
  Objective range  [6e+02, 4e+04]
  Bounds range     [0e+00, 0e+00]
  RHS range        [1e+00, 1e+00]
Presolve time: 0.02s
Presolved: 3101 rows, 3030 columns, 9030 nonzeros
Variable types: 0 continuous, 3030 integer (3030 binary)
Found heuristic solution: objective 129474.30480
Found heuristic solution: objective 129318.48787

Root relaxation: objective 1.247113e+05, 2169 iterations, 0.02 seconds (0.03 work units)

    Nodes    |    Current Node    |     Objective Bounds      |     Work
 Expl Unexpl |  Obj  Depth IntInf | Incumbent    BestBd   Gap | It/Node Time

*    0     0               0    124711.34274 124711.343  0.00%     -    0s

Explored 1 nodes (2169 simplex iterations) in 0.05 seconds (0.07 work units)
Thread count was 10 (of 10 available processors)

Solution count 3: 124711 129318 129474 

Optimal solution found (tolerance 1.00e-04)
Best objective 1.247113427363e+05, best bound 1.247113427363e+05, gap 0.0000%

User-callback calls 164, time in user-callback 0.00 sec

============================================================
SUMMARY STATISTICS - PHASE 2B: REFORMULATED EXTENSIVE FORM (K=1)
============================================================
Parameters:
  nsamples: 100
  nscen: 30
  infeasible_pairs: 0

Results:
  selected_solutions: 1
  objective_value: 124711.34273629123
============================================================
