
Gurobi 12.0.3 (mac64[arm]) logging started Sat Sep 27 11:10:18 2025

Set parameter LogFile to value "Logs/Facility Location Logs/bernoulli_true/L100/phase2/reformulated_extensive_form_K1.log"
Set parameter LogToConsole to value 0

Gurobi 12.0.3 (mac64[arm]) logging started Sat Sep 27 11:10:19 2025

Set parameter LogFile to value "Logs/Facility Location Logs/bernoulli_true/L100/phase2/reformulated_extensive_form_K1.log"
Gurobi Optimizer version 12.0.3 build v12.0.3rc0 (mac64[arm] - Darwin 24.6.0 24G222)

CPU model: Apple M3
Thread count: 8 physical cores, 8 logical processors, using up to 8 threads

Non-default parameters:
TimeLimit  30
LogToConsole  0

Optimize a model with 10101 rows, 10100 columns and 30100 nonzeros
Model fingerprint: 0x749dae89
Variable types: 0 continuous, 10100 integer (10100 binary)
Coefficient statistics:
  Matrix range     [1e+00, 1e+00]
  Objective range  [1e+02, 3e+04]
  Bounds range     [0e+00, 0e+00]
  RHS range        [1e+00, 1e+00]
Presolve time: 0.06s
Presolved: 10101 rows, 10100 columns, 30100 nonzeros
Variable types: 0 continuous, 10100 integer (10100 binary)
Found heuristic solution: objective 115856.94599

Root relaxation: objective 7.173211e+04, 5041 iterations, 0.05 seconds (0.16 work units)

    Nodes    |    Current Node    |     Objective Bounds      |     Work
 Expl Unexpl |  Obj  Depth IntInf | Incumbent    BestBd   Gap | It/Node Time

*    0     0               0    71732.108831 71732.1088  0.00%     -    0s

Explored 1 nodes (5041 simplex iterations) in 0.13 seconds (0.30 work units)
Thread count was 8 (of 8 available processors)

Solution count 2: 71732.1 115857 

Optimal solution found (tolerance 1.00e-04)
Best objective 7.173210883102e+04, best bound 7.173210883102e+04, gap 0.0000%

User-callback calls 191, time in user-callback 0.00 sec

============================================================
SUMMARY STATISTICS - PHASE 2B: REFORMULATED EXTENSIVE FORM (K=1)
============================================================
Parameters:
  nsamples: 100
  nscen: 100
  infeasible_pairs: 0

Results:
  selected_solutions: 1
  objective_value: 71732.10883102061
============================================================
